Archive member included to satisfy reference by file (symbol)

../tls/libaminetxduo_tls.a(tls_amiga.c.obj)
                              CMakeFiles/tls_library.dir/tls_conn.c.obj (symbol from plugin) (ami_tls_timer_open)
../tls/libaminetxduo_tls.a(ami_tls_crypto.c.obj)
                              CMakeFiles/tls_library.dir/tls_conn.c.obj (symbol from plugin) (ami_tls_crypto_initialize)
../crypto68k/libcrypto68k.a(c68k_prim.c.obj)
                              CMakeFiles/tls_library.dir/tls_netx.c.obj (symbol from plugin) (c68k_yield_hook)
../crypto68k/libcrypto68k.a(c68k_powm.c.obj)
                              ami_tls_crypto.c.obj (symbol from plugin) (c68k_huge_number_mont_power_modulus)
../crypto68k/libcrypto68k.a(c68k_crt.c.obj)
                              ami_tls_crypto.c.obj (symbol from plugin) (c68k_crt_power_modulus)
../crypto68k/libcrypto68k.a(c68k_p256.c.obj)
                              ami_tls_crypto.c.obj (symbol from plugin) (c68k_p256_ec_multiple)
../crypto68k/libcrypto68k.a(c68k_p256_table.c.obj)
                              c68k_p256.c.obj (symbol from plugin) (c68k_p256_comb)
../crypto68k/libcrypto68k.a(c68k_aes.c.obj)
                              ami_tls_crypto.c.obj (symbol from plugin) (c68k_aes_key_set)
../crypto68k/libcrypto68k.a(c68k_sha256.c.obj)
                              ami_tls_crypto.c.obj (symbol from plugin) (c68k_sha256_initialize)
../crypto68k/libcrypto68k.a(c68k_chacha20.c.obj)
                              ami_tls_crypto.c.obj (symbol from plugin) (c68k_chacha20_poly1305_initialize)
../crypto68k/libcrypto68k.a(c68k_poly1305.c.obj)
                              c68k_chacha20.c.obj (symbol from plugin) (c68k_poly1305_initialize)
../crypto68k/libcrypto68k.a(c68k_cpu.c.obj)
                              c68k_p256.c.obj (symbol from plugin) (c68k_vec_addmul_1)
../crypto68k/libcrypto68k.a(c68k_prim_mulw.S.obj)
                              c68k_cpu.c.obj (symbol from plugin) (c68k_addmul_1_mulw)
../crypto68k/libcrypto68k.a(c68k_prim.S.obj)
                              c68k_cpu.c.obj (symbol from plugin) (c68k_addmul_1_mulu)
../crypto68k/libcrypto68k.a(c68k_chacha20.S.obj)
                              c68k_chacha20.c.obj (symbol from plugin) (c68k_chacha20_core_asm)
../crypto68k/libcrypto68k.a(c68k_poly1305.S.obj)
                              c68k_poly1305.c.obj (symbol from plugin) (c68k_poly1305_blocks_asm)
../crypto68k/libcrypto68k.a(c68k_aes.S.obj)
                              c68k_aes.c.obj (symbol from plugin) (c68k_aes_core_enc_t4_asm)
../crypto68k/libcrypto68k.a(c68k_p256_mv20.S.obj)
                              c68k_p256.c.obj (symbol from plugin) (c68k_p256_add_raw_mv20)
../crypto68k/libcrypto68k.a(c68k_p256_mv0.S.obj)
                              c68k_p256.c.obj (symbol from plugin) (c68k_p256_add_raw_mv0)
../crypto68k/libcrypto68k.a(c68k_div.c.obj)
                              c68k_powm.c.obj (symbol from plugin) (c68k_mod)
../crypto68k/libcrypto68k.a(c68k_mont.c.obj)
                              c68k_powm.c.obj (symbol from plugin) (c68k_mont_n0inv)
../crypto68k/libcrypto68k.a(c68k_25519.c.obj)
                              c68k_cpu.c.obj (symbol from plugin) (c68k_25519_cpu_select)
../crypto68k/libcrypto68k.a(c68k_25519_mulu.S.obj)
                              c68k_25519.c.obj (symbol from plugin) (c68k_fe_mul_asm_mulu)
../crypto68k/libcrypto68k.a(c68k_25519_mulw.S.obj)
                              c68k_25519.c.obj (symbol from plugin) (c68k_fe_mul_asm_mulw)
../tls/libnx_secure.a(nx_secure_remote_certificate_verify.c.obj)
                              CMakeFiles/tls_library.dir/tls_store.c.obj (symbol from plugin) (_nx_secure_remote_certificate_verify)
../tls/libnx_secure.a(nx_secure_tls_allocate_handshake_packet.c.obj)
                              CMakeFiles/tls_library.dir/tls_resume.c.obj (_nx_secure_tls_allocate_handshake_packet)
../tls/libnx_secure.a(nx_secure_tls_client_handshake.c.obj)
                              CMakeFiles/tls_library.dir/tls_resume.c.obj (_nx_secure_tls_client_handshake)
../tls/libnx_secure.a(nx_secure_tls_ecc_initialize.c.obj)
                              CMakeFiles/tls_library.dir/tls_conn.c.obj (symbol from plugin) (_nx_secure_tls_ecc_initialize)
../tls/libnx_secure.a(nx_secure_tls_generate_keys.c.obj)
                              nx_secure_tls_client_handshake.c.obj (symbol from plugin) (_nx_secure_tls_generate_keys)
../tls/libnx_secure.a(nx_secure_tls_generate_premaster_secret.c.obj)
                              nx_secure_tls_client_handshake.c.obj (symbol from plugin) (_nx_secure_tls_generate_premaster_secret)
../tls/libnx_secure.a(nx_secure_tls_handshake_hash_update.c.obj)
                              CMakeFiles/tls_library.dir/tls_resume.c.obj (_nx_secure_tls_handshake_hash_update)
../tls/libnx_secure.a(nx_secure_tls_initialize.c.obj)
                              CMakeFiles/tls_library.dir/tls_resume.c.obj (_nx_secure_tls_protection)
../tls/libnx_secure.a(nx_secure_tls_local_certificate_add.c.obj)
[...]
Memory Configuration

Name             Origin             Length             Attributes
*default*        0x0000000000000000 0xffffffffffffffff

Linker script and memory map

LOAD CMakeFiles/tls_library.dir/tls_library.c.obj
LOAD /tmp/ccnKb0mJ.ltrans0.ltrans.o
LOAD /tmp/ccnKb0mJ.ltrans1.ltrans.o
LOAD /tmp/ccnKb0mJ.ltrans2.ltrans.o
LOAD /tmp/ccnKb0mJ.ltrans3.ltrans.o
LOAD CMakeFiles/tls_library.dir/tls_vectors.c.obj
LOAD CMakeFiles/tls_library.dir/tls_netx.c.obj
LOAD CMakeFiles/tls_library.dir/tls_conn.c.obj
LOAD CMakeFiles/tls_library.dir/tls_hostname.c.obj
LOAD CMakeFiles/tls_library.dir/tls_path.c.obj
LOAD CMakeFiles/tls_library.dir/tls_store.c.obj
LOAD CMakeFiles/tls_library.dir/tls_resume.c.obj
LOAD CMakeFiles/tls_library.dir/tls_expiry.c.obj
LOAD CMakeFiles/tls_library.dir/tls_time.c.obj
LOAD CMakeFiles/tls_library.dir/tls_runtime.c.obj
LOAD ../tls/libaminetxduo_tls.a
LOAD ../crypto68k/libcrypto68k.a
LOAD ../tls/libnx_secure.a
LOAD ../tls/libnx_crypto.a
LOAD ../tls/libaminetxduo_tls.a
LOAD ../crypto68k/libcrypto68k.a
LOAD ../tls/libnx_secure.a
LOAD ../tls/libnx_crypto.a
LOAD ../common/libaminetxduo_m68k_rt.a
START GROUP
LOAD /home/turo/.cache/aminetxduo/toolchain/3869b4427396/lib/gcc/m68k-amigaos/16.2.0b/../../../../m68k-amigaos/lib/libc.a
LOAD /home/turo/.cache/aminetxduo/toolchain/3869b4427396/lib/gcc/m68k-amigaos/16.2.0b/../../../../m68k-amigaos/lib/libstubs.a
LOAD /home/turo/.cache/aminetxduo/toolchain/3869b4427396/lib/gcc/m68k-amigaos/16.2.0b/../../../../m68k-amigaos/lib/libamiga.a
LOAD /home/turo/.cache/aminetxduo/toolchain/3869b4427396/lib/gcc/m68k-amigaos/16.2.0b/libgcc.a
END GROUP
                [!provide]                        PROVIDE (___machtype = 0x0)
                0x0000000000000000                . = 0x0

.text           0x0000000000000000    0x2b66c
                0x0000000000000000                __stext = .
 *(.text)
 .text          0x0000000000000000        0x0 CMakeFiles/tls_library.dir/tls_library.c.obj (symbol from plugin)
                0x0000000000000000                tls_lib_open
                0x0000000000000000                tls_lib_reserved
                0x0000000000000000                tls_lib_close
                0x0000000000000000                tls_lib_expunge
 .text          0x0000000000000000     0x9284 /tmp/ccnKb0mJ.ltrans0.ltrans.o
                0x0000000000000000                tls_library_entry
                0x0000000000000094                secp521r1_fixed_points_2e_data.lto_priv.0
                0x000000000000110c                secp521r1_fixed_points_data.lto_priv.0
                0x00000000000020fc                secp384r1_fixed_points_2e_data.lto_priv.0
                0x0000000000002c9c                secp384r1_fixed_points_data.lto_priv.0
                0x0000000000004ae4                secp521r1_fixed_points_2e_array.lto_priv.0
                0x0000000000005130                secp521r1_fixed_points_array.lto_priv.0
                0x0000000000005748                secp384r1_fixed_points_2e_array.lto_priv.0
                0x0000000000005d94                secp384r1_fixed_points_array.lto_priv.0
                0x0000000000007558                _nx_crypto_ec_secp521r1_fixed_points
                0x0000000000007570                _nx_crypto_ec_secp521r1_h.lto_priv.0
                0x0000000000007574                _nx_crypto_ec_secp521r1_n.lto_priv.0
                0x00000000000075b8                _nx_crypto_ec_secp521r1_gy.lto_priv.0
                0x00000000000075fc                _nx_crypto_ec_secp521r1_gx.lto_priv.0
                0x0000000000007640                _nx_crypto_ec_secp521r1_b.lto_priv.0
                0x0000000000007684                _nx_crypto_ec_secp521r1_a.lto_priv.0
                0x00000000000076c8                _nx_crypto_ec_secp521r1_p.lto_priv.0
                0x000000000000770c                _nx_crypto_ec_secp384r1_fixed_points
                0x0000000000007724                _nx_crypto_ec_secp384r1_h.lto_priv.0
                0x0000000000007728                _nx_crypto_ec_secp384r1_n.lto_priv.0
                0x0000000000007758                _nx_crypto_ec_secp384r1_gy.lto_priv.0
                0x0000000000007788                _nx_crypto_ec_secp384r1_gx.lto_priv.0
                0x00000000000077b8                _nx_crypto_ec_secp384r1_b.lto_priv.0
                0x00000000000077e8                _nx_crypto_ec_secp384r1_a.lto_priv.0
                0x0000000000007818                _nx_crypto_ec_secp384r1_p.lto_priv.0
                0x0000000000007a9e                _nx_crypto_ec_secp521r1
                0x0000000000007b50                _nx_crypto_ec_secp384r1
                0x0000000000007e5a                tls_romtag
 .text          0x0000000000009284      0x6a0 /tmp/ccnKb0mJ.ltrans1.ltrans.o
                0x0000000000009570                nx_secure_tls_supported_versions.lto_priv.0
                0x0000000000009916                nx_secure_supported_versions_list
 .text          0x0000000000009924      0x558 /tmp/ccnKb0mJ.ltrans2.ltrans.o
 .text          0x0000000000009e7c      0x50c /tmp/ccnKb0mJ.ltrans3.ltrans.o
 .text          0x000000000000a388        0x0 CMakeFiles/tls_library.dir/tls_vectors.c.obj (symbol from plugin)
                0x000000000000a388                TlsVectorTable
 .text          0x000000000000a388        0x0 CMakeFiles/tls_library.dir/tls_netx.c.obj (symbol from plugin)
                0x000000000000a388                ami_random_add_entropy
                0x000000000000a388                _nx_tcp_socket_receive
                0x000000000000a388                tls_netx_ctx
                0x000000000000a388                tls_netx_bind
                0x000000000000a388                _tx_mutex_create
                0x000000000000a388                ami_random_entropy_bits
                0x000000000000a388                _tx_mutex_delete
                0x000000000000a388                ami_crypto_rbg
                0x000000000000a388                _nx_tcp_socket_send
                0x000000000000a388                ami_random_init
                0x000000000000a388                _nxe_secure_tls_local_certificate_add
                0x000000000000a388                _tx_thread_sleep
 .text          0x000000000000a388        0x0 CMakeFiles/tls_library.dir/tls_conn.c.obj (symbol from plugin)
                0x000000000000a388                tls_TLSRandom
                0x000000000000a388                tls_TLSOpenA
                0x000000000000a388                tls_TLSErrorString
                0x000000000000a388                tls_TLSInfo
                0x000000000000a388                tls_TLSWaitSelect
                0x000000000000a388                tls_TLSRead
                0x000000000000a388                tls_TLSWrite
                0x000000000000a388                tls_TLSClose
                0x000000000000a388                tls_TLSBuffered
                0x000000000000a388                tls_TLSPending
 .text          0x000000000000a388        0x0 CMakeFiles/tls_library.dir/tls_hostname.c.obj (symbol from plugin)
                0x000000000000a388                tls_hostname_set
 .text          0x000000000000a388        0x0 CMakeFiles/tls_library.dir/tls_path.c.obj (symbol from plugin)
                0x000000000000a388                tls_path_set
 .text          0x000000000000a388        0x0 CMakeFiles/tls_library.dir/tls_store.c.obj (symbol from plugin)
                0x000000000000a388                tls_store_count
                0x000000000000a388                tls_store_close
                0x000000000000a388                tls_registry_add
                0x000000000000a388                tls_store_detach
                0x000000000000a388                tls_store_open
                0x000000000000a388                tls_store_attach
 .text          0x000000000000a388     0x124c CMakeFiles/tls_library.dir/tls_resume.c.obj
                0x000000000000a868                tls_resume_count
                0x000000000000a8c2                tls_resume_prepare
                0x000000000000ad0a                tls_resume_evict
                0x000000000000ada2                tls_resume_record
                0x000000000000b026                __wrap__nx_secure_tls_send_clienthello
                0x000000000000b1d4                __wrap__nx_secure_tls_client_handshake
 .text          0x000000000000b5d4        0x0 CMakeFiles/tls_library.dir/tls_expiry.c.obj (symbol from plugin)
 .text          0x000000000000b5d4        0x0 CMakeFiles/tls_library.dir/tls_time.c.obj (symbol from plugin)
                0x000000000000b5d4                tls_time_now
                0x000000000000b5d4                tls_time_is_known
 .text          0x000000000000b5d4        0x0 CMakeFiles/tls_library.dir/tls_runtime.c.obj (symbol from plugin)
                0x000000000000b5d4                tls_runtime_close
                0x000000000000b5d4                tls_strlen
                0x000000000000b5d4                tls_runtime_open
 .text          0x000000000000b5d4        0x0 tls_amiga.c.obj (symbol from plugin)
                0x000000000000b5d4                ami_tls_timer_is_open
                0x000000000000b5d4                ami_tls_eclock
                0x000000000000b5d4                ami_tls_timer_close
                0x000000000000b5d4                ami_tls_timer_base
                0x000000000000b5d4                ami_tls_eclock_hz
                0x000000000000b5d4                ami_tls_seed_rng
                0x000000000000b5d4                ami_tls_timer_open
                0x000000000000b5d4                ami_tls_eclock_micros
 .text          0x000000000000b5d4        0x0 ami_tls_crypto.c.obj (symbol from plugin)
                0x000000000000b5d4                ami_tls_crypto_set_crt
                0x000000000000b5d4                ami_tls_crypto_counters_get
                0x000000000000b5d4                ami_tls_crypto_set_client_thread
                0x000000000000b5d4                ami_crypto_ecc_supported_groups_size
                0x000000000000b5d4                ami_crypto_ecc_supported_groups
                0x000000000000b5d4                ami_tls_crypto_counters_reset
                0x000000000000b5d4                ami_crypto_ecc_offered_curves
                0x000000000000b5d4                ami_tls_crypto_initialize
                0x000000000000b5d4                ami_crypto_ecc_offered_groups_size
                0x000000000000b5d4                ami_crypto_tls_ciphers_ecc
                0x000000000000b5d4                ami_tls_rsa_key_reset
                0x000000000000b5d4                ami_crypto_ecc_offered_groups
                0x000000000000b5d4                ami_crypto_ecc_curves
                0x000000000000b5d4                ami_tls_local_certificate_add
                0x000000000000b5d4                ami_tls_crypto_set_arithmetic
                0x000000000000b5d4                ami_tls_rsa_key_register
 .text          0x000000000000b5d4        0x0 c68k_prim.c.obj (symbol from plugin)
                0x000000000000b5d4                c68k_addmul_1_c
                0x000000000000b5d4                c68k_submul_1
                0x000000000000b5d4                c68k_div_2by1_c
                0x000000000000b5d4                c68k_yield_stride
                0x000000000000b5d4                c68k_using_assembly
 .text          0x000000000000b5d4        0x0 c68k_powm.c.obj (symbol from plugin)
                0x000000000000b5d4                c68k_huge_number_mont_power_modulus
                0x000000000000b5d4                c68k_mont_setup_rr
                0x000000000000b5d4                c68k_mont_power_modulus
 .text          0x000000000000b5d4        0x0 c68k_crt.c.obj (symbol from plugin)
                0x000000000000b5d4                c68k_crt_power_modulus
 .text          0x000000000000b5d4        0x0 c68k_p256.c.obj (symbol from plugin)
                0x000000000000b5d4                c68k_p256_ec_multiple
                0x000000000000b5d4                c68k_p256_fe_reduce
                0x000000000000b5d4                c68k_p256_fe_inv
                0x000000000000b5d4                c68k_p256_cpu_select
                0x000000000000b5d4                c68k_p256_mul_point
                0x000000000000b5d4                c68k_p256_jac_double
                0x000000000000b5d4                c68k_p256_mul_g
                0x000000000000b5d4                c68k_p256_self_check
                0x000000000000b5d4                c68k_p256_fe_sqr
                0x000000000000b5d4                c68k_p256_jac_add_affine
                0x000000000000b5d4                c68k_p256_fe_mul
 .text          0x000000000000b5d4        0x0 c68k_p256_table.c.obj (symbol from plugin)
                0x000000000000b5d4                c68k_p256_comb
 .text          0x000000000000b5d4        0x0 c68k_aes.c.obj (symbol from plugin)
                0x000000000000b5d4                c68k_aes_cbc_decrypt
                0x000000000000b5d4                c68k_aes_variant_name
                0x000000000000b5d4                c68k_aes_decrypt_block
                0x000000000000b5d4                c68k_aes_key_set
                0x000000000000b5d4                c68k_aes_variant
                0x000000000000b5d4                c68k_aes_encrypt_block
                0x000000000000b5d4                c68k_aes_variant_is_asm
                0x000000000000b5d4                c68k_aes_cbc_encrypt
 .text          0x000000000000b5d4        0x0 c68k_sha256.c.obj (symbol from plugin)
                0x000000000000b5d4                c68k_sha256_variant_name
                0x000000000000b5d4                c68k_sha256_variant
                0x000000000000b5d4                c68k_sha256_digest_calculate
                0x000000000000b5d4                c68k_sha256_update
                0x000000000000b5d4                c68k_sha256_variant_is_asm
                0x000000000000b5d4                c68k_sha256_initialize
 .text          0x000000000000b5d4        0x0 c68k_chacha20.c.obj (symbol from plugin)
                0x000000000000b5d4                c68k_chacha20_poly1305_encrypt
                0x000000000000b5d4                c68k_chacha20_xor
                0x000000000000b5d4                c68k_chacha20_keystream
                0x000000000000b5d4                c68k_chacha20_core_is_asm
                0x000000000000b5d4                c68k_chacha20_poly1305_verify
                0x000000000000b5d4                c68k_chacha20_core_c
                0x000000000000b5d4                c68k_chacha20_poly1305_tag
                0x000000000000b5d4                c68k_chacha20_poly1305_decrypt
                0x000000000000b5d4                c68k_chacha20_poly1305_associate
                0x000000000000b5d4                c68k_chacha20_poly1305_initialize
                0x000000000000b5d4                c68k_chacha20_initialize
 .text          0x000000000000b5d4        0x0 c68k_poly1305.c.obj (symbol from plugin)
                0x000000000000b5d4                c68k_poly1305_blocks_c
                0x000000000000b5d4                c68k_poly1305_update
                0x000000000000b5d4                c68k_poly1305_blocks_is_asm
                0x000000000000b5d4                c68k_poly1305_blocks
                0x000000000000b5d4                c68k_poly1305_finish
                0x000000000000b5d4                c68k_poly1305_initialize
 .text          0x000000000000b5d4        0x0 c68k_cpu.c.obj (symbol from plugin)
                0x000000000000b5d4                c68k_vec_poly1305_blocks
                0x000000000000b5d4                c68k_cpu_class
                0x000000000000b5d4                c68k_cpu_select
 .text          0x000000000000b5d4       0xa4 ../crypto68k/libcrypto68k.a(c68k_prim_mulw.S.obj)
                0x000000000000b5d4                c68k_addmul_1_mulw
 .text          0x000000000000b678      0x14c ../crypto68k/libcrypto68k.a(c68k_prim.S.obj)
                0x000000000000b678                c68k_addmul_1_mulu
                0x000000000000b6de                c68k_add_carry
                0x000000000000b706                c68k_div_2by1_mulu
                0x000000000000b71c                c68k_add
                0x000000000000b754                c68k_sub
                0x000000000000b78c                c68k_cmp
 .text          0x000000000000b7c4      0x260 ../crypto68k/libcrypto68k.a(c68k_chacha20.S.obj)
                0x000000000000b7c4                c68k_chacha20_core_asm
                0x000000000000b9ce                c68k_chacha20_xor_block_asm
 .text          0x000000000000ba24      0x184 ../crypto68k/libcrypto68k.a(c68k_poly1305.S.obj)
                0x000000000000ba24                c68k_poly1305_blocks_asm
 .text          0x000000000000bba8      0x6c8 ../crypto68k/libcrypto68k.a(c68k_aes.S.obj)
                0x000000000000bba8                c68k_aes_core_enc_t4_asm
                0x000000000000bd54                c68k_aes_core_dec_t4_asm
                0x000000000000bf00                c68k_aes_core_enc_t1_asm
                0x000000000000c0b8                c68k_aes_core_dec_t1_asm
 .text          0x000000000000c270      0x278 ../crypto68k/libcrypto68k.a(c68k_p256_mv20.S.obj)
                0x000000000000c270                c68k_p256_add_raw_mv20
                0x000000000000c2c6                c68k_p256_sub_raw_mv20
                0x000000000000c31c                c68k_p256_reduce_core_mv20
 .text          0x000000000000c4e8      0x288 ../crypto68k/libcrypto68k.a(c68k_p256_mv0.S.obj)
                0x000000000000c4e8                c68k_p256_add_raw_mv0
                0x000000000000c53e                c68k_p256_sub_raw_mv0
                0x000000000000c594                c68k_p256_reduce_core_mv0
 .text          0x000000000000c770        0x0 c68k_div.c.obj (symbol from plugin)
                0x000000000000c770                c68k_fast_modulus
 .text          0x000000000000c770        0x0 c68k_mont.c.obj (symbol from plugin)
                0x000000000000c770                c68k_karatsuba_limbs
                0x000000000000c770                c68k_mont_n0inv
                0x000000000000c770                c68k_mont_sqr
                0x000000000000c770                c68k_mont_mul
 .text          0x000000000000c770        0x0 c68k_25519.c.obj (symbol from plugin)
                0x000000000000c770                c68k_25519_cpu_select
                0x000000000000c770                c68k_25519_fe_mul
                0x000000000000c770                c68k_vec_fe_sub
                0x000000000000c770                c68k_25519_fe_sub_ref
                0x000000000000c770                c68k_25519_selfcheck_sqr
                0x000000000000c770                c68k_vec_fe_add
                0x000000000000c770                c68k_25519_fe_mul_is_asm
                0x000000000000c770                c68k_25519_fe_sqr
                0x000000000000c770                c68k_x25519
                0x000000000000c770                c68k_vec_fe_mul
                0x000000000000c770                c68k_ed25519_verify
                0x000000000000c770                c68k_25519_fe_add_ref
                0x000000000000c770                c68k_25519_fe_add
                0x000000000000c770                c68k_x25519_base
                0x000000000000c770                c68k_ed25519_pubkey
                0x000000000000c770                c68k_25519_fe_sub
                0x000000000000c770                c68k_25519_fe_sqr_ref
                0x000000000000c770                c68k_vec_fe_sqr
                0x000000000000c770                c68k_ed25519_sign
                0x000000000000c770                c68k_25519_fe_mul_ref
 .text          0x000000000000c770        0x0 nx_secure_remote_certificate_verify.c.obj (symbol from plugin)
                0x000000000000c770                _nx_secure_remote_certificate_verify
 .text          0x000000000000c770        0x0 nx_secure_tls_allocate_handshake_packet.c.obj (symbol from plugin)
 .text          0x000000000000c770        0x0 nx_secure_tls_client_handshake.c.obj (symbol from plugin)
 .text          0x000000000000c770        0x0 nx_secure_tls_ecc_initialize.c.obj (symbol from plugin)
                0x000000000000c770                _nx_secure_tls_ecc_initialize
 .text          0x000000000000c770        0x0 nx_secure_tls_generate_keys.c.obj (symbol from plugin)
 .text          0x000000000000c770        0x0 nx_secure_tls_generate_premaster_secret.c.obj (symbol from plugin)
                0x000000000000c770                _nx_secure_tls_generate_premaster_secret
 .text          0x000000000000c770        0x0 nx_secure_tls_handshake_hash_update.c.obj (symbol from plugin)
 .text          0x000000000000c770        0x0 nx_secure_tls_initialize.c.obj (symbol from plugin)
                0x000000000000c770                _nx_secure_tls_initialize
                0x000000000000c770                _nx_secure_version_id
 .text          0x000000000000c770        0x0 nx_secure_tls_local_certificate_add.c.obj (symbol from plugin)
                0x000000000000c770                _nx_secure_tls_local_certificate_add
 .text          0x000000000000c770        0x0 nx_secure_tls_metadata_size_calculate.c.obj (symbol from plugin)
                0x000000000000c770                _nx_secure_tls_metadata_size_calculate
 .text          0x000000000000c770        0x0 nx_secure_tls_packet_allocate.c.obj (symbol from plugin)
 .text          0x000000000000c770        0x0 nx_secure_tls_packet_release.c.obj (symbol from plugin)
                0x000000000000c770                _nx_secure_tls_packet_release
 .text          0x000000000000c770        0x0 nx_secure_tls_process_certificate_request.c.obj (symbol from plugin)
 .text          0x000000000000c770        0x0 nx_secure_tls_process_finished.c.obj (symbol from plugin)
 .text          0x000000000000c770        0x0 nx_secure_tls_process_handshake_header.c.obj (symbol from plugin)
 .text          0x000000000000c770        0x0 nx_secure_tls_process_remote_certificate.c.obj (symbol from plugin)
 .text          0x000000000000c770        0x0 nx_secure_tls_process_server_key_exchange.c.obj (symbol from plugin)
                0x000000000000c770                _nx_secure_tls_process_server_key_exchange
 .text          0x000000000000c770        0x0 nx_secure_tls_process_serverhello.c.obj (symbol from plugin)
 .text          0x000000000000c770        0x0 nx_secure_tls_process_serverhello_extensions.c.obj (symbol from plugin)
                0x000000000000c770                _nx_secure_tls_process_serverhello_extensions
 .text          0x000000000000c770        0x0 nx_secure_tls_protocol_version_get.c.obj (symbol from plugin)
                0x000000000000c770                _nx_secure_tls_protocol_version_get
 .text          0x000000000000c770        0x0 nx_secure_tls_remote_certificate_allocate.c.obj (symbol from plugin)
                0x000000000000c770                _nx_secure_tls_remote_certificate_allocate
 .text          0x000000000000c770        0x0 nx_secure_tls_remote_certificate_free_all.c.obj (symbol from plugin)
 .text          0x000000000000c770        0x0 nx_secure_tls_remote_certificate_verify.c.obj (symbol from plugin)
                0x000000000000c770                _nx_secure_tls_remote_certificate_verify
 .text          0x000000000000c770        0x0 nx_secure_tls_send_certificate.c.obj (symbol from plugin)
 .text          0x000000000000c770        0x0 nx_secure_tls_send_certificate_verify.c.obj (symbol from plugin)
 .text          0x000000000000c770        0x0 nx_secure_tls_send_changecipherspec.c.obj (symbol from plugin)
 .text          0x000000000000c770        0x0 nx_secure_tls_send_client_key_exchange.c.obj (symbol from plugin)
                0x000000000000c770                _nx_secure_tls_send_client_key_exchange
 .text          0x000000000000c770        0x0 nx_secure_tls_send_clienthello.c.obj (symbol from plugin)
 .text          0x000000000000c770        0x0 nx_secure_tls_send_clienthello_extensions.c.obj (symbol from plugin)
                0x000000000000c770                _nx_secure_tls_send_clienthello_extensions
                0x000000000000c770                _nx_secure_tls_send_clienthello_psk_extension
 .text          0x000000000000c770        0x0 nx_secure_tls_send_finished.c.obj (symbol from plugin)
 .text          0x000000000000c770        0x0 nx_secure_tls_send_handshake_record.c.obj (symbol from plugin)
 .text          0x000000000000c770        0x0 nx_secure_tls_send_record.c.obj (symbol from plugin)
 .text          0x000000000000c770        0x0 nx_secure_tls_send_serverhello.c.obj (symbol from plugin)
                0x000000000000c770                _nx_secure_tls_1_2_random
                0x000000000000c770                _nx_secure_tls_hello_retry_request_random
                0x000000000000c770                _nx_secure_tls_1_1_random
 .text          0x000000000000c770        0x0 nx_secure_tls_send_serverhello_extensions.c.obj (symbol from plugin)
                0x000000000000c770                _nx_secure_tls_send_serverhello_extensions
 .text          0x000000000000c770        0x0 nx_secure_tls_session_certificate_callback_set.c.obj (symbol from plugin)
                0x000000000000c770                _nx_secure_tls_session_certificate_callback_set
 .text          0x000000000000c770        0x0 nx_secure_tls_session_create.c.obj (symbol from plugin)
                0x000000000000c770                _nx_secure_tls_session_create
 .text          0x000000000000c770        0x0 nx_secure_tls_session_create_ext.c.obj (symbol from plugin)
                0x000000000000c770                _nx_secure_tls_session_create_ext
 .text          0x000000000000c770        0x0 nx_secure_tls_session_delete.c.obj (symbol from plugin)
 .text          0x000000000000c770        0x0 nx_secure_tls_session_end.c.obj (symbol from plugin)
                0x000000000000c770                _nx_secure_tls_session_end
 .text          0x000000000000c770        0x0 nx_secure_tls_session_hash_capture.c.obj (symbol from plugin)
                0x000000000000c770                _nx_secure_tls_session_hash_capture
 .text          0x000000000000c770        0x0 nx_secure_tls_session_iv_size_get.c.obj (symbol from plugin)
 .text          0x000000000000c770        0x0 nx_secure_tls_session_keys_set.c.obj (symbol from plugin)
 .text          0x000000000000c770        0x0 nx_secure_tls_session_packet_buffer_set.c.obj (symbol from plugin)
                0x000000000000c770                _nx_secure_tls_session_packet_buffer_set
 .text          0x000000000000c770        0x0 nx_secure_tls_session_receive.c.obj (symbol from plugin)
                0x000000000000c770                _nx_secure_tls_session_receive
 .text          0x000000000000c770        0x0 nx_secure_tls_session_receive_records.c.obj (symbol from plugin)
 .text          0x000000000000c770        0x0 nx_secure_tls_session_reset.c.obj (symbol from plugin)
 .text          0x000000000000c770        0x0 nx_secure_tls_session_send.c.obj (symbol from plugin)
                0x000000000000c770                _nx_secure_tls_session_send
 .text          0x000000000000c770        0x0 nx_secure_tls_session_sni_extension_set.c.obj (symbol from plugin)
                0x000000000000c770                _nx_secure_tls_session_sni_extension_set
 .text          0x000000000000c770        0x0 nx_secure_tls_session_start.c.obj (symbol from plugin)
                0x000000000000c770                _nx_secure_tls_session_start
 .text          0x000000000000c770        0x0 nx_secure_tls_session_time_function_set.c.obj (symbol from plugin)
                0x000000000000c770                _nx_secure_tls_session_time_function_set
 .text          0x000000000000c770        0x0 nx_secure_trusted_certificate_add.c.obj (symbol from plugin)
 .text          0x000000000000c770        0x0 nx_secure_verify_mac.c.obj (symbol from plugin)
 .text          0x000000000000c770        0x0 nx_secure_x509.c.obj (symbol from plugin)
 .text          0x000000000000c770        0x0 nx_secure_x509_asn1_tlv_block_parse.c.obj (symbol from plugin)
 .text          0x000000000000c770        0x0 nx_secure_x509_certificate_chain_verify.c.obj (symbol from plugin)
                0x000000000000c770                _nx_secure_x509_certificate_chain_verify
 .text          0x000000000000c770        0x0 nx_secure_x509_certificate_initialize.c.obj (symbol from plugin)
                0x000000000000c770                _nx_secure_x509_certificate_initialize
 .text          0x000000000000c770        0x0 nx_secure_x509_certificate_list_add.c.obj (symbol from plugin)
 .text          0x000000000000c770        0x0 nx_secure_x509_certificate_verify.c.obj (symbol from plugin)
                0x000000000000c770                _nx_secure_x509_certificate_verify
 .text          0x000000000000c770        0x0 nx_secure_x509_common_name_dns_check.c.obj (symbol from plugin)
                0x000000000000c770                _nx_secure_x509_common_name_dns_check
 .text          0x000000000000c770        0x0 nx_secure_x509_distinguished_name_compare.c.obj (symbol from plugin)
                0x000000000000c770                _nx_secure_x509_distinguished_name_compare
 .text          0x000000000000c770        0x0 nx_secure_x509_distinguished_name_parse.c.obj (symbol from plugin)
                0x000000000000c770                _nx_secure_x509_distinguished_name_parse
 .text          0x000000000000c770        0x0 nx_secure_x509_ec_private_key_parse.c.obj (symbol from plugin)
                0x000000000000c770                _nx_secure_x509_ec_private_key_parse
 .text          0x000000000000c770        0x0 nx_secure_x509_expiration_check.c.obj (symbol from plugin)
                0x000000000000c770                _nx_secure_x509_expiration_check
 .text          0x000000000000c770        0x0 nx_secure_x509_extension_find.c.obj (symbol from plugin)
 .text          0x000000000000c770        0x0 nx_secure_x509_extension_policy_check.c.obj (symbol from plugin)
                0x000000000000c770                _nx_secure_x509_extension_policy_check
                0x000000000000c770                _nx_secure_x509_server_auth_check
                0x000000000000c770                _nx_secure_x509_critical_extensions_check
 .text          0x000000000000c770        0x0 nx_secure_x509_find_certificate_methods.c.obj (symbol from plugin)
 .text          0x000000000000c770        0x0 nx_secure_x509_find_curve_method.c.obj (symbol from plugin)
                0x000000000000c770                _nx_secure_x509_ecc_curves
                0x000000000000c770                _nx_secure_x509_ecc_supported_groups_count
                0x000000000000c770                _nx_secure_x509_ecc_supported_groups
                0x000000000000c770                _nx_secure_x509_find_curve_method
 .text          0x000000000000c770        0x0 nx_secure_x509_free_certificate_get.c.obj (symbol from plugin)
                0x000000000000c770                _nx_secure_x509_free_certificate_get
 .text          0x000000000000c770        0x0 nx_secure_x509_key_usage_extension_parse.c.obj (symbol from plugin)
                0x000000000000c770                _nx_secure_x509_key_usage_extension_parse
 .text          0x000000000000c770        0x0 nx_secure_x509_local_device_certificate_get.c.obj (symbol from plugin)
                0x000000000000c770                _nx_secure_x509_local_device_certificate_get
 .text          0x000000000000c770        0x0 nx_secure_x509_oid_parse.c.obj (symbol from plugin)
                0x000000000000c770                _nx_secure_x509_oid_map
 .text          0x000000000000c770        0x0 nx_secure_x509_pkcs1_rsa_private_key_parse.c.obj (symbol from plugin)
                0x000000000000c770                _nx_secure_x509_pkcs1_rsa_private_key_parse
 .text          0x000000000000c770        0x0 nx_secure_x509_pkcs7_decode.c.obj (symbol from plugin)
 .text          0x000000000000c770        0x0 nx_secure_x509_remote_endpoint_certificate_get.c.obj (symbol from plugin)
                0x000000000000c770                _nx_secure_x509_remote_endpoint_certificate_get
 .text          0x000000000000c770        0x0 nx_secure_x509_store_certificate_add.c.obj (symbol from plugin)
 .text          0x000000000000c770        0x0 nx_secure_x509_store_certificate_find.c.obj (symbol from plugin)
                0x000000000000c770                _nx_secure_x509_store_certificate_find
 .text          0x000000000000c770        0x0 nx_secure_x509_subject_alt_names_find.c.obj (symbol from plugin)
                0x000000000000c770                _nx_secure_x509_subject_alt_names_find_ex
                0x000000000000c770                _nx_secure_x509_subject_alt_names_find
 .text          0x000000000000c770        0x0 nx_secure_x509_wildcard_compare.c.obj (symbol from plugin)
 .text          0x000000000000c770        0x0 nx_secure_tls_record_payload_encrypt.c.obj (symbol from plugin)
                0x000000000000c770                _nx_secure_tls_record_payload_encrypt
 .text          0x000000000000c770        0x0 nx_secure_generate_client_key_exchange.c.obj (symbol from plugin)
 .text          0x000000000000c770        0x0 nx_secure_generate_master_secret.c.obj (symbol from plugin)
 .text          0x000000000000c770        0x0 nx_secure_generate_premaster_secret.c.obj (symbol from plugin)
 .text          0x000000000000c770        0x0 nx_secure_generate_server_key_exchange.c.obj (symbol from plugin)
 .text          0x000000000000c770        0x0 nx_secure_generate_session_keys.c.obj (symbol from plugin)
 .text          0x000000000000c770        0x0 nx_secure_process_client_key_exchange.c.obj (symbol from plugin)
 .text          0x000000000000c770        0x0 nx_secure_process_server_key_exchange.c.obj (symbol from plugin)
 .text          0x000000000000c770        0x0 nx_secure_session_keys_set.c.obj (symbol from plugin)
 .text          0x000000000000c770        0x0 nx_secure_tls_1_3_crypto_init.c.obj (symbol from plugin)
                0x000000000000c770                _nx_secure_tls_1_3_crypto_init
 .text          0x000000000000c770        0x0 nx_secure_tls_1_3_finished_hash_generate.c.obj (symbol from plugin)
                0x000000000000c770                _nx_secure_tls_1_3_finished_hash_generate
 .text          0x000000000000c770        0x0 nx_secure_tls_1_3_transcript_hash_save.c.obj (symbol from plugin)
 .text          0x000000000000c770        0x0 nx_secure_tls_check_protocol_version.c.obj (symbol from plugin)
                0x000000000000c770                _nx_secure_tls_check_protocol_version
 .text          0x000000000000c770        0x0 nx_secure_tls_ciphersuite_lookup.c.obj (symbol from plugin)
                0x000000000000c770                _nx_secure_tls_ciphersuite_lookup
 .text          0x000000000000c770        0x0 nx_secure_tls_ecc_generate_keys.c.obj (symbol from plugin)
                0x000000000000c770                _nx_secure_tls_ecc_generate_keys
 .text          0x000000000000c770        0x0 nx_secure_tls_find_curve_method.c.obj (symbol from plugin)
 .text          0x000000000000c770        0x0 nx_secure_tls_finished_hash_generate.c.obj (symbol from plugin)
 .text          0x000000000000c770        0x0 nx_secure_tls_handshake_hash_init.c.obj (symbol from plugin)
 .text          0x000000000000c770        0x0 nx_secure_tls_handshake_process.c.obj (symbol from plugin)
                0x000000000000c770                _nx_secure_tls_handshake_process
 .text          0x000000000000c770        0x0 nx_secure_tls_hash_record.c.obj (symbol from plugin)
                0x000000000000c770                _nx_secure_tls_hash_record
 .text          0x000000000000c770        0x0 nx_secure_tls_key_material_init.c.obj (symbol from plugin)
                0x000000000000c770                _nx_secure_tls_key_material_init
 .text          0x000000000000c770        0x0 nx_secure_tls_map_error_to_alert.c.obj (symbol from plugin)
                0x000000000000c770                _nx_secure_tls_map_error_to_alert
 .text          0x000000000000c770        0x0 nx_secure_tls_newest_supported_version.c.obj (symbol from plugin)
                0x000000000000c770                _nx_secure_tls_highest_supported_version_negotiate
                0x000000000000c770                _nx_secure_tls_newest_supported_version
 .text          0x000000000000c770        0x0 nx_secure_tls_process_clienthello_extensions.c.obj (symbol from plugin)
                0x000000000000c770                _nx_secure_tls_process_clienthello_extensions
                0x000000000000c770                _nx_secure_tls_proc_clienthello_sec_sa_extension
 .text          0x000000000000c770        0x0 nx_secure_tls_process_record.c.obj (symbol from plugin)
 .text          0x000000000000c770        0x0 nx_secure_tls_psk_binder_generate.c.obj (symbol from plugin)
                0x000000000000c770                _nx_secure_tls_psk_binder_generate
 .text          0x000000000000c770        0x0 nx_secure_tls_record_hash_calculate.c.obj (symbol from plugin)
                0x000000000000c770                _nx_secure_tls_record_hash_calculate
 .text          0x000000000000c770        0x0 nx_secure_tls_record_hash_initialize.c.obj (symbol from plugin)
                0x000000000000c770                _nx_secure_tls_record_hash_initialize
 .text          0x000000000000c770        0x0 nx_secure_tls_record_hash_update.c.obj (symbol from plugin)
                0x000000000000c770                _nx_secure_tls_record_hash_update
 .text          0x000000000000c770        0x0 nx_secure_tls_remote_certificate_free.c.obj (symbol from plugin)
                0x000000000000c770                _nx_secure_tls_remote_certificate_free
 .text          0x000000000000c770        0x0 nx_secure_tls_send_alert.c.obj (symbol from plugin)
                0x000000000000c770                _nx_secure_tls_send_alert
 .text          0x000000000000c770        0x0 nx_secure_tls_server_handshake.c.obj (symbol from plugin)
                0x000000000000c770                _nx_secure_tls_server_handshake
 .text          0x000000000000c770        0x0 nx_secure_tls_verify_mac.c.obj (symbol from plugin)
                0x000000000000c770                _nx_secure_tls_verify_mac
 .text          0x000000000000c770        0x0 nx_secure_x509_basic_constraints_extension_parse.c.obj (symbol from plugin)
                0x000000000000c770                _nx_secure_x509_basic_constraints_extension_parse
 .text          0x000000000000c770        0x0 nx_secure_x509_certificate_list_find.c.obj (symbol from plugin)
                0x000000000000c770                _nx_secure_x509_certificate_list_find
 .text          0x000000000000c770        0x0 nx_secure_x509_extended_key_usage_extension_parse.c.obj (symbol from plugin)
 .text          0x000000000000c770        0x0 nx_secure_x509_store_certificate_remove.c.obj (symbol from plugin)
                0x000000000000c770                _nx_secure_x509_store_certificate_remove
 .text          0x000000000000c770        0x0 nx_secure_tls_record_payload_decrypt.c.obj (symbol from plugin)
                0x000000000000c770                _nx_secure_tls_record_payload_decrypt
 .text          0x000000000000c770        0x0 nx_secure_tls_1_3_client_handshake.c.obj (symbol from plugin)
                0x000000000000c770                _nx_secure_tls_1_3_client_handshake
 .text          0x000000000000c770        0x0 nx_secure_tls_1_3_generate_keys.c.obj (symbol from plugin)
                0x000000000000c770                _nx_secure_tls_1_3_generate_psk_secret
                0x000000000000c770                _nx_secure_tls_1_3_generate_session_keys
                0x000000000000c770                _nx_secure_tls_1_3_session_psk_generate
                0x000000000000c770                _nx_secure_tls_1_3_generate_handshake_keys
 .text          0x000000000000c770        0x0 nx_secure_tls_1_3_server_handshake.c.obj (symbol from plugin)
                0x000000000000c770                _nx_secure_tls_1_3_server_handshake
 .text          0x000000000000c770        0x0 nx_secure_tls_1_3_session_keys_set.c.obj (symbol from plugin)
                0x000000000000c770                _nx_secure_tls_1_3_session_keys_set
 .text          0x000000000000c770        0x0 nx_secure_tls_process_certificate_verify.c.obj (symbol from plugin)
                0x000000000000c770                _nx_secure_tls_process_certificate_verify
 .text          0x000000000000c770        0x0 nx_secure_tls_process_changecipherspec.c.obj (symbol from plugin)
                0x000000000000c770                _nx_secure_tls_process_changecipherspec
 .text          0x000000000000c770        0x0 nx_secure_tls_process_client_key_exchange.c.obj (symbol from plugin)
                0x000000000000c770                _nx_secure_tls_process_client_key_exchange
 .text          0x000000000000c770        0x0 nx_secure_tls_process_clienthello.c.obj (symbol from plugin)
                0x000000000000c770                _nx_secure_tls_process_clienthello
 .text          0x000000000000c770        0x0 nx_secure_tls_process_encrypted_extensions.c.obj (symbol from plugin)
                0x000000000000c770                _nx_secure_tls_process_encrypted_extensions
 .text          0x000000000000c770        0x0 nx_secure_tls_process_header.c.obj (symbol from plugin)
                0x000000000000c770                _nx_secure_tls_process_header
 .text          0x000000000000c770        0x0 nx_secure_tls_send_encrypted_extensions.c.obj (symbol from plugin)
                0x000000000000c770                _nx_secure_tls_send_encrypted_extensions
 .text          0x000000000000c770        0x0 nx_secure_tls_send_newsessionticket.c.obj (symbol from plugin)
                0x000000000000c770                _nx_secure_tls_send_newsessionticket
 .text          0x000000000000c770        0x0 nx_secure_tls_send_server_key_exchange.c.obj (symbol from plugin)
                0x000000000000c770                _nx_secure_tls_send_server_key_exchange
 .text          0x000000000000c770        0x0 nx_secure_x509_certificate_list_remove.c.obj (symbol from plugin)
                0x000000000000c770                _nx_secure_x509_certificate_list_remove
 .text          0x000000000000c770        0x0 nx_crypto_ec.c.obj (symbol from plugin)
                0x000000000000c770                _nx_crypto_ec_naf_compute
                0x000000000000c770                _nx_crypto_ec_add_reduce
                0x000000000000c770                _nx_crypto_ec_point_setup
                0x000000000000c770                _nx_crypto_ec_fp_fixed_multiple
                0x000000000000c770                _nx_crypto_method_ec_secp256r1_operation
                0x000000000000c770                _nx_crypto_ec_add_digit_reduce
                0x000000000000c770                _nx_crypto_ec_point_fp_affine_to_projective
                0x000000000000c770                _nx_crypto_ec_fixed_output
                0x000000000000c770                _nx_crypto_ec_point_fp_projective_to_affine
                0x000000000000c770                _nx_crypto_ec_point_extract_uncompressed
                0x000000000000c770                _nx_crypto_ec_fp_projective_double
                0x000000000000c770                _nx_crypto_ec_secp224r1
                0x000000000000c770                _nx_crypto_ec_fp_reduce
                0x000000000000c770                _nx_crypto_ec_subtract_reduce
                0x000000000000c770                _nx_crypto_ec_point_is_infinite
                0x000000000000c770                _nx_crypto_ec_subtract_digit_reduce
                0x000000000000c770                _nx_crypto_ec_secp256r1
                0x000000000000c770                _nx_crypto_ec_point_set_infinite
                0x000000000000c770                _nx_crypto_ec_fp_projective_add
                0x000000000000c770                _nx_crypto_ec_validate_public_key
                0x000000000000c770                _nx_crypto_ec_secp192r1
                0x000000000000c770                _nx_crypto_method_ec_secp192r1_operation
                0x000000000000c770                _nx_crypto_ec_get_named_curve
                0x000000000000c770                _nx_crypto_method_ec_secp224r1_operation
                0x000000000000c770                _nx_crypto_ec_precomputation
 .text          0x000000000000c770        0x0 nx_crypto_ec_secp192r1_fixed_points.c.obj (symbol from plugin)
                0x000000000000c770                _nx_crypto_ec_secp192r1_fixed_points
 .text          0x000000000000c770        0x0 nx_crypto_ec_secp224r1_fixed_points.c.obj (symbol from plugin)
                0x000000000000c770                _nx_crypto_ec_secp224r1_fixed_points
 .text          0x000000000000c770        0x0 nx_crypto_ec_secp256r1_fixed_points.c.obj (symbol from plugin)
                0x000000000000c770                _nx_crypto_ec_secp256r1_fixed_points
 .text          0x000000000000c770        0x0 nx_crypto_ec_secp384r1_fixed_points.c.obj (symbol from plugin)
 .text          0x000000000000c770        0x0 nx_crypto_ec_secp521r1_fixed_points.c.obj (symbol from plugin)
 .text          0x000000000000c770        0x0 nx_crypto_hmac.c.obj (symbol from plugin)
                0x000000000000c770                _nx_crypto_hmac_hash_initialize
                0x000000000000c770                _nx_crypto_hmac_metadata_set
                0x000000000000c770                _nx_crypto_hmac_hash_update
                0x000000000000c770                _nx_crypto_hmac_hash_digest_calculate
                0x000000000000c770                _nx_crypto_hmac
 .text          0x000000000000c770        0x0 nx_crypto_huge_number.c.obj (symbol from plugin)
                0x000000000000c770                _nx_crypto_huge_number_subtract_digit_unsigned
                0x000000000000c770                _nx_crypto_huge_number_add_digit_unsigned
                0x000000000000c770                _nx_crypto_huge_number_shift_left
                0x000000000000c770                _nx_crypto_huge_number_inverse_modulus_prime
                0x000000000000c770                _nx_crypto_huge_number_subtract_unsigned
                0x000000000000c770                _nx_crypto_huge_number_compare
                0x000000000000c770                _nx_crypto_huge_number_mont
                0x000000000000c770                _nx_crypto_huge_number_crt_power_modulus
                0x000000000000c770                _nx_crypto_huge_number_inverse_modulus
                0x000000000000c770                _nx_crypto_huge_number_multiply_digit
                0x000000000000c770                _nx_crypto_huge_number_rbg
 .text          0x000000000000c770        0x0 nx_crypto_initialize.c.obj (symbol from plugin)
                0x000000000000c770                _nx_crypto_initialize
 .text          0x000000000000c770        0x0 nx_crypto_methods.c.obj (symbol from plugin)
                0x000000000000c770                crypto_method_3des
                0x000000000000c770                crypto_method_aes_cbc_192
                0x000000000000c770                crypto_method_hmac_sha256
                0x000000000000c770                crypto_method_aes_128_gcm_16
                0x000000000000c770                crypto_method_auth_psk
                0x000000000000c770                crypto_method_ec_secp192
                0x000000000000c770                crypto_method_ec_secp384
                0x000000000000c770                crypto_method_null
                0x000000000000c770                crypto_method_sha512_224
                0x000000000000c770                crypto_method_hmac
                0x000000000000c770                crypto_method_tls_prf_sha256
                0x000000000000c770                crypto_method_sha224
                0x000000000000c770                crypto_method_aes_cbc_256
                0x000000000000c770                crypto_method_aes_256_gcm_16
                0x000000000000c770                crypto_method_hmac_sha512
                0x000000000000c770                crypto_method_rsa
                0x000000000000c770                crypto_method_aes_cbc_128
                0x000000000000c770                crypto_method_md5
                0x000000000000c770                crypto_method_aes_ccm_8
                0x000000000000c770                crypto_method_tls_prf_1
                0x000000000000c770                crypto_method_ecdh
                0x000000000000c770                crypto_method_sha384
                0x000000000000c770                crypto_method_tls_prf_sha512
                0x000000000000c770                crypto_method_sha256
                0x000000000000c770                crypto_method_ecdsa
                0x000000000000c770                crypto_method_hkdf
                0x000000000000c770                crypto_method_hmac_sha224
                0x000000000000c770                crypto_method_hmac_sha512_256
                0x000000000000c770                crypto_method_hmac_sha384
                0x000000000000c770                crypto_method_public_null
                0x000000000000c770                crypto_method_ec_secp521
                0x000000000000c770                crypto_method_hmac_md5
                0x000000000000c770                crypto_method_auth_ecjpake
                0x000000000000c770                crypto_method_tls_prf_sha384
                0x000000000000c770                crypto_method_aes_ccm_16
                0x000000000000c770                crypto_method_hmac_sha1
                0x000000000000c770                crypto_method_sha512_256
                0x000000000000c770                crypto_method_des
                0x000000000000c770                crypto_method_ec_secp256
                0x000000000000c770                crypto_method_sha512
                0x000000000000c770                crypto_method_ec_secp224
                0x000000000000c770                crypto_method_pkcs1
                0x000000000000c770                crypto_method_sha1
                0x000000000000c770                crypto_method_aes_xcbc_mac_96
                0x000000000000c770                crypto_method_hmac_sha512_224
                0x000000000000c770                crypto_method_none
                0x000000000000c770                crypto_method_drbg
 .text          0x000000000000c770        0x0 nx_crypto_null_cipher.c.obj (symbol from plugin)
                0x000000000000c770                _nx_crypto_method_null_cleanup
                0x000000000000c770                _nx_crypto_method_null_operation
                0x000000000000c770                _nx_crypto_method_null_init
 .text          0x000000000000c770        0x0 nx_crypto_pkcs1_v1.5.c.obj (symbol from plugin)
                0x000000000000c770                _nx_crypto_method_pkcs1_v1_5_operation
                0x000000000000c770                _nx_crypto_method_pkcs1_v1_5_cleanup
                0x000000000000c770                _nx_crypto_pkcs1_v1_5_verify
                0x000000000000c770                _nx_crypto_pkcs1_v1_5_encode
                0x000000000000c770                _nx_crypto_method_pkcs1_v1_5_init
                0x000000000000c770                _nx_crypto_pkcs1_v1_5_sign
 .text          0x000000000000c770        0x0 nx_crypto_rsa.c.obj (symbol from plugin)
                0x000000000000c770                _nx_crypto_rsa_operation
                0x000000000000c770                _nx_crypto_method_rsa_cleanup
                0x000000000000c770                _nx_crypto_method_rsa_operation
                0x000000000000c770                _nx_crypto_method_rsa_init
 .text          0x000000000000c770        0x0 nx_crypto_sha1.c.obj (symbol from plugin)
                0x000000000000c770                _nx_crypto_sha1_update
                0x000000000000c770                _nx_crypto_method_sha1_init
                0x000000000000c770                _nx_crypto_sha1_process_buffer
                0x000000000000c770                _nx_crypto_method_sha1_cleanup
                0x000000000000c770                _nx_crypto_method_sha1_operation
                0x000000000000c770                _nx_crypto_sha1_initialize
                0x000000000000c770                _nx_crypto_sha1_digest_calculate
                0x000000000000c770                _nx_crypto_sha1_padding
 .text          0x000000000000c770        0x0 nx_crypto_sha2.c.obj (symbol from plugin)
                0x000000000000c770                _nx_crypto_sha256_process_buffer
                0x000000000000c770                _nx_crypto_sha256_padding
                0x000000000000c770                _sha2_round_constants
 .text          0x000000000000c770        0x0 nx_crypto_sha5.c.obj (symbol from plugin)
                0x000000000000c770                _nx_crypto_sha512_padding
                0x000000000000c770                _nx_crypto_sha512_initialize
                0x000000000000c770                _nx_crypto_sha512_process_buffer
                0x000000000000c770                _sha5_round_constants
                0x000000000000c770                _nx_crypto_sha512_digest_calculate
                0x000000000000c770                _nx_crypto_sha512_update
 .text          0x000000000000c770        0x0 nx_crypto_tls_prf_1.c.obj (symbol from plugin)
                0x000000000000c770                _nx_crypto_method_prf_1_cleanup
                0x000000000000c770                _nx_crypto_method_prf_1_init
                0x000000000000c770                _nx_crypto_method_prf_1_operation
 .text          0x000000000000c770        0x0 nx_crypto_tls_prf_sha256.c.obj (symbol from plugin)
 .text          0x000000000000c770        0x0 nx_crypto_tls_prf_sha384.c.obj (symbol from plugin)
                0x000000000000c770                _nx_crypto_method_prf_sha384_cleanup
                0x000000000000c770                _nx_crypto_method_prf_sha384_operation
                0x000000000000c770                _nx_crypto_method_prf_sha384_init
 .text          0x000000000000c770        0x0 nx_crypto_tls_prf_sha512.c.obj (symbol from plugin)
                0x000000000000c770                _nx_crypto_method_prf_sha512_cleanup
                0x000000000000c770                _nx_crypto_method_prf_sha512_init
                0x000000000000c770                _nx_crypto_method_prf_sha512_operation
 .text          0x000000000000c770        0x0 nx_crypto_3des.c.obj (symbol from plugin)
                0x000000000000c770                _nx_crypto_3des_encrypt
                0x000000000000c770                _nx_crypto_method_3des_operation
                0x000000000000c770                _nx_crypto_method_3des_cleanup
                0x000000000000c770                _nx_crypto_3des_decrypt
                0x000000000000c770                _nx_crypto_method_3des_init
                0x000000000000c770                _nx_crypto_3des_key_set
 .text          0x000000000000c770        0x0 nx_crypto_aes.c.obj (symbol from plugin)
                0x000000000000c770                _nx_crypto_aes_key_set
                0x000000000000c770                _nx_crypto_aes_encrypt
                0x000000000000c770                _nx_crypto_aes_decrypt
                0x000000000000c770                _nx_crypto_method_aes_operation
                0x000000000000c770                _nx_crypto_method_aes_cbc_operation
                0x000000000000c770                _nx_crypto_method_aes_ctr_operation
                0x000000000000c770                _nx_crypto_method_aes_xcbc_operation
 .text          0x000000000000c770        0x0 nx_crypto_cbc.c.obj (symbol from plugin)
                0x000000000000c770                _nx_crypto_cbc_decrypt
                0x000000000000c770                _nx_crypto_cbc_encrypt_init
                0x000000000000c770                _nx_crypto_cbc_encrypt
 .text          0x000000000000c770        0x0 nx_crypto_ccm.c.obj (symbol from plugin)
                0x000000000000c770                _nx_crypto_ccm_encrypt_calculate
                0x000000000000c770                _nx_crypto_ccm_decrypt_calculate
                0x000000000000c770                _nx_crypto_ccm_encrypt_init
                0x000000000000c770                _nx_crypto_ccm_encrypt_update
 .text          0x000000000000c770        0x0 nx_crypto_ctr.c.obj (symbol from plugin)
                0x000000000000c770                _nx_crypto_ctr_encrypt
                0x000000000000c770                _nx_crypto_ctr_encrypt_init
 .text          0x000000000000c770        0x0 nx_crypto_des.c.obj (symbol from plugin)
                0x000000000000c770                _nx_crypto_des_encrypt
                0x000000000000c770                _nx_crypto_des_decrypt
                0x000000000000c770                _nx_crypto_des_process_block
                0x000000000000c770                _nx_crypto_method_des_init
                0x000000000000c770                _nx_crypto_des_key_set
                0x000000000000c770                _nx_crypto_method_des_cleanup
                0x000000000000c770                _nx_crypto_method_des_operation
 .text          0x000000000000c770        0x0 nx_crypto_drbg.c.obj (symbol from plugin)
                0x000000000000c770                _nx_crypto_drbg_generate
                0x000000000000c770                _nx_crypto_method_drbg_cleanup
                0x000000000000c770                _nx_crypto_method_drbg_init
                0x000000000000c770                _nx_crypto_drbg_instantiate
                0x000000000000c770                _nx_crypto_drbg
                0x000000000000c770                _nx_crypto_drbg_reseed
                0x000000000000c770                _nx_crypto_method_drbg_operation
 .text          0x000000000000c770        0x0 nx_crypto_ecdh.c.obj (symbol from plugin)
                0x000000000000c770                _nx_crypto_ecdh_setup
                0x000000000000c770                _nx_crypto_ecdh_compute_secret
                0x000000000000c770                _nx_crypto_ecdh_private_key_export
                0x000000000000c770                _nx_crypto_ecdh_key_pair_import
 .text          0x000000000000c770        0x0 nx_crypto_ecdsa.c.obj (symbol from plugin)
                0x000000000000c770                _nx_crypto_ecdsa_verify
                0x000000000000c770                _nx_crypto_ecdsa_sign
 .text          0x000000000000c770        0x0 nx_crypto_ecjpake.c.obj (symbol from plugin)
                0x000000000000c770                _nx_crypto_ecjpake_public_key_generate
                0x000000000000c770                _nx_crypto_method_ecjpake_operation
                0x000000000000c770                _nx_crypto_ecjpake_schnorr_zkp_verify
                0x000000000000c770                _nx_crypto_ecjpake_init
                0x000000000000c770                _nx_crypto_ecjpake_schnorr_zkp_hash
                0x000000000000c770                _nx_crypto_ecjpake_pre_master_secret_generate
                0x000000000000c770                _nx_crypto_ecjpake_hello_generate
                0x000000000000c770                _nx_crypto_ecjpake_hello_process
                0x000000000000c770                _nx_crypto_ecjpake_key_encryption_key_generate
                0x000000000000c770                _nx_crypto_ecjpake_key_exchange_process
                0x000000000000c770                _nx_crypto_ecjpake_schnorr_zkp_generate
                0x000000000000c770                _nx_crypto_ecjpake_key_exchange_generate
                0x000000000000c770                _nx_crypto_method_ecjpake_cleanup
                0x000000000000c770                _nx_crypto_method_ecjpake_init
 .text          0x000000000000c770        0x0 nx_crypto_gcm.c.obj (symbol from plugin)
                0x000000000000c770                _nx_crypto_gcm_decrypt_update
                0x000000000000c770                _nx_crypto_gcm_decrypt_calculate
                0x000000000000c770                _nx_crypto_gcm_encrypt_calculate
                0x000000000000c770                _nx_crypto_gcm_encrypt_update
                0x000000000000c770                _nx_crypto_gcm_encrypt_init
 .text          0x000000000000c770        0x0 nx_crypto_hkdf.c.obj (symbol from plugin)
                0x000000000000c770                _nx_crypto_hkdf_expand
                0x000000000000c770                _nx_crypto_hkdf_extract
 .text          0x000000000000c770        0x0 nx_crypto_hmac_md5.c.obj (symbol from plugin)
                0x000000000000c770                _nx_crypto_method_hmac_md5_init
                0x000000000000c770                _nx_crypto_method_hmac_md5_cleanup
                0x000000000000c770                _nx_crypto_method_hmac_md5_operation
 .text          0x000000000000c770        0x0 nx_crypto_hmac_sha1.c.obj (symbol from plugin)
                0x000000000000c770                _nx_crypto_method_hmac_sha1_init
                0x000000000000c770                _nx_crypto_method_hmac_sha1_cleanup
                0x000000000000c770                _nx_crypto_method_hmac_sha1_operation
 .text          0x000000000000c770        0x0 nx_crypto_hmac_sha2.c.obj (symbol from plugin)
                0x000000000000c770                _nx_crypto_method_hmac_sha256_init
                0x000000000000c770                _nx_crypto_method_hmac_sha256_operation
                0x000000000000c770                _nx_crypto_method_hmac_sha256_cleanup
 .text          0x000000000000c770        0x0 nx_crypto_hmac_sha5.c.obj (symbol from plugin)
                0x000000000000c770                _nx_crypto_method_hmac_sha512_cleanup
                0x000000000000c770                _nx_crypto_method_hmac_sha512_operation
                0x000000000000c770                _nx_crypto_method_hmac_sha512_init
 .text          0x000000000000c770        0x0 nx_crypto_md5.c.obj (symbol from plugin)
                0x000000000000c770                _nx_crypto_method_md5_operation
                0x000000000000c770                _nx_crypto_md5_initialize
                0x000000000000c770                _nx_crypto_md5_update
                0x000000000000c770                _nx_crypto_md5_process_buffer
                0x000000000000c770                _nx_crypto_method_md5_cleanup
                0x000000000000c770                _nx_crypto_md5_digest_calculate
                0x000000000000c770                _nx_crypto_md5_padding
                0x000000000000c770                _nx_crypto_method_md5_init
 .text          0x000000000000c770        0x0 nx_crypto_phash.c.obj (symbol from plugin)
                0x000000000000c770                _nx_crypto_phash
 .text          0x000000000000c770        0x0 nx_crypto_xcbc_mac.c.obj (symbol from plugin)
                0x000000000000c770                _nx_crypto_xcbc_mac
 .text          0x000000000000c770       0x10 ../crypto68k/libcrypto68k.a(c68k_dispatch.S.obj)
                0x000000000000c770                c68k_addmul_1
                0x000000000000c778                c68k_div_2by1
 .text          0x000000000000c780        0x0 ami_udivdi3.c.obj (symbol from plugin)
                0x000000000000c780                ami_rt_cpu_select
 .text          0x000000000000c780       0x74 /home/turo/.cache/aminetxduo/toolchain/3869b4427396/lib/gcc/m68k-amigaos/16.2.0b/../../../../m68k-amigaos/lib/libc.a(lib_a-memset.o)
                0x000000000000c780                memset
 .text          0x000000000000c7f4       0x80 /home/turo/.cache/aminetxduo/toolchain/3869b4427396/lib/gcc/m68k-amigaos/16.2.0b/../../../../m68k-amigaos/lib/libc.a(lib_a-memcmp.o)
                0x000000000000c7f4                memcmp
 .text          0x000000000000c874       0x70 /home/turo/.cache/aminetxduo/toolchain/3869b4427396/lib/gcc/m68k-amigaos/16.2.0b/../../../../m68k-amigaos/lib/libc.a(lib_a-memcpy.o)
                0x000000000000c874                memcpy
 .text          0x000000000000c8e4      0x100 /home/turo/.cache/aminetxduo/toolchain/3869b4427396/lib/gcc/m68k-amigaos/16.2.0b/../../../../m68k-amigaos/lib/libc.a(lib_a-memmove.o)
                0x000000000000c8e4                memmove
 *(.text.main)
 *(.text*)
 .text.c68k_div_2by1_c
                0x000000000000c9e4       0x44 /tmp/ccnKb0mJ.ltrans0.ltrans.o
 .text.tls_lib_init
                0x000000000000ca28      0x168 /tmp/ccnKb0mJ.ltrans0.ltrans.o
 .text.tls_lib_open
                0x000000000000cb90       0x14 /tmp/ccnKb0mJ.ltrans0.ltrans.o
 .text.tls_lib_reserved
                0x000000000000cba4        0x4 /tmp/ccnKb0mJ.ltrans0.ltrans.o
 .text.tls_crypto_yield
                0x000000000000cba8       0x20 /tmp/ccnKb0mJ.ltrans0.ltrans.o
 .text.tls_tag_data
                0x000000000000cbc8       0x4c /tmp/ccnKb0mJ.ltrans0.ltrans.o
 .text.tls_conn_enter
                0x000000000000cc14       0x48 /tmp/ccnKb0mJ.ltrans0.ltrans.o
 .text.tls_conn_leave
                0x000000000000cc5c       0x38 /tmp/ccnKb0mJ.ltrans0.ltrans.o
 .text.tls_error_from_nx
                0x000000000000cc94       0xa4 /tmp/ccnKb0mJ.ltrans0.ltrans.o
 .text.tls_TLSErrorString
                0x000000000000cd38       0x1c /tmp/ccnKb0mJ.ltrans0.ltrans.o
 .text.tls_verify_none
                0x000000000000cd54        0x4 /tmp/ccnKb0mJ.ltrans0.ltrans.o
 .text.tls_TLSPending
                0x000000000000cd58       0x20 /tmp/ccnKb0mJ.ltrans0.ltrans.o
 .text.tls_TLSBuffered
                0x000000000000cd78       0x18 /tmp/ccnKb0mJ.ltrans0.ltrans.o
 .text.tls_TLSRandom
                0x000000000000cd90       0x34 /tmp/ccnKb0mJ.ltrans0.ltrans.o
 .text.tls_TLSWaitSelect
                0x000000000000cdc4      0x178 /tmp/ccnKb0mJ.ltrans0.ltrans.o
 .text.tls_path_set.constprop.0
                0x000000000000cf3c       0x30 /tmp/ccnKb0mJ.ltrans0.ltrans.o
 .text.tls_be32
                0x000000000000cf6c       0x2c /tmp/ccnKb0mJ.ltrans0.ltrans.o
 .text.tls_registry_remove
                0x000000000000cf98       0x3c /tmp/ccnKb0mJ.ltrans0.ltrans.o
 .text.ami_tls_timer_lock_init
                0x000000000000cfd4       0x40 /tmp/ccnKb0mJ.ltrans0.ltrans.o
 .text.ami_tls_timer_open
                0x000000000000d014       0xf8 /tmp/ccnKb0mJ.ltrans0.ltrans.o
 .text.ami_tls_eclock
                0x000000000000d10c       0x2c /tmp/ccnKb0mJ.ltrans0.ltrans.o
 .text.ami_since
                0x000000000000d138       0xa4 /tmp/ccnKb0mJ.ltrans0.ltrans.o
 .text.ami_tls_crypto_initialize
                0x000000000000d1dc       0x60 /tmp/ccnKb0mJ.ltrans0.ltrans.o
 .text.ami_crypto_method_ec_secp256_operation
                0x000000000000d23c       0x38 /tmp/ccnKb0mJ.ltrans0.ltrans.o
 .text.ami_crypto_method_rsa_init
                0x000000000000d274       0x54 /tmp/ccnKb0mJ.ltrans0.ltrans.o
 .text.ami_crypto_method_rsa_cleanup
                0x000000000000d2c8       0x20 /tmp/ccnKb0mJ.ltrans0.ltrans.o
 .text.ami_crypto_method_aes_cleanup
                0x000000000000d2e8       0x20 /tmp/ccnKb0mJ.ltrans0.ltrans.o
 .text.ami_aes_set_iv
                0x000000000000d308       0x20 /tmp/ccnKb0mJ.ltrans0.ltrans.o
 .text.ami_crypto_method_chacha20_poly1305_init
                0x000000000000d328       0x60 /tmp/ccnKb0mJ.ltrans0.ltrans.o
 .text.ami_crypto_method_chacha20_poly1305_cleanup
                0x000000000000d388       0x20 /tmp/ccnKb0mJ.ltrans0.ltrans.o
 .text.ami_crypto_method_sha256_init
                0x000000000000d3a8       0x28 /tmp/ccnKb0mJ.ltrans0.ltrans.o
 .text.ami_crypto_method_sha256_cleanup
                0x000000000000d3d0       0x20 /tmp/ccnKb0mJ.ltrans0.ltrans.o
 .text.ami_crypto_method_hmac_sha256_init
                0x000000000000d3f0       0x28 /tmp/ccnKb0mJ.ltrans0.ltrans.o
 .text.ami_crypto_method_hmac_sha256_cleanup
                0x000000000000d418       0x20 /tmp/ccnKb0mJ.ltrans0.ltrans.o
 .text.c68k_sha256_initialize
                0x000000000000d438       0x60 /tmp/ccnKb0mJ.ltrans0.ltrans.o
 .text.c68k_yield_stride
                0x000000000000d498       0x38 /tmp/ccnKb0mJ.ltrans0.ltrans.o
 .text.c68k_addmul_1_c
                0x000000000000d4d0       0xb0 /tmp/ccnKb0mJ.ltrans0.ltrans.o
 .text.c68k_zero
                0x000000000000d580       0x1c /tmp/ccnKb0mJ.ltrans0.ltrans.o
 .text.c68k_copy
                0x000000000000d59c       0x20 /tmp/ccnKb0mJ.ltrans0.ltrans.o
 .text.fe_cmp   0x000000000000d5bc       0x34 /tmp/ccnKb0mJ.ltrans0.ltrans.o
 .text.fe_is_zero
                0x000000000000d5f0       0x24 /tmp/ccnKb0mJ.ltrans0.ltrans.o
 .text.fe_copy  0x000000000000d614       0x1c /tmp/ccnKb0mJ.ltrans0.ltrans.o
 .text.fe_zero  0x000000000000d630       0x18 /tmp/ccnKb0mJ.ltrans0.ltrans.o
 .text.fe_rshift1
                0x000000000000d648       0x44 /tmp/ccnKb0mJ.ltrans0.ltrans.o
 .text.c68k_p256_fe_reduce
                0x000000000000d68c       0x88 /tmp/ccnKb0mJ.ltrans0.ltrans.o
 .text.c68k_p256_fe_add
                0x000000000000d714       0x54 /tmp/ccnKb0mJ.ltrans0.ltrans.o
 .text.c68k_p256_fe_sub
                0x000000000000d768       0x40 /tmp/ccnKb0mJ.ltrans0.ltrans.o
 .text.c68k_p256_fe_mul
                0x000000000000d7a8       0x68 /tmp/ccnKb0mJ.ltrans0.ltrans.o
 .text.c68k_p256_fe_sqr
                0x000000000000d810       0xf0 /tmp/ccnKb0mJ.ltrans0.ltrans.o
 .text.fe_half  0x000000000000d900       0x38 /tmp/ccnKb0mJ.ltrans0.ltrans.o
 .text.c68k_p256_fe_inv
                0x000000000000d938      0x158 /tmp/ccnKb0mJ.ltrans0.ltrans.o
 .text.c68k_p256_jac_double
                0x000000000000da90      0x1ac /tmp/ccnKb0mJ.ltrans0.ltrans.o
 .text.c68k_p256_jac_add_affine
                0x000000000000dc3c      0x260 /tmp/ccnKb0mJ.ltrans0.ltrans.o
 .text.c68k_p256_to_affine
                0x000000000000de9c       0x90 /tmp/ccnKb0mJ.ltrans0.ltrans.o
 .text.hn_to_fe
                0x000000000000df2c       0x44 /tmp/ccnKb0mJ.ltrans0.ltrans.o
 .text.c68k_gf_mul
                0x000000000000df70       0x40 /tmp/ccnKb0mJ.ltrans0.ltrans.o
 .text.c68k_aes_tables_init
                0x000000000000dfb0      0x198 /tmp/ccnKb0mJ.ltrans0.ltrans.o
 .text.c68k_aes_store_be
                0x000000000000e148       0x2c /tmp/ccnKb0mJ.ltrans0.ltrans.o
 .text.c68k_aes_subword
                0x000000000000e174       0x64 /tmp/ccnKb0mJ.ltrans0.ltrans.o
 .text.ami_crypto_method_aes_init
                0x000000000000e1d8      0x2e4 /tmp/ccnKb0mJ.ltrans0.ltrans.o
 .text.c68k_aes_mixcolumn
                0x000000000000e4bc       0x40 /tmp/ccnKb0mJ.ltrans0.ltrans.o
 .text.c68k_aes_invmixcolumn
                0x000000000000e4fc       0x60 /tmp/ccnKb0mJ.ltrans0.ltrans.o
 .text.c68k_sha256_blocks_c
                0x000000000000e55c      0x4a8 /tmp/ccnKb0mJ.ltrans0.ltrans.o
 .text.c68k_sha256_digest_calculate
                0x000000000000ea04       0xf4 /tmp/ccnKb0mJ.ltrans0.ltrans.o
 .text.c68k_sha256_update
                0x000000000000eaf8       0xe0 /tmp/ccnKb0mJ.ltrans0.ltrans.o
 .text.ami_crypto_method_sha256_operation
                0x000000000000ebd8       0xc4 /tmp/ccnKb0mJ.ltrans0.ltrans.o
 .text.c68k_chacha20_load_le
                0x000000000000ec9c       0x30 /tmp/ccnKb0mJ.ltrans0.ltrans.o
 .text.c68k_poly1305_blocks_c
                0x000000000000eccc      0x454 /tmp/ccnKb0mJ.ltrans0.ltrans.o
 .text.c68k_chacha20_initialize
                0x000000000000f120       0x80 /tmp/ccnKb0mJ.ltrans0.ltrans.o
 .text.c68k_poly1305_update
                0x000000000000f1a0       0xa0 /tmp/ccnKb0mJ.ltrans0.ltrans.o
 .text.c68k_chacha20_poly1305_pad16
                0x000000000000f240       0x48 /tmp/ccnKb0mJ.ltrans0.ltrans.o
 .text.c68k_chacha20_poly1305_start_data
                0x000000000000f288       0x24 /tmp/ccnKb0mJ.ltrans0.ltrans.o
 .text.c68k_chacha20_poly1305_tag
                0x000000000000f2ac      0x36c /tmp/ccnKb0mJ.ltrans0.ltrans.o
 .text.d_shl    0x000000000000f618       0x58 /tmp/ccnKb0mJ.ltrans0.ltrans.o
 .text.c68k_mont_reduce
                0x000000000000f670       0x94 /tmp/ccnKb0mJ.ltrans0.ltrans.o
 .text.tls_TLSRead
                0x000000000000f704      0x1c4 /tmp/ccnKb0mJ.ltrans0.ltrans.o
 .text.tls_TLSInfo
                0x000000000000f8c8       0xcc /tmp/ccnKb0mJ.ltrans0.ltrans.o
 .text.ami_crypto_method_aes_cbc_operation
                0x000000000000f994     0x13ac /tmp/ccnKb0mJ.ltrans0.ltrans.o
 .text.ami_crypto_method_hmac_sha256_operation
                0x0000000000010d40      0x134 /tmp/ccnKb0mJ.ltrans0.ltrans.o
 .text.fe_to_hn
                0x0000000000010e74       0x34 /tmp/ccnKb0mJ.ltrans0.ltrans.o
 .text.c68k_chacha20_xor
                0x0000000000010ea8      0x108 /tmp/ccnKb0mJ.ltrans0.ltrans.o
 .text.ami_crypto_method_chacha20_poly1305_operation
                0x0000000000010fb0      0x308 /tmp/ccnKb0mJ.ltrans0.ltrans.o
 .text.c68k_mont_final
                0x00000000000112b8       0x60 /tmp/ccnKb0mJ.ltrans0.ltrans.o
 .text.c68k_sqr_n
                0x0000000000011318      0x260 /tmp/ccnKb0mJ.ltrans0.ltrans.o
 .text.c68k_mont_sqr
                0x0000000000011578       0x90 /tmp/ccnKb0mJ.ltrans0.ltrans.o
 .text.c68k_mul_n
                0x0000000000011608      0x1fc /tmp/ccnKb0mJ.ltrans0.ltrans.o
 .text.c68k_mont_mul
                0x0000000000011804       0x84 /tmp/ccnKb0mJ.ltrans0.ltrans.o
 .text._nx_secure_remote_certificate_verify
                0x0000000000011888      0x9b8 /tmp/ccnKb0mJ.ltrans0.ltrans.o
 .text.tls_store_verify
                0x0000000000012240      0x3ac /tmp/ccnKb0mJ.ltrans0.ltrans.o
 .text._nx_packet_allocate
                0x00000000000125ec       0x18 /tmp/ccnKb0mJ.ltrans0.ltrans.o
                0x00000000000125ec                _nx_packet_allocate
 .text._nx_packet_data_append
                0x0000000000012604       0x18 /tmp/ccnKb0mJ.ltrans0.ltrans.o
                0x0000000000012604                _nx_packet_data_append
 .text._nx_packet_data_extract_offset
                0x000000000001261c       0x18 /tmp/ccnKb0mJ.ltrans0.ltrans.o
                0x000000000001261c                _nx_packet_data_extract_offset
 .text._nx_packet_release
                0x0000000000012634       0x18 /tmp/ccnKb0mJ.ltrans0.ltrans.o
                0x0000000000012634                _nx_packet_release
 .text._tx_mutex_get
                0x000000000001264c       0x18 /tmp/ccnKb0mJ.ltrans0.ltrans.o
                0x000000000001264c                _tx_mutex_get
 .text._tx_mutex_put
                0x0000000000012664       0x18 /tmp/ccnKb0mJ.ltrans0.ltrans.o
                0x0000000000012664                _tx_mutex_put
 .text._tx_thread_identify
                0x000000000001267c       0x14 /tmp/ccnKb0mJ.ltrans0.ltrans.o
                0x000000000001267c                _tx_thread_identify
 .text.ami_p256_ec_multiple
                0x0000000000012690      0x5d0 /tmp/ccnKb0mJ.ltrans0.ltrans.o
 .text._tx_thread_sleep.constprop.0.isra.0
                0x0000000000012c60       0x1c /tmp/ccnKb0mJ.ltrans0.ltrans.o
                0x0000000000012c60                _tx_thread_sleep.constprop.0.isra.0
 .text.ami_random_rand
                0x0000000000012c7c       0x14 /tmp/ccnKb0mJ.ltrans0.ltrans.o
                0x0000000000012c7c                ami_random_rand
 .text.tls_conn_for_session
                0x0000000000012c90       0x4c /tmp/ccnKb0mJ.ltrans0.ltrans.o
                0x0000000000012c90                tls_conn_for_session
 .text.tls_certificate_callback
                0x0000000000012cdc      0x150 /tmp/ccnKb0mJ.ltrans0.ltrans.o
 .text.tls_expired
                0x0000000000012e2c       0x50 /tmp/ccnKb0mJ.ltrans0.ltrans.o
                0x0000000000012e2c                tls_expired
 .text.tls_time_monotonic
                0x0000000000012e7c       0x80 /tmp/ccnKb0mJ.ltrans0.ltrans.o
                0x0000000000012e7c                tls_time_monotonic
 .text.tls_time_now
                0x0000000000012efc       0x20 /tmp/ccnKb0mJ.ltrans0.ltrans.o
 .text.tls_alloc
                0x0000000000012f1c       0x1c /tmp/ccnKb0mJ.ltrans0.ltrans.o
                0x0000000000012f1c                tls_alloc
 .text.tls_free
                0x0000000000012f38       0x1c /tmp/ccnKb0mJ.ltrans0.ltrans.o
                0x0000000000012f38                tls_free
 .text.tls_bzero
                0x0000000000012f54       0x18 /tmp/ccnKb0mJ.ltrans0.ltrans.o
                0x0000000000012f54                tls_bzero
 .text.tls_lib_expunge
                0x0000000000012f6c       0xe8 /tmp/ccnKb0mJ.ltrans0.ltrans.o
 .text.tls_lib_close
                0x0000000000013054       0x2c /tmp/ccnKb0mJ.ltrans0.ltrans.o
 .text.tls_conn_free.part.0
                0x0000000000013080       0x98 /tmp/ccnKb0mJ.ltrans0.ltrans.o
 .text.tls_strncpy
                0x0000000000013118       0x34 /tmp/ccnKb0mJ.ltrans0.ltrans.o
                0x0000000000013118                tls_strncpy
 .text.c68k_mod
                0x000000000001314c      0x350 /tmp/ccnKb0mJ.ltrans0.ltrans.o
                0x000000000001314c                c68k_mod
 .text.c68k_huge_number_mont_power_modulus.constprop.0
                0x000000000001349c      0x568 /tmp/ccnKb0mJ.ltrans0.ltrans.o
 .text.ami_crypto_method_rsa_operation
                0x0000000000013a04      0x530 /tmp/ccnKb0mJ.ltrans0.ltrans.o
 .text._nx_secure_tls_generate_keys
                0x0000000000013f34       0xa4 /tmp/ccnKb0mJ.ltrans0.ltrans.o
                0x0000000000013f34                _nx_secure_tls_generate_keys
 .text._nx_secure_tls_handshake_hash_update
                0x0000000000013fd8      0x188 /tmp/ccnKb0mJ.ltrans0.ltrans.o
                0x0000000000013fd8                _nx_secure_tls_handshake_hash_update
 .text._nx_secure_tls_packet_allocate
                0x0000000000014160      0x108 /tmp/ccnKb0mJ.ltrans0.ltrans.o
                0x0000000000014160                _nx_secure_tls_packet_allocate
 .text._nx_secure_tls_allocate_handshake_packet
                0x0000000000014268       0x80 /tmp/ccnKb0mJ.ltrans0.ltrans.o
                0x0000000000014268                _nx_secure_tls_allocate_handshake_packet
 .text._nx_secure_tls_packet_release.isra.0
                0x00000000000142e8       0x40 /tmp/ccnKb0mJ.ltrans0.ltrans.o
                0x00000000000142e8                _nx_secure_tls_packet_release.isra.0
 .text._nx_secure_tls_process_certificate_request
                0x0000000000014328      0x1f4 /tmp/ccnKb0mJ.ltrans0.ltrans.o
                0x0000000000014328                _nx_secure_tls_process_certificate_request
 .text._nx_secure_tls_process_handshake_header
                0x000000000001451c       0x50 /tmp/ccnKb0mJ.ltrans0.ltrans.o
                0x000000000001451c                _nx_secure_tls_process_handshake_header
 .text._nx_secure_tls_process_serverhello
                0x000000000001456c      0x6e0 /tmp/ccnKb0mJ.ltrans0.ltrans.o
                0x000000000001456c                _nx_secure_tls_process_serverhello
 .text._nx_secure_tls_remote_certificate_free_all
                0x0000000000014c4c       0xc0 /tmp/ccnKb0mJ.ltrans0.ltrans.o
                0x0000000000014c4c                _nx_secure_tls_remote_certificate_free_all
 .text._nx_secure_tls_process_finished
                0x0000000000014d0c      0x148 /tmp/ccnKb0mJ.ltrans0.ltrans.o
                0x0000000000014d0c                _nx_secure_tls_process_finished
 .text._nx_secure_tls_process_remote_certificate
                0x0000000000014e54      0x4b0 /tmp/ccnKb0mJ.ltrans0.ltrans.o
                0x0000000000014e54                _nx_secure_tls_process_remote_certificate
 .text._nx_secure_tls_send_certificate
                0x0000000000015304      0x1e8 /tmp/ccnKb0mJ.ltrans0.ltrans.o
                0x0000000000015304                _nx_secure_tls_send_certificate
 .text.tls_TLSOpenA
                0x00000000000154ec     0x107c /tmp/ccnKb0mJ.ltrans0.ltrans.o
 .text.tls_TLSClose
                0x0000000000016568      0x1e4 /tmp/ccnKb0mJ.ltrans0.ltrans.o
 .text.tls_TLSWrite
                0x000000000001674c      0x154 /tmp/ccnKb0mJ.ltrans0.ltrans.o
 .text._nx_secure_tls_client_handshake
                0x00000000000168a0      0x66c /tmp/ccnKb0mJ.ltrans0.ltrans.o
                0x00000000000168a0                _nx_secure_tls_client_handshake
 .text._nx_secure_count_leap_years.constprop.0
                0x0000000000016f0c       0x48 /tmp/ccnKb0mJ.ltrans1.ltrans.o
 .text._nx_secure_x509_dns_name_constrained
                0x0000000000016f54       0x88 /tmp/ccnKb0mJ.ltrans1.ltrans.o
 .text._nx_secure_generate_master_secret
                0x0000000000016fdc      0x184 /tmp/ccnKb0mJ.ltrans1.ltrans.o
                0x0000000000016fdc                _nx_secure_generate_master_secret
 .text._nx_secure_generate_session_keys
                0x0000000000017160      0x134 /tmp/ccnKb0mJ.ltrans1.ltrans.o
                0x0000000000017160                _nx_secure_generate_session_keys
 .text._nx_secure_session_keys_set
                0x0000000000017294      0x1c8 /tmp/ccnKb0mJ.ltrans1.ltrans.o
                0x0000000000017294                _nx_secure_session_keys_set
 .text._nx_secure_verify_mac
                0x000000000001745c      0x34c /tmp/ccnKb0mJ.ltrans1.ltrans.o
                0x000000000001745c                _nx_secure_verify_mac
 .text._nx_secure_tls_send_changecipherspec
                0x00000000000177a8       0x28 /tmp/ccnKb0mJ.ltrans1.ltrans.o
                0x00000000000177a8                _nx_secure_tls_send_changecipherspec
 .text._nx_secure_tls_session_iv_size_get
                0x00000000000177d0       0x70 /tmp/ccnKb0mJ.ltrans1.ltrans.o
                0x00000000000177d0                _nx_secure_tls_session_iv_size_get
 .text._nx_secure_tls_session_keys_set
                0x0000000000017840       0x94 /tmp/ccnKb0mJ.ltrans1.ltrans.o
                0x0000000000017840                _nx_secure_tls_session_keys_set
 .text._nx_secure_x509_asn1_tlv_block_parse
                0x00000000000178d4       0xf8 /tmp/ccnKb0mJ.ltrans1.ltrans.o
                0x00000000000178d4                _nx_secure_x509_asn1_tlv_block_parse
 .text._nx_secure_x509_distinguished_name_compare.part.0
                0x00000000000179cc       0x3c /tmp/ccnKb0mJ.ltrans1.ltrans.o
                0x00000000000179cc                _nx_secure_x509_distinguished_name_compare.part.0
 .text._nx_secure_x509_certificate_list_add
                0x0000000000017a08       0x70 /tmp/ccnKb0mJ.ltrans1.ltrans.o
                0x0000000000017a08                _nx_secure_x509_certificate_list_add
 .text._nx_secure_x509_asn1_time_to_unix_convert.lto_priv.0
                0x0000000000017a78      0x758 /tmp/ccnKb0mJ.ltrans1.ltrans.o
                0x0000000000017a78                _nx_secure_x509_asn1_time_to_unix_convert.lto_priv.0
 .text._nx_secure_x509_find_certificate_methods
                0x00000000000181d0       0x4c /tmp/ccnKb0mJ.ltrans1.ltrans.o
                0x00000000000181d0                _nx_secure_x509_find_certificate_methods
 .text._nx_secure_x509_local_device_certificate_get.isra.0
                0x000000000001821c       0x50 /tmp/ccnKb0mJ.ltrans1.ltrans.o
                0x000000000001821c                _nx_secure_x509_local_device_certificate_get.isra.0
 .text._nx_secure_x509_oid_parse
                0x000000000001826c       0x58 /tmp/ccnKb0mJ.ltrans1.ltrans.o
                0x000000000001826c                _nx_secure_x509_oid_parse
 .text._nx_secure_x509_parse_algorithm_id
                0x00000000000182c4       0xe8 /tmp/ccnKb0mJ.ltrans1.ltrans.o
 .text._nx_secure_x509_parse_signature_algorithm
                0x00000000000183ac      0x328 /tmp/ccnKb0mJ.ltrans1.ltrans.o
 .text._nx_secure_x509_distinguished_name_parse
                0x00000000000186d4      0x1ac /tmp/ccnKb0mJ.ltrans1.ltrans.o
 .text._nx_secure_x509_certificate_parse
                0x0000000000018880      0x9c0 /tmp/ccnKb0mJ.ltrans1.ltrans.o
                0x0000000000018880                _nx_secure_x509_certificate_parse
 .text._nx_secure_x509_extension_find
                0x0000000000019240      0x164 /tmp/ccnKb0mJ.ltrans1.ltrans.o
                0x0000000000019240                _nx_secure_x509_extension_find
 .text._nx_secure_x509_name_constraints_check
                0x00000000000193a4      0x2cc /tmp/ccnKb0mJ.ltrans1.ltrans.o
                0x00000000000193a4                _nx_secure_x509_name_constraints_check
 .text._nx_secure_x509_key_usage_extension_parse.constprop.0
                0x0000000000019670       0x88 /tmp/ccnKb0mJ.ltrans1.ltrans.o
                0x0000000000019670                _nx_secure_x509_key_usage_extension_parse.constprop.0
 .text._nx_secure_x509_pkcs7_decode
                0x00000000000196f8      0x190 /tmp/ccnKb0mJ.ltrans1.ltrans.o
                0x00000000000196f8                _nx_secure_x509_pkcs7_decode
 .text._nx_secure_x509_remote_endpoint_certificate_get.isra.0
                0x0000000000019888       0x58 /tmp/ccnKb0mJ.ltrans1.ltrans.o
                0x0000000000019888                _nx_secure_x509_remote_endpoint_certificate_get.isra.0
 .text._nx_secure_x509_store_certificate_add
                0x00000000000198e0       0x4c /tmp/ccnKb0mJ.ltrans1.ltrans.o
                0x00000000000198e0                _nx_secure_x509_store_certificate_add
 .text._nx_secure_trusted_certificate_add
                0x000000000001992c       0x24 /tmp/ccnKb0mJ.ltrans1.ltrans.o
                0x000000000001992c                _nx_secure_trusted_certificate_add
 .text._nx_secure_x509_wildcard_compare
                0x0000000000019950       0x6c /tmp/ccnKb0mJ.ltrans1.ltrans.o
                0x0000000000019950                _nx_secure_x509_wildcard_compare
 .text._nx_secure_tls_1_3_finished_hash_generate.constprop.0
                0x00000000000199bc      0x170 /tmp/ccnKb0mJ.ltrans1.ltrans.o
                0x00000000000199bc                _nx_secure_tls_1_3_finished_hash_generate.constprop.0
 .text._nx_secure_tls_1_3_transcript_hash_save
                0x0000000000019b2c       0x98 /tmp/ccnKb0mJ.ltrans1.ltrans.o
                0x0000000000019b2c                _nx_secure_tls_1_3_transcript_hash_save
 .text._nx_secure_tls_check_protocol_version.constprop.0
                0x0000000000019bc4       0x68 /tmp/ccnKb0mJ.ltrans1.ltrans.o
                0x0000000000019bc4                _nx_secure_tls_check_protocol_version.constprop.0
 .text._nx_secure_tls_find_curve_method
                0x0000000000019c2c       0x5c /tmp/ccnKb0mJ.ltrans1.ltrans.o
                0x0000000000019c2c                _nx_secure_tls_find_curve_method
 .text._nx_secure_tls_send_certificate_verify
                0x0000000000019c88      0x774 /tmp/ccnKb0mJ.ltrans1.ltrans.o
                0x0000000000019c88                _nx_secure_tls_send_certificate_verify
 .text._nx_secure_tls_finished_hash_generate
                0x000000000001a3fc      0x174 /tmp/ccnKb0mJ.ltrans1.ltrans.o
                0x000000000001a3fc                _nx_secure_tls_finished_hash_generate
 .text._nx_secure_tls_send_finished
                0x000000000001a570       0xbc /tmp/ccnKb0mJ.ltrans1.ltrans.o
                0x000000000001a570                _nx_secure_tls_send_finished
 .text._nx_secure_tls_handshake_hash_init
                0x000000000001a62c       0xf8 /tmp/ccnKb0mJ.ltrans1.ltrans.o
                0x000000000001a62c                _nx_secure_tls_handshake_hash_init
 .text._nx_secure_tls_newest_supported_version.constprop.0
                0x000000000001a724       0x24 /tmp/ccnKb0mJ.ltrans1.ltrans.o
                0x000000000001a724                _nx_secure_tls_newest_supported_version.constprop.0
 .text._nx_secure_tls_get_signature_algorithm_id
                0x000000000001a748       0xc4 /tmp/ccnKb0mJ.ltrans1.ltrans.o
                0x000000000001a748                _nx_secure_tls_get_signature_algorithm_id
 .text._nx_secure_process_server_key_exchange
                0x000000000001a80c      0x708 /tmp/ccnKb0mJ.ltrans1.ltrans.o
                0x000000000001a80c                _nx_secure_process_server_key_exchange
 .text._nx_secure_tls_ecc_generate_keys.isra.0
                0x000000000001af14      0x6e4 /tmp/ccnKb0mJ.ltrans1.ltrans.o
                0x000000000001af14                _nx_secure_tls_ecc_generate_keys.isra.0
 .text._nx_secure_generate_server_key_exchange
                0x000000000001b5f8       0x88 /tmp/ccnKb0mJ.ltrans1.ltrans.o
                0x000000000001b5f8                _nx_secure_generate_server_key_exchange
 .text._nx_secure_tls_send_serverhello
                0x000000000001b680      0x30c /tmp/ccnKb0mJ.ltrans1.ltrans.o
                0x000000000001b680                _nx_secure_tls_send_serverhello
 .text._nx_secure_generate_client_key_exchange
                0x000000000001b98c      0x1fc /tmp/ccnKb0mJ.ltrans1.ltrans.o
                0x000000000001b98c                _nx_secure_generate_client_key_exchange
 .text._nx_secure_generate_premaster_secret
                0x000000000001bb88      0x1fc /tmp/ccnKb0mJ.ltrans1.ltrans.o
                0x000000000001bb88                _nx_secure_generate_premaster_secret
 .text._nx_secure_process_client_key_exchange
                0x000000000001bd84      0x4cc /tmp/ccnKb0mJ.ltrans1.ltrans.o
                0x000000000001bd84                _nx_secure_process_client_key_exchange
 .text._nx_secure_tls_send_clienthello
                0x000000000001c250      0xb88 /tmp/ccnKb0mJ.ltrans1.ltrans.o
                0x000000000001c250                _nx_secure_tls_send_clienthello
 .text._nx_secure_tls_record_mac_append
                0x000000000001cdd8      0x2ac /tmp/ccnKb0mJ.ltrans1.ltrans.o
 .text._nx_secure_tls_send_record
                0x000000000001d084      0x9a8 /tmp/ccnKb0mJ.ltrans1.ltrans.o
                0x000000000001d084                _nx_secure_tls_send_record
 .text._nx_secure_tls_send_handshake_record
                0x000000000001da2c       0xd8 /tmp/ccnKb0mJ.ltrans1.ltrans.o
                0x000000000001da2c                _nx_secure_tls_send_handshake_record
 .text._nx_secure_tls_session_reset
                0x000000000001db04       0xe0 /tmp/ccnKb0mJ.ltrans1.ltrans.o
                0x000000000001db04                _nx_secure_tls_session_reset
 .text._nx_secure_tls_session_delete
                0x000000000001dbe4       0xa0 /tmp/ccnKb0mJ.ltrans1.ltrans.o
                0x000000000001dbe4                _nx_secure_tls_session_delete
 .text._nx_secure_tls_session_receive_records
                0x000000000001dc84      0x4a0 /tmp/ccnKb0mJ.ltrans1.ltrans.o
                0x000000000001dc84                _nx_secure_tls_session_receive_records
 .text._nx_secure_tls_verify_mac
                0x000000000001e124       0x58 /tmp/ccnKb0mJ.ltrans2.ltrans.o
 .text._nx_crypto_method_ec_secp384r1_operation
                0x000000000001e17c       0x20 /tmp/ccnKb0mJ.ltrans2.ltrans.o
                0x000000000001e17c                _nx_crypto_method_ec_secp384r1_operation
 .text._nx_crypto_method_ec_secp521r1_operation
                0x000000000001e19c       0x20 /tmp/ccnKb0mJ.ltrans2.ltrans.o
                0x000000000001e19c                _nx_crypto_method_ec_secp521r1_operation
 .text._nx_crypto_hmac_hash_initialize
                0x000000000001e1bc       0x38 /tmp/ccnKb0mJ.ltrans2.ltrans.o
 .text._nx_crypto_hmac_hash_update
                0x000000000001e1f4       0x3c /tmp/ccnKb0mJ.ltrans2.ltrans.o
 .text._nx_crypto_hmac_hash_digest_calculate
                0x000000000001e230       0x40 /tmp/ccnKb0mJ.ltrans2.ltrans.o
 .text._nx_crypto_method_hmac_init
                0x000000000001e270       0x30 /tmp/ccnKb0mJ.ltrans2.ltrans.o
                0x000000000001e270                _nx_crypto_method_hmac_init
 .text._nx_crypto_method_hmac_cleanup
                0x000000000001e2a0       0x20 /tmp/ccnKb0mJ.ltrans2.ltrans.o
                0x000000000001e2a0                _nx_crypto_method_hmac_cleanup
 .text._nx_crypto_huge_number_shift_left
                0x000000000001e2c0       0x68 /tmp/ccnKb0mJ.ltrans2.ltrans.o
 .text._nx_crypto_sha256_initialize
                0x000000000001e328       0xb4 /tmp/ccnKb0mJ.ltrans2.ltrans.o
                0x000000000001e328                _nx_crypto_sha256_initialize
 .text._nx_crypto_sha256_process_buffer
                0x000000000001e3dc      0xb74 /tmp/ccnKb0mJ.ltrans2.ltrans.o
 .text._nx_crypto_sha256_update
                0x000000000001ef50       0xdc /tmp/ccnKb0mJ.ltrans2.ltrans.o
                0x000000000001ef50                _nx_crypto_sha256_update
 .text._nx_crypto_sha256_digest_calculate
                0x000000000001f02c      0x14c /tmp/ccnKb0mJ.ltrans2.ltrans.o
                0x000000000001f02c                _nx_crypto_sha256_digest_calculate
 .text._nx_crypto_method_sha256_init
                0x000000000001f178       0x28 /tmp/ccnKb0mJ.ltrans2.ltrans.o
                0x000000000001f178                _nx_crypto_method_sha256_init
 .text._nx_crypto_method_sha256_cleanup
                0x000000000001f1a0       0x20 /tmp/ccnKb0mJ.ltrans2.ltrans.o
                0x000000000001f1a0                _nx_crypto_method_sha256_cleanup
 .text._nx_crypto_method_sha256_operation
                0x000000000001f1c0      0x114 /tmp/ccnKb0mJ.ltrans2.ltrans.o
                0x000000000001f1c0                _nx_crypto_method_sha256_operation
 .text._nx_crypto_sha512_initialize.isra.0
                0x000000000001f2d4      0x244 /tmp/ccnKb0mJ.ltrans2.ltrans.o
 .text._nx_crypto_sha512_process_buffer
                0x000000000001f518      0x58c /tmp/ccnKb0mJ.ltrans2.ltrans.o
 .text._nx_crypto_sha512_update.isra.0
                0x000000000001faa4      0x144 /tmp/ccnKb0mJ.ltrans2.ltrans.o
 .text._nx_crypto_sha512_digest_calculate.isra.0
                0x000000000001fbe8      0x1d8 /tmp/ccnKb0mJ.ltrans2.ltrans.o
 .text._nx_crypto_method_sha512_init
                0x000000000001fdc0       0x28 /tmp/ccnKb0mJ.ltrans2.ltrans.o
                0x000000000001fdc0                _nx_crypto_method_sha512_init
 .text._nx_crypto_method_sha512_cleanup
                0x000000000001fde8       0x20 /tmp/ccnKb0mJ.ltrans2.ltrans.o
                0x000000000001fde8                _nx_crypto_method_sha512_cleanup
 .text._nx_crypto_method_sha512_operation
                0x000000000001fe08      0x140 /tmp/ccnKb0mJ.ltrans2.ltrans.o
                0x000000000001fe08                _nx_crypto_method_sha512_operation
 .text._nx_secure_tls_1_3_session_keys_set
                0x000000000001ff48      0x170 /tmp/ccnKb0mJ.ltrans2.ltrans.o
 .text._nx_secure_tls_record_chained_packet_decrypt