Archive member included to satisfy reference by file (symbol)

../netstack/libaminetxduo_netstack.a(netstack.c.obj)
                              CMakeFiles/bsdsocket_library.dir/nxcontext.c.obj (ami_netstack_enter)
../netstack/libaminetxduo_netstack.a(netstack_baton.c.obj)
                              ../netstack/libaminetxduo_netstack.a(netstack.c.obj) (ami_netstack_baton_set_sampler)
../netstack/libaminetxduo_netstack.a(netstack_dhcp_hostname.c.obj)
                              ../netstack/libaminetxduo_netstack.a(netstack.c.obj) (ami_ns_dhcp_hostname_displace)
../netstack/libaminetxduo_netstack.a(netstack_dns.c.obj)
                              ../netstack/libaminetxduo_netstack.a(netstack.c.obj) (ami_ns_copy_name)
../netstack/libaminetxduo_netstack.a(netstack_dns_domain.c.obj)
                              ../netstack/libaminetxduo_netstack.a(netstack_dns.c.obj) (ami_ns_domain_canonicalize)
../netstack/libaminetxduo_netstack.a(netstack_dns_handoff.c.obj)
                              ../netstack/libaminetxduo_netstack.a(netstack_dns.c.obj) (ami_ns_dns_pending_mark)
../netstack/libaminetxduo_netstack.a(netstack_dns_lease.c.obj)
                              ../netstack/libaminetxduo_netstack.a(netstack_dns.c.obj) (ami_ns_dhcp_dns_lease_has)
../netstack/libaminetxduo_netstack.a(netstack_dns_status.c.obj)
                              ../netstack/libaminetxduo_netstack.a(netstack_dns.c.obj) (ami_ns_dns_again)
../netstack/libaminetxduo_netstack.a(netstack_retry.c.obj)
                              ../netstack/libaminetxduo_netstack.a(netstack_dns.c.obj) (ami_net_ask_until)
../netstack/libaminetxduo_netstack.a(netstack_rexx.c.obj)
                              ../netstack/libaminetxduo_netstack.a(netstack.c.obj) (ami_netstack_rexx_start)
../netstack/libaminetxduo_netstack.a(netstack_rexx_vars.c.obj)
                              ../netstack/libaminetxduo_netstack.a(netstack_rexx.c.obj) (ami_rx_reply_init)
../netstack/libaminetxduo_netstack.a(netstack_ipv6.c.obj)
                              ../netstack/libaminetxduo_netstack.a(netstack.c.obj) (ami_netstack_ipv6_enable)
../netstack/libaminetxduo_netstack.a(netstack_dhcpv6.c.obj)
                              ../netstack/libaminetxduo_netstack.a(netstack_ipv6.c.obj) (ami_netstack_dhcpv6_address_notify)
../netstack/libaminetxduo_netstack.a(dhcpv6_wire.c.obj)
                              ../netstack/libaminetxduo_netstack.a(netstack_dhcpv6.c.obj) (ami_dhcpv6_action_for_ra)
../netstack/libaminetxduo_netstack.a(netstack_ra.c.obj)
                              ../netstack/libaminetxduo_netstack.a(netstack_dns.c.obj) (ami_ns_ra_rdnss)
../netstack/libaminetxduo_netstack.a(netstack_capture.c.obj)
                              ../netstack/libaminetxduo_netstack.a(netstack.c.obj) (ami_netstack_capture_start)
../netstack/libaminetxduo_netstack.a(netstack_mdns.c.obj)
                              ../netstack/libaminetxduo_netstack.a(netstack.c.obj) (ami_netstack_mdns_start)
../sana2/libaminetxduo_sana2.a(sana2_device.c.obj)
                              ../netstack/libaminetxduo_netstack.a(netstack.c.obj) (ami_sana2_set_block_hooks)
../sana2/libaminetxduo_sana2.a(sana2_copy.c.obj)
                              ../sana2/libaminetxduo_sana2.a(sana2_device.c.obj) (ami_sana2_copy_to_buff)
../sana2/libaminetxduo_sana2.a(sana2_rx.c.obj)
                              ../sana2/libaminetxduo_sana2.a(sana2_device.c.obj) (ami_sana2_rxprobe_report)
../sana2/libaminetxduo_sana2.a(sana2_tx.c.obj)
                              ../sana2/libaminetxduo_sana2.a(sana2_device.c.obj) (ami_sana2_tx_init)
../sana2/libaminetxduo_sana2.a(sana2_driver.c.obj)
                              ../netstack/libaminetxduo_netstack.a(netstack.c.obj) (ami_sana2_attach)
../config/libaminetxduo_config.a(config_text.c.obj)
                              CMakeFiles/bsdsocket_library.dir/addrinfo.c.obj (ami_config_parse_ip)
../config/libaminetxduo_config.a(config_text6.c.obj)
                              CMakeFiles/bsdsocket_library.dir/inet.c.obj (ami_config_parse_ip6)
../config/libaminetxduo_config.a(config_parse.c.obj)
                              ../netstack/libaminetxduo_netstack.a(netstack.c.obj) (ami_config_iface_wants_ipv4)
../config/libaminetxduo_config.a(config_hostname.c.obj)
                              ../netstack/libaminetxduo_netstack.a(netstack_dhcp_hostname.c.obj) (ami_config_hostname_valid)
../config/libaminetxduo_config.a(netdb.c.obj)
                              CMakeFiles/bsdsocket_library.dir/library.c.obj (ami_netdb_load)
../config/libaminetxduo_config.a(config_file.c.obj)
                              ../config/libaminetxduo_config.a(netdb.c.obj) (ami_cfg_read_file)
../common/libaminetxduo_common.a(compat.c.obj)
                              ../sana2/libaminetxduo_sana2.a(sana2_rx.c.obj) (TimerBase)
../common/libaminetxduo_common.a(ami_random.c.obj)
                              CMakeFiles/bsdsocket_library.dir/library_runtime.c.obj (ami_random_init)
[...]
Memory Configuration

Name             Origin             Length             Attributes
*default*        0x0000000000000000 0xffffffffffffffff

Linker script and memory map

LOAD CMakeFiles/bsdsocket_library.dir/library.c.obj
LOAD CMakeFiles/bsdsocket_library.dir/bsdsocket_vectors.c.obj
LOAD CMakeFiles/bsdsocket_library.dir/socket.c.obj
LOAD CMakeFiles/bsdsocket_library.dir/raw.c.obj
LOAD CMakeFiles/bsdsocket_library.dir/oob.c.obj
LOAD CMakeFiles/bsdsocket_library.dir/transfer.c.obj
LOAD CMakeFiles/bsdsocket_library.dir/udp_queue.c.obj
LOAD CMakeFiles/bsdsocket_library.dir/cmsg.c.obj
LOAD CMakeFiles/bsdsocket_library.dir/options.c.obj
LOAD CMakeFiles/bsdsocket_library.dir/select.c.obj
LOAD CMakeFiles/bsdsocket_library.dir/errno.c.obj
LOAD CMakeFiles/bsdsocket_library.dir/inet.c.obj
LOAD CMakeFiles/bsdsocket_library.dir/resolver.c.obj
LOAD CMakeFiles/bsdsocket_library.dir/netdb.c.obj
LOAD CMakeFiles/bsdsocket_library.dir/addrinfo.c.obj
LOAD CMakeFiles/bsdsocket_library.dir/handoff.c.obj
LOAD CMakeFiles/bsdsocket_library.dir/bpf.c.obj
LOAD CMakeFiles/bsdsocket_library.dir/netstatus.c.obj
LOAD CMakeFiles/bsdsocket_library.dir/roadshow.c.obj
LOAD CMakeFiles/bsdsocket_library.dir/interfaces.c.obj
LOAD CMakeFiles/bsdsocket_library.dir/addralloc.c.obj
LOAD CMakeFiles/bsdsocket_library.dir/netmonitor.c.obj
LOAD CMakeFiles/bsdsocket_library.dir/routing.c.obj
LOAD CMakeFiles/bsdsocket_library.dir/netstats.c.obj
LOAD CMakeFiles/bsdsocket_library.dir/netx_call.c.obj
LOAD CMakeFiles/bsdsocket_library.dir/library_runtime.c.obj
LOAD CMakeFiles/bsdsocket_library.dir/in6.c.obj
LOAD CMakeFiles/bsdsocket_library.dir/tcp_handler.c.obj
LOAD CMakeFiles/bsdsocket_library.dir/nxcontext.c.obj
LOAD CMakeFiles/bsdsocket_library.dir/mcast.c.obj
LOAD ../netstack/libaminetxduo_netstack.a
LOAD ../sana2/libaminetxduo_sana2.a
LOAD ../config/libaminetxduo_config.a
LOAD ../common/libaminetxduo_common.a
LOAD ../../libnetxduo_addons.a
LOAD ../../libnetxduo.a
LOAD ../../libthreadx.a
LOAD ../../port/threadx-amiga/libthreadx_port.a
LOAD ../bpf/libaminetxduo_bpf.a
LOAD ../../libnetxduo.a
LOAD ../common/libaminetxduo_common.a
LOAD ../../libthreadx.a
LOAD ../../port/threadx-amiga/libthreadx_port.a
LOAD ../common/libaminetxduo_common.a
LOAD ../../libthreadx.a
LOAD ../../port/threadx-amiga/libthreadx_port.a
LOAD ../net68k/libaminetxduo_net68k.a
LOAD ../ipv6/libaminetxduo_ipv6.a
START GROUP
LOAD /home/turo/.cache/aminetxduo/toolchain/3869b4427396/lib/gcc/m68k-amigaos/16.2.0b/../../../../m68k-amigaos/lib/libc.a
LOAD /home/turo/.cache/aminetxduo/toolchain/3869b4427396/lib/gcc/m68k-amigaos/16.2.0b/../../../../m68k-amigaos/lib/libstubs.a
LOAD /home/turo/.cache/aminetxduo/toolchain/3869b4427396/lib/gcc/m68k-amigaos/16.2.0b/../../../../m68k-amigaos/lib/libamiga.a
LOAD /home/turo/.cache/aminetxduo/toolchain/3869b4427396/lib/gcc/m68k-amigaos/16.2.0b/libgcc.a
END GROUP
                [!provide]                        PROVIDE (___machtype = 0x0)
                0x0000000000000000                . = 0x0

.text           0x0000000000000000    0x597e4
                0x0000000000000000                __stext = .
 *(.text)
 .text          0x0000000000000000     0x1004 CMakeFiles/bsdsocket_library.dir/library.c.obj
                0x0000000000000000                bsdsocket_entry
                0x00000000000002e2                bsd_strlen
                0x00000000000002f8                bsd_strncpy
                0x000000000000032a                bsd_bzero
                0x00000000000003ac                bsd_bcopy
                0x00000000000003ca                bsd_dead_base_calls
                0x00000000000003e2                bsd_lib_open
                0x00000000000006ee                bsd_stack_transient_hold
                0x000000000000075e                bsd_stack_transient_release
                0x00000000000007c4                bsd_stack_hold
                0x0000000000000840                bsd_stack_unhold
                0x00000000000008e2                bsd_stack_notify
                0x00000000000009a6                bsd_openers_list
                0x0000000000000b54                bsd_open_count
                0x0000000000000b76                bsd_lib_expunge
                0x0000000000000c9a                bsd_lib_close
                0x0000000000000f8e                bsd_lib_reserved
                0x0000000000000f92                bsd_romtag
 .text          0x0000000000001004      0x25c CMakeFiles/bsdsocket_library.dir/bsdsocket_vectors.c.obj
                0x0000000000001004                BsdVectorTable
 .text          0x0000000000001260     0x279c CMakeFiles/bsdsocket_library.dir/socket.c.obj
                0x0000000000001418                bsd_connect_once
                0x0000000000001774                ami_bsd_tcp_window
                0x0000000000001a2a                bsd_table_size
                0x0000000000001a3a                bsd_table_resize
                0x0000000000001af0                bsd_lookup
                0x0000000000001b28                bsd_fd_reserved
                0x0000000000001b5a                bsd_fd_alloc
                0x0000000000001c0a                bsd_fd_reserve
                0x0000000000001cb8                bsd_fd_free
                0x0000000000001d18                bsd_closing_sweep
                0x0000000000001da6                bsd_closing_drain
                0x0000000000001de6                bsd_socket_retain
                0x0000000000001e12                bsd_socket_release
                0x0000000000001ef0                bsd_close_all
                0x0000000000001f80                bsd_addr_from_v4
                0x0000000000001f90                bsd_sa_family
                0x0000000000001fdc                bsd_sockaddr_get
                0x0000000000002084                bsd_sockaddr_put
                0x0000000000002180                bsd_socket
                0x00000000000023b6                bsd_bind
                0x00000000000027b2                bsd_listen
                0x00000000000029dc                bsd_incoming_ready
                0x0000000000002a10                bsd_incoming_first_ready
                0x0000000000002a40                bsd_accept_once
                0x0000000000002aea                bsd_bind_wants_interface
                0x0000000000002c0e                bsd_source_select
                0x0000000000002f12                bsd_accept
                0x0000000000003366                bsd_connect
                0x00000000000038ca                bsd_shutdown
                0x000000000000396c                bsd_CloseSocket
 .text          0x00000000000039fc      0xd74 CMakeFiles/bsdsocket_library.dir/raw.c.obj
                0x0000000000003e52                bsd_raw_open
                0x0000000000003f92                bsd_raw_close
                0x00000000000040cc                bsd_raw_send_packet
                0x0000000000004518                bsd_raw_receive
                0x00000000000045f8                bsd_raw_source
                0x000000000000469a                bsd_raw_available
                0x00000000000046c2                bsd_raw_revalidate_endpoint
 .text          0x0000000000004770      0x470 CMakeFiles/bsdsocket_library.dir/oob.c.obj
                0x00000000000048c8                bsd_oob_send
                0x0000000000004ab2                bsd_tcp_urgent_notify
                0x0000000000004b88                bsd_oob_take
 .text          0x0000000000004be0     0x1e20 CMakeFiles/bsdsocket_library.dir/transfer.c.obj
                0x0000000000004c9a                bsd_alloc_once
                0x0000000000004cb8                bsd_send_once
                0x0000000000004cd2                bsd_recv_once
                0x0000000000004cec                bsd_recv_udp_once
                0x0000000000004d06                bsd_recv_raw_once
                0x0000000000005466                bsd_route_mtu
                0x0000000000005a28                bsd_udp_from_peer
                0x0000000000005ad4                bsd_udp_accepts_packet
                0x0000000000005b4e                bsd_udp_accepts_received_packet
                0x0000000000006386                bsd_udp_available
                0x00000000000063ec                bsd_send
                0x00000000000064ca                bsd_sendto
                0x0000000000006630                bsd_recv
                0x00000000000066d2                bsd_recvfrom
                0x0000000000006780                bsd_sendmsg
                0x000000000000690a                bsd_recvmsg
 .text          0x0000000000006a00       0x4c CMakeFiles/bsdsocket_library.dir/udp_queue.c.obj
                0x0000000000006a00                bsd_udp_queue_info
 .text          0x0000000000006a4c      0xa30 CMakeFiles/bsdsocket_library.dir/cmsg.c.obj
                0x0000000000006c34                bsd_cmsg_reset
                0x0000000000006c66                bsd_cmsg_build
                0x0000000000006ea2                bsd_cmsg_parse
                0x00000000000070b6                bsd_cmsg_source_index
                0x00000000000071e0                bsd_cmsg_option
 .text          0x000000000000747c     0x140c CMakeFiles/bsdsocket_library.dir/options.c.obj
                0x0000000000007652                bsd_opt_apply_ip
                0x00000000000076a2                bsd_setsockopt
                0x0000000000007dd4                bsd_getsockopt
                0x00000000000081f8                bsd_IoctlSocket
                0x00000000000083d8                bsd_getsockname
                0x0000000000008666                bsd_getpeername
                0x00000000000086e6                bsd_getdtablesize
                0x00000000000086f6                bsd_Dup2Socket
 .text          0x0000000000008888      0xc0c CMakeFiles/bsdsocket_library.dir/select.c.obj
                0x00000000000088e0                bsd_event_post
                0x0000000000008ab8                bsd_tcp_disconnect_callback
                0x0000000000008ada                bsd_listen_callback
                0x0000000000008b72                bsd_events_attach
                0x0000000000008be6                bsd_wait_sliced
                0x0000000000008caa                bsd_wait_option
                0x0000000000008cd4                bsd_readable
                0x0000000000008dc8                bsd_writable
                0x0000000000008e28                bsd_exception
                0x0000000000008f94                bsd_WaitSelect
                0x00000000000093e6                bsd_SetSocketSignals
                0x00000000000093fc                bsd_GetSocketEvents
 .text          0x0000000000009494      0xf6c CMakeFiles/bsdsocket_library.dir/errno.c.obj
                0x00000000000094f6                bsd_set_errno
                0x000000000000954c                bsd_set_herrno
                0x000000000000957e                bsd_fail
                0x0000000000009590                bsd_errno_from_nx
                0x00000000000095c8                bsd_wait_errno
                0x000000000000960c                bsd_Errno
                0x0000000000009616                bsd_SetErrnoPtr
                0x0000000000009652                bsd_enosys
                0x0000000000009666                bsd_enosys_ptr
                0x000000000000967a                bsd_enosys_bool
                0x000000000000968e                bsd_next_tag
                0x000000000000974c                bsd_SocketBaseTagList
 .text          0x000000000000a400      0x568 CMakeFiles/bsdsocket_library.dir/inet.c.obj
                0x000000000000a680                bsd_inet_addr
                0x000000000000a6a6                bsd_inet_aton
                0x000000000000a6dc                bsd_inet_network
                0x000000000000a730                bsd_Inet_NtoA
                0x000000000000a746                bsd_Inet_LnaOf
                0x000000000000a772                bsd_Inet_NetOf
                0x000000000000a798                bsd_Inet_MakeAddr
                0x000000000000a7d0                bsd_inet_ntop
                0x000000000000a872                bsd_inet_pton
 .text          0x000000000000a968      0x638 CMakeFiles/bsdsocket_library.dir/resolver.c.obj
                0x000000000000ab28                bsd_resolve_break
                0x000000000000acac                bsd_gethostbyname
                0x000000000000ad22                bsd_gethostbyname_r
                0x000000000000ada4                bsd_gethostbyaddr
                0x000000000000ae22                bsd_gethostbyaddr_r
                0x000000000000ae98                bsd_gethostname
                0x000000000000af86                bsd_gethostid
 .text          0x000000000000afa0      0x288 CMakeFiles/bsdsocket_library.dir/netdb.c.obj
                0x000000000000afa0                bsd_getservbyname
                0x000000000000afe6                bsd_getservbyport
                0x000000000000b02e                bsd_setservent
                0x000000000000b038                bsd_endservent
                0x000000000000b042                bsd_getservent
                0x000000000000b08c                bsd_getprotobyname
                0x000000000000b0c2                bsd_getprotobynumber
                0x000000000000b0f8                bsd_setprotoent
                0x000000000000b102                bsd_endprotoent
                0x000000000000b10c                bsd_getprotoent
                0x000000000000b148                bsd_getnetbyname
                0x000000000000b184                bsd_getnetbyaddr
                0x000000000000b1d0                bsd_setnetent
                0x000000000000b1da                bsd_endnetent
                0x000000000000b1e4                bsd_getnetent
 .text          0x000000000000b228      0xc28 CMakeFiles/bsdsocket_library.dir/addrinfo.c.obj
                0x000000000000b34e                bsd_freeaddrinfo
                0x000000000000b37e                bsd_getaddrinfo
                0x000000000000b940                bsd_gai_strerror
                0x000000000000b960                bsd_getnameinfo
 .text          0x000000000000be50      0x41c CMakeFiles/bsdsocket_library.dir/handoff.c.obj
                0x000000000000bfd0                bsd_handoff_init
                0x000000000000bff2                bsd_handoff_flush
                0x000000000000c07c                bsd_ReleaseSocket
                0x000000000000c0d2                bsd_ReleaseCopyOfSocket
                0x000000000000c148                bsd_ObtainSocket
                0x000000000000c254                bsd_ObtainServerSocket
                0x000000000000c268                bsd_ProcessIsServer
 .text          0x000000000000c26c      0x194 CMakeFiles/bsdsocket_library.dir/bpf.c.obj
                0x000000000000c2a0                bsd_bpf_close_all
                0x000000000000c2a6                bsd_bpf_open
                0x000000000000c2c2                bsd_bpf_close
                0x000000000000c2de                bsd_bpf_read
                0x000000000000c2fe                bsd_bpf_write
                0x000000000000c364                bsd_bpf_set_notify_mask
                0x000000000000c382                bsd_bpf_set_interrupt_mask
                0x000000000000c3a0                bsd_bpf_ioctl
                0x000000000000c3c0                bsd_bpf_data_waiting
 .text          0x000000000000c400     0x1f10 CMakeFiles/bsdsocket_library.dir/netstatus.c.obj
                0x000000000000c582                bsd_NetStackQuery
                0x000000000000dcea                bsd_NetStackControl
 .text          0x000000000000e310      0x360 CMakeFiles/bsdsocket_library.dir/roadshow.c.obj
                0x000000000000e310                bsd_GetDefaultDomainName
                0x000000000000e34c                bsd_ObtainDomainNameServerList
                0x000000000000e4a0                bsd_AddDomainNameServer
                0x000000000000e514                bsd_RemoveDomainNameServer
                0x000000000000e588                bsd_SetDefaultDomainName
                0x000000000000e5b6                bsd_ReleaseDomainNameServerList
                0x000000000000e5c8                bsd_In_LocalAddr
                0x000000000000e63e                bsd_In_CanForward
 .text          0x000000000000e670     0x12f8 CMakeFiles/bsdsocket_library.dir/interfaces.c.obj
                0x000000000000e9f0                bsd_if_name_by_index
                0x000000000000ea68                bsd_if_index_of
                0x000000000000eaba                bsd_ObtainInterfaceList
                0x000000000000eb58                bsd_ReleaseInterfaceList
                0x000000000000eb6a                bsd_QueryInterfaceTagList
                0x000000000000eeb8                bsd_if_set_address
                0x000000000000efac                bsd_ConfigureInterfaceTagList
                0x000000000000f2ca                bsd_AddInterfaceTagList
                0x000000000000f55a                bsd_RemoveInterface
                0x000000000000f5f0                bsd_if_ioctl
                0x000000000000f7de                bsd_if_nametoindex
                0x000000000000f82a                bsd_if_indextoname
                0x000000000000f888                bsd_if_nameindex
                0x000000000000f95e                bsd_if_freenameindex
 .text          0x000000000000f968      0xba0 CMakeFiles/bsdsocket_library.dir/addralloc.c.obj
                0x000000000000fd26                bsd_CreateAddrAllocMessageA
                0x00000000000101b4                bsd_DeleteAddrAllocMessage
                0x00000000000101d4                bsd_aam_busy
                0x0000000000010200                bsd_BeginInterfaceConfig
                0x00000000000104bc                bsd_AbortInterfaceConfig
 .text          0x0000000000010508      0x22c CMakeFiles/bsdsocket_library.dir/netmonitor.c.obj
                0x0000000000010536                bsd_netmon_busy
                0x0000000000010544                bsd_AddNetMonitorHookTagList
                0x000000000001060e                bsd_RemoveNetMonitorHook
                0x0000000000010656                bsd_netmon_dispatch
                0x00000000000106ca                bsd_netmon_have
                0x0000000000010724                bsd_netmon_caller
 .text          0x0000000000010734      0xb80 CMakeFiles/bsdsocket_library.dir/routing.c.obj
                0x0000000000010a48                bsd_AddRouteTagList
                0x0000000000010b6e                bsd_DeleteRouteTagList
                0x0000000000010ce0                bsd_ChangeRouteTagList
                0x0000000000010f00                bsd_GetRouteInfo
                0x00000000000112a2                bsd_FreeRouteInfo
 .text          0x00000000000112b4      0x5a0 CMakeFiles/bsdsocket_library.dir/netstats.c.obj
                0x00000000000112b4                bsd_GetNetworkStatistics
 .text          0x0000000000011854       0xac CMakeFiles/bsdsocket_library.dir/netx_call.c.obj
                0x0000000000011854                bsd_nx_enter
                0x00000000000118b4                bsd_nx_leave
                0x00000000000118e0                bsd_nx_release
 .text          0x0000000000011900      0x1e0 CMakeFiles/bsdsocket_library.dir/library_runtime.c.obj
                0x0000000000011900                srand
                0x0000000000011906                rand
                0x0000000000011918                bsd_runtime_open
                0x0000000000011992                bsd_usergroup_open
                0x0000000000011a96                bsd_runtime_close
 .text          0x0000000000011ae0      0x468 CMakeFiles/bsdsocket_library.dir/in6.c.obj
                0x0000000000011ae0                bsd_in6_to_words
                0x0000000000011b22                bsd_words_to_in6
                0x0000000000011b4e                bsd_addr_is_v4mapped
                0x0000000000011b84                bsd_addr_to_v4mapped
                0x0000000000011ba4                bsd_addr_normalise
                0x0000000000011bee                bsd_v6_linux_numbering
                0x0000000000011c02                bsd_setsockopt_ipv6
                0x0000000000011db6                bsd_getsockopt_ipv6
 .text          0x0000000000011f48      0xe94 CMakeFiles/bsdsocket_library.dir/tcp_handler.c.obj
                0x0000000000012c4a                bsd_tcp_handler_start
                0x0000000000012d66                bsd_tcp_handler_alive
 .text          0x0000000000012ddc       0xec CMakeFiles/bsdsocket_library.dir/nxcontext.c.obj
                0x0000000000012e12                ami_nxd_context_obtain
                0x0000000000012e48                bsd_ObtainNetXDuoContext
 .text          0x0000000000012ec8      0xdd0 CMakeFiles/bsdsocket_library.dir/mcast.c.obj
                0x000000000001327a                bsd_mcast_close
                0x0000000000013320                bsd_mcast_prepare_send
                0x000000000001335c                bsd_mcast_setopt
                0x0000000000013662                bsd_mcast_getopt
                0x000000000001376c                bsd_mcast6_prepare_send
                0x0000000000013846                bsd_mcast6_finish_send
                0x0000000000013866                bsd_mcast6_is_option
                0x00000000000138b0                bsd_mcast6_setopt
                0x0000000000013c06                bsd_mcast6_getopt
 .text          0x0000000000013c98     0x2e88 ../netstack/libaminetxduo_netstack.a(netstack.c.obj)
                0x0000000000014690                tx_application_define
                0x0000000000014692                ami_netstack_raw
                0x00000000000146ac                ami_netstack_enter
                0x00000000000146fc                ami_netstack_enter_alloc
                0x0000000000014746                ami_netstack_enter_cached
                0x00000000000147ea                ami_netstack_release
                0x000000000001487c                ami_netstack_mark
                0x000000000001487e                netstack_can_unload
                0x00000000000148d0                netstack_get
                0x00000000000148d8                netstack_ip
                0x00000000000148fc                netstack_pool
                0x000000000001491a                netstack_pool_mark_low
                0x0000000000014946                ami_netstack_leave
                0x0000000000014968                ami_netstack_leave_free
                0x0000000000014e24                netstack_shutdown
                0x0000000000014ef6                ami_netstack_leave_cached
                0x0000000000014f5a                netstack_pool_sample
                0x0000000000015b06                netstack_startup
                0x0000000000015b8c                netstack_iface_config
                0x0000000000015bfa                netstack_iface_mdns
                0x0000000000015c26                netstack_iface_mdns_set
                0x0000000000015c76                netstack_config
                0x0000000000015c82                netstack_hostname_offer
                0x0000000000015d1a                netstack_interface_count
                0x0000000000015d36                netstack_interface_up
                0x0000000000015dd4                netstack_interface_down
                0x0000000000015df2                netstack_interface_stack_down
                0x0000000000015e54                netstack_interface_is_up
                0x0000000000015ea4                netstack_interface_dhcp_state
                0x0000000000015ef2                netstack_interface_dhcp_start
                0x0000000000016064                ami_ns_dhcp_text
                0x00000000000160d4                netstack_interface_dhcp_lease
                0x000000000001627a                netstack_interface_dhcp_raw_state
                0x00000000000162b2                netstack_interface_dhcp_renew
                0x000000000001632e                netstack_interface_dhcp_stop
                0x00000000000165a0                netstack_interface_remove
                0x00000000000165e8                netstack_interface_remove_named
                0x000000000001669e                netstack_interface_claim
                0x0000000000016790                ami_netstack_interface_claim_cookie
                0x0000000000016834                netstack_interface_release
                0x0000000000016890                netstack_interface_add
                0x00000000000168d4                netstack_interface_start
 .text          0x0000000000016b20      0x428 ../netstack/libaminetxduo_netstack.a(netstack_baton.c.obj)
                0x0000000000016b50                ami_netstack_baton_set_sampler
                0x0000000000016b72                ami_netstack_health_publish
                0x0000000000016c1e                ami_netstack_health_unpublish
                0x0000000000016c56                ami_netstack_baton_abandon
                0x0000000000016cce                ami_netstack_baton_reset
                0x0000000000016d08                ami_netstack_baton_release
                0x0000000000016e6e                ami_netstack_baton_acquire
 .text          0x0000000000016f48      0x1e8 ../netstack/libaminetxduo_netstack.a(netstack_dhcp_hostname.c.obj)
                0x0000000000016f7c                ami_ns_dhcp_hostname_update
                0x0000000000016fa2                ami_ns_dhcp_hostname_decode
                0x0000000000016ff8                ami_ns_dhcp_hostname_displace
                0x0000000000017010                ami_ns_dhcp_hostname_reconcile
 .text          0x0000000000017130     0x2030 ../netstack/libaminetxduo_netstack.a(netstack_dns.c.obj)
                0x000000000001774e                ami_ns6_rdnss
                0x000000000001778c                ami_ns6_dnssl
                0x00000000000177d4                ami_ns_copy_name
                0x0000000000017816                ami_netstack_dns_dhcp_reconcile
                0x000000000001877a                netstack_dns_absorb_pending
                0x000000000001897e                ami_netstack_dns_dhcp_changed
                0x00000000000189b6                ami_netstack_dns_start
                0x0000000000018b0a                ami_netstack_dns_stop
                0x0000000000018b40                netstack_resolve_until
                0x0000000000018c20                netstack_resolve
                0x0000000000018c3a                netstack_resolve_reverse_until
                0x0000000000018d28                netstack_resolve_reverse
                0x0000000000018d46                netstack_resolve6_until
                0x0000000000018e26                netstack_resolve6
                0x0000000000018e40                netstack_dns_server_add
                0x0000000000018f0a                netstack_dns_server_remove
                0x0000000000019006                netstack_set_domain_name
                0x00000000000190ac                netstack_resolver_snapshot
                0x00000000000190ec                netstack_domain_name_get
 .text          0x0000000000019160      0x3c4 ../netstack/libaminetxduo_netstack.a(netstack_dns_domain.c.obj)
                0x00000000000191e0                ami_ns_domain_valid
                0x000000000001928e                ami_ns_domain_canonicalize
                0x00000000000192c6                ami_ns_dns_ra_default_reconcile
                0x0000000000019376                ami_ns_dns_dhcp_default_update
                0x00000000000193b8                ami_ns_dns_dhcpv6_default_update
                0x00000000000193e4                ami_ns_dns_dhcp_default_reconcile
 .text          0x0000000000019524       0xa8 ../netstack/libaminetxduo_netstack.a(netstack_dns_handoff.c.obj)
                0x0000000000019524                ami_ns_dns_pending_mark
                0x0000000000019560                ami_ns_dns_pending_take
                0x0000000000019596                ami_ns_dns_pending_any
                0x00000000000195b0                ami_ns_dns_option_usable
                0x00000000000195be                ami_ns_dns_option_retry
 .text          0x00000000000195cc      0x474 ../netstack/libaminetxduo_netstack.a(netstack_dns_lease.c.obj)
                0x0000000000019622                ami_ns_dhcp_dns_lease_has
                0x000000000001966a                ami_ns_dhcp_dns_lease_add
                0x00000000000196d4                ami_ns_dhcp_dns_lease_remove
                0x0000000000019754                ami_ns_dhcp_dns_lease_count
                0x0000000000019778                ami_ns_dhcp_dns_lease_at
                0x00000000000197b6                ami_ns_dhcp_search_lease_has
                0x0000000000019826                ami_ns_dhcp_search_lease_add
                0x00000000000198da                ami_ns_dhcp_search_lease_remove
                0x00000000000199a2                ami_ns_dhcp_search_lease_count
                0x00000000000199cc                ami_ns_dhcp_search_lease_at
                0x0000000000019a16                ami_ns_dns_use_deepen
                0x0000000000019a2a                ami_ns_dns_use_shallow
 .text          0x0000000000019a40       0x74 ../netstack/libaminetxduo_netstack.a(netstack_dns_status.c.obj)
                0x0000000000019a40                ami_ns_dns_again
                0x0000000000019a68                ami_ns_dns_error
 .text          0x0000000000019ab4       0xa8 ../netstack/libaminetxduo_netstack.a(netstack_retry.c.obj)
                0x0000000000019ab4                ami_net_ask_until
 .text          0x0000000000019b5c      0x684 ../netstack/libaminetxduo_netstack.a(netstack_rexx.c.obj)
                0x0000000000019f90                ami_netstack_rexx_start
                0x000000000001a084                ami_netstack_rexx_stop
                0x000000000001a158                ami_netstack_rexx_suspend
                0x000000000001a188                ami_netstack_rexx_resume
 .text          0x000000000001a1e0     0x1c5c ../netstack/libaminetxduo_netstack.a(netstack_rexx_vars.c.obj)
                0x000000000001a492                ami_rx_reply_init
                0x000000000001a4ae                ami_rx_reply_done
                0x000000000001a518                ami_rx_getvalue
                0x000000000001b5fe                ami_rx_setvalue
                0x000000000001bd85                ami_rx_err_state
                0x000000000001bd96                ami_rx_err_unimpl
                0x000000000001be1b                ami_rx_err_syntax
                0x000000000001be29                ami_rx_err_unknown
 .text          0x000000000001be3c      0xc50 ../netstack/libaminetxduo_netstack.a(netstack_ipv6.c.obj)
                0x000000000001c462                ami_netstack_ipv6_enable
                0x000000000001c4d0                ami_netstack_ipv6_interface_up
                0x000000000001c58e                ami_netstack_ipv6_reclaim_notify
                0x000000000001c5b6                ami_netstack_ipv6_configure
                0x000000000001c5f2                ami_netstack_ipv6_configure_one
                0x000000000001c61a                netstack_ipv6_enabled
                0x000000000001c64a                netstack_ipv6_have_global
                0x000000000001c6f8                netstack_ipv6_address_get
                0x000000000001c76a                netstack_ipv6_route_add
                0x000000000001c7e8                netstack_ipv6_route_delete
                0x000000000001c958                netstack_ipv6_source_for
 .text          0x000000000001ca8c      0xa20 ../netstack/libaminetxduo_netstack.a(netstack_dhcpv6.c.obj)
                0x000000000001ceec                ami_netstack_dhcpv6_address_notify
                0x000000000001cf50                ami_netstack_dhcpv6_release
                0x000000000001d000                ami_netstack_dhcpv6_pause
                0x000000000001d05c                ami_netstack_dhcpv6_resume
                0x000000000001d0ea                ami_netstack_dhcpv6_destroy
                0x000000000001d280                ami_netstack_dhcpv6_configure
 .text          0x000000000001d4ac      0x108 ../netstack/libaminetxduo_netstack.a(dhcpv6_wire.c.obj)
                0x000000000001d4ac                ami_dhcpv6_action_for_ra
                0x000000000001d4c2                ami_dhcpv6_resume_action
                0x000000000001d4fe                ami_dhcpv6_inform_reply_seen
                0x000000000001d520                ami_dhcpv6_option_change
                0x000000000001d54e                ami_dhcpv6_duid_ll
 .text          0x000000000001d5b4      0xa28 ../netstack/libaminetxduo_netstack.a(netstack_ra.c.obj)
                0x000000000001d642                ami_ns_ra_rdnss
                0x000000000001d7b4                ami_ns_ra_dnssl
                0x000000000001da32                ami_ns_ra_snapshot
                0x000000000001de16                ami_ns_ra_needs_snapshot
                0x000000000001df30                ami_ns_ra_rdnss_has
 .text          0x000000000001dfdc      0x3c8 ../netstack/libaminetxduo_netstack.a(netstack_capture.c.obj)
                0x000000000001e20c                ami_netstack_capture_start
                0x000000000001e2b2                ami_netstack_capture_attach_one
                0x000000000001e318                ami_netstack_capture_detach_one
                0x000000000001e33c                ami_netstack_capture_stop
 .text          0x000000000001e3a4      0xb70 ../netstack/libaminetxduo_netstack.a(netstack_mdns.c.obj)
                0x000000000001e718                ami_netstack_mdns_start
                0x000000000001e7e2                ami_netstack_mdns_iface_set
                0x000000000001e8ce                ami_netstack_mdns_stop
                0x000000000001e986                ami_netstack_mdns_resolve
                0x000000000001ea3e                netstack_mdns_browse_start
                0x000000000001eaae                netstack_mdns_browse_stop
                0x000000000001eb1e                netstack_mdns_browse_collect
                0x000000000001eee2                netstack_mdns_hostname
 .text          0x000000000001ef14      0xa6c ../sana2/libaminetxduo_sana2.a(sana2_device.c.obj)
                0x000000000001ef4c                ami_sana2_set_block_hooks
                0x000000000001ef5e                ami_sana2_block_enter
                0x000000000001ef6e                ami_sana2_block_leave
                0x000000000001ef7e                ami_sana2_set_raw_allowed
                0x000000000001ef88                ami_sana2_port_init
                0x000000000001efbe                ami_sana2_command
                0x000000000001f048                ami_sana2_online
                0x000000000001f0aa                ami_sana2_offline
                0x000000000001f14a                ami_sana2_multicast
                0x000000000001f22e                ami_sana2_refresh_stats
                0x000000000001f2b0                ami_sana2_get_stats
                0x000000000001f2f6                ami_sana2_get_info
                0x000000000001f3c8                ami_sana2_close
                0x000000000001f482                ami_sana2_open
                0x000000000001f882                ami_sana2_get_mac
                0x000000000001f8b6                ami_sana2_get_mtu
                0x000000000001f8ca                ami_sana2_get_bps
                0x000000000001f8de                ami_sana2_is_online
                0x000000000001f8f2                ami_sana2_admin_up
                0x000000000001f906                ami_sana2_orphaned
                0x000000000001f92c                ami_sana2_raw_mode
 .text          0x000000000001f980      0x488 ../sana2/libaminetxduo_sana2.a(sana2_copy.c.obj)
                0x000000000001f980                ami_sana2_copy_bytes
                0x000000000001f988                ami_sana2_copy_to_buff
                0x000000000001fa80                ami_sana2_copy_from_buff
                0x000000000001fd8e                ami_sana2_rx_direct
                0x000000000001fdba                ami_sana2_rx_filled
 .text          0x000000000001fe08     0x116c ../sana2/libaminetxduo_sana2.a(sana2_rx.c.obj)
                0x000000000001ff6e                ami_sana2_rxprobe_deliver
                0x0000000000020194                ami_sana2_rxprobe_report
                0x0000000000020196                ami_sana2_rx_deliver
                0x000000000002044e                ami_sana2_rx_resolve_length
                0x0000000000020b44                ami_sana2_rx_plan
                0x0000000000020b58                ami_sana2_rx_stop
                0x0000000000020cc2                ami_sana2_rx_start
 .text          0x0000000000020f74      0x6e0 ../sana2/libaminetxduo_sana2.a(sana2_tx.c.obj)
                0x0000000000020fe4                ami_sana2_tx_init
                0x0000000000021078                ami_sana2_tx_reap_bind
                0x00000000000210bc                ami_sana2_tx_reap_unbind
                0x00000000000210ee                ami_sana2_tx_defer
                0x0000000000021118                ami_sana2_tx_reap
                0x000000000002120c                ami_sana2_tx_drain
                0x00000000000212b8                ami_sana2_tx_send
                0x0000000000021560                ami_sana2_inject
 .text          0x0000000000021654      0x5e8 ../sana2/libaminetxduo_sana2.a(sana2_driver.c.obj)
                0x0000000000021654                ami_sana2_attach
                0x000000000002172e                ami_sana2_unbind
                0x0000000000021788                ami_sana2_driver_entry
 .text          0x0000000000021c3c       0x58 ../config/libaminetxduo_config.a(config_text.c.obj)
 .text          0x0000000000021c94     0x1950 ../config/libaminetxduo_config.a(config_parse.c.obj)
 .text          0x00000000000235e4       0x68 ../config/libaminetxduo_config.a(config_hostname.c.obj)
 .text          0x000000000002364c      0x298 ../config/libaminetxduo_config.a(netdb.c.obj)
 .text          0x00000000000238e4      0x2e0 ../config/libaminetxduo_config.a(config_file.c.obj)
 .text          0x0000000000023bc4       0x44 ../common/libaminetxduo_common.a(compat.c.obj)
 .text          0x0000000000023c08      0x110 ../common/libaminetxduo_common.a(ami_random.c.obj)
 .text          0x0000000000023d18       0x14 ../common/libaminetxduo_common.a(events.c.obj)
 .text          0x0000000000023d2c       0x38 ../../libnetxduo_addons.a(nxd_dhcp_client.c.obj)
 .text          0x0000000000023d64       0x28 ../../libnetxduo_addons.a(nxd_dns.c.obj)
 .text          0x0000000000023d8c       0x28 ../../libnetxduo_addons.a(nx_auto_ip.c.obj)
 .text          0x0000000000023db4       0x9c ../../libnetxduo_addons.a(nxd_dhcpv6_client.c.obj)
 .text          0x0000000000023e50      0x140 ../../libnetxduo_addons.a(nxd_mdns.c.obj)
 .text          0x0000000000023f90       0x1c ../../libnetxduo.a(nx_ip_create.c.obj)
 .text          0x0000000000023fac       0x24 ../../libnetxduo.a(nx_tcp_syncache.c.obj)
 .text          0x0000000000023fd0       0x10 ../../libnetxduo.a(nx_icmpv4_process_error.c.obj)
 .text          0x0000000000023fe0       0x10 ../../libnetxduo.a(nx_icmpv6_send_ns.c.obj)
 .text          0x0000000000023ff0       0x20 ../../libnetxduo.a(nx_icmpv6_send_rs.c.obj)
 .text          0x0000000000024010     0x1810 ../../port/threadx-amiga/libthreadx_port.a(tx_initialize_low_level.c.obj)
                0x0000000000024010                _tx_amiga_vblank_entry
                0x00000000000242aa                _tx_amiga_task_create
                0x00000000000243bc                _tx_amiga_wake_scheduler
                0x0000000000025058                _tx_amiga_signal_task
                0x000000000002507a                tx_amiga_set_kernel_memory
                0x0000000000025092                tx_amiga_kernel_running
                0x000000000002509a                tx_amiga_zombie_tasks
                0x00000000000250a2                tx_amiga_zombie_tasks_live
                0x00000000000250aa                _tx_initialize_low_level
                0x0000000000025172                _tx_amiga_start_interrupts
                0x00000000000251ba                _tx_amiga_vblank_server
                0x0000000000025200                tx_amiga_tick_stats
                0x0000000000025238                tx_amiga_tick_stats_live
                0x0000000000025248                tx_amiga_kernel_start
                0x0000000000025514                tx_amiga_kernel_stop
 .text          0x0000000000025820      0x430 ../../port/threadx-amiga/libthreadx_port.a(tx_thread_schedule.c.obj)
                0x0000000000025892                _tx_thread_schedule
                0x0000000000025960                _tx_thread_delete_port_completion
                0x0000000000025be2                _tx_thread_reset_port_completion
                0x0000000000025be6                _tx_amiga_dispatch_or_wake
 .text          0x0000000000025c50      0x2e8 ../../port/threadx-amiga/libthreadx_port.a(tx_thread_system_return.c.obj)
                0x0000000000025c50                _tx_amiga_task_destroy
                0x0000000000025ce0                _tx_amiga_thread_completed
                0x0000000000025d32                _tx_amiga_thread_park
                0x0000000000025e5a                _tx_thread_system_return
 .text          0x0000000000025f38       0x18 ../../port/threadx-amiga/libthreadx_port.a(tx_thread_context_save.c.obj)
                0x0000000000025f38                _tx_thread_context_save
 .text          0x0000000000025f50       0x78 ../../port/threadx-amiga/libthreadx_port.a(tx_thread_context_restore.c.obj)
                0x0000000000025f50                _tx_thread_context_restore
 .text          0x0000000000025fc8       0xe8 ../../port/threadx-amiga/libthreadx_port.a(tx_thread_stack_build.c.obj)
                0x000000000002602c                _tx_thread_stack_build
 .text          0x00000000000260b0       0x94 ../../port/threadx-amiga/libthreadx_port.a(tx_thread_interrupt_control.c.obj)
                0x00000000000260b0                _tx_amiga_permit_finish
                0x00000000000260d6                _tx_thread_interrupt_disable
                0x00000000000260f0                _tx_thread_interrupt_restore
                0x0000000000026104                _tx_thread_interrupt_control
 .text          0x0000000000026144       0xc8 ../../port/threadx-amiga/libthreadx_port.a(tx_timer_interrupt.c.obj)
                0x0000000000026144                _tx_timer_interrupt
                0x00000000000261e6                _tx_amiga_timer_clock_advance
 .text          0x000000000002620c      0x694 ../../port/threadx-amiga/libthreadx_port.a(tx_amiga_adopt.c.obj)
                0x0000000000026282                tx_amiga_caller_is_thread
                0x00000000000262cc                tx_amiga_adopted_thread
                0x0000000000026344                tx_amiga_adopt_thread
                0x0000000000026472                tx_amiga_adopt_suspend
                0x000000000002653c                tx_amiga_adopt_resume
                0x000000000002661a                tx_amiga_discard_thread
                0x00000000000266f8                tx_amiga_orphan_thread
                0x0000000000026832                tx_amiga_stack_in_use
 .text          0x00000000000268a0      0x4a8 ../bpf/libaminetxduo_bpf.a(bpf_filter.c.obj)
                0x0000000000026966                ami_bpf_view_linear
                0x0000000000026986                ami_bpf_view_add
                0x00000000000269c6                ami_bpf_size_bytes
                0x00000000000269ec                ami_bpf_filter_view
                0x0000000000026cfc                ami_bpf_filter
 .text          0x0000000000026d48     0x1208 ../bpf/libaminetxduo_bpf.a(bpf_channel.c.obj)
                0x0000000000026e18                ami_bpf_zero_bytes
                0x0000000000026ea0                ami_bpf_get32
                0x0000000000026ec0                ami_bpf_get16
                0x0000000000026ee0                ami_bpf_init
                0x0000000000026f42                ami_bpf_close_owner
                0x0000000000026f94                ami_bpf_cleanup
                0x0000000000026fcc                ami_bpf_open
                0x000000000002709e                ami_bpf_close
                0x000000000002712c                ami_bpf_chan_unbind_locked
                0x000000000002715e                ami_bpf_chan_rebind_locked
                0x00000000000271d4                ami_bpf_capture
                0x0000000000027462                ami_bpf_read
                0x0000000000027624                ami_bpf_capturing
                0x000000000002762c                ami_bpf_data_waiting
                0x0000000000027686                ami_bpf_write
                0x0000000000027780                ami_bpf_set_notify_mask
                0x00000000000277e6                ami_bpf_set_interrupt_mask
                0x000000000002784c                ami_bpf_ioctl
 .text          0x0000000000027f50      0x220 ../bpf/libaminetxduo_bpf.a(bpf_tap.c.obj)
                0x0000000000027f50                ami_bpf_iface_by_cookie
                0x0000000000027f92                ami_bpf_iface_by_name
                0x0000000000027fe6                ami_bpf_set_address_hook
                0x0000000000027ff0                ami_bpf_cookie_address
                0x0000000000028008                ami_bpf_attach_interface
                0x00000000000280ce                ami_bpf_detach_interface
                0x0000000000028114                ami_bpf_tap_view
                0x000000000002812a                ami_bpf_tap_rx
 .text          0x0000000000028170      0x15c ../bpf/libaminetxduo_bpf.a(bpf_tap_tx.c.obj)
                0x0000000000028170                ami_bpf_tap_tx
 .text          0x00000000000282cc       0xd4 ../bpf/libaminetxduo_bpf.a(bpf_amiga.c.obj)
                0x00000000000282cc                ami_bpf_lock
                0x00000000000282dc                ami_bpf_unlock
                0x00000000000282ec                ami_bpf_current_task
                0x00000000000282fe                ami_bpf_notify
                0x0000000000028320                ami_bpf_sleep
                0x0000000000028336                ami_bpf_signals_set
                0x0000000000028358                ami_bpf_time_init
                0x000000000002835e                ami_bpf_now
 .text          0x00000000000283a0      0x198 ../bpf/libaminetxduo_bpf.a(bpf_validate.c.obj)
                0x00000000000283a0                ami_bpf_validate
 .text          0x0000000000028538        0x8 ../net68k/libaminetxduo_net68k.a(n68k_checksum_hook.c.obj)
                0x0000000000028538                _nx_ip_checksum_compute
 .text          0x0000000000028540       0x78 ../net68k/libaminetxduo_net68k.a(n68k_cpu.c.obj)
                0x0000000000028540                n68k_cpu_select
 .text          0x00000000000285b8       0x20 ../net68k/libaminetxduo_net68k.a(n68k_memcpy_hook.c.obj)
                0x00000000000285b8                memcpy
 .text          0x00000000000285d8      0x3e4 ../net68k/libaminetxduo_net68k.a(n68k_rx_verify.c.obj)
                0x00000000000285d8                n68k_rx_verify
                0x00000000000287ae                n68k_rx_verify_sum
 .text          0x00000000000289bc      0x2c8 ../net68k/libaminetxduo_net68k.a(n68k_checksum_mv0.S.obj)
                0x00000000000289bc                n68k_sum_longwords_mv0
                0x0000000000028bf2                n68k_copy_sum_longwords_mv0
 .text          0x0000000000028c84      0x114 ../net68k/libaminetxduo_net68k.a(n68k_copy_mv0.S.obj)
                0x0000000000028c84                n68k_copy_bytes_mv0
 .text          0x0000000000028d98      0x2d4 ../net68k/libaminetxduo_net68k.a(n68k_checksum_mv20.S.obj)
                0x0000000000028d98                n68k_sum_longwords_mv20
                0x0000000000028fce                n68k_copy_sum_longwords_mv20
 .text          0x000000000002906c      0x108 ../net68k/libaminetxduo_net68k.a(n68k_copy_mv20.S.obj)
                0x000000000002906c                n68k_copy_bytes_mv20
 .text          0x0000000000029174      0x2e8 ../net68k/libaminetxduo_net68k.a(n68k_checksum_mv40.S.obj)
                0x0000000000029174                n68k_sum_longwords_mv40
                0x00000000000293aa                n68k_copy_sum_longwords_mv40
 .text          0x000000000002945c      0x108 ../net68k/libaminetxduo_net68k.a(n68k_copy_mv40.S.obj)
                0x000000000002945c                n68k_copy_bytes_mv40
 .text          0x0000000000029564      0x344 ../net68k/libaminetxduo_net68k.a(n68k_checksum_mv60.S.obj)
                0x0000000000029564                n68k_sum_longwords_mv60
                0x00000000000297f6                n68k_copy_sum_longwords_mv60
 .text          0x00000000000298a8       0xf4 ../net68k/libaminetxduo_net68k.a(n68k_copy_mv60.S.obj)
                0x00000000000298a8                n68k_copy_bytes_mv60
 .text          0x000000000002999c      0x16c ../net68k/libaminetxduo_net68k.a(n68k_checksum.c.obj)
                0x000000000002999c                n68k_ip_checksum_compute
 .text          0x0000000000029b08       0xb4 ../ipv6/libaminetxduo_ipv6.a(ipv6_srcsel.c.obj)
 .text          0x0000000000029bbc       0x50 /home/turo/.cache/aminetxduo/toolchain/3869b4427396/lib/gcc/m68k-amigaos/16.2.0b/../../../../m68k-amigaos/lib/libc.a(lib_a-__divsi3.o)
                0x0000000000029bbc                __modsi3
                0x0000000000029bc8                __divsi3
                0x0000000000029bc8                ldiv
                0x0000000000029bc8                div
 .text          0x0000000000029c0c       0x80 /home/turo/.cache/aminetxduo/toolchain/3869b4427396/lib/gcc/m68k-amigaos/16.2.0b/../../../../m68k-amigaos/lib/libc.a(lib_a-memcmp.o)
                0x0000000000029c0c                memcmp
 .text          0x0000000000029c8c      0x100 /home/turo/.cache/aminetxduo/toolchain/3869b4427396/lib/gcc/m68k-amigaos/16.2.0b/../../../../m68k-amigaos/lib/libc.a(lib_a-memmove.o)
                0x0000000000029c8c                memmove
 .text          0x0000000000029d8c       0x74 /home/turo/.cache/aminetxduo/toolchain/3869b4427396/lib/gcc/m68k-amigaos/16.2.0b/../../../../m68k-amigaos/lib/libc.a(lib_a-memset.o)
                0x0000000000029d8c                memset
 .text          0x0000000000029e00       0x2c /home/turo/.cache/aminetxduo/toolchain/3869b4427396/lib/gcc/m68k-amigaos/16.2.0b/../../../../m68k-amigaos/lib/libc.a(lib_a-__mulsi3.o)
                0x0000000000029e00                __mulsi3
 .text          0x0000000000029e2c       0x14 /home/turo/.cache/aminetxduo/toolchain/3869b4427396/lib/gcc/m68k-amigaos/16.2.0b/../../../../m68k-amigaos/lib/libc.a(lib_a-strlen.o)
                0x0000000000029e2c                strlen
 .text          0x0000000000029e40       0x58 /home/turo/.cache/aminetxduo/toolchain/3869b4427396/lib/gcc/m68k-amigaos/16.2.0b/../../../../m68k-amigaos/lib/libc.a(lib_a-__udivsi3.o)
                0x0000000000029e40                __umodsi3
                0x0000000000029e4c                __udivsi3
                0x0000000000029e52                __udivsi4
 *(.text.main)
 *(.text*)
 .text.scan_item
                0x0000000000029e98       0xac ../config/libaminetxduo_config.a(config_text.c.obj)
 .text.split_dotted.part.0
                0x0000000000029f44       0xb4 ../config/libaminetxduo_config.a(config_text.c.obj)
 .text.ami_cfg_strlen
                0x0000000000029ff8       0x14 ../config/libaminetxduo_config.a(config_text.c.obj)
                0x0000000000029ff8                ami_cfg_strlen
 .text.ami_cfg_zero
                0x000000000002a00c       0x18 ../config/libaminetxduo_config.a(config_text.c.obj)
                0x000000000002a00c                ami_cfg_zero
 .text.ami_cfg_stricmp
                0x000000000002a024       0x7c ../config/libaminetxduo_config.a(config_text.c.obj)
                0x000000000002a024                ami_cfg_stricmp
 .text.ami_cfg_copy_string
                0x000000000002a0a0       0x34 ../config/libaminetxduo_config.a(config_text.c.obj)
                0x000000000002a0a0                ami_cfg_copy_string
 .text.ami_cfg_join3
                0x000000000002a0d4       0x64 ../config/libaminetxduo_config.a(config_text.c.obj)
                0x000000000002a0d4                ami_cfg_join3
 .text.ami_cfg_problem_file
                0x000000000002a138       0x14 ../config/libaminetxduo_config.a(config_text.c.obj)
                0x000000000002a138                ami_cfg_problem_file
 .text.ami_cfg_problems_wanted
                0x000000000002a14c       0x10 ../config/libaminetxduo_config.a(config_text.c.obj)
                0x000000000002a14c                ami_cfg_problems_wanted
 .text.ami_cfg_problem
                0x000000000002a15c       0x48 ../config/libaminetxduo_config.a(config_text.c.obj)
                0x000000000002a15c                ami_cfg_problem
 .text.ami_cfg_next_line
                0x000000000002a1a4       0x54 ../config/libaminetxduo_config.a(config_text.c.obj)
                0x000000000002a1a4                ami_cfg_next_line
 .text.ami_cfg_trim
                0x000000000002a1f8       0x64 ../config/libaminetxduo_config.a(config_text.c.obj)
                0x000000000002a1f8                ami_cfg_trim
 .text.ami_cfg_strip_comment
                0x000000000002a25c       0x54 ../config/libaminetxduo_config.a(config_text.c.obj)
                0x000000000002a25c                ami_cfg_strip_comment
 .text.ami_cfg_unquote
                0x000000000002a2b0       0x68 ../config/libaminetxduo_config.a(config_text.c.obj)
                0x000000000002a2b0                ami_cfg_unquote
 .text.ami_cfg_tokenize
                0x000000000002a318       0x40 ../config/libaminetxduo_config.a(config_text.c.obj)
                0x000000000002a318                ami_cfg_tokenize
 .text.ami_cfg_next_pair
                0x000000000002a358      0x118 ../config/libaminetxduo_config.a(config_text.c.obj)
                0x000000000002a358                ami_cfg_next_pair
 .text.ami_cfg_parse_ulong
                0x000000000002a470       0xec ../config/libaminetxduo_config.a(config_text.c.obj)
                0x000000000002a470                ami_cfg_parse_ulong
 .text.ami_cfg_parse_mac
                0x000000000002a55c       0xa0 ../config/libaminetxduo_config.a(config_text.c.obj)
                0x000000000002a55c                ami_cfg_parse_mac
 .text.ami_cfg_parse_bool
                0x000000000002a5fc       0x68 ../config/libaminetxduo_config.a(config_text.c.obj)
                0x000000000002a5fc                ami_cfg_parse_bool
 .text.ami_config_parse_ip
                0x000000000002a664       0x54 ../config/libaminetxduo_config.a(config_text.c.obj)
                0x000000000002a664                ami_config_parse_ip
 .text.ami_cfg_parse_net_number
                0x000000000002a6b8       0x54 ../config/libaminetxduo_config.a(config_text.c.obj)
                0x000000000002a6b8                ami_cfg_parse_net_number
 .text.ami_config_format_ip
                0x000000000002a70c       0xb8 ../config/libaminetxduo_config.a(config_text.c.obj)
                0x000000000002a70c                ami_config_format_ip
 .text.ami_cfg_parse_ip6_inner.part.0
                0x000000000002a7c4      0x3e0 ../config/libaminetxduo_config.a(config_text6.c.obj)
 .text.ami_config_parse_ip6
                0x000000000002aba4       0x20 ../config/libaminetxduo_config.a(config_text6.c.obj)
                0x000000000002aba4                ami_config_parse_ip6
 .text.ami_config_parse_ip6_zone
                0x000000000002abc4       0x38 ../config/libaminetxduo_config.a(config_text6.c.obj)
                0x000000000002abc4                ami_config_parse_ip6_zone
 .text.ami_config_format_ip6
                0x000000000002abfc      0x1d0 ../config/libaminetxduo_config.a(config_text6.c.obj)
                0x000000000002abfc                ami_config_format_ip6
 .text.ami_config_format_ip6_zone
                0x000000000002adcc       0x90 ../config/libaminetxduo_config.a(config_text6.c.obj)
                0x000000000002adcc                ami_config_format_ip6_zone
 .text.dnssd_word
                0x000000000002ae5c       0x4c ../config/libaminetxduo_config.a(config_parse.c.obj)
 .text.lookup_iptype
                0x000000000002aea8       0x38 ../config/libaminetxduo_config.a(config_parse.c.obj)
 .text.report_bad_value
                0x000000000002aee0       0x70 ../config/libaminetxduo_config.a(config_parse.c.obj)
 .text.cfg_rfc3397_name.constprop.0
                0x000000000002af50       0xd8 ../config/libaminetxduo_config.a(config_parse.c.obj)
 .text.ami_cfg_parse_interface
                0x000000000002b028      0xa30 ../config/libaminetxduo_config.a(config_parse.c.obj)
                0x000000000002b028                ami_cfg_parse_interface
 .text.ami_config_iface_wants_ipv4
                0x000000000002ba58       0x2c ../config/libaminetxduo_config.a(config_parse.c.obj)
                0x000000000002ba58                ami_config_iface_wants_ipv4
 .text.ami_cfg_parse_resolver
                0x000000000002ba84      0x2d0 ../config/libaminetxduo_config.a(config_parse.c.obj)
                0x000000000002ba84                ami_cfg_parse_resolver
 .text.ami_config_search_list
                0x000000000002bd54       0xe4 ../config/libaminetxduo_config.a(config_parse.c.obj)
                0x000000000002bd54                ami_config_search_list
 .text.ami_config_search_offer
                0x000000000002be38       0xa8 ../config/libaminetxduo_config.a(config_parse.c.obj)
                0x000000000002be38                ami_config_search_offer
 .text.ami_config_nameserver6_offer
                0x000000000002bee0       0xa0 ../config/libaminetxduo_config.a(config_parse.c.obj)
                0x000000000002bee0                ami_config_nameserver6_offer
 .text.ami_config_nameserver6_withdraw
                0x000000000002bf80       0xb4 ../config/libaminetxduo_config.a(config_parse.c.obj)
                0x000000000002bf80                ami_config_nameserver6_withdraw
 .text.ami_config_search_withdraw
                0x000000000002c034       0xbc ../config/libaminetxduo_config.a(config_parse.c.obj)
                0x000000000002c034                ami_config_search_withdraw
 .text.ami_config_search_reference_add
                0x000000000002c0f0       0x8c ../config/libaminetxduo_config.a(config_parse.c.obj)
                0x000000000002c0f0                ami_config_search_reference_add
 .text.ami_config_search_reference_remove
                0x000000000002c17c       0x80 ../config/libaminetxduo_config.a(config_parse.c.obj)
                0x000000000002c17c                ami_config_search_reference_remove
 .text.ami_config_search_from_rfc3397
                0x000000000002c1fc       0x64 ../config/libaminetxduo_config.a(config_parse.c.obj)
                0x000000000002c1fc                ami_config_search_from_rfc3397
 .text.ami_cfg_parse_gateway
                0x000000000002c260      0x258 ../config/libaminetxduo_config.a(config_parse.c.obj)
                0x000000000002c260                ami_cfg_parse_gateway
 .text.ami_cfg_parse_tcp_handler
                0x000000000002c4b8      0x144 ../config/libaminetxduo_config.a(config_parse.c.obj)
                0x000000000002c4b8                ami_cfg_parse_tcp_handler
 .text.ami_cfg_parse_dnssd
                0x000000000002c5fc      0x37c ../config/libaminetxduo_config.a(config_parse.c.obj)
                0x000000000002c5fc                ami_cfg_parse_dnssd
 .text.ami_config_hostname_valid
                0x000000000002c978       0x9c ../config/libaminetxduo_config.a(config_hostname.c.obj)
                0x000000000002c978                ami_config_hostname_valid
 .text.ami_config_hostname_from_hwaddr
                0x000000000002ca14       0xac ../config/libaminetxduo_config.a(config_hostname.c.obj)
                0x000000000002ca14                ami_config_hostname_from_hwaddr
 .text.ami_config_hostname_source_text
                0x000000000002cac0       0x38 ../config/libaminetxduo_config.a(config_hostname.c.obj)
                0x000000000002cac0                ami_config_hostname_source_text
 .text.ami_config_hostname_offer
                0x000000000002caf8       0x6c ../config/libaminetxduo_config.a(config_hostname.c.obj)
                0x000000000002caf8                ami_config_hostname_offer
 .text.ami_cfg_hostname_from_files
                0x000000000002cb64       0x9c ../config/libaminetxduo_config.a(config_hostname.c.obj)
                0x000000000002cb64                ami_cfg_hostname_from_files
 .text.netdb_name_matches
                0x000000000002cc00       0x50 ../config/libaminetxduo_config.a(netdb.c.obj)
 .text.netdb_load_one
                0x000000000002cc50      0x340 ../config/libaminetxduo_config.a(netdb.c.obj)
 .text.ami_netdb_load
                0x000000000002cf90       0x84 ../config/libaminetxduo_config.a(netdb.c.obj)
                0x000000000002cf90                ami_netdb_load
 .text.netdb_by_name
                0x000000000002d014       0x6c ../config/libaminetxduo_config.a(netdb.c.obj)
 .text.netdb_entry
                0x000000000002d080       0x38 ../config/libaminetxduo_config.a(netdb.c.obj)
 .text.netdb_by_value
                0x000000000002d0b8       0x50 ../config/libaminetxduo_config.a(netdb.c.obj)
 .text.ami_netdb_free
                0x000000000002d108       0x4c ../config/libaminetxduo_config.a(netdb.c.obj)
                0x000000000002d108                ami_netdb_free
 .text.ami_netdb_host_by_name
                0x000000000002d154       0x10 ../config/libaminetxduo_config.a(netdb.c.obj)
                0x000000000002d154                ami_netdb_host_by_name
 .text.ami_netdb_host_by_addr
                0x000000000002d164       0x10 ../config/libaminetxduo_config.a(netdb.c.obj)
                0x000000000002d164                ami_netdb_host_by_addr
 .text.ami_netdb_net_by_name
                0x000000000002d174       0x14 ../config/libaminetxduo_config.a(netdb.c.obj)
                0x000000000002d174                ami_netdb_net_by_name
 .text.ami_netdb_net_by_addr
                0x000000000002d188       0x14 ../config/libaminetxduo_config.a(netdb.c.obj)
                0x000000000002d188                ami_netdb_net_by_addr
 .text.ami_netdb_proto_by_name
                0x000000000002d19c       0x14 ../config/libaminetxduo_config.a(netdb.c.obj)
                0x000000000002d19c                ami_netdb_proto_by_name
 .text.ami_netdb_proto_by_number
                0x000000000002d1b0       0x14 ../config/libaminetxduo_config.a(netdb.c.obj)
                0x000000000002d1b0                ami_netdb_proto_by_number
 .text.ami_netdb_serv_by_name
                0x000000000002d1c4       0x84 ../config/libaminetxduo_config.a(netdb.c.obj)
                0x000000000002d1c4                ami_netdb_serv_by_name
 .text.ami_netdb_serv_by_port
                0x000000000002d248       0x68 ../config/libaminetxduo_config.a(netdb.c.obj)
                0x000000000002d248                ami_netdb_serv_by_port
 .text.ami_netdb_net_entry
                0x000000000002d2b0       0x14 ../config/libaminetxduo_config.a(netdb.c.obj)
                0x000000000002d2b0                ami_netdb_net_entry
 .text.ami_netdb_proto_entry
                0x000000000002d2c4       0x14 ../config/libaminetxduo_config.a(netdb.c.obj)
                0x000000000002d2c4                ami_netdb_proto_entry
 .text.ami_netdb_serv_entry
                0x000000000002d2d8       0x14 ../config/libaminetxduo_config.a(netdb.c.obj)
                0x000000000002d2d8                ami_netdb_serv_entry
 .text.ami_cfg_read_file
                0x000000000002d2ec       0xd0 ../config/libaminetxduo_config.a(config_file.c.obj)
                0x000000000002d2ec                ami_cfg_read_file
 .text.load_resolver
                0x000000000002d3bc      0x118 ../config/libaminetxduo_config.a(config_file.c.obj)
 .text.ami_config_load_interface
                0x000000000002d4d4       0xf0 ../config/libaminetxduo_config.a(config_file.c.obj)
                0x000000000002d4d4                ami_config_load_interface
 .text.load_interfaces.constprop.0
                0x000000000002d5c4      0x230 ../config/libaminetxduo_config.a(config_file.c.obj)
 .text.ami_config_pool_divisor
                0x000000000002d7f4       0xac ../config/libaminetxduo_config.a(config_file.c.obj)
                0x000000000002d7f4                ami_config_pool_divisor
 .text.ami_config_load
                0x000000000002d8a0      0x180 ../config/libaminetxduo_config.a(config_file.c.obj)
                0x000000000002d8a0                ami_config_load
 .text.ami_timer_lock_init
                0x000000000002da20       0x3c ../common/libaminetxduo_common.a(compat.c.obj)
 .text.ami_sana2_open_once
                0x000000000002da5c       0x40 ../common/libaminetxduo_common.a(compat.c.obj)
 .text.put_char
                0x000000000002da9c       0x14 ../common/libaminetxduo_common.a(compat.c.obj)
 .text.ami_alloc_flags
                0x000000000002dab0       0x64 ../common/libaminetxduo_common.a(compat.c.obj)
                0x000000000002dab0                ami_alloc_flags
 .text.ami_alloc
                0x000000000002db14       0x14 ../common/libaminetxduo_common.a(compat.c.obj)
                0x000000000002db14                ami_alloc
 .text.ami_free
                0x000000000002db28       0x34 ../common/libaminetxduo_common.a(compat.c.obj)
                0x000000000002db28                ami_free
 .text.ami_mem_stats
                0x000000000002db5c        0x8 ../common/libaminetxduo_common.a(compat.c.obj)
                0x000000000002db5c                ami_mem_stats
 .text.ami_mem_socket_delta
                0x000000000002db64       0x54 ../common/libaminetxduo_common.a(compat.c.obj)
                0x000000000002db64                ami_mem_socket_delta
 .text.ami_mem_open_delta
                0x000000000002dbb8       0x3c ../common/libaminetxduo_common.a(compat.c.obj)
                0x000000000002dbb8                ami_mem_open_delta
 .text.ami_log  0x000000000002dbf4       0x88 ../common/libaminetxduo_common.a(compat.c.obj)
                0x000000000002dbf4                ami_log
 .text.ami_signal_alloc
                0x000000000002dc7c       0x14 ../common/libaminetxduo_common.a(compat.c.obj)
                0x000000000002dc7c                ami_signal_alloc
 .text.ami_signal_free
                0x000000000002dc90       0x1c ../common/libaminetxduo_common.a(compat.c.obj)
                0x000000000002dc90                ami_signal_free
 .text.ami_timer_close
                0x000000000002dcac       0x60 ../common/libaminetxduo_common.a(compat.c.obj)
                0x000000000002dcac                ami_timer_close
 .text.ami_eclock_rate
                0x000000000002dd0c       0x14 ../common/libaminetxduo_common.a(compat.c.obj)
                0x000000000002dd0c                ami_eclock_rate
 .text.ami_budget_clock
                0x000000000002dd20       0x28 ../common/libaminetxduo_common.a(compat.c.obj)
                0x000000000002dd20                ami_budget_clock
 .text.ami_millis
                0x000000000002dd48      0x1f8 ../common/libaminetxduo_common.a(compat.c.obj)
                0x000000000002dd48                ami_millis
 .text.ami_millis_quick
                0x000000000002df40       0x14 ../common/libaminetxduo_common.a(compat.c.obj)
                0x000000000002df40                ami_millis_quick
 .text.ami_sana2_set_open_hooks
                0x000000000002df54       0x14 ../common/libaminetxduo_common.a(compat.c.obj)
                0x000000000002df54                ami_sana2_set_open_hooks
 .text.ami_set_address_change_hook
                0x000000000002df68        0xc ../common/libaminetxduo_common.a(compat.c.obj)
                0x000000000002df68                ami_set_address_change_hook
 .text.ami_address_change_notify
                0x000000000002df74       0x10 ../common/libaminetxduo_common.a(compat.c.obj)
                0x000000000002df74                ami_address_change_notify
 .text.ami_set_second_hook
                0x000000000002df84        0xc ../common/libaminetxduo_common.a(compat.c.obj)
                0x000000000002df84                ami_set_second_hook
 .text.ami_second_notify
                0x000000000002df90       0x10 ../common/libaminetxduo_common.a(compat.c.obj)
                0x000000000002df90                ami_second_notify
 .text.ami_set_shutdown_hook
                0x000000000002dfa0        0xc ../common/libaminetxduo_common.a(compat.c.obj)
                0x000000000002dfa0                ami_set_shutdown_hook
 .text.ami_shutdown_notify
                0x000000000002dfac       0x10 ../common/libaminetxduo_common.a(compat.c.obj)
                0x000000000002dfac                ami_shutdown_notify
 .text.ami_sana2_open_device
                0x000000000002dfbc       0xac ../common/libaminetxduo_common.a(compat.c.obj)
                0x000000000002dfbc                ami_sana2_open_device
 .text.sha256_compress
                0x000000000002e068      0x21c ../common/libaminetxduo_common.a(ami_random.c.obj)
 .text.sha256_update
                0x000000000002e284       0x68 ../common/libaminetxduo_common.a(ami_random.c.obj)
 .text.sha256_final
                0x000000000002e2ec       0xcc ../common/libaminetxduo_common.a(ami_random.c.obj)
 .text.pool_mix
                0x000000000002e3b8      0x184 ../common/libaminetxduo_common.a(ami_random.c.obj)
 .text.ami_random_init
                0x000000000002e53c      0x3c4 ../common/libaminetxduo_common.a(ami_random.c.obj)
                0x000000000002e53c                ami_random_init
 .text.ami_random_bytes.part.0
                0x000000000002e900      0x1ac ../common/libaminetxduo_common.a(ami_random.c.obj)
 .text.ami_random_add_entropy
                0x000000000002eaac       0x28 ../common/libaminetxduo_common.a(ami_random.c.obj)
                0x000000000002eaac                ami_random_add_entropy
 .text.ami_random_entropy_bits
                0x000000000002ead4        0x8 ../common/libaminetxduo_common.a(ami_random.c.obj)
                0x000000000002ead4                ami_random_entropy_bits
 .text.ami_random_arrival
                0x000000000002eadc      0x14c ../common/libaminetxduo_common.a(ami_random.c.obj)
                0x000000000002eadc                ami_random_arrival
 .text.ami_random_bytes
                0x000000000002ec28       0x20 ../common/libaminetxduo_common.a(ami_random.c.obj)
                0x000000000002ec28                ami_random_bytes
 .text.ami_random_ulong
                0x000000000002ec48       0x1c ../common/libaminetxduo_common.a(ami_random.c.obj)
                0x000000000002ec48                ami_random_ulong
 .text.ami_random_rand
                0x000000000002ec64        0xc ../common/libaminetxduo_common.a(ami_random.c.obj)
                0x000000000002ec64                ami_random_rand
 .text.ami_random_srand
                0x000000000002ec70       0x24 ../common/libaminetxduo_common.a(ami_random.c.obj)
                0x000000000002ec70                ami_random_srand
 .text.ami_event
                0x000000000002ec94       0x74 ../common/libaminetxduo_common.a(events.c.obj)
                0x000000000002ec94                ami_event
 .text.ami_event_snapshot
                0x000000000002ed08       0x94 ../common/libaminetxduo_common.a(events.c.obj)
                0x000000000002ed08                ami_event_snapshot
 .text.ami_event_publish
                0x000000000002ed9c       0x84 ../common/libaminetxduo_common.a(events.c.obj)
                0x000000000002ed9c                ami_event_publish
 .text.ami_event_unpublish
                0x000000000002ee20       0x40 ../common/libaminetxduo_common.a(events.c.obj)
                0x000000000002ee20                ami_event_unpublish
 .text.ami_budget_leg
                0x000000000002ee60       0x40 ../common/libaminetxduo_common.a(budget.c.obj)
 .text.ami_budget_drain
                0x000000000002eea0       0x14 ../common/libaminetxduo_common.a(budget.c.obj)
                0x000000000002eea0                ami_budget_drain
 .text.ami_budget_baton
                0x000000000002eeb4       0x14 ../common/libaminetxduo_common.a(budget.c.obj)
                0x000000000002eeb4                ami_budget_baton
 .text.ami_budget_deliver
                0x000000000002eec8        0xc ../common/libaminetxduo_common.a(budget.c.obj)
                0x000000000002eec8                ami_budget_deliver
 .text.ami_budget_notify
                0x000000000002eed4       0x30 ../common/libaminetxduo_common.a(budget.c.obj)
                0x000000000002eed4                ami_budget_notify
 .text.ami_budget_ack
                0x000000000002ef04       0x14 ../common/libaminetxduo_common.a(budget.c.obj)
                0x000000000002ef04                ami_budget_ack
 .text.ami_budget_fetch
                0x000000000002ef18       0x28 ../common/libaminetxduo_common.a(budget.c.obj)
                0x000000000002ef18                ami_budget_fetch
 .text._nx_dhcp_search_buffer
                0x000000000002ef40       0x50 ../../libnetxduo_addons.a(nxd_dhcp_client.c.obj)
 .text._nx_dhcp_get_data
                0x000000000002ef90       0x1c ../../libnetxduo_addons.a(nxd_dhcp_client.c.obj)
 .text._nx_dhcp_get_option_value
                0x000000000002efac       0x68 ../../libnetxduo_addons.a(nxd_dhcp_client.c.obj)
 .text._nx_dhcp_store_data
                0x000000000002f014       0x18 ../../libnetxduo_addons.a(nxd_dhcp_client.c.obj)
 .text._nx_dhcp_move_string
                0x000000000002f02c       0x1c ../../libnetxduo_addons.a(nxd_dhcp_client.c.obj)
 .text._nx_dhcp_interface_record_find
                0x000000000002f048       0x4c ../../libnetxduo_addons.a(nxd_dhcp_client.c.obj)
 .text._nx_dhcp_add_randomize
                0x000000000002f094       0x38 ../../libnetxduo_addons.a(nxd_dhcp_client.c.obj)
 .text._nx_dhcp_timeout_entry
                0x000000000002f0cc       0x20 ../../libnetxduo_addons.a(nxd_dhcp_client.c.obj)
 .text._nx_dhcp_udp_receive_notify
                0x000000000002f0ec       0x24 ../../libnetxduo_addons.a(nxd_dhcp_client.c.obj)
 .text._nx_dhcp_extract_information
                0x000000000002f110      0x2b0 ../../libnetxduo_addons.a(nxd_dhcp_client.c.obj)
 .text._nx_dhcp_ip_conflict
                0x000000000002f3c0       0x60 ../../libnetxduo_addons.a(nxd_dhcp_client.c.obj)
 .text._nx_dhcp_update_renewal_timeout
                0x000000000002f420       0x24 ../../libnetxduo_addons.a(nxd_dhcp_client.c.obj)
 .text._nx_dhcp_store_data.constprop.0
                0x000000000002f444       0x18 ../../libnetxduo_addons.a(nxd_dhcp_client.c.obj)
 .text._nx_dhcp_add_option_parameter_request.isra.0
                0x000000000002f45c       0x74 ../../libnetxduo_addons.a(nxd_dhcp_client.c.obj)
 .text._nx_dhcp_add_option_value.isra.0
                0x000000000002f4d0       0x44 ../../libnetxduo_addons.a(nxd_dhcp_client.c.obj)
 .text._nx_dhcp_send_request_internal
                0x000000000002f514      0x7f4 ../../libnetxduo_addons.a(nxd_dhcp_client.c.obj)
 .text._nx_dhcp_create
                0x000000000002fd08      0x230 ../../libnetxduo_addons.a(nxd_dhcp_client.c.obj)
                0x000000000002fd08                _nx_dhcp_create
 .text._nxe_dhcp_create
                0x000000000002ff38       0x34 ../../libnetxduo_addons.a(nxd_dhcp_client.c.obj)
                0x000000000002ff38                _nxe_dhcp_create
 .text._nx_dhcp_interface_reinitialize
                0x000000000002ff6c      0x150 ../../libnetxduo_addons.a(nxd_dhcp_client.c.obj)
                0x000000000002ff6c                _nx_dhcp_interface_reinitialize
 .text._nx_dhcp_interface_request_client_ip
                0x00000000000300bc       0x68 ../../libnetxduo_addons.a(nxd_dhcp_client.c.obj)
                0x00000000000300bc                _nx_dhcp_interface_request_client_ip
 .text._nxe_dhcp_interface_request_client_ip
                0x0000000000030124       0x38 ../../libnetxduo_addons.a(nxd_dhcp_client.c.obj)
                0x0000000000030124                _nxe_dhcp_interface_request_client_ip
 .text._nx_dhcp_interface_force_renew
                0x000000000003015c       0xf4 ../../libnetxduo_addons.a(nxd_dhcp_client.c.obj)
                0x000000000003015c                _nx_dhcp_interface_force_renew
 .text._nxe_dhcp_interface_force_renew
                0x0000000000030250       0x2c ../../libnetxduo_addons.a(nxd_dhcp_client.c.obj)
                0x0000000000030250                _nxe_dhcp_interface_force_renew
 .text._nx_dhcp_interface_decline
                0x000000000003027c       0xe8 ../../libnetxduo_addons.a(nxd_dhcp_client.c.obj)
                0x000000000003027c                _nx_dhcp_interface_decline
 .text._nx_dhcp_thread_entry
                0x0000000000030364      0x8b0 ../../libnetxduo_addons.a(nxd_dhcp_client.c.obj)
 .text._nx_dhcp_interface_release
                0x0000000000030c14      0x130 ../../libnetxduo_addons.a(nxd_dhcp_client.c.obj)
                0x0000000000030c14                _nx_dhcp_interface_release
 .text._nxe_dhcp_interface_release
                0x0000000000030d44       0x38 ../../libnetxduo_addons.a(nxd_dhcp_client.c.obj)
                0x0000000000030d44                _nxe_dhcp_interface_release
 .text._nx_dhcp_interface_start
                0x0000000000030d7c      0x150 ../../libnetxduo_addons.a(nxd_dhcp_client.c.obj)
                0x0000000000030d7c                _nx_dhcp_interface_start
 .text._nx_dhcp_start
                0x0000000000030ecc       0x8c ../../libnetxduo_addons.a(nxd_dhcp_client.c.obj)
                0x0000000000030ecc                _nx_dhcp_start
 .text._nxe_dhcp_start
                0x0000000000030f58       0x34 ../../libnetxduo_addons.a(nxd_dhcp_client.c.obj)
                0x0000000000030f58                _nxe_dhcp_start
 .text._nxe_dhcp_interface_start
                0x0000000000030f8c       0x38 ../../libnetxduo_addons.a(nxd_dhcp_client.c.obj)
                0x0000000000030f8c                _nxe_dhcp_interface_start
 .text._nx_dhcp_interface_enable
                0x0000000000030fc4       0xd8 ../../libnetxduo_addons.a(nxd_dhcp_client.c.obj)
                0x0000000000030fc4                _nx_dhcp_interface_enable
 .text._nxe_dhcp_interface_enable
                0x000000000003109c       0x2c ../../libnetxduo_addons.a(nxd_dhcp_client.c.obj)
                0x000000000003109c                _nxe_dhcp_interface_enable
 .text._nx_dhcp_interface_disable
                0x00000000000310c8       0x7c ../../libnetxduo_addons.a(nxd_dhcp_client.c.obj)
                0x00000000000310c8                _nx_dhcp_interface_disable
 .text._nx_dhcp_delete
                0x0000000000031144      0x118 ../../libnetxduo_addons.a(nxd_dhcp_client.c.obj)
                0x0000000000031144                _nx_dhcp_delete
 .text._nxe_dhcp_delete
                0x000000000003125c       0x34 ../../libnetxduo_addons.a(nxd_dhcp_client.c.obj)
                0x000000000003125c                _nxe_dhcp_delete
 .text._nx_dhcp_interface_state_change_notify
                0x0000000000031290       0x34 ../../libnetxduo_addons.a(nxd_dhcp_client.c.obj)
                0x0000000000031290                _nx_dhcp_interface_state_change_notify
 .text._nxe_dhcp_interface_state_change_notify
                0x00000000000312c4       0x28 ../../libnetxduo_addons.a(nxd_dhcp_client.c.obj)
                0x00000000000312c4                _nxe_dhcp_interface_state_change_notify
 .text._nx_dhcp_interface_stop
                0x00000000000312ec      0x10c ../../libnetxduo_addons.a(nxd_dhcp_client.c.obj)
                0x00000000000312ec                _nx_dhcp_interface_stop
 .text._nx_dhcp_stop
                0x00000000000313f8       0x84 ../../libnetxduo_addons.a(nxd_dhcp_client.c.obj)
                0x00000000000313f8                _nx_dhcp_stop
 .text._nxe_dhcp_stop
                0x000000000003147c       0x34 ../../libnetxduo_addons.a(nxd_dhcp_client.c.obj)
                0x000000000003147c                _nxe_dhcp_stop
 .text._nxe_dhcp_interface_stop
                0x00000000000314b0       0x38 ../../libnetxduo_addons.a(nxd_dhcp_client.c.obj)
                0x00000000000314b0                _nxe_dhcp_interface_stop
 .text._nx_dhcp_user_option_request
                0x00000000000314e8       0xa4 ../../libnetxduo_addons.a(nxd_dhcp_client.c.obj)
                0x00000000000314e8                _nx_dhcp_user_option_request
 .text._nxe_dhcp_user_option_request
                0x000000000003158c       0x38 ../../libnetxduo_addons.a(nxd_dhcp_client.c.obj)
                0x000000000003158c                _nxe_dhcp_user_option_request
 .text._nx_dhcp_interface_user_option_retrieve
                0x00000000000315c4      0x154 ../../libnetxduo_addons.a(nxd_dhcp_client.c.obj)
                0x00000000000315c4                _nx_dhcp_interface_user_option_retrieve
 .text._nxe_dhcp_interface_user_option_retrieve
                0x0000000000031718       0x5c ../../libnetxduo_addons.a(nxd_dhcp_client.c.obj)
                0x0000000000031718                _nxe_dhcp_interface_user_option_retrieve
 .text._nx_dhcp_user_option_add_callback_set
                0x0000000000031774       0x34 ../../libnetxduo_addons.a(nxd_dhcp_client.c.obj)
                0x0000000000031774                _nx_dhcp_user_option_add_callback_set
 .text._nxe_dhcp_user_option_add_callback_set
                0x00000000000317a8       0x24 ../../libnetxduo_addons.a(nxd_dhcp_client.c.obj)
                0x00000000000317a8                _nxe_dhcp_user_option_add_callback_set
 .text._nx_dhcp_interface_server_address_get
                0x00000000000317cc       0x88 ../../libnetxduo_addons.a(nxd_dhcp_client.c.obj)
                0x00000000000317cc                _nx_dhcp_interface_server_address_get
 .text._nxe_dhcp_interface_server_address_get
                0x0000000000031854       0x44 ../../libnetxduo_addons.a(nxd_dhcp_client.c.obj)
                0x0000000000031854                _nxe_dhcp_interface_server_address_get
 .text._nx_dns_name_string_unencode
                0x0000000000031898       0xc8 ../../libnetxduo_addons.a(nxd_dns.c.obj)
 .text._nx_dns_name_size_calculate
                0x0000000000031960       0x48 ../../libnetxduo_addons.a(nxd_dns.c.obj)
 .text._nx_dns_resource_type_get
                0x00000000000319a8       0x48 ../../libnetxduo_addons.a(nxd_dns.c.obj)
 .text._nx_dns_resource_data_length_get
                0x00000000000319f0       0x50 ../../libnetxduo_addons.a(nxd_dns.c.obj)
 .text._nx_dns_resource_data_address_get
                0x0000000000031a40       0x30 ../../libnetxduo_addons.a(nxd_dns.c.obj)
 .text._nx_dns_resource_size_get
                0x0000000000031a70       0x54 ../../libnetxduo_addons.a(nxd_dns.c.obj)
 .text._nx_dns_network_to_long_convert
                0x0000000000031ac4       0x2c ../../libnetxduo_addons.a(nxd_dns.c.obj)
 .text._nx_dns_resource_time_to_live_get
                0x0000000000031af0       0x4c ../../libnetxduo_addons.a(nxd_dns.c.obj)
 .text._nx_dns_number_to_ascii_convert
                0x0000000000031b3c       0x80 ../../libnetxduo_addons.a(nxd_dns.c.obj)
 .text._nx_dns_name_match
                0x0000000000031bbc       0x54 ../../libnetxduo_addons.a(nxd_dns.c.obj)
 .text._nx_dns_server_add_internal
                0x0000000000031c10       0xf0 ../../libnetxduo_addons.a(nxd_dns.c.obj)
 .text._nx_dns_server_remove_internal
                0x0000000000031d00       0xc8 ../../libnetxduo_addons.a(nxd_dns.c.obj)
 .text._nx_dns_cache_add_string
                0x0000000000031dc8      0x120 ../../libnetxduo_addons.a(nxd_dns.c.obj)
 .text._nx_dns_response_receive
                0x0000000000031ee8       0xf8 ../../libnetxduo_addons.a(nxd_dns.c.obj)
 .text._nx_dns_new_packet_create
                0x0000000000031fe0      0x138 ../../libnetxduo_addons.a(nxd_dns.c.obj)
 .text._nx_dns_cache_delete_string.isra.0
                0x0000000000032118       0xe0 ../../libnetxduo_addons.a(nxd_dns.c.obj)
 .text._nx_dns_cache_delete_rr_string.isra.0
                0x00000000000321f8       0x5c ../../libnetxduo_addons.a(nxd_dns.c.obj)
 .text._nx_dns_cache_delete_rr.isra.0
                0x0000000000032254       0x60 ../../libnetxduo_addons.a(nxd_dns.c.obj)
 .text._nx_dns_cache_add_rr.constprop.0
                0x00000000000322b4       0xd0 ../../libnetxduo_addons.a(nxd_dns.c.obj)
 .text._nx_dns_cache_add_negative
                0x0000000000032384      0x228 ../../libnetxduo_addons.a(nxd_dns.c.obj)
 .text._nx_dns_cache_find_answer
                0x00000000000325ac      0x20c ../../libnetxduo_addons.a(nxd_dns.c.obj)
 .text._nx_dns_host_by_address_get_internal
                0x00000000000327b8      0x6a0 ../../libnetxduo_addons.a(nxd_dns.c.obj)
 .text._nx_dns_create
                0x0000000000032e58       0xd0 ../../libnetxduo_addons.a(nxd_dns.c.obj)
                0x0000000000032e58                _nx_dns_create
 .text._nxe_dns_create
                0x0000000000032f28       0x50 ../../libnetxduo_addons.a(nxd_dns.c.obj)
                0x0000000000032f28                _nxe_dns_create
 .text._nx_dns_delete
                0x0000000000032f78       0x3c ../../libnetxduo_addons.a(nxd_dns.c.obj)
                0x0000000000032f78                _nx_dns_delete
 .text._nxe_dns_delete
                0x0000000000032fb4       0x34 ../../libnetxduo_addons.a(nxd_dns.c.obj)
                0x0000000000032fb4                _nxe_dns_delete
 .text._nx_dns_server_add
                0x0000000000032fe8       0x38 ../../libnetxduo_addons.a(nxd_dns.c.obj)
                0x0000000000032fe8                _nx_dns_server_add
 .text._nxe_dns_server_add
                0x0000000000033020       0x44 ../../libnetxduo_addons.a(nxd_dns.c.obj)
                0x0000000000033020                _nxe_dns_server_add
 .text._nxde_dns_server_add
                0x0000000000033064       0x78 ../../libnetxduo_addons.a(nxd_dns.c.obj)
                0x0000000000033064                _nxde_dns_server_add
 .text._nx_dns_server_remove
                0x00000000000330dc       0x24 ../../libnetxduo_addons.a(nxd_dns.c.obj)
                0x00000000000330dc                _nx_dns_server_remove
 .text._nxe_dns_server_remove
                0x0000000000033100       0x44 ../../libnetxduo_addons.a(nxd_dns.c.obj)
                0x0000000000033100                _nxe_dns_server_remove
 .text._nxde_dns_server_remove
                0x0000000000033144       0x70 ../../libnetxduo_addons.a(nxd_dns.c.obj)
                0x0000000000033144                _nxde_dns_server_remove
 .text._nx_dns_response_get
                0x00000000000331b4      0x718 ../../libnetxduo_addons.a(nxd_dns.c.obj)
                0x00000000000331b4                _nx_dns_response_get
 .text._nx_dns_host_resource_data_by_name_get
                0x00000000000338cc      0x204 ../../libnetxduo_addons.a(nxd_dns.c.obj)
 .text._nx_dns_host_by_name_get
                0x0000000000033ad0       0x48 ../../libnetxduo_addons.a(nxd_dns.c.obj)
                0x0000000000033ad0                _nx_dns_host_by_name_get
 .text._nxe_dns_host_by_name_get
                0x0000000000033b18       0x54 ../../libnetxduo_addons.a(nxd_dns.c.obj)
                0x0000000000033b18                _nxe_dns_host_by_name_get
 .text._nxd_dns_ipv6_address_by_name_get
                0x0000000000033b6c       0x28 ../../libnetxduo_addons.a(nxd_dns.c.obj)
                0x0000000000033b6c                _nxd_dns_ipv6_address_by_name_get
 .text._nxde_dns_ipv6_address_by_name_get
                0x0000000000033b94       0x68 ../../libnetxduo_addons.a(nxd_dns.c.obj)
                0x0000000000033b94                _nxde_dns_ipv6_address_by_name_get
 .text._nx_dns_host_by_address_get
                0x0000000000033bfc       0x3c ../../libnetxduo_addons.a(nxd_dns.c.obj)
                0x0000000000033bfc                _nx_dns_host_by_address_get
 .text._nxe_dns_host_by_address_get
                0x0000000000033c38       0x5c ../../libnetxduo_addons.a(nxd_dns.c.obj)
                0x0000000000033c38                _nxe_dns_host_by_address_get
 .text._nx_dns_cache_initialize
                0x0000000000033c94       0x68 ../../libnetxduo_addons.a(nxd_dns.c.obj)
                0x0000000000033c94                _nx_dns_cache_initialize
 .text._nxe_dns_cache_initialize
                0x0000000000033cfc       0x60 ../../libnetxduo_addons.a(nxd_dns.c.obj)
                0x0000000000033cfc                _nxe_dns_cache_initialize
 .text._nx_auto_ip_conflict
                0x0000000000033d5c       0x1c ../../libnetxduo_addons.a(nx_auto_ip.c.obj)
                0x0000000000033d5c                _nx_auto_ip_conflict
 .text._nx_auto_ip_thread_entry
                0x0000000000033d78      0x2e4 ../../libnetxduo_addons.a(nx_auto_ip.c.obj)
                0x0000000000033d78                _nx_auto_ip_thread_entry
 .text._nx_auto_ip_create
                0x000000000003405c       0x9c ../../libnetxduo_addons.a(nx_auto_ip.c.obj)
                0x000000000003405c                _nx_auto_ip_create
 .text._nxe_auto_ip_create
                0x00000000000340f8       0x60 ../../libnetxduo_addons.a(nx_auto_ip.c.obj)
                0x00000000000340f8                _nxe_auto_ip_create
 .text._nxe_auto_ip_set_interface
                0x0000000000034158       0x48 ../../libnetxduo_addons.a(nx_auto_ip.c.obj)
                0x0000000000034158                _nxe_auto_ip_set_interface
 .text._nx_auto_ip_start
                0x00000000000341a0       0x38 ../../libnetxduo_addons.a(nx_auto_ip.c.obj)
                0x00000000000341a0                _nx_auto_ip_start
 .text._nxe_auto_ip_start
                0x00000000000341d8       0x40 ../../libnetxduo_addons.a(nx_auto_ip.c.obj)
                0x00000000000341d8                _nxe_auto_ip_start
 .text._nxe_auto_ip_stop
                0x0000000000034218       0x38 ../../libnetxduo_addons.a(nx_auto_ip.c.obj)
                0x0000000000034218                _nxe_auto_ip_stop
 .text._nx_auto_ip_delete
                0x0000000000034250       0xa4 ../../libnetxduo_addons.a(nx_auto_ip.c.obj)
                0x0000000000034250                _nx_auto_ip_delete
 .text._nxe_auto_ip_delete
                0x00000000000342f4       0x34 ../../libnetxduo_addons.a(nx_auto_ip.c.obj)
                0x00000000000342f4                _nxe_auto_ip_delete
 .text._nx_dhcpv6_IP_lifetime_timeout_entry
                0x0000000000034328       0x18 ../../libnetxduo_addons.a(nxd_dhcpv6_client.c.obj)
                0x0000000000034328                _nx_dhcpv6_IP_lifetime_timeout_entry
 .text._nx_dhcpv6_domain_name_validate
                0x0000000000034340       0x64 ../../libnetxduo_addons.a(nxd_dhcpv6_client.c.obj)
 .text._nx_dhcpv6_iana_time_defaults
                0x00000000000343a4       0x7c ../../libnetxduo_addons.a(nxd_dhcpv6_client.c.obj)
 .text._nx_dhcpv6_session_timeout_entry
                0x0000000000034420       0x1c ../../libnetxduo_addons.a(nxd_dhcpv6_client.c.obj)
                0x0000000000034420                _nx_dhcpv6_session_timeout_entry
 .text._nx_dhcpv6_ipv6_address_DAD_notify
                0x000000000003443c       0xdc ../../libnetxduo_addons.a(nxd_dhcpv6_client.c.obj)
                0x000000000003443c                _nx_dhcpv6_ipv6_address_DAD_notify
 .text._nx_dhcpv6_add_client_duid
                0x0000000000034518      0x148 ../../libnetxduo_addons.a(nxd_dhcpv6_client.c.obj)
                0x0000000000034518                _nx_dhcpv6_add_client_duid
 .text._nx_dhcpv6_add_elapsed_time
                0x0000000000034660       0x4c ../../libnetxduo_addons.a(nxd_dhcpv6_client.c.obj)
                0x0000000000034660                _nx_dhcpv6_add_elapsed_time
 .text._nx_dhcpv6_add_ia_address
                0x00000000000346ac      0x1b4 ../../libnetxduo_addons.a(nxd_dhcpv6_client.c.obj)
                0x00000000000346ac                _nx_dhcpv6_add_ia_address
 .text._nx_dhcpv6_add_iana
                0x0000000000034860       0xec ../../libnetxduo_addons.a(nxd_dhcpv6_client.c.obj)
                0x0000000000034860                _nx_dhcpv6_add_iana
 .text._nx_dhcpv6_add_option_request
                0x000000000003494c      0x104 ../../libnetxduo_addons.a(nxd_dhcpv6_client.c.obj)
                0x000000000003494c                _nx_dhcpv6_add_option_request
 .text._nx_dhcpv6_add_server_duid
                0x0000000000034a50      0x160 ../../libnetxduo_addons.a(nxd_dhcpv6_client.c.obj)
                0x0000000000034a50                _nx_dhcpv6_add_server_duid
 .text._nx_dhcpv6_client_create
                0x0000000000034bb0      0x31c ../../libnetxduo_addons.a(nxd_dhcpv6_client.c.obj)
                0x0000000000034bb0                _nx_dhcpv6_client_create
 .text._nxe_dhcpv6_client_create
                0x0000000000034ecc       0x68 ../../libnetxduo_addons.a(nxd_dhcpv6_client.c.obj)
                0x0000000000034ecc                _nxe_dhcpv6_client_create
 .text._nx_dhcpv6_client_delete
                0x0000000000034f34       0xa8 ../../libnetxduo_addons.a(nxd_dhcpv6_client.c.obj)
                0x0000000000034f34                _nx_dhcpv6_client_delete
 .text._nxe_dhcpv6_client_delete
                0x0000000000034fdc       0x34 ../../libnetxduo_addons.a(nxd_dhcpv6_client.c.obj)
                0x0000000000034fdc                _nxe_dhcpv6_client_delete
 .text._nx_dhcpv6_create_client_duid
                0x0000000000035010       0xc0 ../../libnetxduo_addons.a(nxd_dhcpv6_client.c.obj)
                0x0000000000035010                _nx_dhcpv6_create_client_duid
 .text._nxe_dhcpv6_create_client_duid
                0x00000000000350d0       0x68 ../../libnetxduo_addons.a(nxd_dhcpv6_client.c.obj)
                0x00000000000350d0                _nxe_dhcpv6_create_client_duid