Archive member included to satisfy reference by file (symbol)

/home/turo/.cache/aminetxduo/toolchain/3869b4427396/lib/gcc/m68k-amigaos/16.2.0b/../../../../m68k-amigaos/lib/libc.a(lib_a-__dosbase.o)
                              /home/turo/.cache/aminetxduo/toolchain/3869b4427396/lib/gcc/m68k-amigaos/16.2.0b/../../../../m68k-amigaos/lib/crt0.o (DOSBase)
/home/turo/.cache/aminetxduo/toolchain/3869b4427396/lib/gcc/m68k-amigaos/16.2.0b/../../../../m68k-amigaos/lib/libc.a(lib_a-memset.o)
                              CMakeFiles/profspin.dir/profspin.c.obj (memset)
/home/turo/.cache/aminetxduo/toolchain/3869b4427396/lib/gcc/m68k-amigaos/16.2.0b/../../../../m68k-amigaos/lib/libc.a(lib_a-__nocommandline.o)
                              /home/turo/.cache/aminetxduo/toolchain/3869b4427396/lib/gcc/m68k-amigaos/16.2.0b/../../../../m68k-amigaos/lib/crt0.o (__nocommandline)
/home/turo/.cache/aminetxduo/toolchain/3869b4427396/lib/gcc/m68k-amigaos/16.2.0b/../../../../m68k-amigaos/lib/libc.a(lib_a-sniprintf.o)
                              CMakeFiles/profspin.dir/profspin.c.obj (sniprintf)
/home/turo/.cache/aminetxduo/toolchain/3869b4427396/lib/gcc/m68k-amigaos/16.2.0b/../../../../m68k-amigaos/lib/libc.a(lib_a-__stdiowin.o)
                              /home/turo/.cache/aminetxduo/toolchain/3869b4427396/lib/gcc/m68k-amigaos/16.2.0b/../../../../m68k-amigaos/lib/libc.a(lib_a-__nocommandline.o) (__stdiowin)
/home/turo/.cache/aminetxduo/toolchain/3869b4427396/lib/gcc/m68k-amigaos/16.2.0b/../../../../m68k-amigaos/lib/libc.a(lib_a-strcat.o)
                              /home/turo/.cache/aminetxduo/toolchain/3869b4427396/lib/gcc/m68k-amigaos/16.2.0b/../../../../m68k-amigaos/lib/crt0.o (strcat)
/home/turo/.cache/aminetxduo/toolchain/3869b4427396/lib/gcc/m68k-amigaos/16.2.0b/../../../../m68k-amigaos/lib/libc.a(lib_a-strcpy.o)
                              /home/turo/.cache/aminetxduo/toolchain/3869b4427396/lib/gcc/m68k-amigaos/16.2.0b/../../../../m68k-amigaos/lib/crt0.o (strcpy)
/home/turo/.cache/aminetxduo/toolchain/3869b4427396/lib/gcc/m68k-amigaos/16.2.0b/../../../../m68k-amigaos/lib/libc.a(lib_a-strlen.o)
                              /home/turo/.cache/aminetxduo/toolchain/3869b4427396/lib/gcc/m68k-amigaos/16.2.0b/../../../../m68k-amigaos/lib/crt0.o (strlen)
/home/turo/.cache/aminetxduo/toolchain/3869b4427396/lib/gcc/m68k-amigaos/16.2.0b/../../../../m68k-amigaos/lib/libc.a(lib_a-strstr.o)
                              /home/turo/.cache/aminetxduo/toolchain/3869b4427396/lib/gcc/m68k-amigaos/16.2.0b/../../../../m68k-amigaos/lib/crt0.o (strstr)
/home/turo/.cache/aminetxduo/toolchain/3869b4427396/lib/gcc/m68k-amigaos/16.2.0b/../../../../m68k-amigaos/lib/libc.a(lib_a-svfiprintf.o)
                              /home/turo/.cache/aminetxduo/toolchain/3869b4427396/lib/gcc/m68k-amigaos/16.2.0b/../../../../m68k-amigaos/lib/libc.a(lib_a-sniprintf.o) (_svfiprintf_r)
/home/turo/.cache/aminetxduo/toolchain/3869b4427396/lib/gcc/m68k-amigaos/16.2.0b/../../../../m68k-amigaos/lib/libc.a(lib_a-vallocr.o)
                              /home/turo/.cache/aminetxduo/toolchain/3869b4427396/lib/gcc/m68k-amigaos/16.2.0b/../../../../m68k-amigaos/lib/libc.a(lib_a-svfiprintf.o) (_realloc_r)
/home/turo/.cache/aminetxduo/toolchain/3869b4427396/lib/gcc/m68k-amigaos/16.2.0b/../../../../m68k-amigaos/lib/libc.a(lib_a-wcrtomb.o)
                              /home/turo/.cache/aminetxduo/toolchain/3869b4427396/lib/gcc/m68k-amigaos/16.2.0b/../../../../m68k-amigaos/lib/libc.a(lib_a-svfiprintf.o) (_wcrtomb_r)
/home/turo/.cache/aminetxduo/toolchain/3869b4427396/lib/gcc/m68k-amigaos/16.2.0b/../../../../m68k-amigaos/lib/libc.a(lib_a-wcsrtombs.o)
                              /home/turo/.cache/aminetxduo/toolchain/3869b4427396/lib/gcc/m68k-amigaos/16.2.0b/../../../../m68k-amigaos/lib/libc.a(lib_a-svfiprintf.o) (_wcsrtombs_r)
/home/turo/.cache/aminetxduo/toolchain/3869b4427396/lib/gcc/m68k-amigaos/16.2.0b/../../../../m68k-amigaos/lib/libc.a(malloc.o)
                              /home/turo/.cache/aminetxduo/toolchain/3869b4427396/lib/gcc/m68k-amigaos/16.2.0b/../../../../m68k-amigaos/lib/libc.a(lib_a-svfiprintf.o) (_malloc_r)
/home/turo/.cache/aminetxduo/toolchain/3869b4427396/lib/gcc/m68k-amigaos/16.2.0b/../../../../m68k-amigaos/lib/libc.a(lib_a-calloc.o)
                              /home/turo/.cache/aminetxduo/toolchain/3869b4427396/lib/gcc/m68k-amigaos/16.2.0b/../../../../m68k-amigaos/lib/libc.a(lib_a-__nocommandline.o) (calloc)
/home/turo/.cache/aminetxduo/toolchain/3869b4427396/lib/gcc/m68k-amigaos/16.2.0b/../../../../m68k-amigaos/lib/libc.a(lib_a-impure.o)
                              /home/turo/.cache/aminetxduo/toolchain/3869b4427396/lib/gcc/m68k-amigaos/16.2.0b/../../../../m68k-amigaos/lib/libc.a(lib_a-sniprintf.o) (_impure_ptr)
/home/turo/.cache/aminetxduo/toolchain/3869b4427396/lib/gcc/m68k-amigaos/16.2.0b/../../../../m68k-amigaos/lib/libc.a(lib_a-localeconv.o)
                              /home/turo/.cache/aminetxduo/toolchain/3869b4427396/lib/gcc/m68k-amigaos/16.2.0b/../../../../m68k-amigaos/lib/libc.a(lib_a-svfiprintf.o) (_localeconv_r)
/home/turo/.cache/aminetxduo/toolchain/3869b4427396/lib/gcc/m68k-amigaos/16.2.0b/../../../../m68k-amigaos/lib/libc.a(lib_a-locale.o)
                              /home/turo/.cache/aminetxduo/toolchain/3869b4427396/lib/gcc/m68k-amigaos/16.2.0b/../../../../m68k-amigaos/lib/libc.a(lib_a-svfiprintf.o) (__locale_mb_cur_max)
/home/turo/.cache/aminetxduo/toolchain/3869b4427396/lib/gcc/m68k-amigaos/16.2.0b/../../../../m68k-amigaos/lib/libc.a(lib_a-malloc.o)
                              /home/turo/.cache/aminetxduo/toolchain/3869b4427396/lib/gcc/m68k-amigaos/16.2.0b/../../../../m68k-amigaos/lib/libc.a(lib_a-__nocommandline.o) (malloc)
/home/turo/.cache/aminetxduo/toolchain/3869b4427396/lib/gcc/m68k-amigaos/16.2.0b/../../../../m68k-amigaos/lib/libc.a(lib_a-mbtowc_r.o)
                              /home/turo/.cache/aminetxduo/toolchain/3869b4427396/lib/gcc/m68k-amigaos/16.2.0b/../../../../m68k-amigaos/lib/libc.a(lib_a-locale.o) (__ascii_mbtowc)
/home/turo/.cache/aminetxduo/toolchain/3869b4427396/lib/gcc/m68k-amigaos/16.2.0b/../../../../m68k-amigaos/lib/libc.a(lib_a-memchr.o)
                              /home/turo/.cache/aminetxduo/toolchain/3869b4427396/lib/gcc/m68k-amigaos/16.2.0b/../../../../m68k-amigaos/lib/libc.a(lib_a-strstr.o) (memchr)
/home/turo/.cache/aminetxduo/toolchain/3869b4427396/lib/gcc/m68k-amigaos/16.2.0b/../../../../m68k-amigaos/lib/libc.a(lib_a-memcmp.o)
                              /home/turo/.cache/aminetxduo/toolchain/3869b4427396/lib/gcc/m68k-amigaos/16.2.0b/../../../../m68k-amigaos/lib/libc.a(lib_a-strstr.o) (memcmp)
/home/turo/.cache/aminetxduo/toolchain/3869b4427396/lib/gcc/m68k-amigaos/16.2.0b/../../../../m68k-amigaos/lib/libc.a(lib_a-memcpy.o)
                              /home/turo/.cache/aminetxduo/toolchain/3869b4427396/lib/gcc/m68k-amigaos/16.2.0b/../../../../m68k-amigaos/lib/libc.a(lib_a-svfiprintf.o) (memcpy)
/home/turo/.cache/aminetxduo/toolchain/3869b4427396/lib/gcc/m68k-amigaos/16.2.0b/../../../../m68k-amigaos/lib/libc.a(lib_a-memmove.o)
                              /home/turo/.cache/aminetxduo/toolchain/3869b4427396/lib/gcc/m68k-amigaos/16.2.0b/../../../../m68k-amigaos/lib/libc.a(lib_a-svfiprintf.o) (memmove)
/home/turo/.cache/aminetxduo/toolchain/3869b4427396/lib/gcc/m68k-amigaos/16.2.0b/../../../../m68k-amigaos/lib/libc.a(lib_a-__mulsi3.o)
                              /home/turo/.cache/aminetxduo/toolchain/3869b4427396/lib/gcc/m68k-amigaos/16.2.0b/../../../../m68k-amigaos/lib/libc.a(lib_a-vallocr.o) (__mulsi3)
/home/turo/.cache/aminetxduo/toolchain/3869b4427396/lib/gcc/m68k-amigaos/16.2.0b/../../../../m68k-amigaos/lib/libc.a(lib_a-strcasecmp.o)
                              /home/turo/.cache/aminetxduo/toolchain/3869b4427396/lib/gcc/m68k-amigaos/16.2.0b/../../../../m68k-amigaos/lib/libc.a(lib_a-locale.o) (strcasecmp)
/home/turo/.cache/aminetxduo/toolchain/3869b4427396/lib/gcc/m68k-amigaos/16.2.0b/../../../../m68k-amigaos/lib/libc.a(lib_a-strchr.o)
                              /home/turo/.cache/aminetxduo/toolchain/3869b4427396/lib/gcc/m68k-amigaos/16.2.0b/../../../../m68k-amigaos/lib/libc.a(lib_a-strstr.o) (strchr)
/home/turo/.cache/aminetxduo/toolchain/3869b4427396/lib/gcc/m68k-amigaos/16.2.0b/../../../../m68k-amigaos/lib/libc.a(lib_a-strcmp.o)
                              /home/turo/.cache/aminetxduo/toolchain/3869b4427396/lib/gcc/m68k-amigaos/16.2.0b/../../../../m68k-amigaos/lib/libc.a(lib_a-locale.o) (strcmp)
/home/turo/.cache/aminetxduo/toolchain/3869b4427396/lib/gcc/m68k-amigaos/16.2.0b/../../../../m68k-amigaos/lib/libc.a(lib_a-strlcpy.o)
                              /home/turo/.cache/aminetxduo/toolchain/3869b4427396/lib/gcc/m68k-amigaos/16.2.0b/../../../../m68k-amigaos/lib/libc.a(lib_a-locale.o) (strlcpy)
/home/turo/.cache/aminetxduo/toolchain/3869b4427396/lib/gcc/m68k-amigaos/16.2.0b/../../../../m68k-amigaos/lib/libc.a(lib_a-strncasecmp.o)
                              /home/turo/.cache/aminetxduo/toolchain/3869b4427396/lib/gcc/m68k-amigaos/16.2.0b/../../../../m68k-amigaos/lib/libc.a(lib_a-locale.o) (strncasecmp)
/home/turo/.cache/aminetxduo/toolchain/3869b4427396/lib/gcc/m68k-amigaos/16.2.0b/../../../../m68k-amigaos/lib/libc.a(lib_a-strncmp.o)
                              /home/turo/.cache/aminetxduo/toolchain/3869b4427396/lib/gcc/m68k-amigaos/16.2.0b/../../../../m68k-amigaos/lib/libc.a(lib_a-locale.o) (strncmp)
/home/turo/.cache/aminetxduo/toolchain/3869b4427396/lib/gcc/m68k-amigaos/16.2.0b/../../../../m68k-amigaos/lib/libc.a(lib_a-strncpy.o)
                              /home/turo/.cache/aminetxduo/toolchain/3869b4427396/lib/gcc/m68k-amigaos/16.2.0b/../../../../m68k-amigaos/lib/libc.a(lib_a-svfiprintf.o) (strncpy)
/home/turo/.cache/aminetxduo/toolchain/3869b4427396/lib/gcc/m68k-amigaos/16.2.0b/../../../../m68k-amigaos/lib/libc.a(lib_a-strtol.o)
                              /home/turo/.cache/aminetxduo/toolchain/3869b4427396/lib/gcc/m68k-amigaos/16.2.0b/../../../../m68k-amigaos/lib/libc.a(lib_a-locale.o) (strtol)
/home/turo/.cache/aminetxduo/toolchain/3869b4427396/lib/gcc/m68k-amigaos/16.2.0b/../../../../m68k-amigaos/lib/libc.a(lib_a-__udivsi3.o)
                              /home/turo/.cache/aminetxduo/toolchain/3869b4427396/lib/gcc/m68k-amigaos/16.2.0b/../../../../m68k-amigaos/lib/libc.a(lib_a-strtol.o) (__umodsi3)
/home/turo/.cache/aminetxduo/toolchain/3869b4427396/lib/gcc/m68k-amigaos/16.2.0b/../../../../m68k-amigaos/lib/libc.a(lib_a-wcsnrtombs.o)
                              /home/turo/.cache/aminetxduo/toolchain/3869b4427396/lib/gcc/m68k-amigaos/16.2.0b/../../../../m68k-amigaos/lib/libc.a(lib_a-wcsrtombs.o) (_wcsnrtombs_r)
/home/turo/.cache/aminetxduo/toolchain/3869b4427396/lib/gcc/m68k-amigaos/16.2.0b/../../../../m68k-amigaos/lib/libc.a(lib_a-wctomb_r.o)
                              /home/turo/.cache/aminetxduo/toolchain/3869b4427396/lib/gcc/m68k-amigaos/16.2.0b/../../../../m68k-amigaos/lib/libc.a(lib_a-locale.o) (__ascii_wctomb)
/home/turo/.cache/aminetxduo/toolchain/3869b4427396/lib/gcc/m68k-amigaos/16.2.0b/../../../../m68k-amigaos/lib/libc.a(lib_a-ctype_.o)
                              /home/turo/.cache/aminetxduo/toolchain/3869b4427396/lib/gcc/m68k-amigaos/16.2.0b/../../../../m68k-amigaos/lib/libc.a(lib_a-locale.o) (_ctype_2)
/home/turo/.cache/aminetxduo/toolchain/3869b4427396/lib/gcc/m68k-amigaos/16.2.0b/../../../../m68k-amigaos/lib/libc.a(lib_a-__divsi3.o)
                              /home/turo/.cache/aminetxduo/toolchain/3869b4427396/lib/gcc/m68k-amigaos/16.2.0b/../../../../m68k-amigaos/lib/libc.a(lib_a-locale.o) (__modsi3)
/home/turo/.cache/aminetxduo/toolchain/3869b4427396/lib/gcc/m68k-amigaos/16.2.0b/../../../../m68k-amigaos/lib/libc.a(lib_a-findfp.o)
                              /home/turo/.cache/aminetxduo/toolchain/3869b4427396/lib/gcc/m68k-amigaos/16.2.0b/../../../../m68k-amigaos/lib/libc.a(lib_a-impure.o) (__sf_fake_stdin)
/home/turo/.cache/aminetxduo/toolchain/3869b4427396/lib/gcc/m68k-amigaos/16.2.0b/../../../../m68k-amigaos/lib/libc.a(lib_a-fwalk.o)
                              /home/turo/.cache/aminetxduo/toolchain/3869b4427396/lib/gcc/m68k-amigaos/16.2.0b/../../../../m68k-amigaos/lib/libc.a(lib_a-findfp.o) (_fwalk)
/home/turo/.cache/aminetxduo/toolchain/3869b4427396/lib/gcc/m68k-amigaos/16.2.0b/../../../../m68k-amigaos/lib/libc.a(lib_a-getenv_r.o)
                              /home/turo/.cache/aminetxduo/toolchain/3869b4427396/lib/gcc/m68k-amigaos/16.2.0b/../../../../m68k-amigaos/lib/libc.a(lib_a-locale.o) (_getenv_r)
/home/turo/.cache/aminetxduo/toolchain/3869b4427396/lib/gcc/m68k-amigaos/16.2.0b/../../../../m68k-amigaos/lib/libc.a(lib_a-stdio.o)
                              /home/turo/.cache/aminetxduo/toolchain/3869b4427396/lib/gcc/m68k-amigaos/16.2.0b/../../../../m68k-amigaos/lib/libc.a(lib_a-findfp.o) (__sread)
/home/turo/.cache/aminetxduo/toolchain/3869b4427396/lib/gcc/m68k-amigaos/16.2.0b/../../../../m68k-amigaos/lib/libc.a(lib_a-writer.o)
                              /home/turo/.cache/aminetxduo/toolchain/3869b4427396/lib/gcc/m68k-amigaos/16.2.0b/../../../../m68k-amigaos/lib/libc.a(lib_a-stdio.o) (_write_r)
/home/turo/.cache/aminetxduo/toolchain/3869b4427396/lib/gcc/m68k-amigaos/16.2.0b/../../../../m68k-amigaos/lib/libc.a(lib_a-closer.o)
                              /home/turo/.cache/aminetxduo/toolchain/3869b4427396/lib/gcc/m68k-amigaos/16.2.0b/../../../../m68k-amigaos/lib/libc.a(lib_a-stdio.o) (_close_r)
/home/turo/.cache/aminetxduo/toolchain/3869b4427396/lib/gcc/m68k-amigaos/16.2.0b/../../../../m68k-amigaos/lib/libc.a(lib_a-environ.o)
                              /home/turo/.cache/aminetxduo/toolchain/3869b4427396/lib/gcc/m68k-amigaos/16.2.0b/../../../../m68k-amigaos/lib/libc.a(lib_a-getenv_r.o) (environ)
/home/turo/.cache/aminetxduo/toolchain/3869b4427396/lib/gcc/m68k-amigaos/16.2.0b/../../../../m68k-amigaos/lib/libc.a(lib_a-envlock.o)
                              /home/turo/.cache/aminetxduo/toolchain/3869b4427396/lib/gcc/m68k-amigaos/16.2.0b/../../../../m68k-amigaos/lib/libc.a(lib_a-getenv_r.o) (__env_lock)
/home/turo/.cache/aminetxduo/toolchain/3869b4427396/lib/gcc/m68k-amigaos/16.2.0b/../../../../m68k-amigaos/lib/libc.a(lib_a-fclose.o)
                              /home/turo/.cache/aminetxduo/toolchain/3869b4427396/lib/gcc/m68k-amigaos/16.2.0b/../../../../m68k-amigaos/lib/libc.a(lib_a-findfp.o) (_fclose_r)
/home/turo/.cache/aminetxduo/toolchain/3869b4427396/lib/gcc/m68k-amigaos/16.2.0b/../../../../m68k-amigaos/lib/libc.a(lib_a-fflush.o)
                              /home/turo/.cache/aminetxduo/toolchain/3869b4427396/lib/gcc/m68k-amigaos/16.2.0b/../../../../m68k-amigaos/lib/libc.a(lib_a-fclose.o) (__sflush_r)
/home/turo/.cache/aminetxduo/toolchain/3869b4427396/lib/gcc/m68k-amigaos/16.2.0b/../../../../m68k-amigaos/lib/libc.a(lib_a-lseekr.o)
                              /home/turo/.cache/aminetxduo/toolchain/3869b4427396/lib/gcc/m68k-amigaos/16.2.0b/../../../../m68k-amigaos/lib/libc.a(lib_a-stdio.o) (_lseek_r)
/home/turo/.cache/aminetxduo/toolchain/3869b4427396/lib/gcc/m68k-amigaos/16.2.0b/../../../../m68k-amigaos/lib/libc.a(lib_a-open.o)
                              /home/turo/.cache/aminetxduo/toolchain/3869b4427396/lib/gcc/m68k-amigaos/16.2.0b/../../../../m68k-amigaos/lib/libc.a(lib_a-closer.o) (_close)
/home/turo/.cache/aminetxduo/toolchain/3869b4427396/lib/gcc/m68k-amigaos/16.2.0b/../../../../m68k-amigaos/lib/libc.a(lib_a-readr.o)
                              /home/turo/.cache/aminetxduo/toolchain/3869b4427396/lib/gcc/m68k-amigaos/16.2.0b/../../../../m68k-amigaos/lib/libc.a(lib_a-stdio.o) (_read_r)
/home/turo/.cache/aminetxduo/toolchain/3869b4427396/lib/gcc/m68k-amigaos/16.2.0b/../../../../m68k-amigaos/lib/libc.a(lib_a-realloc.o)
                              /home/turo/.cache/aminetxduo/toolchain/3869b4427396/lib/gcc/m68k-amigaos/16.2.0b/../../../../m68k-amigaos/lib/libc.a(lib_a-open.o) (realloc)
/home/turo/.cache/aminetxduo/toolchain/3869b4427396/lib/gcc/m68k-amigaos/16.2.0b/../../../../m68k-amigaos/lib/libc.a(lib_a-dummy.o)
                              /home/turo/.cache/aminetxduo/toolchain/3869b4427396/lib/gcc/m68k-amigaos/16.2.0b/../../../../m68k-amigaos/lib/libc.a(lib_a-lseekr.o) (_lseek)
/home/turo/.cache/aminetxduo/toolchain/3869b4427396/lib/gcc/m68k-amigaos/16.2.0b/libgcc.a(_udivdi3.o)
                              /home/turo/.cache/aminetxduo/toolchain/3869b4427396/lib/gcc/m68k-amigaos/16.2.0b/../../../../m68k-amigaos/lib/libc.a(lib_a-svfiprintf.o) (__udivdi3)
/home/turo/.cache/aminetxduo/toolchain/3869b4427396/lib/gcc/m68k-amigaos/16.2.0b/libgcc.a(_umoddi3.o)
                              /home/turo/.cache/aminetxduo/toolchain/3869b4427396/lib/gcc/m68k-amigaos/16.2.0b/../../../../m68k-amigaos/lib/libc.a(lib_a-svfiprintf.o) (__umoddi3)
/home/turo/.cache/aminetxduo/toolchain/3869b4427396/lib/gcc/m68k-amigaos/16.2.0b/libgcc.a(_clz.o)
                              /home/turo/.cache/aminetxduo/toolchain/3869b4427396/lib/gcc/m68k-amigaos/16.2.0b/libgcc.a(_udivdi3.o) (__clz_tab)

Allocating common symbols
Common symbol       size              file

__maxfh             0x4               /home/turo/.cache/aminetxduo/toolchain/3869b4427396/lib/gcc/m68k-amigaos/16.2.0b/../../../../m68k-amigaos/lib/libc.a(lib_a-open.o)
_WBenchMsg          0x4               /home/turo/.cache/aminetxduo/toolchain/3869b4427396/lib/gcc/m68k-amigaos/16.2.0b/../../../../m68k-amigaos/lib/crt0.o
__commandlen        0x4               /home/turo/.cache/aminetxduo/toolchain/3869b4427396/lib/gcc/m68k-amigaos/16.2.0b/../../../../m68k-amigaos/lib/crt0.o
__fh                0x4               /home/turo/.cache/aminetxduo/toolchain/3869b4427396/lib/gcc/m68k-amigaos/16.2.0b/../../../../m68k-amigaos/lib/libc.a(lib_a-open.o)
SysBase             0x4               /home/turo/.cache/aminetxduo/toolchain/3869b4427396/lib/gcc/m68k-amigaos/16.2.0b/../../../../m68k-amigaos/lib/crt0.o
__commandline       0x4               /home/turo/.cache/aminetxduo/toolchain/3869b4427396/lib/gcc/m68k-amigaos/16.2.0b/../../../../m68k-amigaos/lib/crt0.o
errno               0x4               /home/turo/.cache/aminetxduo/toolchain/3869b4427396/lib/gcc/m68k-amigaos/16.2.0b/../../../../m68k-amigaos/lib/libc.a(lib_a-writer.o)
__argc              0x4               /home/turo/.cache/aminetxduo/toolchain/3869b4427396/lib/gcc/m68k-amigaos/16.2.0b/../../../../m68k-amigaos/lib/crt0.o

Discarded input sections

 .data          0x0000000000000000        0x0 /home/turo/.cache/aminetxduo/toolchain/3869b4427396/lib/gcc/m68k-amigaos/16.2.0b/../../../../m68k-amigaos/lib/libc.a(lib_a-__nocommandline.o)
 .bss           0x0000000000000000        0x8 /home/turo/.cache/aminetxduo/toolchain/3869b4427396/lib/gcc/m68k-amigaos/16.2.0b/../../../../m68k-amigaos/lib/libc.a(lib_a-findfp.o)
 .text          0x0000000000000000       0x44 /home/turo/.cache/aminetxduo/toolchain/3869b4427396/lib/gcc/m68k-amigaos/16.2.0b/../../../../m68k-amigaos/lib/libc.a(lib_a-environ.o)
 .bss           0x0000000000000000        0x4 /home/turo/.cache/aminetxduo/toolchain/3869b4427396/lib/gcc/m68k-amigaos/16.2.0b/../../../../m68k-amigaos/lib/libc.a(lib_a-envlock.o)
 .debug_frame   0x0000000000000000      0x234 /home/turo/.cache/aminetxduo/toolchain/3869b4427396/lib/gcc/m68k-amigaos/16.2.0b/libgcc.a(_udivdi3.o)
 .debug_info    0x0000000000000000      0x808 /home/turo/.cache/aminetxduo/toolchain/3869b4427396/lib/gcc/m68k-amigaos/16.2.0b/libgcc.a(_udivdi3.o)
 .debug_abbrev  0x0000000000000000      0x1b8 /home/turo/.cache/aminetxduo/toolchain/3869b4427396/lib/gcc/m68k-amigaos/16.2.0b/libgcc.a(_udivdi3.o)
 .debug_loclists
                0x0000000000000000      0xf48 /home/turo/.cache/aminetxduo/toolchain/3869b4427396/lib/gcc/m68k-amigaos/16.2.0b/libgcc.a(_udivdi3.o)
 .debug_aranges
                0x0000000000000000       0x20 /home/turo/.cache/aminetxduo/toolchain/3869b4427396/lib/gcc/m68k-amigaos/16.2.0b/libgcc.a(_udivdi3.o)
 .debug_rnglists
                0x0000000000000000       0xd8 /home/turo/.cache/aminetxduo/toolchain/3869b4427396/lib/gcc/m68k-amigaos/16.2.0b/libgcc.a(_udivdi3.o)
 .debug_line    0x0000000000000000      0xa34 /home/turo/.cache/aminetxduo/toolchain/3869b4427396/lib/gcc/m68k-amigaos/16.2.0b/libgcc.a(_udivdi3.o)
 .debug_str     0x0000000000000000      0x20c /home/turo/.cache/aminetxduo/toolchain/3869b4427396/lib/gcc/m68k-amigaos/16.2.0b/libgcc.a(_udivdi3.o)
 .debug_line_str
                0x0000000000000000       0xec /home/turo/.cache/aminetxduo/toolchain/3869b4427396/lib/gcc/m68k-amigaos/16.2.0b/libgcc.a(_udivdi3.o)
 .debug_frame   0x0000000000000000      0x220 /home/turo/.cache/aminetxduo/toolchain/3869b4427396/lib/gcc/m68k-amigaos/16.2.0b/libgcc.a(_umoddi3.o)
 .debug_info    0x0000000000000000      0x834 /home/turo/.cache/aminetxduo/toolchain/3869b4427396/lib/gcc/m68k-amigaos/16.2.0b/libgcc.a(_umoddi3.o)
 .debug_abbrev  0x0000000000000000      0x1e4 /home/turo/.cache/aminetxduo/toolchain/3869b4427396/lib/gcc/m68k-amigaos/16.2.0b/libgcc.a(_umoddi3.o)
 .debug_loclists
                0x0000000000000000      0xab4 /home/turo/.cache/aminetxduo/toolchain/3869b4427396/lib/gcc/m68k-amigaos/16.2.0b/libgcc.a(_umoddi3.o)
 .debug_aranges
                0x0000000000000000       0x20 /home/turo/.cache/aminetxduo/toolchain/3869b4427396/lib/gcc/m68k-amigaos/16.2.0b/libgcc.a(_umoddi3.o)
 .debug_rnglists
                0x0000000000000000       0x90 /home/turo/.cache/aminetxduo/toolchain/3869b4427396/lib/gcc/m68k-amigaos/16.2.0b/libgcc.a(_umoddi3.o)
 .debug_line    0x0000000000000000      0x928 /home/turo/.cache/aminetxduo/toolchain/3869b4427396/lib/gcc/m68k-amigaos/16.2.0b/libgcc.a(_umoddi3.o)
 .debug_str     0x0000000000000000      0x20c /home/turo/.cache/aminetxduo/toolchain/3869b4427396/lib/gcc/m68k-amigaos/16.2.0b/libgcc.a(_umoddi3.o)
 .debug_line_str
                0x0000000000000000       0xec /home/turo/.cache/aminetxduo/toolchain/3869b4427396/lib/gcc/m68k-amigaos/16.2.0b/libgcc.a(_umoddi3.o)
 .debug_info    0x0000000000000000       0xe0 /home/turo/.cache/aminetxduo/toolchain/3869b4427396/lib/gcc/m68k-amigaos/16.2.0b/libgcc.a(_clz.o)
 .debug_abbrev  0x0000000000000000       0x78 /home/turo/.cache/aminetxduo/toolchain/3869b4427396/lib/gcc/m68k-amigaos/16.2.0b/libgcc.a(_clz.o)
 .debug_aranges
                0x0000000000000000       0x18 /home/turo/.cache/aminetxduo/toolchain/3869b4427396/lib/gcc/m68k-amigaos/16.2.0b/libgcc.a(_clz.o)
 .debug_line    0x0000000000000000       0x4c /home/turo/.cache/aminetxduo/toolchain/3869b4427396/lib/gcc/m68k-amigaos/16.2.0b/libgcc.a(_clz.o)
 .debug_str     0x0000000000000000      0x170 /home/turo/.cache/aminetxduo/toolchain/3869b4427396/lib/gcc/m68k-amigaos/16.2.0b/libgcc.a(_clz.o)
 .debug_line_str
                0x0000000000000000       0xec /home/turo/.cache/aminetxduo/toolchain/3869b4427396/lib/gcc/m68k-amigaos/16.2.0b/libgcc.a(_clz.o)

Memory Configuration

Name             Origin             Length             Attributes
*default*        0x0000000000000000 0xffffffffffffffff

Linker script and memory map

LOAD /home/turo/.cache/aminetxduo/toolchain/3869b4427396/lib/gcc/m68k-amigaos/16.2.0b/../../../../m68k-amigaos/lib/crt0.o
LOAD CMakeFiles/profspin.dir/profspin.c.obj
LOAD CMakeFiles/profspin.dir/profspin.S.obj
START GROUP
LOAD /home/turo/.cache/aminetxduo/toolchain/3869b4427396/lib/gcc/m68k-amigaos/16.2.0b/../../../../m68k-amigaos/lib/libc.a
LOAD /home/turo/.cache/aminetxduo/toolchain/3869b4427396/lib/gcc/m68k-amigaos/16.2.0b/../../../../m68k-amigaos/lib/libstubs.a
LOAD /home/turo/.cache/aminetxduo/toolchain/3869b4427396/lib/gcc/m68k-amigaos/16.2.0b/../../../../m68k-amigaos/lib/libamiga.a
LOAD /home/turo/.cache/aminetxduo/toolchain/3869b4427396/lib/gcc/m68k-amigaos/16.2.0b/libgcc.a
END GROUP
                [!provide]                        PROVIDE (___machtype = 0x0)
                0x0000000000000000                . = 0x0

.text           0x0000000000000000     0x7a98
                0x0000000000000000                __stext = .
 *(.text)
 .text          0x0000000000000000      0x284 /home/turo/.cache/aminetxduo/toolchain/3869b4427396/lib/gcc/m68k-amigaos/16.2.0b/../../../../m68k-amigaos/lib/crt0.o
                0x0000000000000000                ____start
                0x00000000000000c4                __exit
                0x00000000000000c4                _exit
                0x00000000000000c4                exit
                0x000000000000010c                callfuncs
                0x0000000000000170                __initlibraries
                0x0000000000000206                __exitlibraries
                0x0000000000000246                __initcpp
                0x000000000000026a                __exitcpp
 .text          0x0000000000000284      0x554 CMakeFiles/profspin.dir/profspin.c.obj
                0x00000000000003e6                main
 .text          0x00000000000007d8       0x3c CMakeFiles/profspin.dir/profspin.S.obj
                0x00000000000007d8                spin_a
                0x00000000000007e8                spin_a_end
                0x00000000000007e8                spin_b
                0x00000000000007fc                spin_b_end
                0x00000000000007fc                spin_c
                0x0000000000000814                spin_c_end
 .text          0x0000000000000814        0xc /home/turo/.cache/aminetxduo/toolchain/3869b4427396/lib/gcc/m68k-amigaos/16.2.0b/../../../../m68k-amigaos/lib/libc.a(lib_a-__dosbase.o)
 .text          0x0000000000000820       0x74 /home/turo/.cache/aminetxduo/toolchain/3869b4427396/lib/gcc/m68k-amigaos/16.2.0b/../../../../m68k-amigaos/lib/libc.a(lib_a-memset.o)
                0x0000000000000820                memset
 .text          0x0000000000000894      0x298 /home/turo/.cache/aminetxduo/toolchain/3869b4427396/lib/gcc/m68k-amigaos/16.2.0b/../../../../m68k-amigaos/lib/libc.a(lib_a-__nocommandline.o)
                0x0000000000000894                __initcommandline
                0x0000000000000ae2                __exitcommandline
 .text          0x0000000000000b2c      0x168 /home/turo/.cache/aminetxduo/toolchain/3869b4427396/lib/gcc/m68k-amigaos/16.2.0b/../../../../m68k-amigaos/lib/libc.a(lib_a-sniprintf.o)
                0x0000000000000b2c                _sniprintf_r
                0x0000000000000bdc                sniprintf
 .text          0x0000000000000c94       0x1c /home/turo/.cache/aminetxduo/toolchain/3869b4427396/lib/gcc/m68k-amigaos/16.2.0b/../../../../m68k-amigaos/lib/libc.a(lib_a-__stdiowin.o)
 .text          0x0000000000000cb0       0x4c /home/turo/.cache/aminetxduo/toolchain/3869b4427396/lib/gcc/m68k-amigaos/16.2.0b/../../../../m68k-amigaos/lib/libc.a(lib_a-strcat.o)
                0x0000000000000cb0                strcat
 .text          0x0000000000000cfc       0x14 /home/turo/.cache/aminetxduo/toolchain/3869b4427396/lib/gcc/m68k-amigaos/16.2.0b/../../../../m68k-amigaos/lib/libc.a(lib_a-strcpy.o)
                0x0000000000000cfc                strcpy
 .text          0x0000000000000d10       0x14 /home/turo/.cache/aminetxduo/toolchain/3869b4427396/lib/gcc/m68k-amigaos/16.2.0b/../../../../m68k-amigaos/lib/libc.a(lib_a-strlen.o)
                0x0000000000000d10                strlen
 .text          0x0000000000000d24      0x630 /home/turo/.cache/aminetxduo/toolchain/3869b4427396/lib/gcc/m68k-amigaos/16.2.0b/../../../../m68k-amigaos/lib/libc.a(lib_a-strstr.o)
                0x00000000000010d2                strstr
 .text          0x0000000000001354     0x1628 /home/turo/.cache/aminetxduo/toolchain/3869b4427396/lib/gcc/m68k-amigaos/16.2.0b/../../../../m68k-amigaos/lib/libc.a(lib_a-svfiprintf.o)
                0x0000000000001354                __ssprint_r
                0x000000000000150a                _svfiprintf_r
 .text          0x000000000000297c       0xac /home/turo/.cache/aminetxduo/toolchain/3869b4427396/lib/gcc/m68k-amigaos/16.2.0b/../../../../m68k-amigaos/lib/libc.a(lib_a-vallocr.o)
                0x000000000000297c                _calloc_r
                0x00000000000029bc                _realloc_r
 .text          0x0000000000002a28      0x240 /home/turo/.cache/aminetxduo/toolchain/3869b4427396/lib/gcc/m68k-amigaos/16.2.0b/../../../../m68k-amigaos/lib/libc.a(lib_a-wcrtomb.o)
                0x0000000000002a28                _wcrtomb_r
                0x0000000000002b3e                wcrtomb
 .text          0x0000000000002c68       0x54 /home/turo/.cache/aminetxduo/toolchain/3869b4427396/lib/gcc/m68k-amigaos/16.2.0b/../../../../m68k-amigaos/lib/libc.a(lib_a-wcsrtombs.o)
                0x0000000000002c68                _wcsrtombs_r
                0x0000000000002c92                wcsrtombs
 .text          0x0000000000002cbc      0xa94 /home/turo/.cache/aminetxduo/toolchain/3869b4427396/lib/gcc/m68k-amigaos/16.2.0b/../../../../m68k-amigaos/lib/libc.a(malloc.o)
                0x0000000000002cbc                Tree::Leaf::next()
                0x0000000000002cfe                Tree::Leaf::prev()
                0x0000000000002d40                Tree::drr(Tree::Leaf*, Tree::Leaf*)
                0x0000000000002dbe                Tree::rr(Tree::Leaf*, Tree::Leaf*)
                0x0000000000002e0c                Tree::drl(Tree::Leaf*, Tree::Leaf*)
                0x0000000000002e8a                Tree::rl(Tree::Leaf*, Tree::Leaf*)
                0x0000000000002eda                Tree::fixAdd(Tree::Leaf*)
                0x0000000000002fd8                Tree::fixRemove(Tree::Leaf*)
                0x000000000000311a                __sys_free(char*)
                0x0000000000003132                __sys_alloc(unsigned int)
                0x0000000000003158                RawMem::alloc(unsigned int)
                0x000000000000316c                MemMap::find(int)
                0x000000000000319e                MemMap::unlink(MemMap::Leaf*)
                0x00000000000031c0                MemMap::put(MemMap::Leaf*)
                0x000000000000322a                MemMap::alloc(unsigned int)
                0x00000000000033dc                MemMap::free(char*)
                0x00000000000035bc                _malloc_r
                0x00000000000035ca                _free_r
                0x00000000000035de                __free_all
 .text          0x0000000000003750       0x1c /home/turo/.cache/aminetxduo/toolchain/3869b4427396/lib/gcc/m68k-amigaos/16.2.0b/../../../../m68k-amigaos/lib/libc.a(lib_a-calloc.o)
                0x0000000000003750                calloc
 .text          0x000000000000376c        0x4 /home/turo/.cache/aminetxduo/toolchain/3869b4427396/lib/gcc/m68k-amigaos/16.2.0b/../../../../m68k-amigaos/lib/libc.a(lib_a-impure.o)
                0x000000000000376c                _global_impure_ptr
 .text          0x0000000000003770       0x50 /home/turo/.cache/aminetxduo/toolchain/3869b4427396/lib/gcc/m68k-amigaos/16.2.0b/../../../../m68k-amigaos/lib/libc.a(lib_a-localeconv.o)
                0x0000000000003770                __localeconv_l
                0x000000000000377a                _localeconv_r
                0x000000000000379c                localeconv
 .text          0x00000000000037c0      0xe88 /home/turo/.cache/aminetxduo/toolchain/3869b4427396/lib/gcc/m68k-amigaos/16.2.0b/../../../../m68k-amigaos/lib/libc.a(lib_a-locale.o)
                0x000000000000380a                __C_locale
                0x0000000000003974                _setlocale_r
                0x0000000000003db8                __loadlocale
                0x000000000000457c                __get_locale_env
                0x00000000000045dc                __locale_mb_cur_max
                0x0000000000004604                __locale_ctype_ptr_l
                0x000000000000460e                __locale_ctype_ptr
                0x000000000000462e                setlocale
 .text          0x0000000000004648       0x28 /home/turo/.cache/aminetxduo/toolchain/3869b4427396/lib/gcc/m68k-amigaos/16.2.0b/../../../../m68k-amigaos/lib/libc.a(lib_a-malloc.o)
                0x0000000000004648                malloc
                0x000000000000465c                free
 .text          0x0000000000004670      0x730 /home/turo/.cache/aminetxduo/toolchain/3869b4427396/lib/gcc/m68k-amigaos/16.2.0b/../../../../m68k-amigaos/lib/libc.a(lib_a-mbtowc_r.o)
                0x0000000000004670                _mbtowc_r
                0x00000000000046d4                __ascii_mbtowc
                0x0000000000004712                __utf8_mbtowc
                0x0000000000004a00                __sjis_mbtowc
                0x0000000000004ad0                __eucjp_mbtowc
                0x0000000000004be2                __jis_mbtowc
 .text          0x0000000000004da0       0xb4 /home/turo/.cache/aminetxduo/toolchain/3869b4427396/lib/gcc/m68k-amigaos/16.2.0b/../../../../m68k-amigaos/lib/libc.a(lib_a-memchr.o)
                0x0000000000004da0                memchr
 .text          0x0000000000004e54       0x80 /home/turo/.cache/aminetxduo/toolchain/3869b4427396/lib/gcc/m68k-amigaos/16.2.0b/../../../../m68k-amigaos/lib/libc.a(lib_a-memcmp.o)
                0x0000000000004e54                memcmp
 .text          0x0000000000004ed4       0x70 /home/turo/.cache/aminetxduo/toolchain/3869b4427396/lib/gcc/m68k-amigaos/16.2.0b/../../../../m68k-amigaos/lib/libc.a(lib_a-memcpy.o)
                0x0000000000004ed4                memcpy
 .text          0x0000000000004f44      0x100 /home/turo/.cache/aminetxduo/toolchain/3869b4427396/lib/gcc/m68k-amigaos/16.2.0b/../../../../m68k-amigaos/lib/libc.a(lib_a-memmove.o)
                0x0000000000004f44                memmove
 .text          0x0000000000005044       0x2c /home/turo/.cache/aminetxduo/toolchain/3869b4427396/lib/gcc/m68k-amigaos/16.2.0b/../../../../m68k-amigaos/lib/libc.a(lib_a-__mulsi3.o)
                0x0000000000005044                __mulsi3
 .text          0x0000000000005070       0x78 /home/turo/.cache/aminetxduo/toolchain/3869b4427396/lib/gcc/m68k-amigaos/16.2.0b/../../../../m68k-amigaos/lib/libc.a(lib_a-strcasecmp.o)
                0x0000000000005070                strcasecmp
 .text          0x00000000000050e8       0xe0 /home/turo/.cache/aminetxduo/toolchain/3869b4427396/lib/gcc/m68k-amigaos/16.2.0b/../../../../m68k-amigaos/lib/libc.a(lib_a-strchr.o)
                0x00000000000050e8                strchr
 .text          0x00000000000051c8       0x64 /home/turo/.cache/aminetxduo/toolchain/3869b4427396/lib/gcc/m68k-amigaos/16.2.0b/../../../../m68k-amigaos/lib/libc.a(lib_a-strcmp.o)
                0x00000000000051c8                strcmp
 .text          0x000000000000522c       0x3c /home/turo/.cache/aminetxduo/toolchain/3869b4427396/lib/gcc/m68k-amigaos/16.2.0b/../../../../m68k-amigaos/lib/libc.a(lib_a-strlcpy.o)
                0x000000000000522c                strlcpy
 .text          0x0000000000005268       0x84 /home/turo/.cache/aminetxduo/toolchain/3869b4427396/lib/gcc/m68k-amigaos/16.2.0b/../../../../m68k-amigaos/lib/libc.a(lib_a-strncasecmp.o)
                0x0000000000005268                strncasecmp
 .text          0x00000000000052ec       0xa0 /home/turo/.cache/aminetxduo/toolchain/3869b4427396/lib/gcc/m68k-amigaos/16.2.0b/../../../../m68k-amigaos/lib/libc.a(lib_a-strncmp.o)
                0x00000000000052ec                strncmp
 .text          0x000000000000538c       0x90 /home/turo/.cache/aminetxduo/toolchain/3869b4427396/lib/gcc/m68k-amigaos/16.2.0b/../../../../m68k-amigaos/lib/libc.a(lib_a-strncpy.o)
                0x000000000000538c                strncpy
 .text          0x000000000000541c      0x328 /home/turo/.cache/aminetxduo/toolchain/3869b4427396/lib/gcc/m68k-amigaos/16.2.0b/../../../../m68k-amigaos/lib/libc.a(lib_a-strtol.o)
                0x000000000000541c                _strtol_r
                0x000000000000546e                strtol_l
                0x0000000000005490                strtol
 .text          0x0000000000005744       0x58 /home/turo/.cache/aminetxduo/toolchain/3869b4427396/lib/gcc/m68k-amigaos/16.2.0b/../../../../m68k-amigaos/lib/libc.a(lib_a-__udivsi3.o)
                0x0000000000005744                __umodsi3
                0x0000000000005750                __udivsi3
                0x0000000000005756                __udivsi4
 .text          0x000000000000579c      0x218 /home/turo/.cache/aminetxduo/toolchain/3869b4427396/lib/gcc/m68k-amigaos/16.2.0b/../../../../m68k-amigaos/lib/libc.a(lib_a-wcsnrtombs.o)
                0x000000000000579c                _wcsnrtombs_l
                0x00000000000058fa                _wcsnrtombs_r
                0x0000000000005956                wcsnrtombs
 .text          0x00000000000059b4      0x300 /home/turo/.cache/aminetxduo/toolchain/3869b4427396/lib/gcc/m68k-amigaos/16.2.0b/../../../../m68k-amigaos/lib/libc.a(lib_a-wctomb_r.o)
                0x00000000000059b4                _wctomb_r
                0x0000000000005a08                __ascii_wctomb
                0x0000000000005a34                __utf8_wctomb
                0x0000000000005b0e                __sjis_wctomb
                0x0000000000005b86                __eucjp_wctomb
                0x0000000000005c1e                __jis_wctomb
 .text          0x0000000000005cb4      0x110 /home/turo/.cache/aminetxduo/toolchain/3869b4427396/lib/gcc/m68k-amigaos/16.2.0b/../../../../m68k-amigaos/lib/libc.a(lib_a-ctype_.o)
                0x0000000000005cb4                _ctype_2
                0x0000000000005db6                __set_ctype
 .text          0x0000000000005dc4       0x50 /home/turo/.cache/aminetxduo/toolchain/3869b4427396/lib/gcc/m68k-amigaos/16.2.0b/../../../../m68k-amigaos/lib/libc.a(lib_a-__divsi3.o)
                0x0000000000005dc4                __modsi3
                0x0000000000005dd0                __divsi3
                0x0000000000005dd0                ldiv
                0x0000000000005dd0                div
 .text          0x0000000000005e14      0x4a0 /home/turo/.cache/aminetxduo/toolchain/3869b4427396/lib/gcc/m68k-amigaos/16.2.0b/../../../../m68k-amigaos/lib/libc.a(lib_a-findfp.o)
                0x0000000000005e14                __sf_fake_stdin
                0x0000000000005e34                __sf_fake_stdout
                0x0000000000005e54                __sf_fake_stderr
                0x0000000000005e74                __sfmoreglue
                0x0000000000005ecc                __sfp
                0x0000000000005f9a                _cleanup_r
                0x0000000000005fae                _cleanup
                0x0000000000005fc4                __sinit
                0x0000000000005fd4                __sfp_lock_acquire
                0x0000000000005fd6                __sfp_lock_release
                0x0000000000005fd8                __sinit_lock_acquire
                0x0000000000005fda                __sinit_lock_release
                0x0000000000005fe4                __fp_lock_all
                0x0000000000005ff8                __fp_unlock_all
 .text          0x00000000000062b4       0xcc /home/turo/.cache/aminetxduo/toolchain/3869b4427396/lib/gcc/m68k-amigaos/16.2.0b/../../../../m68k-amigaos/lib/libc.a(lib_a-fwalk.o)
                0x00000000000062b4                _fwalk
                0x0000000000006318                _fwalk_reent
 .text          0x0000000000006380       0xb0 /home/turo/.cache/aminetxduo/toolchain/3869b4427396/lib/gcc/m68k-amigaos/16.2.0b/../../../../m68k-amigaos/lib/libc.a(lib_a-getenv_r.o)
                0x0000000000006380                _findenv_r
                0x0000000000006416                _getenv_r
 .text          0x0000000000006430      0x110 /home/turo/.cache/aminetxduo/toolchain/3869b4427396/lib/gcc/m68k-amigaos/16.2.0b/../../../../m68k-amigaos/lib/libc.a(lib_a-stdio.o)
                0x0000000000006430                __sread
                0x0000000000006468                __seofread
                0x000000000000646c                __swrite
                0x00000000000064ee                __sseek
                0x000000000000652e                __sclose
 .text          0x0000000000006540       0x3c /home/turo/.cache/aminetxduo/toolchain/3869b4427396/lib/gcc/m68k-amigaos/16.2.0b/../../../../m68k-amigaos/lib/libc.a(lib_a-writer.o)
                0x0000000000006540                _write_r
 .text          0x000000000000657c       0x2c /home/turo/.cache/aminetxduo/toolchain/3869b4427396/lib/gcc/m68k-amigaos/16.2.0b/../../../../m68k-amigaos/lib/libc.a(lib_a-closer.o)
                0x000000000000657c                _close_r
 .text          0x00000000000065a8        0x4 /home/turo/.cache/aminetxduo/toolchain/3869b4427396/lib/gcc/m68k-amigaos/16.2.0b/../../../../m68k-amigaos/lib/libc.a(lib_a-envlock.o)
                0x00000000000065a8                __env_lock
                0x00000000000065aa                __env_unlock
 .text          0x00000000000065ac      0x134 /home/turo/.cache/aminetxduo/toolchain/3869b4427396/lib/gcc/m68k-amigaos/16.2.0b/../../../../m68k-amigaos/lib/libc.a(lib_a-fclose.o)
                0x00000000000065ac                _fclose_r
                0x00000000000066cc                fclose
 .text          0x00000000000066e0      0x274 /home/turo/.cache/aminetxduo/toolchain/3869b4427396/lib/gcc/m68k-amigaos/16.2.0b/../../../../m68k-amigaos/lib/libc.a(lib_a-fflush.o)
                0x00000000000066e0                __sflush_r
                0x00000000000068a0                _fflush_r
                0x0000000000006928                fflush
 .text          0x0000000000006954       0x3c /home/turo/.cache/aminetxduo/toolchain/3869b4427396/lib/gcc/m68k-amigaos/16.2.0b/../../../../m68k-amigaos/lib/libc.a(lib_a-lseekr.o)
                0x0000000000006954                _lseek_r
 .text          0x0000000000006990      0x2a8 /home/turo/.cache/aminetxduo/toolchain/3869b4427396/lib/gcc/m68k-amigaos/16.2.0b/../../../../m68k-amigaos/lib/libc.a(lib_a-open.o)
                0x0000000000006990                _open
                0x0000000000006990                open
                0x0000000000006a84                _close
                0x0000000000006a84                close
                0x0000000000006acc                _write
                0x0000000000006acc                write
                0x0000000000006b14                _read
                0x0000000000006b14                read
                0x0000000000006b5c                __init_fh
                0x0000000000006b88                __exit_fh
                0x0000000000006ba0                _isatty
 .text          0x0000000000006c38       0x3c /home/turo/.cache/aminetxduo/toolchain/3869b4427396/lib/gcc/m68k-amigaos/16.2.0b/../../../../m68k-amigaos/lib/libc.a(lib_a-readr.o)
                0x0000000000006c38                _read_r
 .text          0x0000000000006c74       0x1c /home/turo/.cache/aminetxduo/toolchain/3869b4427396/lib/gcc/m68k-amigaos/16.2.0b/../../../../m68k-amigaos/lib/libc.a(lib_a-realloc.o)
                0x0000000000006c74                realloc
 .text          0x0000000000006c90       0xc8 /home/turo/.cache/aminetxduo/toolchain/3869b4427396/lib/gcc/m68k-amigaos/16.2.0b/../../../../m68k-amigaos/lib/libc.a(lib_a-dummy.o)
                0x0000000000006c90                _kill
                0x0000000000006c92                _getpid
                0x0000000000006ca4                _lseek
                0x0000000000006d2e                lseek
                0x0000000000006d32                _fstat
                0x0000000000006d36                _unlink
                0x0000000000006d54                ioctl
 .text          0x0000000000006d58      0x628 /home/turo/.cache/aminetxduo/toolchain/3869b4427396/lib/gcc/m68k-amigaos/16.2.0b/libgcc.a(_udivdi3.o)
                0x0000000000006d58                __udivdi3
 .text          0x0000000000007380      0x5bc /home/turo/.cache/aminetxduo/toolchain/3869b4427396/lib/gcc/m68k-amigaos/16.2.0b/libgcc.a(_umoddi3.o)
                0x0000000000007380                __umoddi3
 .text          0x000000000000793c      0x100 /home/turo/.cache/aminetxduo/toolchain/3869b4427396/lib/gcc/m68k-amigaos/16.2.0b/libgcc.a(_clz.o)
                0x000000000000793c                __clz_tab
 *(.text.main)
 *(.text*)
 *(.rodata*)
 *(.data.rel.ro*)
 *(.gnu.linkonce.t.*)
 *(.gnu.linkonce.r.*)
 *(SORT_BY_NAME(.list___EH_FRAME*))
 *(SORT_BY_NAME(.list_*))
 .list___CTOR_LIST__
                0x0000000000007a3c        0x4 /home/turo/.cache/aminetxduo/toolchain/3869b4427396/lib/gcc/m68k-amigaos/16.2.0b/../../../../m68k-amigaos/lib/crt0.o
                0x0000000000007a3c                __CTOR_LIST__
 .list___DTOR_LIST__
                0x0000000000007a40        0x4 /home/turo/.cache/aminetxduo/toolchain/3869b4427396/lib/gcc/m68k-amigaos/16.2.0b/../../../../m68k-amigaos/lib/crt0.o
                0x0000000000007a40                __DTOR_LIST__
 .list___EXIT_LIST__
                0x0000000000007a44       0x14 /home/turo/.cache/aminetxduo/toolchain/3869b4427396/lib/gcc/m68k-amigaos/16.2.0b/../../../../m68k-amigaos/lib/crt0.o
                0x0000000000007a44                __EXIT_LIST__
 .list___EXIT_LIST__
                0x0000000000007a58        0x8 /home/turo/.cache/aminetxduo/toolchain/3869b4427396/lib/gcc/m68k-amigaos/16.2.0b/../../../../m68k-amigaos/lib/libc.a(lib_a-__nocommandline.o)
 .list___EXIT_LIST__
                0x0000000000007a60        0x8 /home/turo/.cache/aminetxduo/toolchain/3869b4427396/lib/gcc/m68k-amigaos/16.2.0b/../../../../m68k-amigaos/lib/libc.a(malloc.o)
 .list___EXIT_LIST__
                0x0000000000007a68        0x8 /home/turo/.cache/aminetxduo/toolchain/3869b4427396/lib/gcc/m68k-amigaos/16.2.0b/../../../../m68k-amigaos/lib/libc.a(lib_a-open.o)
 .list___INIT_LIST__
                0x0000000000007a70       0x14 /home/turo/.cache/aminetxduo/toolchain/3869b4427396/lib/gcc/m68k-amigaos/16.2.0b/../../../../m68k-amigaos/lib/crt0.o
                0x0000000000007a70                __INIT_LIST__
 .list___INIT_LIST__
                0x0000000000007a84        0x8 /home/turo/.cache/aminetxduo/toolchain/3869b4427396/lib/gcc/m68k-amigaos/16.2.0b/../../../../m68k-amigaos/lib/libc.a(lib_a-__nocommandline.o)
 .list___INIT_LIST__
                0x0000000000007a8c        0x8 /home/turo/.cache/aminetxduo/toolchain/3869b4427396/lib/gcc/m68k-amigaos/16.2.0b/../../../../m68k-amigaos/lib/libc.a(lib_a-open.o)
 *(.end_of_lists)
 .end_of_lists  0x0000000000007a94        0x4 /home/turo/.cache/aminetxduo/toolchain/3869b4427396/lib/gcc/m68k-amigaos/16.2.0b/../../../../m68k-amigaos/lib/crt0.o
                0x0000000000007a94                __ZZZ_LIST__
                0x0000000000007a98                ___datadata_relocs = .
                0x0000000000007a98                __etext = .
                0x0000000000007a98                ___text_size = SIZEOF (.text)
                0x0000000000007a98                . = ALIGN (0x0)

.data           0x0000000000007a98      0x34c
                0x0000000000007a98                __sdata = .
 *(SORT_BY_NAME(.list___EH_FRAME*))
 *(SORT_BY_NAME(.dlist_*))
 .dlist___LIB_LIST__
                0x0000000000007a98        0x4 /home/turo/.cache/aminetxduo/toolchain/3869b4427396/lib/gcc/m68k-amigaos/16.2.0b/../../../../m68k-amigaos/lib/crt0.o
                0x0000000000007a98                __LIB_LIST__
 .dlist___LIB_LIST__
                0x0000000000007a9c        0x8 /home/turo/.cache/aminetxduo/toolchain/3869b4427396/lib/gcc/m68k-amigaos/16.2.0b/../../../../m68k-amigaos/lib/libc.a(lib_a-__dosbase.o)
                0x0000000000007a9c                DOSBase
 *(.end_of_dlists)
 .end_of_dlists
                0x0000000000007aa4        0x4 /home/turo/.cache/aminetxduo/toolchain/3869b4427396/lib/gcc/m68k-amigaos/16.2.0b/../../../../m68k-amigaos/lib/crt0.o
                0x0000000000007aa4                __ZZZ_DLIST__
 *(.data)
 .data          0x0000000000007aa8        0x4 /home/turo/.cache/aminetxduo/toolchain/3869b4427396/lib/gcc/m68k-amigaos/16.2.0b/../../../../m68k-amigaos/lib/crt0.o
 .data          0x0000000000007aac        0x4 /home/turo/.cache/aminetxduo/toolchain/3869b4427396/lib/gcc/m68k-amigaos/16.2.0b/../../../../m68k-amigaos/lib/libc.a(lib_a-__stdiowin.o)
                0x0000000000007aac                __stdiowin
 .data          0x0000000000007ab0       0xf4 /home/turo/.cache/aminetxduo/toolchain/3869b4427396/lib/gcc/m68k-amigaos/16.2.0b/../../../../m68k-amigaos/lib/libc.a(lib_a-impure.o)
                0x0000000000007ba0                _impure_ptr
 .data          0x0000000000007ba4      0x1a4 /home/turo/.cache/aminetxduo/toolchain/3869b4427396/lib/gcc/m68k-amigaos/16.2.0b/../../../../m68k-amigaos/lib/libc.a(lib_a-locale.o)
                0x0000000000007bc0                __default_locale
                0x0000000000007be0                __global_locale
 .data          0x0000000000007d48       0x90 /home/turo/.cache/aminetxduo/toolchain/3869b4427396/lib/gcc/m68k-amigaos/16.2.0b/../../../../m68k-amigaos/lib/libc.a(lib_a-mbtowc_r.o)
 .data          0x0000000000007dd8        0x4 /home/turo/.cache/aminetxduo/toolchain/3869b4427396/lib/gcc/m68k-amigaos/16.2.0b/../../../../m68k-amigaos/lib/libc.a(lib_a-ctype_.o)
                0x0000000000007dd8                _ctype_
 .data          0x0000000000007ddc        0x4 /home/turo/.cache/aminetxduo/toolchain/3869b4427396/lib/gcc/m68k-amigaos/16.2.0b/../../../../m68k-amigaos/lib/libc.a(lib_a-getenv_r.o)
 .data          0x0000000000007de0        0x4 /home/turo/.cache/aminetxduo/toolchain/3869b4427396/lib/gcc/m68k-amigaos/16.2.0b/../../../../m68k-amigaos/lib/libc.a(lib_a-environ.o)
                0x0000000000007de0                environ
 *(.data.*)
 *(.gnu.linkonce.d.*)
                0x000000000000fa96                ___a4_init = 0x7ffe
                0x0000000000007de4                __edata = .
                0x000000000000034c                ___data_size = SIZEOF (.data)

.bss            0x0000000000007de4      0x32c
                0x0000000000007de4                __bss_start = .
 *(.bss)
 .bss           0x0000000000007de4        0xc /home/turo/.cache/aminetxduo/toolchain/3869b4427396/lib/gcc/m68k-amigaos/16.2.0b/../../../../m68k-amigaos/lib/crt0.o
                0x0000000000007de4                __argv
 .bss           0x0000000000007df0       0x1c CMakeFiles/profspin.dir/profspin.c.obj
 .bss           0x0000000000007e0c        0xc /home/turo/.cache/aminetxduo/toolchain/3869b4427396/lib/gcc/m68k-amigaos/16.2.0b/../../../../m68k-amigaos/lib/libc.a(lib_a-__nocommandline.o)
 .bss           0x0000000000007e18       0x24 /home/turo/.cache/aminetxduo/toolchain/3869b4427396/lib/gcc/m68k-amigaos/16.2.0b/../../../../m68k-amigaos/lib/libc.a(malloc.o)
 .bss           0x0000000000007e3c      0x2ac /home/turo/.cache/aminetxduo/toolchain/3869b4427396/lib/gcc/m68k-amigaos/16.2.0b/../../../../m68k-amigaos/lib/libc.a(lib_a-locale.o)
                0x0000000000007e3c                _PathLocale
 .bss           0x00000000000080e8        0x4 /home/turo/.cache/aminetxduo/toolchain/3869b4427396/lib/gcc/m68k-amigaos/16.2.0b/../../../../m68k-amigaos/lib/libc.a(lib_a-environ.o)
                0x00000000000080e8                initial_env
 .bss           0x00000000000080ec        0x4 /home/turo/.cache/aminetxduo/toolchain/3869b4427396/lib/gcc/m68k-amigaos/16.2.0b/../../../../m68k-amigaos/lib/libc.a(lib_a-open.o)
 *(.bss.*)
 *(COMMON)
 COMMON         0x00000000000080f0       0x14 /home/turo/.cache/aminetxduo/toolchain/3869b4427396/lib/gcc/m68k-amigaos/16.2.0b/../../../../m68k-amigaos/lib/crt0.o
                0x00000000000080f0                _WBenchMsg
                0x00000000000080f4                __commandlen
                0x00000000000080f8                SysBase
                0x00000000000080fc                __commandline
                0x0000000000008100                __argc
 COMMON         0x0000000000008104        0x4 /home/turo/.cache/aminetxduo/toolchain/3869b4427396/lib/gcc/m68k-amigaos/16.2.0b/../../../../m68k-amigaos/lib/libc.a(lib_a-writer.o)
                0x0000000000008104                errno
 COMMON         0x0000000000008108        0x8 /home/turo/.cache/aminetxduo/toolchain/3869b4427396/lib/gcc/m68k-amigaos/16.2.0b/../../../../m68k-amigaos/lib/libc.a(lib_a-open.o)
                0x0000000000008108                __maxfh
                0x000000000000810c                __fh
                0x0000000000008110                __end = .
                0x000000000000032c                ___bss_size = SIZEOF (.bss)

.datachip
 *(.datachip)

.bsschip
 *(.bsschip)
OUTPUT(profspin amiga)

.stab           0x0000000000000000       0x18
 .stab          0x0000000000000000       0x18 /home/turo/.cache/aminetxduo/toolchain/3869b4427396/lib/gcc/m68k-amigaos/16.2.0b/../../../../m68k-amigaos/lib/libc.a(lib_a-__nocommandline.o)

.stabstr        0x0000000000000000       0x28
 .stabstr       0x0000000000000000       0x28 /home/turo/.cache/aminetxduo/toolchain/3869b4427396/lib/gcc/m68k-amigaos/16.2.0b/../../../../m68k-amigaos/lib/libc.a(lib_a-__nocommandline.o)
