Archive member included to satisfy reference by file (symbol)

/home/turo/.cache/aminetxduo/toolchain/3869b4427396/lib/gcc/m68k-amigaos/16.2.0b/../../../../m68k-amigaos/lib/libc.a(lib_a-__dosbase.o)
                              /home/turo/.cache/aminetxduo/toolchain/3869b4427396/lib/gcc/m68k-amigaos/16.2.0b/../../../../m68k-amigaos/lib/crt0.o (DOSBase)
/home/turo/.cache/aminetxduo/toolchain/3869b4427396/lib/gcc/m68k-amigaos/16.2.0b/../../../../m68k-amigaos/lib/libc.a(lib_a-memcmp.o)
                              CMakeFiles/fitzbench.dir/fitzbench.c.obj (memcmp)
/home/turo/.cache/aminetxduo/toolchain/3869b4427396/lib/gcc/m68k-amigaos/16.2.0b/../../../../m68k-amigaos/lib/libc.a(lib_a-memcpy.o)
                              CMakeFiles/fitzbench.dir/fitzbench.c.obj (memcpy)
/home/turo/.cache/aminetxduo/toolchain/3869b4427396/lib/gcc/m68k-amigaos/16.2.0b/../../../../m68k-amigaos/lib/libc.a(lib_a-memset.o)
                              CMakeFiles/fitzbench.dir/fitzbench.c.obj (memset)
/home/turo/.cache/aminetxduo/toolchain/3869b4427396/lib/gcc/m68k-amigaos/16.2.0b/../../../../m68k-amigaos/lib/libc.a(lib_a-__mulsi3.o)
                              CMakeFiles/fitzbench.dir/fitzbench.c.obj (__mulsi3)
/home/turo/.cache/aminetxduo/toolchain/3869b4427396/lib/gcc/m68k-amigaos/16.2.0b/../../../../m68k-amigaos/lib/libc.a(lib_a-__nocommandline.o)
                              /home/turo/.cache/aminetxduo/toolchain/3869b4427396/lib/gcc/m68k-amigaos/16.2.0b/../../../../m68k-amigaos/lib/crt0.o (__nocommandline)
/home/turo/.cache/aminetxduo/toolchain/3869b4427396/lib/gcc/m68k-amigaos/16.2.0b/../../../../m68k-amigaos/lib/libc.a(lib_a-__stdiowin.o)
                              /home/turo/.cache/aminetxduo/toolchain/3869b4427396/lib/gcc/m68k-amigaos/16.2.0b/../../../../m68k-amigaos/lib/libc.a(lib_a-__nocommandline.o) (__stdiowin)
/home/turo/.cache/aminetxduo/toolchain/3869b4427396/lib/gcc/m68k-amigaos/16.2.0b/../../../../m68k-amigaos/lib/libc.a(lib_a-strcat.o)
                              /home/turo/.cache/aminetxduo/toolchain/3869b4427396/lib/gcc/m68k-amigaos/16.2.0b/../../../../m68k-amigaos/lib/crt0.o (strcat)
/home/turo/.cache/aminetxduo/toolchain/3869b4427396/lib/gcc/m68k-amigaos/16.2.0b/../../../../m68k-amigaos/lib/libc.a(lib_a-strcpy.o)
                              /home/turo/.cache/aminetxduo/toolchain/3869b4427396/lib/gcc/m68k-amigaos/16.2.0b/../../../../m68k-amigaos/lib/crt0.o (strcpy)
/home/turo/.cache/aminetxduo/toolchain/3869b4427396/lib/gcc/m68k-amigaos/16.2.0b/../../../../m68k-amigaos/lib/libc.a(lib_a-strlen.o)
                              /home/turo/.cache/aminetxduo/toolchain/3869b4427396/lib/gcc/m68k-amigaos/16.2.0b/../../../../m68k-amigaos/lib/crt0.o (strlen)
/home/turo/.cache/aminetxduo/toolchain/3869b4427396/lib/gcc/m68k-amigaos/16.2.0b/../../../../m68k-amigaos/lib/libc.a(lib_a-strstr.o)
                              /home/turo/.cache/aminetxduo/toolchain/3869b4427396/lib/gcc/m68k-amigaos/16.2.0b/../../../../m68k-amigaos/lib/crt0.o (strstr)
/home/turo/.cache/aminetxduo/toolchain/3869b4427396/lib/gcc/m68k-amigaos/16.2.0b/../../../../m68k-amigaos/lib/libc.a(lib_a-__udivsi3.o)
                              CMakeFiles/fitzbench.dir/fitzbench.c.obj (__udivsi3)
/home/turo/.cache/aminetxduo/toolchain/3869b4427396/lib/gcc/m68k-amigaos/16.2.0b/../../../../m68k-amigaos/lib/libc.a(lib_a-calloc.o)
                              /home/turo/.cache/aminetxduo/toolchain/3869b4427396/lib/gcc/m68k-amigaos/16.2.0b/../../../../m68k-amigaos/lib/libc.a(lib_a-__nocommandline.o) (calloc)
/home/turo/.cache/aminetxduo/toolchain/3869b4427396/lib/gcc/m68k-amigaos/16.2.0b/../../../../m68k-amigaos/lib/libc.a(lib_a-callocr.o)
                              /home/turo/.cache/aminetxduo/toolchain/3869b4427396/lib/gcc/m68k-amigaos/16.2.0b/../../../../m68k-amigaos/lib/libc.a(lib_a-calloc.o) (_calloc_r)
/home/turo/.cache/aminetxduo/toolchain/3869b4427396/lib/gcc/m68k-amigaos/16.2.0b/../../../../m68k-amigaos/lib/libc.a(lib_a-impure.o)
                              /home/turo/.cache/aminetxduo/toolchain/3869b4427396/lib/gcc/m68k-amigaos/16.2.0b/../../../../m68k-amigaos/lib/libc.a(lib_a-calloc.o) (_impure_ptr)
/home/turo/.cache/aminetxduo/toolchain/3869b4427396/lib/gcc/m68k-amigaos/16.2.0b/../../../../m68k-amigaos/lib/libc.a(lib_a-malloc.o)
                              /home/turo/.cache/aminetxduo/toolchain/3869b4427396/lib/gcc/m68k-amigaos/16.2.0b/../../../../m68k-amigaos/lib/libc.a(lib_a-__nocommandline.o) (malloc)
/home/turo/.cache/aminetxduo/toolchain/3869b4427396/lib/gcc/m68k-amigaos/16.2.0b/../../../../m68k-amigaos/lib/libc.a(lib_a-memchr.o)
                              /home/turo/.cache/aminetxduo/toolchain/3869b4427396/lib/gcc/m68k-amigaos/16.2.0b/../../../../m68k-amigaos/lib/libc.a(lib_a-strstr.o) (memchr)
/home/turo/.cache/aminetxduo/toolchain/3869b4427396/lib/gcc/m68k-amigaos/16.2.0b/../../../../m68k-amigaos/lib/libc.a(lib_a-strchr.o)
                              /home/turo/.cache/aminetxduo/toolchain/3869b4427396/lib/gcc/m68k-amigaos/16.2.0b/../../../../m68k-amigaos/lib/libc.a(lib_a-strstr.o) (strchr)
/home/turo/.cache/aminetxduo/toolchain/3869b4427396/lib/gcc/m68k-amigaos/16.2.0b/../../../../m68k-amigaos/lib/libc.a(malloc.o)
                              /home/turo/.cache/aminetxduo/toolchain/3869b4427396/lib/gcc/m68k-amigaos/16.2.0b/../../../../m68k-amigaos/lib/libc.a(lib_a-callocr.o) (_malloc_r)
/home/turo/.cache/aminetxduo/toolchain/3869b4427396/lib/gcc/m68k-amigaos/16.2.0b/../../../../m68k-amigaos/lib/libc.a(lib_a-findfp.o)
                              /home/turo/.cache/aminetxduo/toolchain/3869b4427396/lib/gcc/m68k-amigaos/16.2.0b/../../../../m68k-amigaos/lib/libc.a(lib_a-impure.o) (__sf_fake_stdin)
/home/turo/.cache/aminetxduo/toolchain/3869b4427396/lib/gcc/m68k-amigaos/16.2.0b/../../../../m68k-amigaos/lib/libc.a(lib_a-fwalk.o)
                              /home/turo/.cache/aminetxduo/toolchain/3869b4427396/lib/gcc/m68k-amigaos/16.2.0b/../../../../m68k-amigaos/lib/libc.a(lib_a-findfp.o) (_fwalk)
/home/turo/.cache/aminetxduo/toolchain/3869b4427396/lib/gcc/m68k-amigaos/16.2.0b/../../../../m68k-amigaos/lib/libc.a(lib_a-stdio.o)
                              /home/turo/.cache/aminetxduo/toolchain/3869b4427396/lib/gcc/m68k-amigaos/16.2.0b/../../../../m68k-amigaos/lib/libc.a(lib_a-findfp.o) (__sread)
/home/turo/.cache/aminetxduo/toolchain/3869b4427396/lib/gcc/m68k-amigaos/16.2.0b/../../../../m68k-amigaos/lib/libc.a(lib_a-writer.o)
                              /home/turo/.cache/aminetxduo/toolchain/3869b4427396/lib/gcc/m68k-amigaos/16.2.0b/../../../../m68k-amigaos/lib/libc.a(lib_a-stdio.o) (_write_r)
/home/turo/.cache/aminetxduo/toolchain/3869b4427396/lib/gcc/m68k-amigaos/16.2.0b/../../../../m68k-amigaos/lib/libc.a(lib_a-closer.o)
                              /home/turo/.cache/aminetxduo/toolchain/3869b4427396/lib/gcc/m68k-amigaos/16.2.0b/../../../../m68k-amigaos/lib/libc.a(lib_a-stdio.o) (_close_r)
/home/turo/.cache/aminetxduo/toolchain/3869b4427396/lib/gcc/m68k-amigaos/16.2.0b/../../../../m68k-amigaos/lib/libc.a(lib_a-fclose.o)
                              /home/turo/.cache/aminetxduo/toolchain/3869b4427396/lib/gcc/m68k-amigaos/16.2.0b/../../../../m68k-amigaos/lib/libc.a(lib_a-findfp.o) (_fclose_r)
/home/turo/.cache/aminetxduo/toolchain/3869b4427396/lib/gcc/m68k-amigaos/16.2.0b/../../../../m68k-amigaos/lib/libc.a(lib_a-fflush.o)
                              /home/turo/.cache/aminetxduo/toolchain/3869b4427396/lib/gcc/m68k-amigaos/16.2.0b/../../../../m68k-amigaos/lib/libc.a(lib_a-fclose.o) (__sflush_r)
/home/turo/.cache/aminetxduo/toolchain/3869b4427396/lib/gcc/m68k-amigaos/16.2.0b/../../../../m68k-amigaos/lib/libc.a(lib_a-lseekr.o)
                              /home/turo/.cache/aminetxduo/toolchain/3869b4427396/lib/gcc/m68k-amigaos/16.2.0b/../../../../m68k-amigaos/lib/libc.a(lib_a-stdio.o) (_lseek_r)
/home/turo/.cache/aminetxduo/toolchain/3869b4427396/lib/gcc/m68k-amigaos/16.2.0b/../../../../m68k-amigaos/lib/libc.a(lib_a-open.o)
                              /home/turo/.cache/aminetxduo/toolchain/3869b4427396/lib/gcc/m68k-amigaos/16.2.0b/../../../../m68k-amigaos/lib/libc.a(lib_a-closer.o) (_close)
/home/turo/.cache/aminetxduo/toolchain/3869b4427396/lib/gcc/m68k-amigaos/16.2.0b/../../../../m68k-amigaos/lib/libc.a(lib_a-readr.o)
                              /home/turo/.cache/aminetxduo/toolchain/3869b4427396/lib/gcc/m68k-amigaos/16.2.0b/../../../../m68k-amigaos/lib/libc.a(lib_a-stdio.o) (_read_r)
/home/turo/.cache/aminetxduo/toolchain/3869b4427396/lib/gcc/m68k-amigaos/16.2.0b/../../../../m68k-amigaos/lib/libc.a(lib_a-realloc.o)
                              /home/turo/.cache/aminetxduo/toolchain/3869b4427396/lib/gcc/m68k-amigaos/16.2.0b/../../../../m68k-amigaos/lib/libc.a(lib_a-open.o) (realloc)
/home/turo/.cache/aminetxduo/toolchain/3869b4427396/lib/gcc/m68k-amigaos/16.2.0b/../../../../m68k-amigaos/lib/libc.a(lib_a-dummy.o)
                              /home/turo/.cache/aminetxduo/toolchain/3869b4427396/lib/gcc/m68k-amigaos/16.2.0b/../../../../m68k-amigaos/lib/libc.a(lib_a-lseekr.o) (_lseek)

Allocating common symbols
Common symbol       size              file

__maxfh             0x4               /home/turo/.cache/aminetxduo/toolchain/3869b4427396/lib/gcc/m68k-amigaos/16.2.0b/../../../../m68k-amigaos/lib/libc.a(lib_a-open.o)
_WBenchMsg          0x4               /home/turo/.cache/aminetxduo/toolchain/3869b4427396/lib/gcc/m68k-amigaos/16.2.0b/../../../../m68k-amigaos/lib/crt0.o
__commandlen        0x4               /home/turo/.cache/aminetxduo/toolchain/3869b4427396/lib/gcc/m68k-amigaos/16.2.0b/../../../../m68k-amigaos/lib/crt0.o
__fh                0x4               /home/turo/.cache/aminetxduo/toolchain/3869b4427396/lib/gcc/m68k-amigaos/16.2.0b/../../../../m68k-amigaos/lib/libc.a(lib_a-open.o)
SysBase             0x4               /home/turo/.cache/aminetxduo/toolchain/3869b4427396/lib/gcc/m68k-amigaos/16.2.0b/../../../../m68k-amigaos/lib/crt0.o
__commandline       0x4               /home/turo/.cache/aminetxduo/toolchain/3869b4427396/lib/gcc/m68k-amigaos/16.2.0b/../../../../m68k-amigaos/lib/crt0.o
errno               0x4               /home/turo/.cache/aminetxduo/toolchain/3869b4427396/lib/gcc/m68k-amigaos/16.2.0b/../../../../m68k-amigaos/lib/libc.a(lib_a-writer.o)
__argc              0x4               /home/turo/.cache/aminetxduo/toolchain/3869b4427396/lib/gcc/m68k-amigaos/16.2.0b/../../../../m68k-amigaos/lib/crt0.o

Memory Configuration

Name             Origin             Length             Attributes
*default*        0x0000000000000000 0xffffffffffffffff

Linker script and memory map

LOAD /home/turo/.cache/aminetxduo/toolchain/3869b4427396/lib/gcc/m68k-amigaos/16.2.0b/../../../../m68k-amigaos/lib/crt0.o
LOAD CMakeFiles/fitzbench.dir/fitzbench.c.obj
START GROUP
LOAD /home/turo/.cache/aminetxduo/toolchain/3869b4427396/lib/gcc/m68k-amigaos/16.2.0b/../../../../m68k-amigaos/lib/libc.a
LOAD /home/turo/.cache/aminetxduo/toolchain/3869b4427396/lib/gcc/m68k-amigaos/16.2.0b/../../../../m68k-amigaos/lib/libstubs.a
LOAD /home/turo/.cache/aminetxduo/toolchain/3869b4427396/lib/gcc/m68k-amigaos/16.2.0b/../../../../m68k-amigaos/lib/libamiga.a
LOAD /home/turo/.cache/aminetxduo/toolchain/3869b4427396/lib/gcc/m68k-amigaos/16.2.0b/libgcc.a
END GROUP
                [!provide]                        PROVIDE (___machtype = 0x0)
                0x0000000000000000                . = 0x0

.text           0x0000000000000000     0x3430
                0x0000000000000000                __stext = .
 *(.text)
 .text          0x0000000000000000      0x284 /home/turo/.cache/aminetxduo/toolchain/3869b4427396/lib/gcc/m68k-amigaos/16.2.0b/../../../../m68k-amigaos/lib/crt0.o
                0x0000000000000000                ____start
                0x00000000000000c4                __exit
                0x00000000000000c4                _exit
                0x00000000000000c4                exit
                0x000000000000010c                callfuncs
                0x0000000000000170                __initlibraries
                0x0000000000000206                __exitlibraries
                0x0000000000000246                __initcpp
                0x000000000000026a                __exitcpp
 .text          0x0000000000000284      0xa58 CMakeFiles/fitzbench.dir/fitzbench.c.obj
                0x00000000000007f8                main
 .text          0x0000000000000cdc        0xc /home/turo/.cache/aminetxduo/toolchain/3869b4427396/lib/gcc/m68k-amigaos/16.2.0b/../../../../m68k-amigaos/lib/libc.a(lib_a-__dosbase.o)
 .text          0x0000000000000ce8       0x80 /home/turo/.cache/aminetxduo/toolchain/3869b4427396/lib/gcc/m68k-amigaos/16.2.0b/../../../../m68k-amigaos/lib/libc.a(lib_a-memcmp.o)
                0x0000000000000ce8                memcmp
 .text          0x0000000000000d68       0x70 /home/turo/.cache/aminetxduo/toolchain/3869b4427396/lib/gcc/m68k-amigaos/16.2.0b/../../../../m68k-amigaos/lib/libc.a(lib_a-memcpy.o)
                0x0000000000000d68                memcpy
 .text          0x0000000000000dd8       0x74 /home/turo/.cache/aminetxduo/toolchain/3869b4427396/lib/gcc/m68k-amigaos/16.2.0b/../../../../m68k-amigaos/lib/libc.a(lib_a-memset.o)
                0x0000000000000dd8                memset
 .text          0x0000000000000e4c       0x2c /home/turo/.cache/aminetxduo/toolchain/3869b4427396/lib/gcc/m68k-amigaos/16.2.0b/../../../../m68k-amigaos/lib/libc.a(lib_a-__mulsi3.o)
                0x0000000000000e4c                __mulsi3
 .text          0x0000000000000e78      0x298 /home/turo/.cache/aminetxduo/toolchain/3869b4427396/lib/gcc/m68k-amigaos/16.2.0b/../../../../m68k-amigaos/lib/libc.a(lib_a-__nocommandline.o)
                0x0000000000000e78                __initcommandline
                0x00000000000010c6                __exitcommandline
 .text          0x0000000000001110       0x1c /home/turo/.cache/aminetxduo/toolchain/3869b4427396/lib/gcc/m68k-amigaos/16.2.0b/../../../../m68k-amigaos/lib/libc.a(lib_a-__stdiowin.o)
 .text          0x000000000000112c       0x4c /home/turo/.cache/aminetxduo/toolchain/3869b4427396/lib/gcc/m68k-amigaos/16.2.0b/../../../../m68k-amigaos/lib/libc.a(lib_a-strcat.o)
                0x000000000000112c                strcat
 .text          0x0000000000001178       0x14 /home/turo/.cache/aminetxduo/toolchain/3869b4427396/lib/gcc/m68k-amigaos/16.2.0b/../../../../m68k-amigaos/lib/libc.a(lib_a-strcpy.o)
                0x0000000000001178                strcpy
 .text          0x000000000000118c       0x14 /home/turo/.cache/aminetxduo/toolchain/3869b4427396/lib/gcc/m68k-amigaos/16.2.0b/../../../../m68k-amigaos/lib/libc.a(lib_a-strlen.o)
                0x000000000000118c                strlen
 .text          0x00000000000011a0      0x630 /home/turo/.cache/aminetxduo/toolchain/3869b4427396/lib/gcc/m68k-amigaos/16.2.0b/../../../../m68k-amigaos/lib/libc.a(lib_a-strstr.o)
                0x000000000000154e                strstr
 .text          0x00000000000017d0       0x58 /home/turo/.cache/aminetxduo/toolchain/3869b4427396/lib/gcc/m68k-amigaos/16.2.0b/../../../../m68k-amigaos/lib/libc.a(lib_a-__udivsi3.o)
                0x00000000000017d0                __umodsi3
                0x00000000000017dc                __udivsi3
                0x00000000000017e2                __udivsi4
 .text          0x0000000000001828       0x1c /home/turo/.cache/aminetxduo/toolchain/3869b4427396/lib/gcc/m68k-amigaos/16.2.0b/../../../../m68k-amigaos/lib/libc.a(lib_a-calloc.o)
                0x0000000000001828                calloc
 .text          0x0000000000001844       0xac /home/turo/.cache/aminetxduo/toolchain/3869b4427396/lib/gcc/m68k-amigaos/16.2.0b/../../../../m68k-amigaos/lib/libc.a(lib_a-callocr.o)
                0x0000000000001844                _calloc_r
                0x0000000000001884                _realloc_r
 .text          0x00000000000018f0        0x4 /home/turo/.cache/aminetxduo/toolchain/3869b4427396/lib/gcc/m68k-amigaos/16.2.0b/../../../../m68k-amigaos/lib/libc.a(lib_a-impure.o)
                0x00000000000018f0                _global_impure_ptr
 .text          0x00000000000018f4       0x28 /home/turo/.cache/aminetxduo/toolchain/3869b4427396/lib/gcc/m68k-amigaos/16.2.0b/../../../../m68k-amigaos/lib/libc.a(lib_a-malloc.o)
                0x00000000000018f4                malloc
                0x0000000000001908                free
 .text          0x000000000000191c       0xb4 /home/turo/.cache/aminetxduo/toolchain/3869b4427396/lib/gcc/m68k-amigaos/16.2.0b/../../../../m68k-amigaos/lib/libc.a(lib_a-memchr.o)
                0x000000000000191c                memchr
 .text          0x00000000000019d0       0xe0 /home/turo/.cache/aminetxduo/toolchain/3869b4427396/lib/gcc/m68k-amigaos/16.2.0b/../../../../m68k-amigaos/lib/libc.a(lib_a-strchr.o)
                0x00000000000019d0                strchr
 .text          0x0000000000001ab0      0xa94 /home/turo/.cache/aminetxduo/toolchain/3869b4427396/lib/gcc/m68k-amigaos/16.2.0b/../../../../m68k-amigaos/lib/libc.a(malloc.o)
                0x0000000000001ab0                Tree::Leaf::next()
                0x0000000000001af2                Tree::Leaf::prev()
                0x0000000000001b34                Tree::drr(Tree::Leaf*, Tree::Leaf*)
                0x0000000000001bb2                Tree::rr(Tree::Leaf*, Tree::Leaf*)
                0x0000000000001c00                Tree::drl(Tree::Leaf*, Tree::Leaf*)
                0x0000000000001c7e                Tree::rl(Tree::Leaf*, Tree::Leaf*)
                0x0000000000001cce                Tree::fixAdd(Tree::Leaf*)
                0x0000000000001dcc                Tree::fixRemove(Tree::Leaf*)
                0x0000000000001f0e                __sys_free(char*)
                0x0000000000001f26                __sys_alloc(unsigned int)
                0x0000000000001f4c                RawMem::alloc(unsigned int)
                0x0000000000001f60                MemMap::find(int)
                0x0000000000001f92                MemMap::unlink(MemMap::Leaf*)
                0x0000000000001fb4                MemMap::put(MemMap::Leaf*)
                0x000000000000201e                MemMap::alloc(unsigned int)
                0x00000000000021d0                MemMap::free(char*)
                0x00000000000023b0                _malloc_r
                0x00000000000023be                _free_r
                0x00000000000023d2                __free_all
 .text          0x0000000000002544      0x4a0 /home/turo/.cache/aminetxduo/toolchain/3869b4427396/lib/gcc/m68k-amigaos/16.2.0b/../../../../m68k-amigaos/lib/libc.a(lib_a-findfp.o)
                0x0000000000002544                __sf_fake_stdin
                0x0000000000002564                __sf_fake_stdout
                0x0000000000002584                __sf_fake_stderr
                0x00000000000025a4                __sfmoreglue
                0x00000000000025fc                __sfp
                0x00000000000026ca                _cleanup_r
                0x00000000000026de                _cleanup
                0x00000000000026f4                __sinit
                0x0000000000002704                __sfp_lock_acquire
                0x0000000000002706                __sfp_lock_release
                0x0000000000002708                __sinit_lock_acquire
                0x000000000000270a                __sinit_lock_release
                0x0000000000002714                __fp_lock_all
                0x0000000000002728                __fp_unlock_all
 .text          0x00000000000029e4       0xcc /home/turo/.cache/aminetxduo/toolchain/3869b4427396/lib/gcc/m68k-amigaos/16.2.0b/../../../../m68k-amigaos/lib/libc.a(lib_a-fwalk.o)
                0x00000000000029e4                _fwalk
                0x0000000000002a48                _fwalk_reent
 .text          0x0000000000002ab0      0x110 /home/turo/.cache/aminetxduo/toolchain/3869b4427396/lib/gcc/m68k-amigaos/16.2.0b/../../../../m68k-amigaos/lib/libc.a(lib_a-stdio.o)
                0x0000000000002ab0                __sread
                0x0000000000002ae8                __seofread
                0x0000000000002aec                __swrite
                0x0000000000002b6e                __sseek
                0x0000000000002bae                __sclose
 .text          0x0000000000002bc0       0x3c /home/turo/.cache/aminetxduo/toolchain/3869b4427396/lib/gcc/m68k-amigaos/16.2.0b/../../../../m68k-amigaos/lib/libc.a(lib_a-writer.o)
                0x0000000000002bc0                _write_r
 .text          0x0000000000002bfc       0x2c /home/turo/.cache/aminetxduo/toolchain/3869b4427396/lib/gcc/m68k-amigaos/16.2.0b/../../../../m68k-amigaos/lib/libc.a(lib_a-closer.o)
                0x0000000000002bfc                _close_r
 .text          0x0000000000002c28      0x134 /home/turo/.cache/aminetxduo/toolchain/3869b4427396/lib/gcc/m68k-amigaos/16.2.0b/../../../../m68k-amigaos/lib/libc.a(lib_a-fclose.o)
                0x0000000000002c28                _fclose_r
                0x0000000000002d48                fclose
 .text          0x0000000000002d5c      0x274 /home/turo/.cache/aminetxduo/toolchain/3869b4427396/lib/gcc/m68k-amigaos/16.2.0b/../../../../m68k-amigaos/lib/libc.a(lib_a-fflush.o)
                0x0000000000002d5c                __sflush_r
                0x0000000000002f1c                _fflush_r
                0x0000000000002fa4                fflush
 .text          0x0000000000002fd0       0x3c /home/turo/.cache/aminetxduo/toolchain/3869b4427396/lib/gcc/m68k-amigaos/16.2.0b/../../../../m68k-amigaos/lib/libc.a(lib_a-lseekr.o)
                0x0000000000002fd0                _lseek_r
 .text          0x000000000000300c      0x2a8 /home/turo/.cache/aminetxduo/toolchain/3869b4427396/lib/gcc/m68k-amigaos/16.2.0b/../../../../m68k-amigaos/lib/libc.a(lib_a-open.o)
                0x000000000000300c                _open
                0x000000000000300c                open
                0x0000000000003100                _close
                0x0000000000003100                close
                0x0000000000003148                _write
                0x0000000000003148                write
                0x0000000000003190                _read
                0x0000000000003190                read
                0x00000000000031d8                __init_fh
                0x0000000000003204                __exit_fh
                0x000000000000321c                _isatty
 .text          0x00000000000032b4       0x3c /home/turo/.cache/aminetxduo/toolchain/3869b4427396/lib/gcc/m68k-amigaos/16.2.0b/../../../../m68k-amigaos/lib/libc.a(lib_a-readr.o)
                0x00000000000032b4                _read_r
 .text          0x00000000000032f0       0x1c /home/turo/.cache/aminetxduo/toolchain/3869b4427396/lib/gcc/m68k-amigaos/16.2.0b/../../../../m68k-amigaos/lib/libc.a(lib_a-realloc.o)
                0x00000000000032f0                realloc
 .text          0x000000000000330c       0xc8 /home/turo/.cache/aminetxduo/toolchain/3869b4427396/lib/gcc/m68k-amigaos/16.2.0b/../../../../m68k-amigaos/lib/libc.a(lib_a-dummy.o)
                0x000000000000330c                _kill
                0x000000000000330e                _getpid
                0x0000000000003320                _lseek
                0x00000000000033aa                lseek
                0x00000000000033ae                _fstat
                0x00000000000033b2                _unlink
                0x00000000000033d0                ioctl
 *(.text.main)
 *(.text*)
 *(.rodata*)
 *(.data.rel.ro*)
 *(.gnu.linkonce.t.*)
 *(.gnu.linkonce.r.*)
 *(SORT_BY_NAME(.list___EH_FRAME*))
 *(SORT_BY_NAME(.list_*))
 .list___CTOR_LIST__
                0x00000000000033d4        0x4 /home/turo/.cache/aminetxduo/toolchain/3869b4427396/lib/gcc/m68k-amigaos/16.2.0b/../../../../m68k-amigaos/lib/crt0.o
                0x00000000000033d4                __CTOR_LIST__
 .list___DTOR_LIST__
                0x00000000000033d8        0x4 /home/turo/.cache/aminetxduo/toolchain/3869b4427396/lib/gcc/m68k-amigaos/16.2.0b/../../../../m68k-amigaos/lib/crt0.o
                0x00000000000033d8                __DTOR_LIST__
 .list___EXIT_LIST__
                0x00000000000033dc       0x14 /home/turo/.cache/aminetxduo/toolchain/3869b4427396/lib/gcc/m68k-amigaos/16.2.0b/../../../../m68k-amigaos/lib/crt0.o
                0x00000000000033dc                __EXIT_LIST__
 .list___EXIT_LIST__
                0x00000000000033f0        0x8 /home/turo/.cache/aminetxduo/toolchain/3869b4427396/lib/gcc/m68k-amigaos/16.2.0b/../../../../m68k-amigaos/lib/libc.a(lib_a-__nocommandline.o)
 .list___EXIT_LIST__
                0x00000000000033f8        0x8 /home/turo/.cache/aminetxduo/toolchain/3869b4427396/lib/gcc/m68k-amigaos/16.2.0b/../../../../m68k-amigaos/lib/libc.a(malloc.o)
 .list___EXIT_LIST__
                0x0000000000003400        0x8 /home/turo/.cache/aminetxduo/toolchain/3869b4427396/lib/gcc/m68k-amigaos/16.2.0b/../../../../m68k-amigaos/lib/libc.a(lib_a-open.o)
 .list___INIT_LIST__
                0x0000000000003408       0x14 /home/turo/.cache/aminetxduo/toolchain/3869b4427396/lib/gcc/m68k-amigaos/16.2.0b/../../../../m68k-amigaos/lib/crt0.o
                0x0000000000003408                __INIT_LIST__
 .list___INIT_LIST__
                0x000000000000341c        0x8 /home/turo/.cache/aminetxduo/toolchain/3869b4427396/lib/gcc/m68k-amigaos/16.2.0b/../../../../m68k-amigaos/lib/libc.a(lib_a-__nocommandline.o)
 .list___INIT_LIST__
                0x0000000000003424        0x8 /home/turo/.cache/aminetxduo/toolchain/3869b4427396/lib/gcc/m68k-amigaos/16.2.0b/../../../../m68k-amigaos/lib/libc.a(lib_a-open.o)
 *(.end_of_lists)
 .end_of_lists  0x000000000000342c        0x4 /home/turo/.cache/aminetxduo/toolchain/3869b4427396/lib/gcc/m68k-amigaos/16.2.0b/../../../../m68k-amigaos/lib/crt0.o
                0x000000000000342c                __ZZZ_LIST__
                0x0000000000003430                ___datadata_relocs = .
                0x0000000000003430                __etext = .
                0x0000000000003430                ___text_size = SIZEOF (.text)
                0x0000000000003430                . = ALIGN (0x0)

.data           0x0000000000003430      0x10c
                0x0000000000003430                __sdata = .
 *(SORT_BY_NAME(.list___EH_FRAME*))
 *(SORT_BY_NAME(.dlist_*))
 .dlist___LIB_LIST__
                0x0000000000003430        0x4 /home/turo/.cache/aminetxduo/toolchain/3869b4427396/lib/gcc/m68k-amigaos/16.2.0b/../../../../m68k-amigaos/lib/crt0.o
                0x0000000000003430                __LIB_LIST__
 .dlist___LIB_LIST__
                0x0000000000003434        0x8 /home/turo/.cache/aminetxduo/toolchain/3869b4427396/lib/gcc/m68k-amigaos/16.2.0b/../../../../m68k-amigaos/lib/libc.a(lib_a-__dosbase.o)
                0x0000000000003434                DOSBase
 *(.end_of_dlists)
 .end_of_dlists
                0x000000000000343c        0x4 /home/turo/.cache/aminetxduo/toolchain/3869b4427396/lib/gcc/m68k-amigaos/16.2.0b/../../../../m68k-amigaos/lib/crt0.o
                0x000000000000343c                __ZZZ_DLIST__
 *(.data)
 .data          0x0000000000003440        0x4 /home/turo/.cache/aminetxduo/toolchain/3869b4427396/lib/gcc/m68k-amigaos/16.2.0b/../../../../m68k-amigaos/lib/crt0.o
 .data          0x0000000000003444        0x0 /home/turo/.cache/aminetxduo/toolchain/3869b4427396/lib/gcc/m68k-amigaos/16.2.0b/../../../../m68k-amigaos/lib/libc.a(lib_a-__nocommandline.o)
 .data          0x0000000000003444        0x4 /home/turo/.cache/aminetxduo/toolchain/3869b4427396/lib/gcc/m68k-amigaos/16.2.0b/../../../../m68k-amigaos/lib/libc.a(lib_a-__stdiowin.o)
                0x0000000000003444                __stdiowin
 .data          0x0000000000003448       0xf4 /home/turo/.cache/aminetxduo/toolchain/3869b4427396/lib/gcc/m68k-amigaos/16.2.0b/../../../../m68k-amigaos/lib/libc.a(lib_a-impure.o)
                0x0000000000003538                _impure_ptr
 *(.data.*)
 *(.gnu.linkonce.d.*)
                0x000000000000b42e                ___a4_init = 0x7ffe
                0x000000000000353c                __edata = .
                0x000000000000010c                ___data_size = SIZEOF (.data)

.bss            0x000000000000353c       0x80
                0x000000000000353c                __bss_start = .
 *(.bss)
 .bss           0x000000000000353c        0xc /home/turo/.cache/aminetxduo/toolchain/3869b4427396/lib/gcc/m68k-amigaos/16.2.0b/../../../../m68k-amigaos/lib/crt0.o
                0x000000000000353c                __argv
 .bss           0x0000000000003548       0x18 CMakeFiles/fitzbench.dir/fitzbench.c.obj
                0x0000000000003548                TimerBase
 .bss           0x0000000000003560        0xc /home/turo/.cache/aminetxduo/toolchain/3869b4427396/lib/gcc/m68k-amigaos/16.2.0b/../../../../m68k-amigaos/lib/libc.a(lib_a-__nocommandline.o)
 .bss           0x000000000000356c       0x24 /home/turo/.cache/aminetxduo/toolchain/3869b4427396/lib/gcc/m68k-amigaos/16.2.0b/../../../../m68k-amigaos/lib/libc.a(malloc.o)
 .bss           0x0000000000003590        0x8 /home/turo/.cache/aminetxduo/toolchain/3869b4427396/lib/gcc/m68k-amigaos/16.2.0b/../../../../m68k-amigaos/lib/libc.a(lib_a-findfp.o)
 .bss           0x0000000000003598        0x4 /home/turo/.cache/aminetxduo/toolchain/3869b4427396/lib/gcc/m68k-amigaos/16.2.0b/../../../../m68k-amigaos/lib/libc.a(lib_a-open.o)
 *(.bss.*)
 *(COMMON)
 COMMON         0x000000000000359c       0x14 /home/turo/.cache/aminetxduo/toolchain/3869b4427396/lib/gcc/m68k-amigaos/16.2.0b/../../../../m68k-amigaos/lib/crt0.o
                0x000000000000359c                _WBenchMsg
                0x00000000000035a0                __commandlen
                0x00000000000035a4                SysBase
                0x00000000000035a8                __commandline
                0x00000000000035ac                __argc
 COMMON         0x00000000000035b0        0x4 /home/turo/.cache/aminetxduo/toolchain/3869b4427396/lib/gcc/m68k-amigaos/16.2.0b/../../../../m68k-amigaos/lib/libc.a(lib_a-writer.o)
                0x00000000000035b0                errno
 COMMON         0x00000000000035b4        0x8 /home/turo/.cache/aminetxduo/toolchain/3869b4427396/lib/gcc/m68k-amigaos/16.2.0b/../../../../m68k-amigaos/lib/libc.a(lib_a-open.o)
                0x00000000000035b4                __maxfh
                0x00000000000035b8                __fh
                0x00000000000035bc                __end = .
                0x0000000000000080                ___bss_size = SIZEOF (.bss)

.datachip
 *(.datachip)

.bsschip
 *(.bsschip)
OUTPUT(FitzBench amiga)

.stab           0x0000000000000000       0x18
 .stab          0x0000000000000000       0x18 /home/turo/.cache/aminetxduo/toolchain/3869b4427396/lib/gcc/m68k-amigaos/16.2.0b/../../../../m68k-amigaos/lib/libc.a(lib_a-__nocommandline.o)

.stabstr        0x0000000000000000       0x28
 .stabstr       0x0000000000000000       0x28 /home/turo/.cache/aminetxduo/toolchain/3869b4427396/lib/gcc/m68k-amigaos/16.2.0b/../../../../m68k-amigaos/lib/libc.a(lib_a-__nocommandline.o)
