Archive member included to satisfy reference by file (symbol)

../../src/rfb/libaminetxduo_rfb.a(rfb_encode.c.obj)
                              CMakeFiles/rfbprof.dir/rfbprof.c.obj (rfb_shadow_size)
librfb_encode_020.a(rfb_encode.c.obj)
                              CMakeFiles/rfbprof.dir/rfbprof.c.obj (rfb020_encoder_init)
librfb_encode_o2.a(rfb_encode.c.obj)
                              CMakeFiles/rfbprof.dir/rfbprof.c.obj (rfbo2_encoder_init)
librfb_encode_o220.a(rfb_encode.c.obj)
                              CMakeFiles/rfbprof.dir/rfbprof.c.obj (rfb220_encoder_init)
librfbkern.a(rfbkern.c.obj)   CMakeFiles/rfbprof.dir/rfbprof.c.obj (rfbk_xorstore)
librfbkern020.a(rfbkern.c.obj)
                              CMakeFiles/rfbprof.dir/rfbprof.c.obj (rfbk020_xorstore)
../../src/common/libaminetxduo_common.a(compat.c.obj)
                              CMakeFiles/rfbprof.dir/rfbprof.c.obj (TimerBase)
/home/turo/.cache/aminetxduo/toolchain/3869b4427396/lib/gcc/m68k-amigaos/16.2.0b/../../../../m68k-amigaos/lib/libc.a(lib_a-__dosbase.o)
                              /home/turo/.cache/aminetxduo/toolchain/3869b4427396/lib/gcc/m68k-amigaos/16.2.0b/../../../../m68k-amigaos/lib/crt0.o (DOSBase)
/home/turo/.cache/aminetxduo/toolchain/3869b4427396/lib/gcc/m68k-amigaos/16.2.0b/../../../../m68k-amigaos/lib/libc.a(lib_a-memcmp.o)
                              CMakeFiles/rfbprof.dir/rfbprof.c.obj (memcmp)
/home/turo/.cache/aminetxduo/toolchain/3869b4427396/lib/gcc/m68k-amigaos/16.2.0b/../../../../m68k-amigaos/lib/libc.a(lib_a-memcpy.o)
                              CMakeFiles/rfbprof.dir/rfbprof.c.obj (memcpy)
/home/turo/.cache/aminetxduo/toolchain/3869b4427396/lib/gcc/m68k-amigaos/16.2.0b/../../../../m68k-amigaos/lib/libc.a(lib_a-memmove.o)
                              ../../src/rfb/libaminetxduo_rfb.a(rfb_encode.c.obj) (memmove)
/home/turo/.cache/aminetxduo/toolchain/3869b4427396/lib/gcc/m68k-amigaos/16.2.0b/../../../../m68k-amigaos/lib/libc.a(lib_a-memset.o)
                              CMakeFiles/rfbprof.dir/rfbprof.c.obj (memset)
/home/turo/.cache/aminetxduo/toolchain/3869b4427396/lib/gcc/m68k-amigaos/16.2.0b/../../../../m68k-amigaos/lib/libc.a(lib_a-__mulsi3.o)
                              CMakeFiles/rfbprof.dir/rfbprof.c.obj (__mulsi3)
/home/turo/.cache/aminetxduo/toolchain/3869b4427396/lib/gcc/m68k-amigaos/16.2.0b/../../../../m68k-amigaos/lib/libc.a(lib_a-__nocommandline.o)
                              /home/turo/.cache/aminetxduo/toolchain/3869b4427396/lib/gcc/m68k-amigaos/16.2.0b/../../../../m68k-amigaos/lib/crt0.o (__nocommandline)
/home/turo/.cache/aminetxduo/toolchain/3869b4427396/lib/gcc/m68k-amigaos/16.2.0b/../../../../m68k-amigaos/lib/libc.a(lib_a-__stdiowin.o)
                              /home/turo/.cache/aminetxduo/toolchain/3869b4427396/lib/gcc/m68k-amigaos/16.2.0b/../../../../m68k-amigaos/lib/libc.a(lib_a-__nocommandline.o) (__stdiowin)
/home/turo/.cache/aminetxduo/toolchain/3869b4427396/lib/gcc/m68k-amigaos/16.2.0b/../../../../m68k-amigaos/lib/libc.a(lib_a-strcat.o)
                              /home/turo/.cache/aminetxduo/toolchain/3869b4427396/lib/gcc/m68k-amigaos/16.2.0b/../../../../m68k-amigaos/lib/crt0.o (strcat)
/home/turo/.cache/aminetxduo/toolchain/3869b4427396/lib/gcc/m68k-amigaos/16.2.0b/../../../../m68k-amigaos/lib/libc.a(lib_a-strcpy.o)
                              /home/turo/.cache/aminetxduo/toolchain/3869b4427396/lib/gcc/m68k-amigaos/16.2.0b/../../../../m68k-amigaos/lib/crt0.o (strcpy)
/home/turo/.cache/aminetxduo/toolchain/3869b4427396/lib/gcc/m68k-amigaos/16.2.0b/../../../../m68k-amigaos/lib/libc.a(lib_a-strlen.o)
                              /home/turo/.cache/aminetxduo/toolchain/3869b4427396/lib/gcc/m68k-amigaos/16.2.0b/../../../../m68k-amigaos/lib/crt0.o (strlen)
/home/turo/.cache/aminetxduo/toolchain/3869b4427396/lib/gcc/m68k-amigaos/16.2.0b/../../../../m68k-amigaos/lib/libc.a(lib_a-strstr.o)
                              /home/turo/.cache/aminetxduo/toolchain/3869b4427396/lib/gcc/m68k-amigaos/16.2.0b/../../../../m68k-amigaos/lib/crt0.o (strstr)
/home/turo/.cache/aminetxduo/toolchain/3869b4427396/lib/gcc/m68k-amigaos/16.2.0b/../../../../m68k-amigaos/lib/libc.a(lib_a-__udivsi3.o)
                              CMakeFiles/rfbprof.dir/rfbprof.c.obj (__umodsi3)
/home/turo/.cache/aminetxduo/toolchain/3869b4427396/lib/gcc/m68k-amigaos/16.2.0b/../../../../m68k-amigaos/lib/libc.a(lib_a-calloc.o)
                              /home/turo/.cache/aminetxduo/toolchain/3869b4427396/lib/gcc/m68k-amigaos/16.2.0b/../../../../m68k-amigaos/lib/libc.a(lib_a-__nocommandline.o) (calloc)
/home/turo/.cache/aminetxduo/toolchain/3869b4427396/lib/gcc/m68k-amigaos/16.2.0b/../../../../m68k-amigaos/lib/libc.a(lib_a-callocr.o)
                              /home/turo/.cache/aminetxduo/toolchain/3869b4427396/lib/gcc/m68k-amigaos/16.2.0b/../../../../m68k-amigaos/lib/libc.a(lib_a-calloc.o) (_calloc_r)
/home/turo/.cache/aminetxduo/toolchain/3869b4427396/lib/gcc/m68k-amigaos/16.2.0b/../../../../m68k-amigaos/lib/libc.a(lib_a-impure.o)
                              /home/turo/.cache/aminetxduo/toolchain/3869b4427396/lib/gcc/m68k-amigaos/16.2.0b/../../../../m68k-amigaos/lib/libc.a(lib_a-calloc.o) (_impure_ptr)
/home/turo/.cache/aminetxduo/toolchain/3869b4427396/lib/gcc/m68k-amigaos/16.2.0b/../../../../m68k-amigaos/lib/libc.a(lib_a-malloc.o)
                              /home/turo/.cache/aminetxduo/toolchain/3869b4427396/lib/gcc/m68k-amigaos/16.2.0b/../../../../m68k-amigaos/lib/libc.a(lib_a-__nocommandline.o) (malloc)
/home/turo/.cache/aminetxduo/toolchain/3869b4427396/lib/gcc/m68k-amigaos/16.2.0b/../../../../m68k-amigaos/lib/libc.a(lib_a-memchr.o)
                              /home/turo/.cache/aminetxduo/toolchain/3869b4427396/lib/gcc/m68k-amigaos/16.2.0b/../../../../m68k-amigaos/lib/libc.a(lib_a-strstr.o) (memchr)
/home/turo/.cache/aminetxduo/toolchain/3869b4427396/lib/gcc/m68k-amigaos/16.2.0b/../../../../m68k-amigaos/lib/libc.a(lib_a-strchr.o)
                              /home/turo/.cache/aminetxduo/toolchain/3869b4427396/lib/gcc/m68k-amigaos/16.2.0b/../../../../m68k-amigaos/lib/libc.a(lib_a-strstr.o) (strchr)
/home/turo/.cache/aminetxduo/toolchain/3869b4427396/lib/gcc/m68k-amigaos/16.2.0b/../../../../m68k-amigaos/lib/libc.a(malloc.o)
                              /home/turo/.cache/aminetxduo/toolchain/3869b4427396/lib/gcc/m68k-amigaos/16.2.0b/../../../../m68k-amigaos/lib/libc.a(lib_a-callocr.o) (_malloc_r)
/home/turo/.cache/aminetxduo/toolchain/3869b4427396/lib/gcc/m68k-amigaos/16.2.0b/../../../../m68k-amigaos/lib/libc.a(lib_a-findfp.o)
                              /home/turo/.cache/aminetxduo/toolchain/3869b4427396/lib/gcc/m68k-amigaos/16.2.0b/../../../../m68k-amigaos/lib/libc.a(lib_a-impure.o) (__sf_fake_stdin)
/home/turo/.cache/aminetxduo/toolchain/3869b4427396/lib/gcc/m68k-amigaos/16.2.0b/../../../../m68k-amigaos/lib/libc.a(lib_a-fwalk.o)
                              /home/turo/.cache/aminetxduo/toolchain/3869b4427396/lib/gcc/m68k-amigaos/16.2.0b/../../../../m68k-amigaos/lib/libc.a(lib_a-findfp.o) (_fwalk)
/home/turo/.cache/aminetxduo/toolchain/3869b4427396/lib/gcc/m68k-amigaos/16.2.0b/../../../../m68k-amigaos/lib/libc.a(lib_a-stdio.o)
                              /home/turo/.cache/aminetxduo/toolchain/3869b4427396/lib/gcc/m68k-amigaos/16.2.0b/../../../../m68k-amigaos/lib/libc.a(lib_a-findfp.o) (__sread)
/home/turo/.cache/aminetxduo/toolchain/3869b4427396/lib/gcc/m68k-amigaos/16.2.0b/../../../../m68k-amigaos/lib/libc.a(lib_a-writer.o)
                              /home/turo/.cache/aminetxduo/toolchain/3869b4427396/lib/gcc/m68k-amigaos/16.2.0b/../../../../m68k-amigaos/lib/libc.a(lib_a-stdio.o) (_write_r)
/home/turo/.cache/aminetxduo/toolchain/3869b4427396/lib/gcc/m68k-amigaos/16.2.0b/../../../../m68k-amigaos/lib/libc.a(lib_a-closer.o)
                              /home/turo/.cache/aminetxduo/toolchain/3869b4427396/lib/gcc/m68k-amigaos/16.2.0b/../../../../m68k-amigaos/lib/libc.a(lib_a-stdio.o) (_close_r)
/home/turo/.cache/aminetxduo/toolchain/3869b4427396/lib/gcc/m68k-amigaos/16.2.0b/../../../../m68k-amigaos/lib/libc.a(lib_a-fclose.o)
                              /home/turo/.cache/aminetxduo/toolchain/3869b4427396/lib/gcc/m68k-amigaos/16.2.0b/../../../../m68k-amigaos/lib/libc.a(lib_a-findfp.o) (_fclose_r)
/home/turo/.cache/aminetxduo/toolchain/3869b4427396/lib/gcc/m68k-amigaos/16.2.0b/../../../../m68k-amigaos/lib/libc.a(lib_a-fflush.o)
                              /home/turo/.cache/aminetxduo/toolchain/3869b4427396/lib/gcc/m68k-amigaos/16.2.0b/../../../../m68k-amigaos/lib/libc.a(lib_a-fclose.o) (__sflush_r)
/home/turo/.cache/aminetxduo/toolchain/3869b4427396/lib/gcc/m68k-amigaos/16.2.0b/../../../../m68k-amigaos/lib/libc.a(lib_a-lseekr.o)
                              /home/turo/.cache/aminetxduo/toolchain/3869b4427396/lib/gcc/m68k-amigaos/16.2.0b/../../../../m68k-amigaos/lib/libc.a(lib_a-stdio.o) (_lseek_r)
/home/turo/.cache/aminetxduo/toolchain/3869b4427396/lib/gcc/m68k-amigaos/16.2.0b/../../../../m68k-amigaos/lib/libc.a(lib_a-open.o)
                              /home/turo/.cache/aminetxduo/toolchain/3869b4427396/lib/gcc/m68k-amigaos/16.2.0b/../../../../m68k-amigaos/lib/libc.a(lib_a-closer.o) (_close)
/home/turo/.cache/aminetxduo/toolchain/3869b4427396/lib/gcc/m68k-amigaos/16.2.0b/../../../../m68k-amigaos/lib/libc.a(lib_a-readr.o)
                              /home/turo/.cache/aminetxduo/toolchain/3869b4427396/lib/gcc/m68k-amigaos/16.2.0b/../../../../m68k-amigaos/lib/libc.a(lib_a-stdio.o) (_read_r)
/home/turo/.cache/aminetxduo/toolchain/3869b4427396/lib/gcc/m68k-amigaos/16.2.0b/../../../../m68k-amigaos/lib/libc.a(lib_a-realloc.o)
                              /home/turo/.cache/aminetxduo/toolchain/3869b4427396/lib/gcc/m68k-amigaos/16.2.0b/../../../../m68k-amigaos/lib/libc.a(lib_a-open.o) (realloc)
/home/turo/.cache/aminetxduo/toolchain/3869b4427396/lib/gcc/m68k-amigaos/16.2.0b/../../../../m68k-amigaos/lib/libc.a(lib_a-dummy.o)
                              /home/turo/.cache/aminetxduo/toolchain/3869b4427396/lib/gcc/m68k-amigaos/16.2.0b/../../../../m68k-amigaos/lib/libc.a(lib_a-lseekr.o) (_lseek)

Allocating common symbols
Common symbol       size              file

__maxfh             0x4               /home/turo/.cache/aminetxduo/toolchain/3869b4427396/lib/gcc/m68k-amigaos/16.2.0b/../../../../m68k-amigaos/lib/libc.a(lib_a-open.o)
_WBenchMsg          0x4               /home/turo/.cache/aminetxduo/toolchain/3869b4427396/lib/gcc/m68k-amigaos/16.2.0b/../../../../m68k-amigaos/lib/crt0.o
__commandlen        0x4               /home/turo/.cache/aminetxduo/toolchain/3869b4427396/lib/gcc/m68k-amigaos/16.2.0b/../../../../m68k-amigaos/lib/crt0.o
__fh                0x4               /home/turo/.cache/aminetxduo/toolchain/3869b4427396/lib/gcc/m68k-amigaos/16.2.0b/../../../../m68k-amigaos/lib/libc.a(lib_a-open.o)
SysBase             0x4               /home/turo/.cache/aminetxduo/toolchain/3869b4427396/lib/gcc/m68k-amigaos/16.2.0b/../../../../m68k-amigaos/lib/crt0.o
__commandline       0x4               /home/turo/.cache/aminetxduo/toolchain/3869b4427396/lib/gcc/m68k-amigaos/16.2.0b/../../../../m68k-amigaos/lib/crt0.o
errno               0x4               /home/turo/.cache/aminetxduo/toolchain/3869b4427396/lib/gcc/m68k-amigaos/16.2.0b/../../../../m68k-amigaos/lib/libc.a(lib_a-writer.o)
__argc              0x4               /home/turo/.cache/aminetxduo/toolchain/3869b4427396/lib/gcc/m68k-amigaos/16.2.0b/../../../../m68k-amigaos/lib/crt0.o

Memory Configuration

Name             Origin             Length             Attributes
*default*        0x0000000000000000 0xffffffffffffffff

Linker script and memory map

LOAD /home/turo/.cache/aminetxduo/toolchain/3869b4427396/lib/gcc/m68k-amigaos/16.2.0b/../../../../m68k-amigaos/lib/crt0.o
LOAD CMakeFiles/rfbprof.dir/rfbprof.c.obj
LOAD ../../src/rfb/libaminetxduo_rfb.a
LOAD librfb_encode_020.a
LOAD librfb_encode_o2.a
LOAD librfb_encode_o220.a
LOAD librfbkern.a
LOAD librfbkern020.a
LOAD ../../src/common/libaminetxduo_common.a
LOAD ../../libthreadx.a
LOAD ../../port/threadx-amiga/libthreadx_port.a
LOAD ../../src/common/libaminetxduo_common.a
LOAD ../../libthreadx.a
LOAD ../../port/threadx-amiga/libthreadx_port.a
START GROUP
LOAD /home/turo/.cache/aminetxduo/toolchain/3869b4427396/lib/gcc/m68k-amigaos/16.2.0b/../../../../m68k-amigaos/lib/libc.a
LOAD /home/turo/.cache/aminetxduo/toolchain/3869b4427396/lib/gcc/m68k-amigaos/16.2.0b/../../../../m68k-amigaos/lib/libstubs.a
LOAD /home/turo/.cache/aminetxduo/toolchain/3869b4427396/lib/gcc/m68k-amigaos/16.2.0b/../../../../m68k-amigaos/lib/libamiga.a
LOAD /home/turo/.cache/aminetxduo/toolchain/3869b4427396/lib/gcc/m68k-amigaos/16.2.0b/libgcc.a
END GROUP
                [!provide]                        PROVIDE (___machtype = 0x0)
                0x0000000000000000                . = 0x0

.text           0x0000000000000000     0xd62c
                0x0000000000000000                __stext = .
 *(.text)
 .text          0x0000000000000000      0x284 /home/turo/.cache/aminetxduo/toolchain/3869b4427396/lib/gcc/m68k-amigaos/16.2.0b/../../../../m68k-amigaos/lib/crt0.o
                0x0000000000000000                ____start
                0x00000000000000c4                __exit
                0x00000000000000c4                _exit
                0x00000000000000c4                exit
                0x000000000000010c                callfuncs
                0x0000000000000170                __initlibraries
                0x0000000000000206                __exitlibraries
                0x0000000000000246                __initcpp
                0x000000000000026a                __exitcpp
 .text          0x0000000000000284     0x1ee8 CMakeFiles/rfbprof.dir/rfbprof.c.obj
                0x0000000000000c82                main
 .text          0x000000000000216c        0x0 ../../src/rfb/libaminetxduo_rfb.a(rfb_encode.c.obj)
 .text          0x000000000000216c        0x0 librfb_encode_020.a(rfb_encode.c.obj)
 .text          0x000000000000216c        0x0 librfb_encode_o2.a(rfb_encode.c.obj)
 .text          0x000000000000216c        0x0 librfb_encode_o220.a(rfb_encode.c.obj)
 .text          0x000000000000216c      0x37c librfbkern.a(rfbkern.c.obj)
                0x000000000000216c                rfbk_xorstore
                0x00000000000021a2                rfbk_xorkeep
                0x00000000000021ea                rfbk_cmponly
                0x000000000000221c                rfbk_cmpstore
                0x0000000000002258                rfbk_cmpearly
                0x0000000000002284                rfbk_cmponly8
                0x000000000000230a                rfbk_xorkeep8
                0x0000000000002358                rfbk_cmpstore8
                0x00000000000023b6                rfbk_readonly
                0x00000000000023ce                rfbk_copy
                0x00000000000023e6                rfbk_copyrows
                0x0000000000002422                rfbk_xorkeep_tiled
 .text          0x00000000000024e8      0x378 librfbkern020.a(rfbkern.c.obj)
                0x00000000000024e8                rfbk020_xorstore
                0x000000000000251e                rfbk020_xorkeep
                0x0000000000002566                rfbk020_cmponly
                0x0000000000002598                rfbk020_cmpstore
                0x00000000000025d4                rfbk020_cmpearly
                0x0000000000002600                rfbk020_cmponly8
                0x0000000000002686                rfbk020_xorkeep8
                0x00000000000026d4                rfbk020_cmpstore8
                0x0000000000002732                rfbk020_readonly
                0x0000000000002750                rfbk020_copy
                0x0000000000002768                rfbk020_copyrows
                0x00000000000027a4                rfbk020_xorkeep_tiled
 .text          0x0000000000002860       0x44 ../../src/common/libaminetxduo_common.a(compat.c.obj)
 .text          0x00000000000028a4        0xc /home/turo/.cache/aminetxduo/toolchain/3869b4427396/lib/gcc/m68k-amigaos/16.2.0b/../../../../m68k-amigaos/lib/libc.a(lib_a-__dosbase.o)
 .text          0x00000000000028b0       0x80 /home/turo/.cache/aminetxduo/toolchain/3869b4427396/lib/gcc/m68k-amigaos/16.2.0b/../../../../m68k-amigaos/lib/libc.a(lib_a-memcmp.o)
                0x00000000000028b0                memcmp
 .text          0x0000000000002930       0x70 /home/turo/.cache/aminetxduo/toolchain/3869b4427396/lib/gcc/m68k-amigaos/16.2.0b/../../../../m68k-amigaos/lib/libc.a(lib_a-memcpy.o)
                0x0000000000002930                memcpy
 .text          0x00000000000029a0      0x100 /home/turo/.cache/aminetxduo/toolchain/3869b4427396/lib/gcc/m68k-amigaos/16.2.0b/../../../../m68k-amigaos/lib/libc.a(lib_a-memmove.o)
                0x00000000000029a0                memmove
 .text          0x0000000000002aa0       0x74 /home/turo/.cache/aminetxduo/toolchain/3869b4427396/lib/gcc/m68k-amigaos/16.2.0b/../../../../m68k-amigaos/lib/libc.a(lib_a-memset.o)
                0x0000000000002aa0                memset
 .text          0x0000000000002b14       0x2c /home/turo/.cache/aminetxduo/toolchain/3869b4427396/lib/gcc/m68k-amigaos/16.2.0b/../../../../m68k-amigaos/lib/libc.a(lib_a-__mulsi3.o)
                0x0000000000002b14                __mulsi3
 .text          0x0000000000002b40      0x298 /home/turo/.cache/aminetxduo/toolchain/3869b4427396/lib/gcc/m68k-amigaos/16.2.0b/../../../../m68k-amigaos/lib/libc.a(lib_a-__nocommandline.o)
                0x0000000000002b40                __initcommandline
                0x0000000000002d8e                __exitcommandline
 .text          0x0000000000002dd8       0x1c /home/turo/.cache/aminetxduo/toolchain/3869b4427396/lib/gcc/m68k-amigaos/16.2.0b/../../../../m68k-amigaos/lib/libc.a(lib_a-__stdiowin.o)
 .text          0x0000000000002df4       0x4c /home/turo/.cache/aminetxduo/toolchain/3869b4427396/lib/gcc/m68k-amigaos/16.2.0b/../../../../m68k-amigaos/lib/libc.a(lib_a-strcat.o)
                0x0000000000002df4                strcat
 .text          0x0000000000002e40       0x14 /home/turo/.cache/aminetxduo/toolchain/3869b4427396/lib/gcc/m68k-amigaos/16.2.0b/../../../../m68k-amigaos/lib/libc.a(lib_a-strcpy.o)
                0x0000000000002e40                strcpy
 .text          0x0000000000002e54       0x14 /home/turo/.cache/aminetxduo/toolchain/3869b4427396/lib/gcc/m68k-amigaos/16.2.0b/../../../../m68k-amigaos/lib/libc.a(lib_a-strlen.o)
                0x0000000000002e54                strlen
 .text          0x0000000000002e68      0x630 /home/turo/.cache/aminetxduo/toolchain/3869b4427396/lib/gcc/m68k-amigaos/16.2.0b/../../../../m68k-amigaos/lib/libc.a(lib_a-strstr.o)
                0x0000000000003216                strstr
 .text          0x0000000000003498       0x58 /home/turo/.cache/aminetxduo/toolchain/3869b4427396/lib/gcc/m68k-amigaos/16.2.0b/../../../../m68k-amigaos/lib/libc.a(lib_a-__udivsi3.o)
                0x0000000000003498                __umodsi3
                0x00000000000034a4                __udivsi3
                0x00000000000034aa                __udivsi4
 .text          0x00000000000034f0       0x1c /home/turo/.cache/aminetxduo/toolchain/3869b4427396/lib/gcc/m68k-amigaos/16.2.0b/../../../../m68k-amigaos/lib/libc.a(lib_a-calloc.o)
                0x00000000000034f0                calloc
 .text          0x000000000000350c       0xac /home/turo/.cache/aminetxduo/toolchain/3869b4427396/lib/gcc/m68k-amigaos/16.2.0b/../../../../m68k-amigaos/lib/libc.a(lib_a-callocr.o)
                0x000000000000350c                _calloc_r
                0x000000000000354c                _realloc_r
 .text          0x00000000000035b8        0x4 /home/turo/.cache/aminetxduo/toolchain/3869b4427396/lib/gcc/m68k-amigaos/16.2.0b/../../../../m68k-amigaos/lib/libc.a(lib_a-impure.o)
                0x00000000000035b8                _global_impure_ptr
 .text          0x00000000000035bc       0x28 /home/turo/.cache/aminetxduo/toolchain/3869b4427396/lib/gcc/m68k-amigaos/16.2.0b/../../../../m68k-amigaos/lib/libc.a(lib_a-malloc.o)
                0x00000000000035bc                malloc
                0x00000000000035d0                free
 .text          0x00000000000035e4       0xb4 /home/turo/.cache/aminetxduo/toolchain/3869b4427396/lib/gcc/m68k-amigaos/16.2.0b/../../../../m68k-amigaos/lib/libc.a(lib_a-memchr.o)
                0x00000000000035e4                memchr
 .text          0x0000000000003698       0xe0 /home/turo/.cache/aminetxduo/toolchain/3869b4427396/lib/gcc/m68k-amigaos/16.2.0b/../../../../m68k-amigaos/lib/libc.a(lib_a-strchr.o)
                0x0000000000003698                strchr
 .text          0x0000000000003778      0xa94 /home/turo/.cache/aminetxduo/toolchain/3869b4427396/lib/gcc/m68k-amigaos/16.2.0b/../../../../m68k-amigaos/lib/libc.a(malloc.o)
                0x0000000000003778                Tree::Leaf::next()
                0x00000000000037ba                Tree::Leaf::prev()
                0x00000000000037fc                Tree::drr(Tree::Leaf*, Tree::Leaf*)
                0x000000000000387a                Tree::rr(Tree::Leaf*, Tree::Leaf*)
                0x00000000000038c8                Tree::drl(Tree::Leaf*, Tree::Leaf*)
                0x0000000000003946                Tree::rl(Tree::Leaf*, Tree::Leaf*)
                0x0000000000003996                Tree::fixAdd(Tree::Leaf*)
                0x0000000000003a94                Tree::fixRemove(Tree::Leaf*)
                0x0000000000003bd6                __sys_free(char*)
                0x0000000000003bee                __sys_alloc(unsigned int)
                0x0000000000003c14                RawMem::alloc(unsigned int)
                0x0000000000003c28                MemMap::find(int)
                0x0000000000003c5a                MemMap::unlink(MemMap::Leaf*)
                0x0000000000003c7c                MemMap::put(MemMap::Leaf*)
                0x0000000000003ce6                MemMap::alloc(unsigned int)
                0x0000000000003e98                MemMap::free(char*)
                0x0000000000004078                _malloc_r
                0x0000000000004086                _free_r
                0x000000000000409a                __free_all
 .text          0x000000000000420c      0x4a0 /home/turo/.cache/aminetxduo/toolchain/3869b4427396/lib/gcc/m68k-amigaos/16.2.0b/../../../../m68k-amigaos/lib/libc.a(lib_a-findfp.o)
                0x000000000000420c                __sf_fake_stdin
                0x000000000000422c                __sf_fake_stdout
                0x000000000000424c                __sf_fake_stderr
                0x000000000000426c                __sfmoreglue
                0x00000000000042c4                __sfp
                0x0000000000004392                _cleanup_r
                0x00000000000043a6                _cleanup
                0x00000000000043bc                __sinit
                0x00000000000043cc                __sfp_lock_acquire
                0x00000000000043ce                __sfp_lock_release
                0x00000000000043d0                __sinit_lock_acquire
                0x00000000000043d2                __sinit_lock_release
                0x00000000000043dc                __fp_lock_all
                0x00000000000043f0                __fp_unlock_all
 .text          0x00000000000046ac       0xcc /home/turo/.cache/aminetxduo/toolchain/3869b4427396/lib/gcc/m68k-amigaos/16.2.0b/../../../../m68k-amigaos/lib/libc.a(lib_a-fwalk.o)
                0x00000000000046ac                _fwalk
                0x0000000000004710                _fwalk_reent
 .text          0x0000000000004778      0x110 /home/turo/.cache/aminetxduo/toolchain/3869b4427396/lib/gcc/m68k-amigaos/16.2.0b/../../../../m68k-amigaos/lib/libc.a(lib_a-stdio.o)
                0x0000000000004778                __sread
                0x00000000000047b0                __seofread
                0x00000000000047b4                __swrite
                0x0000000000004836                __sseek
                0x0000000000004876                __sclose
 .text          0x0000000000004888       0x3c /home/turo/.cache/aminetxduo/toolchain/3869b4427396/lib/gcc/m68k-amigaos/16.2.0b/../../../../m68k-amigaos/lib/libc.a(lib_a-writer.o)
                0x0000000000004888                _write_r
 .text          0x00000000000048c4       0x2c /home/turo/.cache/aminetxduo/toolchain/3869b4427396/lib/gcc/m68k-amigaos/16.2.0b/../../../../m68k-amigaos/lib/libc.a(lib_a-closer.o)
                0x00000000000048c4                _close_r
 .text          0x00000000000048f0      0x134 /home/turo/.cache/aminetxduo/toolchain/3869b4427396/lib/gcc/m68k-amigaos/16.2.0b/../../../../m68k-amigaos/lib/libc.a(lib_a-fclose.o)
                0x00000000000048f0                _fclose_r
                0x0000000000004a10                fclose
 .text          0x0000000000004a24      0x274 /home/turo/.cache/aminetxduo/toolchain/3869b4427396/lib/gcc/m68k-amigaos/16.2.0b/../../../../m68k-amigaos/lib/libc.a(lib_a-fflush.o)
                0x0000000000004a24                __sflush_r
                0x0000000000004be4                _fflush_r
                0x0000000000004c6c                fflush
 .text          0x0000000000004c98       0x3c /home/turo/.cache/aminetxduo/toolchain/3869b4427396/lib/gcc/m68k-amigaos/16.2.0b/../../../../m68k-amigaos/lib/libc.a(lib_a-lseekr.o)
                0x0000000000004c98                _lseek_r
 .text          0x0000000000004cd4      0x2a8 /home/turo/.cache/aminetxduo/toolchain/3869b4427396/lib/gcc/m68k-amigaos/16.2.0b/../../../../m68k-amigaos/lib/libc.a(lib_a-open.o)
                0x0000000000004cd4                _open
                0x0000000000004cd4                open
                0x0000000000004dc8                _close
                0x0000000000004dc8                close
                0x0000000000004e10                _write
                0x0000000000004e10                write
                0x0000000000004e58                _read
                0x0000000000004e58                read
                0x0000000000004ea0                __init_fh
                0x0000000000004ecc                __exit_fh
                0x0000000000004ee4                _isatty
 .text          0x0000000000004f7c       0x3c /home/turo/.cache/aminetxduo/toolchain/3869b4427396/lib/gcc/m68k-amigaos/16.2.0b/../../../../m68k-amigaos/lib/libc.a(lib_a-readr.o)
                0x0000000000004f7c                _read_r
 .text          0x0000000000004fb8       0x1c /home/turo/.cache/aminetxduo/toolchain/3869b4427396/lib/gcc/m68k-amigaos/16.2.0b/../../../../m68k-amigaos/lib/libc.a(lib_a-realloc.o)
                0x0000000000004fb8                realloc
 .text          0x0000000000004fd4       0xc8 /home/turo/.cache/aminetxduo/toolchain/3869b4427396/lib/gcc/m68k-amigaos/16.2.0b/../../../../m68k-amigaos/lib/libc.a(lib_a-dummy.o)
                0x0000000000004fd4                _kill
                0x0000000000004fd6                _getpid
                0x0000000000004fe8                _lseek
                0x0000000000005072                lseek
                0x0000000000005076                _fstat
                0x000000000000507a                _unlink
                0x0000000000005098                ioctl
 *(.text.main)
 *(.text*)
 .text.rfb_geom_ok
                0x000000000000509c       0x94 ../../src/rfb/libaminetxduo_rfb.a(rfb_encode.c.obj)
 .text.rfb_put8
                0x0000000000005130       0x28 ../../src/rfb/libaminetxduo_rfb.a(rfb_encode.c.obj)
 .text.rfb_put16
                0x0000000000005158       0x48 ../../src/rfb/libaminetxduo_rfb.a(rfb_encode.c.obj)
 .text.rfb_run_differs
                0x00000000000051a0       0x4c ../../src/rfb/libaminetxduo_rfb.a(rfb_encode.c.obj)
 .text.rfb_blk_match
                0x00000000000051ec      0x120 ../../src/rfb/libaminetxduo_rfb.a(rfb_encode.c.obj)
 .text.rfb_packbits
                0x000000000000530c       0xf4 ../../src/rfb/libaminetxduo_rfb.a(rfb_encode.c.obj)
                0x000000000000530c                rfb_packbits
 .text.rfb_unpackbits
                0x0000000000005400       0xa8 ../../src/rfb/libaminetxduo_rfb.a(rfb_encode.c.obj)
                0x0000000000005400                rfb_unpackbits
 .text.rfb_planes
                0x00000000000054a8       0x24 ../../src/rfb/libaminetxduo_rfb.a(rfb_encode.c.obj)
                0x00000000000054a8                rfb_planes
 .text.rfb_pal_colours
                0x00000000000054cc       0x54 ../../src/rfb/libaminetxduo_rfb.a(rfb_encode.c.obj)
                0x00000000000054cc                rfb_pal_colours
 .text.rfb_shadow_size
                0x0000000000005520       0x40 ../../src/rfb/libaminetxduo_rfb.a(rfb_encode.c.obj)
                0x0000000000005520                rfb_shadow_size
 .text.rfb_scratch_size
                0x0000000000005560      0x140 ../../src/rfb/libaminetxduo_rfb.a(rfb_encode.c.obj)
                0x0000000000005560                rfb_scratch_size
 .text.rfb_worst_case_frame
                0x00000000000056a0       0xb8 ../../src/rfb/libaminetxduo_rfb.a(rfb_encode.c.obj)
                0x00000000000056a0                rfb_worst_case_frame
 .text.rfb_scroll_defaults
                0x0000000000005758       0x78 ../../src/rfb/libaminetxduo_rfb.a(rfb_encode.c.obj)
                0x0000000000005758                rfb_scroll_defaults
 .text.rfb_encoder_init
                0x00000000000057d0      0x29c ../../src/rfb/libaminetxduo_rfb.a(rfb_encode.c.obj)
                0x00000000000057d0                rfb_encoder_init
 .text.rfb_encode_band
                0x0000000000005a6c     0x118c ../../src/rfb/libaminetxduo_rfb.a(rfb_encode.c.obj)
                0x0000000000005a6c                rfb_encode_band
 .text.rfb_encode_frame_planes
                0x0000000000006bf8       0x34 ../../src/rfb/libaminetxduo_rfb.a(rfb_encode.c.obj)
                0x0000000000006bf8                rfb_encode_frame_planes
 .text.rfb_encode_frame
                0x0000000000006c2c       0x78 ../../src/rfb/libaminetxduo_rfb.a(rfb_encode.c.obj)
                0x0000000000006c2c                rfb_encode_frame
 .text.rfb_geom_ok
                0x0000000000006ca4       0x8c librfb_encode_020.a(rfb_encode.c.obj)
 .text.rfb_put8
                0x0000000000006d30       0x28 librfb_encode_020.a(rfb_encode.c.obj)
 .text.rfb_put16
                0x0000000000006d58       0x48 librfb_encode_020.a(rfb_encode.c.obj)
 .text.rfb_run_differs
                0x0000000000006da0       0x4c librfb_encode_020.a(rfb_encode.c.obj)
 .text.rfb_blk_match
                0x0000000000006dec      0x110 librfb_encode_020.a(rfb_encode.c.obj)
 .text.rfb020_packbits
                0x0000000000006efc       0xf0 librfb_encode_020.a(rfb_encode.c.obj)
                0x0000000000006efc                rfb020_packbits
 .text.rfb020_unpackbits
                0x0000000000006fec       0xa8 librfb_encode_020.a(rfb_encode.c.obj)
                0x0000000000006fec                rfb020_unpackbits
 .text.rfb020_planes
                0x0000000000007094       0x24 librfb_encode_020.a(rfb_encode.c.obj)
                0x0000000000007094                rfb020_planes
 .text.rfb020_pal_colours
                0x00000000000070b8       0x50 librfb_encode_020.a(rfb_encode.c.obj)
                0x00000000000070b8                rfb020_pal_colours
 .text.rfb020_shadow_size
                0x0000000000007108       0x38 librfb_encode_020.a(rfb_encode.c.obj)
                0x0000000000007108                rfb020_shadow_size
 .text.rfb020_scratch_size
                0x0000000000007140      0x12c librfb_encode_020.a(rfb_encode.c.obj)
                0x0000000000007140                rfb020_scratch_size
 .text.rfb020_worst_case_frame
                0x000000000000726c       0xa0 librfb_encode_020.a(rfb_encode.c.obj)
                0x000000000000726c                rfb020_worst_case_frame
 .text.rfb020_scroll_defaults
                0x000000000000730c       0x74 librfb_encode_020.a(rfb_encode.c.obj)
                0x000000000000730c                rfb020_scroll_defaults
 .text.rfb020_encoder_init
                0x0000000000007380      0x284 librfb_encode_020.a(rfb_encode.c.obj)
                0x0000000000007380                rfb020_encoder_init
 .text.rfb020_encode_band
                0x0000000000007604     0x1090 librfb_encode_020.a(rfb_encode.c.obj)
                0x0000000000007604                rfb020_encode_band
 .text.rfb020_encode_frame_planes
                0x0000000000008694       0x30 librfb_encode_020.a(rfb_encode.c.obj)
                0x0000000000008694                rfb020_encode_frame_planes
 .text.rfb020_encode_frame
                0x00000000000086c4       0x68 librfb_encode_020.a(rfb_encode.c.obj)
                0x00000000000086c4                rfb020_encode_frame
 .text.rfb_geom_ok
                0x000000000000872c       0xa4 librfb_encode_o2.a(rfb_encode.c.obj)
 .text.rfb_run_differs
                0x00000000000087d0       0x40 librfb_encode_o2.a(rfb_encode.c.obj)
 .text.rfb_blk_match
                0x0000000000008810      0x1c4 librfb_encode_o2.a(rfb_encode.c.obj)
 .text.rfbo2_packbits
                0x00000000000089d4      0x15c librfb_encode_o2.a(rfb_encode.c.obj)
                0x00000000000089d4                rfbo2_packbits
 .text.rfbo2_unpackbits
                0x0000000000008b30       0xb0 librfb_encode_o2.a(rfb_encode.c.obj)
                0x0000000000008b30                rfbo2_unpackbits
 .text.rfbo2_planes
                0x0000000000008be0       0x24 librfb_encode_o2.a(rfb_encode.c.obj)
                0x0000000000008be0                rfbo2_planes
 .text.rfbo2_pal_colours
                0x0000000000008c04       0x54 librfb_encode_o2.a(rfb_encode.c.obj)
                0x0000000000008c04                rfbo2_pal_colours
 .text.rfbo2_shadow_size
                0x0000000000008c58       0x40 librfb_encode_o2.a(rfb_encode.c.obj)
                0x0000000000008c58                rfbo2_shadow_size
 .text.rfbo2_scratch_size
                0x0000000000008c98      0x1a0 librfb_encode_o2.a(rfb_encode.c.obj)
                0x0000000000008c98                rfbo2_scratch_size
 .text.rfbo2_worst_case_frame
                0x0000000000008e38      0x108 librfb_encode_o2.a(rfb_encode.c.obj)
                0x0000000000008e38                rfbo2_worst_case_frame
 .text.rfbo2_scroll_defaults
                0x0000000000008f40       0x80 librfb_encode_o2.a(rfb_encode.c.obj)
                0x0000000000008f40                rfbo2_scroll_defaults
 .text.rfbo2_encoder_init
                0x0000000000008fc0      0x3ec librfb_encode_o2.a(rfb_encode.c.obj)
                0x0000000000008fc0                rfbo2_encoder_init
 .text.rfbo2_encode_band
                0x00000000000093ac     0x1788 librfb_encode_o2.a(rfb_encode.c.obj)
                0x00000000000093ac                rfbo2_encode_band
 .text.rfbo2_encode_frame_planes
                0x000000000000ab34       0x34 librfb_encode_o2.a(rfb_encode.c.obj)
                0x000000000000ab34                rfbo2_encode_frame_planes
 .text.rfbo2_encode_frame
                0x000000000000ab68       0x74 librfb_encode_o2.a(rfb_encode.c.obj)
                0x000000000000ab68                rfbo2_encode_frame
 .text.rfb_geom_ok
                0x000000000000abdc       0x98 librfb_encode_o220.a(rfb_encode.c.obj)
 .text.rfb_run_differs
                0x000000000000ac74       0x4c librfb_encode_o220.a(rfb_encode.c.obj)
 .text.rfb_blk_match
                0x000000000000acc0      0x1b8 librfb_encode_o220.a(rfb_encode.c.obj)
 .text.rfb220_packbits
                0x000000000000ae78      0x174 librfb_encode_o220.a(rfb_encode.c.obj)
                0x000000000000ae78                rfb220_packbits
 .text.rfb220_unpackbits
                0x000000000000afec       0xb4 librfb_encode_o220.a(rfb_encode.c.obj)
                0x000000000000afec                rfb220_unpackbits
 .text.rfb220_planes
                0x000000000000b0a0       0x24 librfb_encode_o220.a(rfb_encode.c.obj)
                0x000000000000b0a0                rfb220_planes
 .text.rfb220_pal_colours
                0x000000000000b0c4       0x50 librfb_encode_o220.a(rfb_encode.c.obj)
                0x000000000000b0c4                rfb220_pal_colours
 .text.rfb220_shadow_size
                0x000000000000b114       0x38 librfb_encode_o220.a(rfb_encode.c.obj)
                0x000000000000b114                rfb220_shadow_size
 .text.rfb220_scratch_size
                0x000000000000b14c      0x1a4 librfb_encode_o220.a(rfb_encode.c.obj)
                0x000000000000b14c                rfb220_scratch_size
 .text.rfb220_worst_case_frame
                0x000000000000b2f0       0xbc librfb_encode_o220.a(rfb_encode.c.obj)
                0x000000000000b2f0                rfb220_worst_case_frame
 .text.rfb220_scroll_defaults
                0x000000000000b3ac       0x7c librfb_encode_o220.a(rfb_encode.c.obj)
                0x000000000000b3ac                rfb220_scroll_defaults
 .text.rfb220_encoder_init
                0x000000000000b428      0x3a0 librfb_encode_o220.a(rfb_encode.c.obj)
                0x000000000000b428                rfb220_encoder_init
 .text.rfb220_encode_band
                0x000000000000b7c8     0x170c librfb_encode_o220.a(rfb_encode.c.obj)
                0x000000000000b7c8                rfb220_encode_band
 .text.rfb220_encode_frame_planes
                0x000000000000ced4       0x30 librfb_encode_o220.a(rfb_encode.c.obj)
                0x000000000000ced4                rfb220_encode_frame_planes
 .text.rfb220_encode_frame
                0x000000000000cf04       0x7c librfb_encode_o220.a(rfb_encode.c.obj)
                0x000000000000cf04                rfb220_encode_frame
 .text.ami_timer_lock_init
                0x000000000000cf80       0x3c ../../src/common/libaminetxduo_common.a(compat.c.obj)
 .text.ami_sana2_open_once
                0x000000000000cfbc       0x40 ../../src/common/libaminetxduo_common.a(compat.c.obj)
 .text.put_char
                0x000000000000cffc       0x14 ../../src/common/libaminetxduo_common.a(compat.c.obj)
 .text.ami_alloc_flags
                0x000000000000d010       0x64 ../../src/common/libaminetxduo_common.a(compat.c.obj)
                0x000000000000d010                ami_alloc_flags
 .text.ami_alloc
                0x000000000000d074       0x14 ../../src/common/libaminetxduo_common.a(compat.c.obj)
                0x000000000000d074                ami_alloc
 .text.ami_free
                0x000000000000d088       0x34 ../../src/common/libaminetxduo_common.a(compat.c.obj)
                0x000000000000d088                ami_free
 .text.ami_alloc_count
                0x000000000000d0bc        0x8 ../../src/common/libaminetxduo_common.a(compat.c.obj)
                0x000000000000d0bc                ami_alloc_count
 .text.ami_mem_stats
                0x000000000000d0c4        0x8 ../../src/common/libaminetxduo_common.a(compat.c.obj)
                0x000000000000d0c4                ami_mem_stats
 .text.ami_mem_socket_delta
                0x000000000000d0cc       0x54 ../../src/common/libaminetxduo_common.a(compat.c.obj)
                0x000000000000d0cc                ami_mem_socket_delta
 .text.ami_mem_open_delta
                0x000000000000d120       0x3c ../../src/common/libaminetxduo_common.a(compat.c.obj)
                0x000000000000d120                ami_mem_open_delta
 .text.ami_log  0x000000000000d15c       0x88 ../../src/common/libaminetxduo_common.a(compat.c.obj)
                0x000000000000d15c                ami_log
 .text.ami_signal_alloc
                0x000000000000d1e4       0x14 ../../src/common/libaminetxduo_common.a(compat.c.obj)
                0x000000000000d1e4                ami_signal_alloc
 .text.ami_signal_free
                0x000000000000d1f8       0x1c ../../src/common/libaminetxduo_common.a(compat.c.obj)
                0x000000000000d1f8                ami_signal_free
 .text.ami_timer_close
                0x000000000000d214       0x60 ../../src/common/libaminetxduo_common.a(compat.c.obj)
                0x000000000000d214                ami_timer_close
 .text.ami_eclock_rate
                0x000000000000d274       0x14 ../../src/common/libaminetxduo_common.a(compat.c.obj)
                0x000000000000d274                ami_eclock_rate
 .text.ami_budget_clock
                0x000000000000d288       0x28 ../../src/common/libaminetxduo_common.a(compat.c.obj)
                0x000000000000d288                ami_budget_clock
 .text.ami_millis
                0x000000000000d2b0      0x1f8 ../../src/common/libaminetxduo_common.a(compat.c.obj)
                0x000000000000d2b0                ami_millis
 .text.ami_millis_quick
                0x000000000000d4a8       0x14 ../../src/common/libaminetxduo_common.a(compat.c.obj)
                0x000000000000d4a8                ami_millis_quick
 .text.ami_sana2_set_open_hooks
                0x000000000000d4bc       0x14 ../../src/common/libaminetxduo_common.a(compat.c.obj)
                0x000000000000d4bc                ami_sana2_set_open_hooks
 .text.ami_set_address_change_hook
                0x000000000000d4d0        0xc ../../src/common/libaminetxduo_common.a(compat.c.obj)
                0x000000000000d4d0                ami_set_address_change_hook
 .text.ami_address_change_notify
                0x000000000000d4dc       0x10 ../../src/common/libaminetxduo_common.a(compat.c.obj)
                0x000000000000d4dc                ami_address_change_notify
 .text.ami_set_second_hook
                0x000000000000d4ec        0xc ../../src/common/libaminetxduo_common.a(compat.c.obj)
                0x000000000000d4ec                ami_set_second_hook
 .text.ami_second_notify
                0x000000000000d4f8       0x10 ../../src/common/libaminetxduo_common.a(compat.c.obj)
                0x000000000000d4f8                ami_second_notify
 .text.ami_set_shutdown_hook
                0x000000000000d508        0xc ../../src/common/libaminetxduo_common.a(compat.c.obj)
                0x000000000000d508                ami_set_shutdown_hook
 .text.ami_shutdown_notify
                0x000000000000d514       0x10 ../../src/common/libaminetxduo_common.a(compat.c.obj)
                0x000000000000d514                ami_shutdown_notify
 .text.ami_sana2_open_device
                0x000000000000d524       0xac ../../src/common/libaminetxduo_common.a(compat.c.obj)
                0x000000000000d524                ami_sana2_open_device
 *(.rodata*)
 *(.data.rel.ro*)
 *(.gnu.linkonce.t.*)
 *(.gnu.linkonce.r.*)
 *(SORT_BY_NAME(.list___EH_FRAME*))
 *(SORT_BY_NAME(.list_*))
 .list___CTOR_LIST__
                0x000000000000d5d0        0x4 /home/turo/.cache/aminetxduo/toolchain/3869b4427396/lib/gcc/m68k-amigaos/16.2.0b/../../../../m68k-amigaos/lib/crt0.o
                0x000000000000d5d0                __CTOR_LIST__
 .list___DTOR_LIST__
                0x000000000000d5d4        0x4 /home/turo/.cache/aminetxduo/toolchain/3869b4427396/lib/gcc/m68k-amigaos/16.2.0b/../../../../m68k-amigaos/lib/crt0.o
                0x000000000000d5d4                __DTOR_LIST__
 .list___EXIT_LIST__
                0x000000000000d5d8       0x14 /home/turo/.cache/aminetxduo/toolchain/3869b4427396/lib/gcc/m68k-amigaos/16.2.0b/../../../../m68k-amigaos/lib/crt0.o
                0x000000000000d5d8                __EXIT_LIST__
 .list___EXIT_LIST__
                0x000000000000d5ec        0x8 /home/turo/.cache/aminetxduo/toolchain/3869b4427396/lib/gcc/m68k-amigaos/16.2.0b/../../../../m68k-amigaos/lib/libc.a(lib_a-__nocommandline.o)
 .list___EXIT_LIST__
                0x000000000000d5f4        0x8 /home/turo/.cache/aminetxduo/toolchain/3869b4427396/lib/gcc/m68k-amigaos/16.2.0b/../../../../m68k-amigaos/lib/libc.a(malloc.o)
 .list___EXIT_LIST__
                0x000000000000d5fc        0x8 /home/turo/.cache/aminetxduo/toolchain/3869b4427396/lib/gcc/m68k-amigaos/16.2.0b/../../../../m68k-amigaos/lib/libc.a(lib_a-open.o)
 .list___INIT_LIST__
                0x000000000000d604       0x14 /home/turo/.cache/aminetxduo/toolchain/3869b4427396/lib/gcc/m68k-amigaos/16.2.0b/../../../../m68k-amigaos/lib/crt0.o
                0x000000000000d604                __INIT_LIST__
 .list___INIT_LIST__
                0x000000000000d618        0x8 /home/turo/.cache/aminetxduo/toolchain/3869b4427396/lib/gcc/m68k-amigaos/16.2.0b/../../../../m68k-amigaos/lib/libc.a(lib_a-__nocommandline.o)
 .list___INIT_LIST__
                0x000000000000d620        0x8 /home/turo/.cache/aminetxduo/toolchain/3869b4427396/lib/gcc/m68k-amigaos/16.2.0b/../../../../m68k-amigaos/lib/libc.a(lib_a-open.o)
 *(.end_of_lists)
 .end_of_lists  0x000000000000d628        0x4 /home/turo/.cache/aminetxduo/toolchain/3869b4427396/lib/gcc/m68k-amigaos/16.2.0b/../../../../m68k-amigaos/lib/crt0.o
                0x000000000000d628                __ZZZ_LIST__
                0x000000000000d62c                ___datadata_relocs = .
                0x000000000000d62c                __etext = .
                0x000000000000d62c                ___text_size = SIZEOF (.text)
                0x000000000000d62c                . = ALIGN (0x0)

.data           0x000000000000d62c      0x130
                0x000000000000d62c                __sdata = .
 *(SORT_BY_NAME(.list___EH_FRAME*))
 *(SORT_BY_NAME(.dlist_*))
 .dlist___LIB_LIST__
                0x000000000000d62c        0x4 /home/turo/.cache/aminetxduo/toolchain/3869b4427396/lib/gcc/m68k-amigaos/16.2.0b/../../../../m68k-amigaos/lib/crt0.o
                0x000000000000d62c                __LIB_LIST__
 .dlist___LIB_LIST__
                0x000000000000d630        0x8 /home/turo/.cache/aminetxduo/toolchain/3869b4427396/lib/gcc/m68k-amigaos/16.2.0b/../../../../m68k-amigaos/lib/libc.a(lib_a-__dosbase.o)
                0x000000000000d630                DOSBase
 *(.end_of_dlists)
 .end_of_dlists
                0x000000000000d638        0x4 /home/turo/.cache/aminetxduo/toolchain/3869b4427396/lib/gcc/m68k-amigaos/16.2.0b/../../../../m68k-amigaos/lib/crt0.o
                0x000000000000d638                __ZZZ_DLIST__
 *(.data)
 .data          0x000000000000d63c        0x4 /home/turo/.cache/aminetxduo/toolchain/3869b4427396/lib/gcc/m68k-amigaos/16.2.0b/../../../../m68k-amigaos/lib/crt0.o
 .data          0x000000000000d640       0x24 CMakeFiles/rfbprof.dir/rfbprof.c.obj
 .data          0x000000000000d664        0x0 /home/turo/.cache/aminetxduo/toolchain/3869b4427396/lib/gcc/m68k-amigaos/16.2.0b/../../../../m68k-amigaos/lib/libc.a(lib_a-__nocommandline.o)
 .data          0x000000000000d664        0x4 /home/turo/.cache/aminetxduo/toolchain/3869b4427396/lib/gcc/m68k-amigaos/16.2.0b/../../../../m68k-amigaos/lib/libc.a(lib_a-__stdiowin.o)
                0x000000000000d664                __stdiowin
 .data          0x000000000000d668       0xf4 /home/turo/.cache/aminetxduo/toolchain/3869b4427396/lib/gcc/m68k-amigaos/16.2.0b/../../../../m68k-amigaos/lib/libc.a(lib_a-impure.o)
                0x000000000000d758                _impure_ptr
 *(.data.*)
 *(.gnu.linkonce.d.*)
                0x000000000001562a                ___a4_init = 0x7ffe
                0x000000000000d75c                __edata = .
                0x0000000000000130                ___data_size = SIZEOF (.data)

.bss            0x000000000000d75c     0x8198
                0x000000000000d75c                __bss_start = .
 *(.bss)
 .bss           0x000000000000d75c        0xc /home/turo/.cache/aminetxduo/toolchain/3869b4427396/lib/gcc/m68k-amigaos/16.2.0b/../../../../m68k-amigaos/lib/crt0.o
                0x000000000000d75c                __argv
 .bss           0x000000000000d768     0x804c CMakeFiles/rfbprof.dir/rfbprof.c.obj
 .bss           0x00000000000157b4       0xe4 ../../src/common/libaminetxduo_common.a(compat.c.obj)
                0x00000000000157b4                TimerBase
 .bss           0x0000000000015898        0xc /home/turo/.cache/aminetxduo/toolchain/3869b4427396/lib/gcc/m68k-amigaos/16.2.0b/../../../../m68k-amigaos/lib/libc.a(lib_a-__nocommandline.o)
 .bss           0x00000000000158a4       0x24 /home/turo/.cache/aminetxduo/toolchain/3869b4427396/lib/gcc/m68k-amigaos/16.2.0b/../../../../m68k-amigaos/lib/libc.a(malloc.o)
 .bss           0x00000000000158c8        0x8 /home/turo/.cache/aminetxduo/toolchain/3869b4427396/lib/gcc/m68k-amigaos/16.2.0b/../../../../m68k-amigaos/lib/libc.a(lib_a-findfp.o)
 .bss           0x00000000000158d0        0x4 /home/turo/.cache/aminetxduo/toolchain/3869b4427396/lib/gcc/m68k-amigaos/16.2.0b/../../../../m68k-amigaos/lib/libc.a(lib_a-open.o)
 *(.bss.*)
 *(COMMON)
 COMMON         0x00000000000158d4       0x14 /home/turo/.cache/aminetxduo/toolchain/3869b4427396/lib/gcc/m68k-amigaos/16.2.0b/../../../../m68k-amigaos/lib/crt0.o
                0x00000000000158d4                _WBenchMsg
                0x00000000000158d8                __commandlen
                0x00000000000158dc                SysBase
                0x00000000000158e0                __commandline
                0x00000000000158e4                __argc
 COMMON         0x00000000000158e8        0x4 /home/turo/.cache/aminetxduo/toolchain/3869b4427396/lib/gcc/m68k-amigaos/16.2.0b/../../../../m68k-amigaos/lib/libc.a(lib_a-writer.o)
                0x00000000000158e8                errno
 COMMON         0x00000000000158ec        0x8 /home/turo/.cache/aminetxduo/toolchain/3869b4427396/lib/gcc/m68k-amigaos/16.2.0b/../../../../m68k-amigaos/lib/libc.a(lib_a-open.o)
                0x00000000000158ec                __maxfh
                0x00000000000158f0                __fh
                0x00000000000158f4                __end = .
                0x0000000000008198                ___bss_size = SIZEOF (.bss)

.datachip
 *(.datachip)

.bsschip
 *(.bsschip)
OUTPUT(rfbprof amiga)

.stab           0x0000000000000000       0x18
 .stab          0x0000000000000000       0x18 /home/turo/.cache/aminetxduo/toolchain/3869b4427396/lib/gcc/m68k-amigaos/16.2.0b/../../../../m68k-amigaos/lib/libc.a(lib_a-__nocommandline.o)

.stabstr        0x0000000000000000       0x28
 .stabstr       0x0000000000000000       0x28 /home/turo/.cache/aminetxduo/toolchain/3869b4427396/lib/gcc/m68k-amigaos/16.2.0b/../../../../m68k-amigaos/lib/libc.a(lib_a-__nocommandline.o)
