Archive member included to satisfy reference by file (symbol)

../../src/tls/libaminetxduo_tls.a(tls_amiga.c.obj)
                              CMakeFiles/tls_https.dir/tls_https.c.obj (ami_tls_timer_open)
../../src/tls/libaminetxduo_tls.a(ami_tls_crypto.c.obj)
                              CMakeFiles/tls_https.dir/tls_https.c.obj (ami_tls_crypto_counters_get)
../../src/netstack/libaminetxduo_netstack.a(netstack.c.obj)
                              CMakeFiles/tls_https.dir/tls_https.c.obj (ami_netstack_enter)
../../src/netstack/libaminetxduo_netstack.a(netstack_baton.c.obj)
                              ../../src/netstack/libaminetxduo_netstack.a(netstack.c.obj) (ami_netstack_baton_set_sampler)
../../src/netstack/libaminetxduo_netstack.a(netstack_dhcp_hostname.c.obj)
                              ../../src/netstack/libaminetxduo_netstack.a(netstack.c.obj) (ami_ns_dhcp_hostname_displace)
../../src/netstack/libaminetxduo_netstack.a(netstack_dns.c.obj)
                              ../../src/netstack/libaminetxduo_netstack.a(netstack.c.obj) (ami_ns_copy_name)
../../src/netstack/libaminetxduo_netstack.a(netstack_dns_domain.c.obj)
                              ../../src/netstack/libaminetxduo_netstack.a(netstack_dns.c.obj) (ami_ns_domain_canonicalize)
../../src/netstack/libaminetxduo_netstack.a(netstack_dns_handoff.c.obj)
                              ../../src/netstack/libaminetxduo_netstack.a(netstack_dns.c.obj) (ami_ns_dns_pending_mark)
../../src/netstack/libaminetxduo_netstack.a(netstack_dns_lease.c.obj)
                              ../../src/netstack/libaminetxduo_netstack.a(netstack_dns.c.obj) (ami_ns_dhcp_dns_lease_has)
../../src/netstack/libaminetxduo_netstack.a(netstack_dns_status.c.obj)
                              ../../src/netstack/libaminetxduo_netstack.a(netstack_dns.c.obj) (ami_ns_dns_again)
../../src/netstack/libaminetxduo_netstack.a(netstack_retry.c.obj)
                              ../../src/netstack/libaminetxduo_netstack.a(netstack_dns.c.obj) (ami_net_ask_until)
../../src/netstack/libaminetxduo_netstack.a(netstack_rexx.c.obj)
                              ../../src/netstack/libaminetxduo_netstack.a(netstack.c.obj) (ami_netstack_rexx_start)
../../src/netstack/libaminetxduo_netstack.a(netstack_rexx_vars.c.obj)
                              ../../src/netstack/libaminetxduo_netstack.a(netstack_rexx.c.obj) (ami_rx_reply_init)
../../src/netstack/libaminetxduo_netstack.a(netstack_ipv6.c.obj)
                              ../../src/netstack/libaminetxduo_netstack.a(netstack.c.obj) (ami_netstack_ipv6_enable)
../../src/netstack/libaminetxduo_netstack.a(netstack_dhcpv6.c.obj)
                              ../../src/netstack/libaminetxduo_netstack.a(netstack_ipv6.c.obj) (ami_netstack_dhcpv6_address_notify)
../../src/netstack/libaminetxduo_netstack.a(dhcpv6_wire.c.obj)
                              ../../src/netstack/libaminetxduo_netstack.a(netstack_dhcpv6.c.obj) (ami_dhcpv6_action_for_ra)
../../src/netstack/libaminetxduo_netstack.a(netstack_ra.c.obj)
                              ../../src/netstack/libaminetxduo_netstack.a(netstack_dns.c.obj) (ami_ns_ra_rdnss)
../../src/netstack/libaminetxduo_netstack.a(netstack_capture.c.obj)
                              ../../src/netstack/libaminetxduo_netstack.a(netstack.c.obj) (ami_netstack_capture_start)
../../src/netstack/libaminetxduo_netstack.a(netstack_mdns.c.obj)
                              ../../src/netstack/libaminetxduo_netstack.a(netstack.c.obj) (ami_netstack_mdns_start)
../../src/common/libaminetxduo_common.a(compat.c.obj)
                              ../../src/netstack/libaminetxduo_netstack.a(netstack.c.obj) (ami_alloc_flags)
../../src/common/libaminetxduo_common.a(crashguard.c.obj)
                              CMakeFiles/tls_https.dir/tls_https.c.obj (ami_crash_set_reference)
../../src/common/libaminetxduo_common.a(ami_random.c.obj)
                              ../../src/tls/libaminetxduo_tls.a(tls_amiga.c.obj) (ami_random_init)
../../src/common/libaminetxduo_common.a(events.c.obj)
                              ../../src/netstack/libaminetxduo_netstack.a(netstack.c.obj) (ami_event)
../../src/common/libaminetxduo_common.a(budget.c.obj)
                              ../../src/netstack/libaminetxduo_netstack.a(netstack_baton.c.obj) (ami_budget_hold_end)
../../src/tls/libnx_secure.a(nx_secure_tls_ecc_initialize.c.obj)
                              CMakeFiles/tls_https.dir/tls_https.c.obj (_nx_secure_tls_ecc_initialize)
../../src/tls/libnx_secure.a(nx_secure_x509_find_curve_method.c.obj)
                              ../../src/tls/libnx_secure.a(nx_secure_tls_ecc_initialize.c.obj) (_nx_secure_x509_ecc_supported_groups)
../../src/tls/libnx_secure.a(nxe_secure_tls_local_certificate_add.c.obj)
                              ../../src/tls/libaminetxduo_tls.a(ami_tls_crypto.c.obj) (_nxe_secure_tls_local_certificate_add)
../../src/tls/libnx_secure.a(nxe_secure_tls_packet_allocate.c.obj)
[...]
Memory Configuration

Name             Origin             Length             Attributes
*default*        0x0000000000000000 0xffffffffffffffff

Linker script and memory map

LOAD /home/turo/.cache/aminetxduo/toolchain/3869b4427396/lib/gcc/m68k-amigaos/16.2.0b/../../../../m68k-amigaos/lib/crt0.o
LOAD CMakeFiles/tls_https.dir/tls_https.c.obj
LOAD ../../src/tls/libaminetxduo_tls.a
LOAD ../../src/netstack/libaminetxduo_netstack.a
LOAD ../../src/common/libaminetxduo_common.a
LOAD ../../src/tls/libnx_secure.a
LOAD ../../src/crypto68k/libcrypto68k.a
LOAD ../../src/tls/libnx_crypto.a
LOAD ../../src/crypto68k/libcrypto68k.a
LOAD ../../src/tls/libnx_crypto.a
LOAD ../../src/common/libaminetxduo_m68k_rt.a
LOAD ../../src/config/libaminetxduo_config.a
LOAD ../../src/sana2/libaminetxduo_sana2.a
LOAD ../../libnetxduo_addons.a
LOAD ../../src/bpf/libaminetxduo_bpf.a
LOAD ../../libnetxduo.a
LOAD ../../src/common/libaminetxduo_common.a
LOAD ../../port/threadx-amiga/libthreadx_port.a
LOAD ../../libthreadx.a
LOAD ../../src/common/libaminetxduo_common.a
LOAD ../../port/threadx-amiga/libthreadx_port.a
LOAD ../../libthreadx.a
LOAD ../../src/net68k/libaminetxduo_net68k.a
LOAD ../../src/ipv6/libaminetxduo_ipv6.a
START GROUP
LOAD /home/turo/.cache/aminetxduo/toolchain/3869b4427396/lib/gcc/m68k-amigaos/16.2.0b/../../../../m68k-amigaos/lib/libc.a
LOAD /home/turo/.cache/aminetxduo/toolchain/3869b4427396/lib/gcc/m68k-amigaos/16.2.0b/../../../../m68k-amigaos/lib/libstubs.a
LOAD /home/turo/.cache/aminetxduo/toolchain/3869b4427396/lib/gcc/m68k-amigaos/16.2.0b/../../../../m68k-amigaos/lib/libamiga.a
LOAD /home/turo/.cache/aminetxduo/toolchain/3869b4427396/lib/gcc/m68k-amigaos/16.2.0b/libgcc.a
END GROUP
                [!provide]                        PROVIDE (___machtype = 0x0)
                0x0000000000000000                . = 0x0

.text           0x0000000000000000    0x7e674
                0x0000000000000000                __stext = .
 *(.text)
 .text          0x0000000000000000      0x284 /home/turo/.cache/aminetxduo/toolchain/3869b4427396/lib/gcc/m68k-amigaos/16.2.0b/../../../../m68k-amigaos/lib/crt0.o
                0x0000000000000000                ____start
                0x00000000000000c4                __exit
                0x00000000000000c4                _exit
                0x00000000000000c4                exit
                0x000000000000010c                callfuncs
                0x0000000000000170                __initlibraries
                0x0000000000000206                __exitlibraries
                0x0000000000000246                __initcpp
                0x000000000000026a                __exitcpp
 .text          0x0000000000000284     0x12e8 CMakeFiles/tls_https.dir/tls_https.c.obj
                0x0000000000000782                main
 .text          0x000000000000156c      0x29c ../../src/tls/libaminetxduo_tls.a(tls_amiga.c.obj)
                0x00000000000015b4                ami_tls_timer_open
                0x00000000000016ac                ami_tls_timer_is_open
                0x00000000000016ba                ami_tls_timer_close
                0x0000000000001718                ami_tls_eclock
                0x0000000000001740                ami_tls_eclock_hz
                0x000000000000174c                ami_tls_eclock_micros
                0x00000000000017d8                ami_tls_seed_rng
 .text          0x0000000000001808      0xcbc ../../src/tls/libaminetxduo_tls.a(ami_tls_crypto.c.obj)
                0x000000000000227e                ami_tls_crypto_set_arithmetic
                0x0000000000002294                ami_tls_crypto_set_crt
                0x00000000000022a8                ami_tls_crypto_set_client_thread
                0x00000000000022b2                ami_tls_crypto_counters_get
                0x00000000000022ee                ami_tls_crypto_counters_reset
                0x0000000000002308                ami_tls_crypto_initialize
                0x00000000000023a0                ami_tls_rsa_key_register
                0x000000000000244c                ami_tls_rsa_key_reset
                0x000000000000246c                ami_tls_local_certificate_add
                0x0000000000002492                ami_crypto_ecc_offered_groups_size
                0x0000000000002496                ami_crypto_ecc_offered_groups
                0x0000000000002498                ami_crypto_ecc_supported_groups_size
                0x000000000000249c                ami_crypto_ecc_supported_groups
                0x00000000000024a2                ami_crypto_tls_ciphers_ecc
 .text          0x00000000000024c4     0x2e88 ../../src/netstack/libaminetxduo_netstack.a(netstack.c.obj)
                0x0000000000002ebc                tx_application_define
                0x0000000000002ebe                ami_netstack_raw
                0x0000000000002ed8                ami_netstack_enter
                0x0000000000002f28                ami_netstack_enter_alloc
                0x0000000000002f72                ami_netstack_enter_cached
                0x0000000000003016                ami_netstack_release
                0x00000000000030a8                ami_netstack_mark
                0x00000000000030aa                netstack_can_unload
                0x00000000000030fc                netstack_get
                0x0000000000003104                netstack_ip
                0x0000000000003128                netstack_pool
                0x0000000000003146                netstack_pool_mark_low
                0x0000000000003172                ami_netstack_leave
                0x0000000000003194                ami_netstack_leave_free
                0x0000000000003650                netstack_shutdown
                0x0000000000003722                ami_netstack_leave_cached
                0x0000000000003786                netstack_pool_sample
                0x0000000000004332                netstack_startup
                0x00000000000043b8                netstack_iface_config
                0x0000000000004426                netstack_iface_mdns
                0x0000000000004452                netstack_iface_mdns_set
                0x00000000000044a2                netstack_config
                0x00000000000044ae                netstack_hostname_offer
                0x0000000000004546                netstack_interface_count
                0x0000000000004562                netstack_interface_up
                0x0000000000004600                netstack_interface_down
                0x000000000000461e                netstack_interface_stack_down
                0x0000000000004680                netstack_interface_is_up
                0x00000000000046d0                netstack_interface_dhcp_state
                0x000000000000471e                netstack_interface_dhcp_start
                0x0000000000004890                ami_ns_dhcp_text
                0x0000000000004900                netstack_interface_dhcp_lease
                0x0000000000004aa6                netstack_interface_dhcp_raw_state
                0x0000000000004ade                netstack_interface_dhcp_renew
                0x0000000000004b5a                netstack_interface_dhcp_stop
                0x0000000000004dcc                netstack_interface_remove
                0x0000000000004e14                netstack_interface_remove_named
                0x0000000000004eca                netstack_interface_claim
                0x0000000000004fbc                ami_netstack_interface_claim_cookie
                0x0000000000005060                netstack_interface_release
                0x00000000000050bc                netstack_interface_add
                0x0000000000005100                netstack_interface_start
 .text          0x000000000000534c      0x440 ../../src/netstack/libaminetxduo_netstack.a(netstack_baton.c.obj)
                0x000000000000537c                ami_netstack_baton_set_sampler
                0x000000000000539e                ami_netstack_health_publish
                0x000000000000544a                ami_netstack_health_unpublish
                0x0000000000005482                ami_netstack_baton_abandon
                0x00000000000054fa                ami_netstack_baton_reset
                0x0000000000005534                ami_netstack_baton_release
                0x00000000000056b2                ami_netstack_baton_acquire
 .text          0x000000000000578c      0x1e8 ../../src/netstack/libaminetxduo_netstack.a(netstack_dhcp_hostname.c.obj)
                0x00000000000057c0                ami_ns_dhcp_hostname_update
                0x00000000000057e6                ami_ns_dhcp_hostname_decode
                0x000000000000583c                ami_ns_dhcp_hostname_displace
                0x0000000000005854                ami_ns_dhcp_hostname_reconcile
 .text          0x0000000000005974     0x2030 ../../src/netstack/libaminetxduo_netstack.a(netstack_dns.c.obj)
                0x0000000000005f92                ami_ns6_rdnss
                0x0000000000005fd0                ami_ns6_dnssl
                0x0000000000006018                ami_ns_copy_name
                0x000000000000605a                ami_netstack_dns_dhcp_reconcile
                0x0000000000006fbe                netstack_dns_absorb_pending
                0x00000000000071c2                ami_netstack_dns_dhcp_changed
                0x00000000000071fa                ami_netstack_dns_start
                0x000000000000734e                ami_netstack_dns_stop
                0x0000000000007384                netstack_resolve_until
                0x0000000000007464                netstack_resolve
                0x000000000000747e                netstack_resolve_reverse_until
                0x000000000000756c                netstack_resolve_reverse
                0x000000000000758a                netstack_resolve6_until
                0x000000000000766a                netstack_resolve6
                0x0000000000007684                netstack_dns_server_add
                0x000000000000774e                netstack_dns_server_remove
                0x000000000000784a                netstack_set_domain_name
                0x00000000000078f0                netstack_resolver_snapshot
                0x0000000000007930                netstack_domain_name_get
 .text          0x00000000000079a4      0x3c4 ../../src/netstack/libaminetxduo_netstack.a(netstack_dns_domain.c.obj)
                0x0000000000007a24                ami_ns_domain_valid
                0x0000000000007ad2                ami_ns_domain_canonicalize
                0x0000000000007b0a                ami_ns_dns_ra_default_reconcile
                0x0000000000007bba                ami_ns_dns_dhcp_default_update
                0x0000000000007bfc                ami_ns_dns_dhcpv6_default_update
                0x0000000000007c28                ami_ns_dns_dhcp_default_reconcile
 .text          0x0000000000007d68       0xa8 ../../src/netstack/libaminetxduo_netstack.a(netstack_dns_handoff.c.obj)
                0x0000000000007d68                ami_ns_dns_pending_mark
                0x0000000000007da4                ami_ns_dns_pending_take
                0x0000000000007dda                ami_ns_dns_pending_any
                0x0000000000007df4                ami_ns_dns_option_usable
                0x0000000000007e02                ami_ns_dns_option_retry
 .text          0x0000000000007e10      0x474 ../../src/netstack/libaminetxduo_netstack.a(netstack_dns_lease.c.obj)
                0x0000000000007e66                ami_ns_dhcp_dns_lease_has
                0x0000000000007eae                ami_ns_dhcp_dns_lease_add
                0x0000000000007f18                ami_ns_dhcp_dns_lease_remove
                0x0000000000007f98                ami_ns_dhcp_dns_lease_count
                0x0000000000007fbc                ami_ns_dhcp_dns_lease_at
                0x0000000000007ffa                ami_ns_dhcp_search_lease_has
                0x000000000000806a                ami_ns_dhcp_search_lease_add
                0x000000000000811e                ami_ns_dhcp_search_lease_remove
                0x00000000000081e6                ami_ns_dhcp_search_lease_count
                0x0000000000008210                ami_ns_dhcp_search_lease_at
                0x000000000000825a                ami_ns_dns_use_deepen
                0x000000000000826e                ami_ns_dns_use_shallow
 .text          0x0000000000008284       0x74 ../../src/netstack/libaminetxduo_netstack.a(netstack_dns_status.c.obj)
                0x0000000000008284                ami_ns_dns_again
                0x00000000000082ac                ami_ns_dns_error
 .text          0x00000000000082f8       0xa8 ../../src/netstack/libaminetxduo_netstack.a(netstack_retry.c.obj)
                0x00000000000082f8                ami_net_ask_until
 .text          0x00000000000083a0      0x684 ../../src/netstack/libaminetxduo_netstack.a(netstack_rexx.c.obj)
                0x00000000000087d4                ami_netstack_rexx_start
                0x00000000000088c8                ami_netstack_rexx_stop
                0x000000000000899c                ami_netstack_rexx_suspend
                0x00000000000089cc                ami_netstack_rexx_resume
 .text          0x0000000000008a24     0x1c5c ../../src/netstack/libaminetxduo_netstack.a(netstack_rexx_vars.c.obj)
                0x0000000000008cd6                ami_rx_reply_init
                0x0000000000008cf2                ami_rx_reply_done
                0x0000000000008d5c                ami_rx_getvalue
                0x0000000000009e42                ami_rx_setvalue
                0x000000000000a5c9                ami_rx_err_state
                0x000000000000a5da                ami_rx_err_unimpl
                0x000000000000a65f                ami_rx_err_syntax
                0x000000000000a66d                ami_rx_err_unknown
 .text          0x000000000000a680      0xc50 ../../src/netstack/libaminetxduo_netstack.a(netstack_ipv6.c.obj)
                0x000000000000aca6                ami_netstack_ipv6_enable
                0x000000000000ad14                ami_netstack_ipv6_interface_up
                0x000000000000add2                ami_netstack_ipv6_reclaim_notify
                0x000000000000adfa                ami_netstack_ipv6_configure
                0x000000000000ae36                ami_netstack_ipv6_configure_one
                0x000000000000ae5e                netstack_ipv6_enabled
                0x000000000000ae8e                netstack_ipv6_have_global
                0x000000000000af3c                netstack_ipv6_address_get
                0x000000000000afae                netstack_ipv6_route_add
                0x000000000000b02c                netstack_ipv6_route_delete
                0x000000000000b19c                netstack_ipv6_source_for
 .text          0x000000000000b2d0      0xa20 ../../src/netstack/libaminetxduo_netstack.a(netstack_dhcpv6.c.obj)
                0x000000000000b730                ami_netstack_dhcpv6_address_notify
                0x000000000000b794                ami_netstack_dhcpv6_release
                0x000000000000b844                ami_netstack_dhcpv6_pause
                0x000000000000b8a0                ami_netstack_dhcpv6_resume
                0x000000000000b92e                ami_netstack_dhcpv6_destroy
                0x000000000000bac4                ami_netstack_dhcpv6_configure
 .text          0x000000000000bcf0      0x108 ../../src/netstack/libaminetxduo_netstack.a(dhcpv6_wire.c.obj)
                0x000000000000bcf0                ami_dhcpv6_action_for_ra
                0x000000000000bd06                ami_dhcpv6_resume_action
                0x000000000000bd42                ami_dhcpv6_inform_reply_seen
                0x000000000000bd64                ami_dhcpv6_option_change
                0x000000000000bd92                ami_dhcpv6_duid_ll
 .text          0x000000000000bdf8      0xa28 ../../src/netstack/libaminetxduo_netstack.a(netstack_ra.c.obj)
                0x000000000000be86                ami_ns_ra_rdnss
                0x000000000000bff8                ami_ns_ra_dnssl
                0x000000000000c276                ami_ns_ra_snapshot
                0x000000000000c65a                ami_ns_ra_needs_snapshot
                0x000000000000c774                ami_ns_ra_rdnss_has
 .text          0x000000000000c820      0x3c8 ../../src/netstack/libaminetxduo_netstack.a(netstack_capture.c.obj)
                0x000000000000ca50                ami_netstack_capture_start
                0x000000000000caf6                ami_netstack_capture_attach_one
                0x000000000000cb5c                ami_netstack_capture_detach_one
                0x000000000000cb80                ami_netstack_capture_stop
 .text          0x000000000000cbe8      0xb70 ../../src/netstack/libaminetxduo_netstack.a(netstack_mdns.c.obj)
                0x000000000000cf5c                ami_netstack_mdns_start
                0x000000000000d026                ami_netstack_mdns_iface_set
                0x000000000000d112                ami_netstack_mdns_stop
                0x000000000000d1ca                ami_netstack_mdns_resolve
                0x000000000000d282                netstack_mdns_browse_start
                0x000000000000d2f2                netstack_mdns_browse_stop
                0x000000000000d362                netstack_mdns_browse_collect
                0x000000000000d726                netstack_mdns_hostname
 .text          0x000000000000d758       0x44 ../../src/common/libaminetxduo_common.a(compat.c.obj)
 .text          0x000000000000d79c      0x378 ../../src/common/libaminetxduo_common.a(crashguard.c.obj)
                0x000000000000d79c                ami_crash_trap
                0x000000000000d7da                ami_alert_trampoline
 .text          0x000000000000db14      0x110 ../../src/common/libaminetxduo_common.a(ami_random.c.obj)
 .text          0x000000000000dc24       0x14 ../../src/common/libaminetxduo_common.a(events.c.obj)
 .text          0x000000000000dc38        0x0 ../../src/common/libaminetxduo_common.a(budget.c.obj)
 .text          0x000000000000dc38       0x34 ../../src/tls/libnx_secure.a(nx_secure_tls_ecc_initialize.c.obj)
                0x000000000000dc38                _nx_secure_tls_ecc_initialize
 .text          0x000000000000dc6c       0x5c ../../src/tls/libnx_secure.a(nx_secure_x509_find_curve_method.c.obj)
                0x000000000000dc6c                _nx_secure_x509_find_curve_method
 .text          0x000000000000dcc8       0x50 ../../src/tls/libnx_secure.a(nxe_secure_tls_local_certificate_add.c.obj)
                0x000000000000dcc8                _nxe_secure_tls_local_certificate_add
 .text          0x000000000000dd18       0x80 ../../src/tls/libnx_secure.a(nxe_secure_tls_packet_allocate.c.obj)
                0x000000000000dd18                _nxe_secure_tls_packet_allocate
 .text          0x000000000000dd98       0x70 ../../src/tls/libnx_secure.a(nxe_secure_tls_remote_certificate_allocate.c.obj)
                0x000000000000dd98                _nxe_secure_tls_remote_certificate_allocate
 .text          0x000000000000de08       0x78 ../../src/tls/libnx_secure.a(nxe_secure_tls_session_create.c.obj)
                0x000000000000de08                _nxe_secure_tls_session_create
 .text          0x000000000000de80       0x44 ../../src/tls/libnx_secure.a(nxe_secure_tls_session_delete.c.obj)
                0x000000000000de80                _nxe_secure_tls_session_delete
 .text          0x000000000000dec4       0x50 ../../src/tls/libnx_secure.a(nxe_secure_tls_session_end.c.obj)
                0x000000000000dec4                _nxe_secure_tls_session_end
 .text          0x000000000000df14       0x64 ../../src/tls/libnx_secure.a(nxe_secure_tls_session_packet_buffer_set.c.obj)
                0x000000000000df14                _nxe_secure_tls_session_packet_buffer_set
 .text          0x000000000000df78       0x68 ../../src/tls/libnx_secure.a(nxe_secure_tls_session_receive.c.obj)
                0x000000000000df78                _nxe_secure_tls_session_receive
 .text          0x000000000000dfe0       0x84 ../../src/tls/libnx_secure.a(nxe_secure_tls_session_send.c.obj)
                0x000000000000dfe0                _nxe_secure_tls_session_send
 .text          0x000000000000e064       0x50 ../../src/tls/libnx_secure.a(nxe_secure_tls_session_sni_extension_set.c.obj)
                0x000000000000e064                _nxe_secure_tls_session_sni_extension_set
 .text          0x000000000000e0b4       0x60 ../../src/tls/libnx_secure.a(nxe_secure_tls_session_start.c.obj)
                0x000000000000e0b4                _nxe_secure_tls_session_start
 .text          0x000000000000e114       0x50 ../../src/tls/libnx_secure.a(nxe_secure_tls_trusted_certificate_add.c.obj)
                0x000000000000e114                _nxe_secure_tls_trusted_certificate_add
 .text          0x000000000000e164       0x9c ../../src/tls/libnx_secure.a(nxe_secure_x509_certificate_initialize.c.obj)
                0x000000000000e164                _nxe_secure_x509_certificate_initialize
 .text          0x000000000000e200       0x30 ../../src/tls/libnx_secure.a(nx_secure_tls_initialize.c.obj)
                0x000000000000e20a                _nx_secure_tls_initialize
 .text          0x000000000000e230       0x7c ../../src/tls/libnx_secure.a(nx_secure_tls_local_certificate_add.c.obj)
                0x000000000000e230                _nx_secure_tls_local_certificate_add
 .text          0x000000000000e2ac      0x108 ../../src/tls/libnx_secure.a(nx_secure_tls_packet_allocate.c.obj)
                0x000000000000e2ac                _nx_secure_tls_packet_allocate
 .text          0x000000000000e3b4       0x68 ../../src/tls/libnx_secure.a(nx_secure_tls_remote_certificate_allocate.c.obj)
                0x000000000000e3b4                _nx_secure_tls_remote_certificate_allocate
 .text          0x000000000000e41c       0x38 ../../src/tls/libnx_secure.a(nx_secure_tls_session_create.c.obj)
                0x000000000000e41c                _nx_secure_tls_session_create
 .text          0x000000000000e454      0x808 ../../src/tls/libnx_secure.a(nx_secure_tls_session_create_ext.c.obj)
                0x000000000000e4b8                _nx_secure_tls_session_create_ext
 .text          0x000000000000ec5c       0x90 ../../src/tls/libnx_secure.a(nx_secure_tls_session_delete.c.obj)
                0x000000000000ec5c                _nx_secure_tls_session_delete
 .text          0x000000000000ecec      0x138 ../../src/tls/libnx_secure.a(nx_secure_tls_session_end.c.obj)
                0x000000000000ecec                _nx_secure_tls_session_end
 .text          0x000000000000ee24       0x70 ../../src/tls/libnx_secure.a(nx_secure_tls_session_iv_size_get.c.obj)
                0x000000000000ee24                _nx_secure_tls_session_iv_size_get
 .text          0x000000000000ee94       0x38 ../../src/tls/libnx_secure.a(nx_secure_tls_session_packet_buffer_set.c.obj)
                0x000000000000ee94                _nx_secure_tls_session_packet_buffer_set
 .text          0x000000000000eecc       0x34 ../../src/tls/libnx_secure.a(nx_secure_tls_session_receive.c.obj)
                0x000000000000eecc                _nx_secure_tls_session_receive
 .text          0x000000000000ef00      0x2a0 ../../src/tls/libnx_secure.a(nx_secure_tls_session_receive_records.c.obj)
                0x000000000000ef00                _nx_secure_tls_session_receive_records
 .text          0x000000000000f1a0       0xdc ../../src/tls/libnx_secure.a(nx_secure_tls_session_reset.c.obj)
                0x000000000000f1a0                _nx_secure_tls_session_reset
 .text          0x000000000000f27c       0x50 ../../src/tls/libnx_secure.a(nx_secure_tls_session_send.c.obj)
                0x000000000000f27c                _nx_secure_tls_session_send
 .text          0x000000000000f2cc       0x10 ../../src/tls/libnx_secure.a(nx_secure_tls_session_sni_extension_set.c.obj)
                0x000000000000f2cc                _nx_secure_tls_session_sni_extension_set
 .text          0x000000000000f2dc      0x148 ../../src/tls/libnx_secure.a(nx_secure_tls_session_start.c.obj)
                0x000000000000f2dc                _nx_secure_tls_session_start
 .text          0x000000000000f424       0x70 ../../src/tls/libnx_secure.a(nx_secure_tls_trusted_certificate_add.c.obj)
                0x000000000000f424                _nx_secure_tls_trusted_certificate_add
 .text          0x000000000000f494       0x24 ../../src/tls/libnx_secure.a(nx_secure_trusted_certificate_add.c.obj)
                0x000000000000f494                _nx_secure_trusted_certificate_add
 .text          0x000000000000f4b8      0x188 ../../src/tls/libnx_secure.a(nx_secure_verify_mac.c.obj)
                0x000000000000f4b8                _nx_secure_verify_mac
 .text          0x000000000000f640      0x12c ../../src/tls/libnx_secure.a(nx_secure_x509_certificate_initialize.c.obj)
                0x000000000000f640                _nx_secure_x509_certificate_initialize
 .text          0x000000000000f76c      0x1bc ../../src/tls/libnx_secure.a(nx_secure_x509_ec_private_key_parse.c.obj)
                0x000000000000f76c                _nx_secure_x509_ec_private_key_parse
 .text          0x000000000000f928      0x1e8 ../../src/tls/libnx_secure.a(nx_secure_x509_oid_parse.c.obj)
                0x000000000000f928                _nx_secure_x509_oid_parse
 .text          0x000000000000fb10      0x2e0 ../../src/tls/libnx_secure.a(nx_secure_x509_pkcs1_rsa_private_key_parse.c.obj)
                0x000000000000fb46                _nx_secure_x509_pkcs1_rsa_private_key_parse
 .text          0x000000000000fdf0       0x74 ../../src/tls/libnx_secure.a(nx_secure_x509_store_certificate_add.c.obj)
                0x000000000000fdf0                _nx_secure_x509_store_certificate_add
 .text          0x000000000000fe64      0x1f8 ../../src/tls/libnx_secure.a(nx_secure_generate_client_key_exchange.c.obj)
                0x000000000000fe64                _nx_secure_generate_client_key_exchange
 .text          0x000000000001005c      0x1a4 ../../src/tls/libnx_secure.a(nx_secure_generate_master_secret.c.obj)
                0x0000000000010082                _nx_secure_generate_master_secret
 .text          0x0000000000010200      0x1f4 ../../src/tls/libnx_secure.a(nx_secure_generate_premaster_secret.c.obj)
                0x0000000000010200                _nx_secure_generate_premaster_secret
 .text          0x00000000000103f4       0x8c ../../src/tls/libnx_secure.a(nx_secure_generate_server_key_exchange.c.obj)
                0x00000000000103f4                _nx_secure_generate_server_key_exchange
 .text          0x0000000000010480      0x140 ../../src/tls/libnx_secure.a(nx_secure_generate_session_keys.c.obj)
                0x000000000001048e                _nx_secure_generate_session_keys
 .text          0x00000000000105c0      0x4d0 ../../src/tls/libnx_secure.a(nx_secure_process_client_key_exchange.c.obj)
                0x00000000000105c0                _nx_secure_process_client_key_exchange
 .text          0x0000000000010a90      0x700 ../../src/tls/libnx_secure.a(nx_secure_process_server_key_exchange.c.obj)
                0x0000000000010a90                _nx_secure_process_server_key_exchange
 .text          0x0000000000011190       0x7c ../../src/tls/libnx_secure.a(nx_secure_remote_certificate_verify.c.obj)
                0x0000000000011190                _nx_secure_remote_certificate_verify
 .text          0x000000000001120c      0x1c8 ../../src/tls/libnx_secure.a(nx_secure_session_keys_set.c.obj)
                0x000000000001120c                _nx_secure_session_keys_set
 .text          0x00000000000113d4       0xd0 ../../src/tls/libnx_secure.a(nx_secure_tls_1_3_crypto_init.c.obj)
                0x00000000000113d4                _nx_secure_tls_1_3_crypto_init
 .text          0x00000000000114a4       0x80 ../../src/tls/libnx_secure.a(nx_secure_tls_allocate_handshake_packet.c.obj)
                0x00000000000114a4                _nx_secure_tls_allocate_handshake_packet
 .text          0x0000000000011524      0x770 ../../src/tls/libnx_secure.a(nx_secure_tls_ecc_generate_keys.c.obj)
                0x0000000000011524                _nx_secure_tls_ecc_generate_keys
 .text          0x0000000000011c94       0x5c ../../src/tls/libnx_secure.a(nx_secure_tls_find_curve_method.c.obj)
                0x0000000000011c94                _nx_secure_tls_find_curve_method
 .text          0x0000000000011cf0       0xb4 ../../src/tls/libnx_secure.a(nx_secure_tls_handshake_process.c.obj)
                0x0000000000011cf0                _nx_secure_tls_handshake_process
 .text          0x0000000000011da4      0x244 ../../src/tls/libnx_secure.a(nx_secure_tls_hash_record.c.obj)
                0x0000000000011da4                _nx_secure_tls_hash_record
 .text          0x0000000000011fe8       0x18 ../../src/tls/libnx_secure.a(nx_secure_tls_key_material_init.c.obj)
                0x0000000000011fe8                _nx_secure_tls_key_material_init
 .text          0x0000000000012000      0x1d8 ../../src/tls/libnx_secure.a(nx_secure_tls_map_error_to_alert.c.obj)
                0x0000000000012000                _nx_secure_tls_map_error_to_alert
 .text          0x00000000000121d8       0x40 ../../src/tls/libnx_secure.a(nx_secure_tls_packet_release.c.obj)
                0x00000000000121d8                _nx_secure_tls_packet_release
 .text          0x0000000000012218      0x7fc ../../src/tls/libnx_secure.a(nx_secure_tls_process_clienthello_extensions.c.obj)
                0x0000000000012218                _nx_secure_tls_process_clienthello_extensions
                0x0000000000012612                _nx_secure_tls_get_signature_algorithm_id
                0x00000000000126d4                _nx_secure_tls_proc_clienthello_sec_sa_extension
 .text          0x0000000000012a14      0x644 ../../src/tls/libnx_secure.a(nx_secure_tls_process_record.c.obj)
                0x0000000000012a14                _nx_secure_tls_process_record
 .text          0x0000000000013058       0x34 ../../src/tls/libnx_secure.a(nx_secure_tls_remote_certificate_free_all.c.obj)
                0x0000000000013058                _nx_secure_tls_remote_certificate_free_all
 .text          0x000000000001308c       0x44 ../../src/tls/libnx_secure.a(nx_secure_tls_send_alert.c.obj)
                0x000000000001308c                _nx_secure_tls_send_alert
 .text          0x00000000000130d0      0x2ac ../../src/tls/libnx_secure.a(nx_secure_tls_send_clienthello.c.obj)
                0x00000000000130d0                _nx_secure_tls_send_clienthello
 .text          0x000000000001337c      0x76c ../../src/tls/libnx_secure.a(nx_secure_tls_send_clienthello_extensions.c.obj)
                0x000000000001337c                _nx_secure_tls_send_clienthello_extensions
                0x0000000000013878                _nx_secure_tls_send_clienthello_psk_extension
 .text          0x0000000000013ae8       0xd0 ../../src/tls/libnx_secure.a(nx_secure_tls_send_handshake_record.c.obj)
                0x0000000000013ae8                _nx_secure_tls_send_handshake_record
 .text          0x0000000000013bb8      0x3b8 ../../src/tls/libnx_secure.a(nx_secure_tls_send_record.c.obj)
                0x0000000000013ca4                _nx_secure_tls_send_record
 .text          0x0000000000013f70      0x3c4 ../../src/tls/libnx_secure.a(nx_secure_tls_server_handshake.c.obj)
                0x0000000000013f70                _nx_secure_tls_server_handshake
 .text          0x0000000000014334       0x94 ../../src/tls/libnx_secure.a(nx_secure_tls_session_keys_set.c.obj)
                0x0000000000014334                _nx_secure_tls_session_keys_set
 .text          0x00000000000143c8       0x58 ../../src/tls/libnx_secure.a(nx_secure_tls_verify_mac.c.obj)
                0x00000000000143c8                _nx_secure_tls_verify_mac
 .text          0x0000000000014420      0xda0 ../../src/tls/libnx_secure.a(nx_secure_x509.c.obj)
                0x000000000001481a                _nx_secure_x509_certificate_parse
 .text          0x00000000000151c0       0xf8 ../../src/tls/libnx_secure.a(nx_secure_x509_asn1_tlv_block_parse.c.obj)
                0x00000000000151c0                _nx_secure_x509_asn1_tlv_block_parse
 .text          0x00000000000152b8      0x150 ../../src/tls/libnx_secure.a(nx_secure_x509_certificate_chain_verify.c.obj)
                0x00000000000152b8                _nx_secure_x509_certificate_chain_verify
 .text          0x0000000000015408       0x74 ../../src/tls/libnx_secure.a(nx_secure_x509_certificate_list_add.c.obj)
                0x0000000000015408                _nx_secure_x509_certificate_list_add
 .text          0x000000000001547c      0x4b8 ../../src/tls/libnx_secure.a(nx_secure_x509_certificate_verify.c.obj)
                0x000000000001547c                _nx_secure_x509_certificate_verify
 .text          0x0000000000015934       0x40 ../../src/tls/libnx_secure.a(nx_secure_x509_distinguished_name_compare.c.obj)
                0x0000000000015934                _nx_secure_x509_distinguished_name_compare
 .text          0x0000000000015974      0x1ac ../../src/tls/libnx_secure.a(nx_secure_x509_distinguished_name_parse.c.obj)
                0x0000000000015974                _nx_secure_x509_distinguished_name_parse
 .text          0x0000000000015b20      0x84c ../../src/tls/libnx_secure.a(nx_secure_x509_expiration_check.c.obj)
                0x00000000000162ba                _nx_secure_x509_expiration_check
 .text          0x000000000001636c      0x544 ../../src/tls/libnx_secure.a(nx_secure_x509_extension_policy_check.c.obj)
                0x00000000000163f2                _nx_secure_x509_name_constraints_check
                0x00000000000166c0                _nx_secure_x509_server_auth_check
                0x000000000001670c                _nx_secure_x509_critical_extensions_check
                0x0000000000016846                _nx_secure_x509_extension_policy_check
 .text          0x00000000000168b0       0x4c ../../src/tls/libnx_secure.a(nx_secure_x509_find_certificate_methods.c.obj)
                0x00000000000168b0                _nx_secure_x509_find_certificate_methods
 .text          0x00000000000168fc       0x88 ../../src/tls/libnx_secure.a(nx_secure_x509_key_usage_extension_parse.c.obj)
                0x00000000000168fc                _nx_secure_x509_key_usage_extension_parse
 .text          0x0000000000016984       0x5c ../../src/tls/libnx_secure.a(nx_secure_x509_local_device_certificate_get.c.obj)
                0x0000000000016984                _nx_secure_x509_local_device_certificate_get
 .text          0x00000000000169e0      0x190 ../../src/tls/libnx_secure.a(nx_secure_x509_pkcs7_decode.c.obj)
                0x00000000000169e0                _nx_secure_x509_pkcs7_decode
 .text          0x0000000000016b70       0x5c ../../src/tls/libnx_secure.a(nx_secure_x509_remote_endpoint_certificate_get.c.obj)
                0x0000000000016b70                _nx_secure_x509_remote_endpoint_certificate_get
 .text          0x0000000000016bcc       0x94 ../../src/tls/libnx_secure.a(nx_secure_x509_store_certificate_find.c.obj)
                0x0000000000016bcc                _nx_secure_x509_store_certificate_find
 .text          0x0000000000016c60      0x678 ../../src/tls/libnx_secure.a(nx_secure_tls_record_payload_encrypt.c.obj)
                0x0000000000016c60                _nx_secure_tls_record_payload_encrypt
 .text          0x00000000000172d8      0x7e4 ../../src/tls/libnx_secure.a(nx_secure_tls_record_payload_decrypt.c.obj)
                0x0000000000017682                _nx_secure_tls_record_payload_decrypt
 .text          0x0000000000017abc      0x608 ../../src/tls/libnx_secure.a(nx_secure_tls_1_3_client_handshake.c.obj)
                0x0000000000017abc                _nx_secure_tls_1_3_client_handshake
 .text          0x00000000000180c4      0xc74 ../../src/tls/libnx_secure.a(nx_secure_tls_1_3_generate_keys.c.obj)
                0x00000000000184b2                _nx_secure_tls_1_3_generate_psk_secret
                0x00000000000185ce                _nx_secure_tls_1_3_generate_handshake_keys
                0x0000000000018a2e                _nx_secure_tls_1_3_generate_session_keys
                0x0000000000018cd4                _nx_secure_tls_1_3_session_psk_generate
 .text          0x0000000000018d38      0x4e4 ../../src/tls/libnx_secure.a(nx_secure_tls_1_3_server_handshake.c.obj)
                0x0000000000018d38                _nx_secure_tls_1_3_server_handshake
 .text          0x000000000001921c      0x180 ../../src/tls/libnx_secure.a(nx_secure_tls_1_3_session_keys_set.c.obj)
                0x000000000001921c                _nx_secure_tls_1_3_session_keys_set
 .text          0x000000000001939c       0xa4 ../../src/tls/libnx_secure.a(nx_secure_tls_1_3_transcript_hash_save.c.obj)
                0x000000000001939c                _nx_secure_tls_1_3_transcript_hash_save
 .text          0x0000000000019440       0x98 ../../src/tls/libnx_secure.a(nx_secure_tls_check_protocol_version.c.obj)
                0x0000000000019440                _nx_secure_tls_check_protocol_version
 .text          0x00000000000194d8      0x498 ../../src/tls/libnx_secure.a(nx_secure_tls_client_handshake.c.obj)
                0x00000000000194d8                _nx_secure_tls_client_handshake
 .text          0x0000000000019970       0xa4 ../../src/tls/libnx_secure.a(nx_secure_tls_generate_keys.c.obj)
                0x0000000000019970                _nx_secure_tls_generate_keys
 .text          0x0000000000019a14       0x60 ../../src/tls/libnx_secure.a(nx_secure_tls_generate_premaster_secret.c.obj)
                0x0000000000019a14                _nx_secure_tls_generate_premaster_secret
 .text          0x0000000000019a74       0xf8 ../../src/tls/libnx_secure.a(nx_secure_tls_handshake_hash_init.c.obj)
                0x0000000000019a74                _nx_secure_tls_handshake_hash_init
 .text          0x0000000000019b6c      0x188 ../../src/tls/libnx_secure.a(nx_secure_tls_handshake_hash_update.c.obj)
                0x0000000000019b6c                _nx_secure_tls_handshake_hash_update
 .text          0x0000000000019cf4       0xe8 ../../src/tls/libnx_secure.a(nx_secure_tls_newest_supported_version.c.obj)
                0x0000000000019cf4                _nx_secure_tls_newest_supported_version
                0x0000000000019d48                _nx_secure_tls_highest_supported_version_negotiate
 .text          0x0000000000019ddc      0x1f4 ../../src/tls/libnx_secure.a(nx_secure_tls_process_certificate_request.c.obj)
                0x0000000000019ddc                _nx_secure_tls_process_certificate_request
 .text          0x0000000000019fd0      0x850 ../../src/tls/libnx_secure.a(nx_secure_tls_process_certificate_verify.c.obj)
                0x000000000001a016                _nx_secure_tls_process_certificate_verify
 .text          0x000000000001a820       0x8c ../../src/tls/libnx_secure.a(nx_secure_tls_process_changecipherspec.c.obj)
                0x000000000001a820                _nx_secure_tls_process_changecipherspec
 .text          0x000000000001a8ac       0x50 ../../src/tls/libnx_secure.a(nx_secure_tls_process_client_key_exchange.c.obj)
                0x000000000001a8ac                _nx_secure_tls_process_client_key_exchange
 .text          0x000000000001a8fc      0x414 ../../src/tls/libnx_secure.a(nx_secure_tls_process_clienthello.c.obj)
                0x000000000001a8fc                _nx_secure_tls_process_clienthello
 .text          0x000000000001ad10       0x10 ../../src/tls/libnx_secure.a(nx_secure_tls_process_encrypted_extensions.c.obj)
                0x000000000001ad10                _nx_secure_tls_process_encrypted_extensions
 .text          0x000000000001ad20      0x15c ../../src/tls/libnx_secure.a(nx_secure_tls_process_finished.c.obj)
                0x000000000001ad40                _nx_secure_tls_process_finished
 .text          0x000000000001ae7c       0x50 ../../src/tls/libnx_secure.a(nx_secure_tls_process_handshake_header.c.obj)
                0x000000000001ae7c                _nx_secure_tls_process_handshake_header
 .text          0x000000000001aecc       0xac ../../src/tls/libnx_secure.a(nx_secure_tls_process_header.c.obj)
                0x000000000001aecc                _nx_secure_tls_process_header
 .text          0x000000000001af78      0x3b8 ../../src/tls/libnx_secure.a(nx_secure_tls_process_remote_certificate.c.obj)
                0x000000000001af78                _nx_secure_tls_process_remote_certificate
 .text          0x000000000001b330       0x80 ../../src/tls/libnx_secure.a(nx_secure_tls_process_server_key_exchange.c.obj)
                0x000000000001b330                _nx_secure_tls_process_server_key_exchange
 .text          0x000000000001b3b0      0x260 ../../src/tls/libnx_secure.a(nx_secure_tls_process_serverhello.c.obj)
                0x000000000001b3b0                _nx_secure_tls_process_serverhello
 .text          0x000000000001b610      0x4b0 ../../src/tls/libnx_secure.a(nx_secure_tls_process_serverhello_extensions.c.obj)
                0x000000000001b610                _nx_secure_tls_process_serverhello_extensions
 .text          0x000000000001bac0       0x18 ../../src/tls/libnx_secure.a(nx_secure_tls_protocol_version_get.c.obj)
                0x000000000001bac0                _nx_secure_tls_protocol_version_get
 .text          0x000000000001bad8      0x168 ../../src/tls/libnx_secure.a(nx_secure_tls_psk_binder_generate.c.obj)
                0x000000000001bad8                _nx_secure_tls_psk_binder_generate
 .text          0x000000000001bc40       0x90 ../../src/tls/libnx_secure.a(nx_secure_tls_record_hash_calculate.c.obj)
                0x000000000001bc40                _nx_secure_tls_record_hash_calculate
 .text          0x000000000001bcd0      0x16c ../../src/tls/libnx_secure.a(nx_secure_tls_record_hash_initialize.c.obj)
                0x000000000001bcd0                _nx_secure_tls_record_hash_initialize
 .text          0x000000000001be3c       0x68 ../../src/tls/libnx_secure.a(nx_secure_tls_record_hash_update.c.obj)
                0x000000000001be3c                _nx_secure_tls_record_hash_update
 .text          0x000000000001bea4       0x9c ../../src/tls/libnx_secure.a(nx_secure_tls_remote_certificate_free.c.obj)
                0x000000000001bea4                _nx_secure_tls_remote_certificate_free
 .text          0x000000000001bf40      0x11c ../../src/tls/libnx_secure.a(nx_secure_tls_remote_certificate_verify.c.obj)
                0x000000000001bf40                _nx_secure_tls_remote_certificate_verify
 .text          0x000000000001c05c      0x1ec ../../src/tls/libnx_secure.a(nx_secure_tls_send_certificate.c.obj)
                0x000000000001c05c                _nx_secure_tls_send_certificate
 .text          0x000000000001c248      0x7c4 ../../src/tls/libnx_secure.a(nx_secure_tls_send_certificate_verify.c.obj)
                0x000000000001c2a2                _nx_secure_tls_send_certificate_verify
 .text          0x000000000001ca0c       0x28 ../../src/tls/libnx_secure.a(nx_secure_tls_send_changecipherspec.c.obj)
                0x000000000001ca0c                _nx_secure_tls_send_changecipherspec
 .text          0x000000000001ca34       0x84 ../../src/tls/libnx_secure.a(nx_secure_tls_send_client_key_exchange.c.obj)
                0x000000000001ca34                _nx_secure_tls_send_client_key_exchange
 .text          0x000000000001cab8       0x34 ../../src/tls/libnx_secure.a(nx_secure_tls_send_encrypted_extensions.c.obj)
                0x000000000001cab8                _nx_secure_tls_send_encrypted_extensions
 .text          0x000000000001caec       0xcc ../../src/tls/libnx_secure.a(nx_secure_tls_send_finished.c.obj)
                0x000000000001cb0c                _nx_secure_tls_send_finished
 .text          0x000000000001cbb8       0xe8 ../../src/tls/libnx_secure.a(nx_secure_tls_send_newsessionticket.c.obj)
                0x000000000001cbca                _nx_secure_tls_send_newsessionticket
 .text          0x000000000001cca0       0x8c ../../src/tls/libnx_secure.a(nx_secure_tls_send_server_key_exchange.c.obj)
                0x000000000001cca0                _nx_secure_tls_send_server_key_exchange
 .text          0x000000000001cd2c      0x280 ../../src/tls/libnx_secure.a(nx_secure_tls_send_serverhello.c.obj)
                0x000000000001cd5c                _nx_secure_tls_send_serverhello
                0x000000000001cf7a                _nx_secure_tls_1_1_random
                0x000000000001cf82                _nx_secure_tls_1_2_random
                0x000000000001cf8a                _nx_secure_tls_hello_retry_request_random
 .text          0x000000000001cfac      0x148 ../../src/tls/libnx_secure.a(nx_secure_tls_send_serverhello_extensions.c.obj)
                0x000000000001cfac                _nx_secure_tls_send_serverhello_extensions
 .text          0x000000000001d0f4       0xb8 ../../src/tls/libnx_secure.a(nx_secure_tls_session_hash_capture.c.obj)
                0x000000000001d0f4                _nx_secure_tls_session_hash_capture
 .text          0x000000000001d1ac      0x180 ../../src/tls/libnx_secure.a(nx_secure_x509_basic_constraints_extension_parse.c.obj)
                0x000000000001d1ac                _nx_secure_x509_basic_constraints_extension_parse
 .text          0x000000000001d32c       0x68 ../../src/tls/libnx_secure.a(nx_secure_x509_certificate_list_find.c.obj)
                0x000000000001d32c                _nx_secure_x509_certificate_list_find
 .text          0x000000000001d394       0xfc ../../src/tls/libnx_secure.a(nx_secure_x509_extended_key_usage_extension_parse.c.obj)
                0x000000000001d394                _nx_secure_x509_extended_key_usage_extension_parse
 .text          0x000000000001d490      0x178 ../../src/tls/libnx_secure.a(nx_secure_x509_extension_find.c.obj)
                0x000000000001d490                _nx_secure_x509_extension_find
 .text          0x000000000001d608       0x30 ../../src/tls/libnx_secure.a(nx_secure_x509_free_certificate_get.c.obj)
                0x000000000001d608                _nx_secure_x509_free_certificate_get
 .text          0x000000000001d638       0x60 ../../src/tls/libnx_secure.a(nx_secure_x509_store_certificate_remove.c.obj)
                0x000000000001d638                _nx_secure_x509_store_certificate_remove
 .text          0x000000000001d698      0x170 ../../src/tls/libnx_secure.a(nx_secure_tls_1_3_finished_hash_generate.c.obj)
                0x000000000001d698                _nx_secure_tls_1_3_finished_hash_generate
 .text          0x000000000001d808       0x44 ../../src/tls/libnx_secure.a(nx_secure_tls_ciphersuite_lookup.c.obj)
                0x000000000001d808                _nx_secure_tls_ciphersuite_lookup
 .text          0x000000000001d84c      0x174 ../../src/tls/libnx_secure.a(nx_secure_tls_finished_hash_generate.c.obj)
                0x000000000001d84c                _nx_secure_tls_finished_hash_generate
 .text          0x000000000001d9c0       0x64 ../../src/tls/libnx_secure.a(nx_secure_x509_certificate_list_remove.c.obj)
                0x000000000001d9c0                _nx_secure_x509_certificate_list_remove
 .text          0x000000000001da24      0x608 ../../src/crypto68k/libcrypto68k.a(c68k_powm.c.obj)
                0x000000000001da5e                c68k_mont_setup_rr
                0x000000000001dbb0                c68k_mont_power_modulus
                0x000000000001df9a                c68k_huge_number_mont_power_modulus
 .text          0x000000000001e02c      0x2a4 ../../src/crypto68k/libcrypto68k.a(c68k_crt.c.obj)
                0x000000000001e02c                c68k_crt_power_modulus
 .text          0x000000000001e2d0     0x10b0 ../../src/crypto68k/libcrypto68k.a(c68k_p256.c.obj)
                0x000000000001e4cc                c68k_p256_cpu_select
                0x000000000001e50c                c68k_p256_fe_reduce
                0x000000000001e58a                c68k_p256_fe_mul
                0x000000000001e5ee                c68k_p256_fe_sqr
                0x000000000001e6da                c68k_p256_fe_inv
                0x000000000001e8a8                c68k_p256_jac_double
                0x000000000001ea4a                c68k_p256_jac_add_affine
                0x000000000001ec98                c68k_p256_mul_g
                0x000000000001edfc                c68k_p256_mul_point
                0x000000000001f18e                c68k_p256_ec_multiple
                0x000000000001f282                c68k_p256_self_check
 .text          0x000000000001f380      0xf80 ../../src/crypto68k/libcrypto68k.a(c68k_p256_table.c.obj)
                0x000000000001f380                c68k_p256_comb
 .text          0x0000000000020300     0x1c5c ../../src/crypto68k/libcrypto68k.a(c68k_aes.c.obj)
                0x00000000000217ea                c68k_aes_variant_name
                0x0000000000021808                c68k_aes_variant_is_asm
                0x0000000000021818                c68k_aes_key_set
                0x0000000000021ac8                c68k_aes_encrypt_block
                0x0000000000021b68                c68k_aes_decrypt_block
                0x0000000000021c0a                c68k_aes_cbc_encrypt
                0x0000000000021d24                c68k_aes_cbc_decrypt
 .text          0x0000000000021f5c      0x810 ../../src/crypto68k/libcrypto68k.a(c68k_sha256.c.obj)
                0x000000000002241e                c68k_sha256_variant_name
                0x0000000000022434                c68k_sha256_variant_is_asm
                0x0000000000022438                c68k_sha256_initialize
                0x0000000000022498                c68k_sha256_update
                0x000000000002257c                c68k_sha256_digest_calculate
 .text          0x000000000002276c      0x718 ../../src/crypto68k/libcrypto68k.a(c68k_chacha20.c.obj)
                0x00000000000227d6                c68k_chacha20_core_c
                0x0000000000022a38                c68k_chacha20_core_is_asm
                0x0000000000022a3c                c68k_chacha20_initialize
                0x0000000000022b44                c68k_chacha20_xor
                0x0000000000022c4c                c68k_chacha20_keystream
                0x0000000000022c74                c68k_chacha20_poly1305_initialize
                0x0000000000022cea                c68k_chacha20_poly1305_associate
                0x0000000000022d18                c68k_chacha20_poly1305_encrypt
                0x0000000000022d58                c68k_chacha20_poly1305_decrypt
                0x0000000000022da8                c68k_chacha20_poly1305_tag
                0x0000000000022e4e                c68k_chacha20_poly1305_verify
 .text          0x0000000000022e84      0x8dc ../../src/crypto68k/libcrypto68k.a(c68k_poly1305.c.obj)
                0x0000000000022eb4                c68k_poly1305_initialize
                0x0000000000022f90                c68k_poly1305_blocks_c
                0x00000000000233e2                c68k_poly1305_blocks
                0x00000000000233ea                c68k_poly1305_blocks_is_asm
                0x00000000000233fe                c68k_poly1305_update
                0x000000000002349e                c68k_poly1305_finish
 .text          0x0000000000023760       0xa0 ../../src/crypto68k/libcrypto68k.a(c68k_cpu.c.obj)
                0x0000000000023760                c68k_cpu_select
                0x00000000000237f8                c68k_cpu_class
 .text          0x0000000000023800       0xa4 ../../src/crypto68k/libcrypto68k.a(c68k_prim_mulw.S.obj)
                0x0000000000023800                c68k_addmul_1_mulw
 .text          0x00000000000238a4      0x14c ../../src/crypto68k/libcrypto68k.a(c68k_prim.S.obj)
                0x00000000000238a4                c68k_addmul_1_mulu
                0x000000000002390a                c68k_add_carry
                0x0000000000023932                c68k_div_2by1_mulu
                0x0000000000023948                c68k_add
                0x0000000000023980                c68k_sub
                0x00000000000239b8                c68k_cmp
 .text          0x00000000000239f0      0x260 ../../src/crypto68k/libcrypto68k.a(c68k_chacha20.S.obj)
                0x00000000000239f0                c68k_chacha20_core_asm
                0x0000000000023bfa                c68k_chacha20_xor_block_asm
 .text          0x0000000000023c50      0x184 ../../src/crypto68k/libcrypto68k.a(c68k_poly1305.S.obj)
                0x0000000000023c50                c68k_poly1305_blocks_asm
 .text          0x0000000000023dd4      0x6c8 ../../src/crypto68k/libcrypto68k.a(c68k_aes.S.obj)
                0x0000000000023dd4                c68k_aes_core_enc_t4_asm
                0x0000000000023f80                c68k_aes_core_dec_t4_asm
                0x000000000002412c                c68k_aes_core_enc_t1_asm
                0x00000000000242e4                c68k_aes_core_dec_t1_asm
 .text          0x000000000002449c      0x278 ../../src/crypto68k/libcrypto68k.a(c68k_p256_mv20.S.obj)
                0x000000000002449c                c68k_p256_add_raw_mv20
                0x00000000000244f2                c68k_p256_sub_raw_mv20
                0x0000000000024548                c68k_p256_reduce_core_mv20
 .text          0x0000000000024714      0x288 ../../src/crypto68k/libcrypto68k.a(c68k_p256_mv0.S.obj)
                0x0000000000024714                c68k_p256_add_raw_mv0
                0x000000000002476a                c68k_p256_sub_raw_mv0
                0x00000000000247c0                c68k_p256_reduce_core_mv0
 .text          0x000000000002499c      0x1a0 ../../src/crypto68k/libcrypto68k.a(c68k_prim.c.obj)
                0x000000000002499c                c68k_yield_stride
                0x00000000000249d4                c68k_addmul_1_c
                0x0000000000024a82                c68k_submul_1
                0x0000000000024af4                c68k_div_2by1_c
                0x0000000000024b36                c68k_using_assembly
 .text          0x0000000000024b3c      0x338 ../../src/crypto68k/libcrypto68k.a(c68k_div.c.obj)
                0x0000000000024b94                c68k_mod
 .text          0x0000000000024e74      0x6b8 ../../src/crypto68k/libcrypto68k.a(c68k_mont.c.obj)
                0x00000000000253f4                c68k_mont_n0inv
                0x0000000000025428                c68k_mont_mul
                0x00000000000254a4                c68k_mont_sqr
 .text          0x000000000002552c     0x1ab4 ../../src/crypto68k/libcrypto68k.a(c68k_25519.c.obj)
                0x00000000000263f0                c68k_25519_fe_add
                0x00000000000263f8                c68k_25519_fe_add_ref
                0x00000000000263fc                c68k_25519_fe_sub
                0x0000000000026404                c68k_25519_fe_sub_ref
                0x0000000000026408                c68k_25519_fe_mul
                0x0000000000026410                c68k_25519_fe_mul_ref
                0x0000000000026414                c68k_25519_fe_mul_is_asm
                0x0000000000026418                c68k_25519_fe_sqr
                0x0000000000026420                c68k_25519_fe_sqr_ref
                0x0000000000026424                c68k_x25519
                0x0000000000026764                c68k_x25519_base
                0x000000000002677a                c68k_ed25519_pubkey
                0x00000000000267d6                c68k_ed25519_sign
                0x0000000000026944                c68k_ed25519_verify
                0x0000000000026cf4                c68k_25519_selfcheck_sqr
                0x0000000000026d6c                c68k_25519_cpu_select
 .text          0x0000000000026fe0      0x3d4 ../../src/crypto68k/libcrypto68k.a(c68k_25519_mulu.S.obj)
                0x0000000000027154                c68k_fe_mul_asm_mulu
                0x0000000000027280                c68k_fe_add_asm_mulu
                0x00000000000272b4                c68k_fe_sub_asm_mulu
                0x000000000002730a                c68k_fe_sqr_asm_mulu
 .text          0x00000000000273b4      0x3d4 ../../src/crypto68k/libcrypto68k.a(c68k_25519_mulw.S.obj)
                0x0000000000027528                c68k_fe_mul_asm_mulw
                0x0000000000027654                c68k_fe_add_asm_mulw
                0x0000000000027688                c68k_fe_sub_asm_mulw
                0x00000000000276de                c68k_fe_sqr_asm_mulw
 .text          0x0000000000027788     0x3990 ../../src/tls/libnx_crypto.a(nx_crypto_ec.c.obj)
                0x0000000000027788                _nx_crypto_ec_secp192r1_reduce
                0x0000000000027960                _nx_crypto_ec_secp224r1_reduce
                0x0000000000027b84                _nx_crypto_ec_secp256r1_reduce
                0x0000000000027f4c                _nx_crypto_ec_secp384r1_reduce
                0x0000000000028356                _nx_crypto_ec_secp521r1_reduce
                0x00000000000284c8                _nx_crypto_ec_point_is_infinite
                0x0000000000028510                _nx_crypto_ec_point_set_infinite
                0x000000000002854a                _nx_crypto_ec_point_setup
                0x00000000000285a8                _nx_crypto_ec_point_extract_uncompressed
                0x000000000002861a                _nx_crypto_ec_point_fp_affine_to_projective
                0x0000000000028632                _nx_crypto_ec_point_fp_projective_to_affine
                0x00000000000287a2                _nx_crypto_ec_add_digit_reduce
                0x00000000000287ec                _nx_crypto_ec_subtract_digit_reduce
                0x000000000002882a                _nx_crypto_ec_fp_reduce
                0x0000000000028842                _nx_crypto_ec_add_reduce
                0x000000000002888c                _nx_crypto_ec_subtract_reduce
                0x00000000000288d0                _nx_crypto_ec_fp_affine_add
                0x0000000000028c38                _nx_crypto_ec_fp_affine_subtract
                0x0000000000028cfe                _nx_crypto_ec_fp_projective_add
                0x000000000002905e                _nx_crypto_ec_fp_projective_double
                0x000000000002938a                _nx_crypto_ec_naf_compute
                0x0000000000029488                _nx_crypto_ec_fp_fixed_multiple
                0x00000000000296d8                _nx_crypto_ec_fp_projective_multiple
                0x0000000000029910                _nx_crypto_ec_key_pair_generation_extra
                0x0000000000029a2a                _nx_crypto_ec_key_pair_stream_generate
                0x0000000000029b18                _nx_crypto_ec_precomputation
                0x000000000002a2f0                _nx_crypto_ec_fixed_output
                0x000000000002a6ca                _nx_crypto_ec_get_named_curve
                0x000000000002a6fe                _nx_crypto_method_ec_secp192r1_operation
                0x000000000002a71c                _nx_crypto_method_ec_secp224r1_operation
                0x000000000002a73a                _nx_crypto_method_ec_secp256r1_operation
                0x000000000002a758                _nx_crypto_method_ec_secp384r1_operation
                0x000000000002a776                _nx_crypto_method_ec_secp521r1_operation
                0x000000000002a794                _nx_crypto_ec_validate_public_key
                0x000000000002a8e2                _nx_crypto_ec_secp521r1
                0x000000000002a994                _nx_crypto_ec_secp384r1
                0x000000000002aa46                _nx_crypto_ec_secp256r1
                0x000000000002aaf8                _nx_crypto_ec_secp224r1
                0x000000000002abaa                _nx_crypto_ec_secp192r1
 .text          0x000000000002b118      0xb6c ../../src/tls/libnx_crypto.a(nx_crypto_ec_secp192r1_fixed_points.c.obj)
                0x000000000002b118                _nx_crypto_ec_secp192r1_fixed_points
 .text          0x000000000002bc84      0xc54 ../../src/tls/libnx_crypto.a(nx_crypto_ec_secp224r1_fixed_points.c.obj)
                0x000000000002bc84                _nx_crypto_ec_secp224r1_fixed_points
 .text          0x000000000002c8d8      0xd3c ../../src/tls/libnx_crypto.a(nx_crypto_ec_secp256r1_fixed_points.c.obj)
                0x000000000002c8d8                _nx_crypto_ec_secp256r1_fixed_points
 .text          0x000000000002d614     0x235c ../../src/tls/libnx_crypto.a(nx_crypto_ec_secp384r1_fixed_points.c.obj)
                0x000000000002d614                _nx_crypto_ec_secp384r1_fixed_points
 .text          0x000000000002f970     0x2ce4 ../../src/tls/libnx_crypto.a(nx_crypto_ec_secp521r1_fixed_points.c.obj)
                0x000000000002f970                _nx_crypto_ec_secp521r1_fixed_points
 .text          0x0000000000032654      0x4e8 ../../src/tls/libnx_crypto.a(nx_crypto_hmac.c.obj)
                0x0000000000032654                _nx_crypto_hmac_hash_initialize
                0x000000000003268a                _nx_crypto_hmac_hash_update
                0x00000000000326c4                _nx_crypto_hmac_hash_digest_calculate
                0x0000000000032704                _nx_crypto_hmac_initialize
                0x000000000003281a                _nx_crypto_hmac_update
                0x0000000000032836                _nx_crypto_hmac_digest_calculate
                0x00000000000328d2                _nx_crypto_hmac
                0x000000000003292e                _nx_crypto_hmac_metadata_set
                0x000000000003295c                _nx_crypto_method_hmac_init
                0x000000000003298a                _nx_crypto_method_hmac_cleanup
                0x00000000000329a8                _nx_crypto_method_hmac_operation
 .text          0x0000000000032b3c     0x1b0c ../../src/tls/libnx_crypto.a(nx_crypto_huge_number.c.obj)
                0x0000000000032b3c                _nx_crypto_huge_number_is_zero
                0x0000000000032b66                _nx_crypto_huge_number_add_unsigned
                0x0000000000032bd8                _nx_crypto_huge_number_add_digit_unsigned
                0x0000000000032c4e                _nx_crypto_huge_number_shift_left
                0x0000000000032cb6                _nx_crypto_huge_number_adjust_size
                0x0000000000032cde                _nx_crypto_huge_number_subtract_unsigned
                0x0000000000032dda                _nx_crypto_huge_number_subtract_digit_unsigned
                0x0000000000032e46                _nx_crypto_huge_number_shift_right
                0x0000000000032e86                _nx_crypto_huge_number_compare_unsigned
                0x0000000000032f02                _nx_crypto_huge_number_add
                0x0000000000032f68                _nx_crypto_huge_number_subtract
                0x0000000000032fdc                _nx_crypto_huge_number_compare
                0x0000000000033018                _nx_crypto_huge_number_multiply
                0x00000000000330aa                _nx_crypto_huge_number_multiply_digit
                0x0000000000033146                _nx_crypto_huge_number_square
                0x0000000000033274                _nx_crypto_huge_number_modulus
                0x00000000000335a0                _nx_crypto_huge_number_setup
                0x0000000000033692                _nx_crypto_huge_number_rbg
                0x000000000003373a                _nx_crypto_huge_number_extract
                0x00000000000337aa                _nx_crypto_huge_number_extract_fixed_size
                0x000000000003389e                _nx_crypto_huge_number_inverse_modulus_prime
                0x0000000000033b1e                _nx_crypto_huge_number_inverse_modulus
                0x0000000000033ec4                _nx_crypto_huge_number_mont
                0x0000000000034190                _nx_crypto_huge_number_mont_power_modulus
                0x00000000000343bc                _nx_crypto_huge_number_crt_power_modulus
 .text          0x0000000000034648        0x4 ../../src/tls/libnx_crypto.a(nx_crypto_initialize.c.obj)
                0x0000000000034648                _nx_crypto_initialize
 .text          0x000000000003464c        0x0 ../../src/tls/libnx_crypto.a(nx_crypto_methods.c.obj)
 .text          0x000000000003464c        0xc ../../src/tls/libnx_crypto.a(nx_crypto_null_cipher.c.obj)
                0x000000000003464c                _nx_crypto_method_null_init
                0x0000000000034650                _nx_crypto_method_null_cleanup
                0x0000000000034654                _nx_crypto_method_null_operation
 .text          0x0000000000034658      0x4c0 ../../src/tls/libnx_crypto.a(nx_crypto_pkcs1_v1.5.c.obj)
                0x0000000000034658                _nx_crypto_pkcs1_v1_5_encode
                0x0000000000034724                _nx_crypto_pkcs1_v1_5_sign
                0x000000000003481a                _nx_crypto_pkcs1_v1_5_verify
                0x000000000003492c                _nx_crypto_method_pkcs1_v1_5_init
                0x0000000000034954                _nx_crypto_method_pkcs1_v1_5_cleanup
                0x0000000000034972                _nx_crypto_method_pkcs1_v1_5_operation
 .text          0x0000000000034b18      0x68c ../../src/tls/libnx_crypto.a(nx_crypto_rsa.c.obj)
                0x0000000000034b18                _nx_crypto_rsa_operation
                0x0000000000034c96                _nx_crypto_method_rsa_init
                0x0000000000034cea                _nx_crypto_method_rsa_cleanup
                0x0000000000034d08                _nx_crypto_method_rsa_operation
                0x0000000000034dea                _nx_crypto_rsa_pss_verify
 .text          0x00000000000351a4      0x528 ../../src/tls/libnx_crypto.a(nx_crypto_sha1.c.obj)
                0x00000000000351a4                _nx_crypto_sha1_initialize
                0x00000000000351e8                _nx_crypto_sha1_process_buffer
                0x0000000000035390                _nx_crypto_sha1_update
                0x0000000000035468                _nx_crypto_sha1_digest_calculate
                0x000000000003558c                _nx_crypto_method_sha1_init
                0x00000000000355b4                _nx_crypto_method_sha1_cleanup
                0x00000000000355d2                _nx_crypto_method_sha1_operation
                0x000000000003568c                _nx_crypto_sha1_padding
 .text          0x00000000000356cc     0x10b0 ../../src/tls/libnx_crypto.a(nx_crypto_sha2.c.obj)
                0x00000000000356cc                _nx_crypto_sha256_initialize
                0x000000000003577e                _nx_crypto_sha256_process_buffer
                0x00000000000362d0                _nx_crypto_sha256_update
                0x00000000000363a8                _nx_crypto_sha256_digest_calculate
                0x00000000000364ee                _nx_crypto_method_sha256_init
                0x0000000000036516                _nx_crypto_method_sha256_cleanup
                0x0000000000036534                _nx_crypto_method_sha256_operation
                0x000000000003663c                _nx_crypto_sha256_padding
                0x000000000003667c                _sha2_round_constants
 .text          0x000000000003677c      0xf88 ../../src/tls/libnx_crypto.a(nx_crypto_sha5.c.obj)
                0x000000000003677c                _nx_crypto_sha512_initialize
                0x00000000000369e4                _nx_crypto_sha512_process_buffer
                0x0000000000036f6e                _nx_crypto_sha512_update
                0x00000000000370ae                _nx_crypto_sha512_digest_calculate
                0x0000000000037284                _nx_crypto_method_sha512_init
                0x00000000000372ac                _nx_crypto_method_sha512_cleanup
                0x00000000000372ca                _nx_crypto_method_sha512_operation
                0x0000000000037402                _nx_crypto_sha512_padding
                0x0000000000037482                _sha5_round_constants
 .text          0x0000000000037704      0x1a8 ../../src/tls/libnx_crypto.a(nx_crypto_tls_prf_1.c.obj)
                0x0000000000037704                _nx_crypto_method_prf_1_init
                0x0000000000037744                _nx_crypto_method_prf_1_cleanup
                0x0000000000037762                _nx_crypto_method_prf_1_operation
 .text          0x00000000000378ac      0x16c ../../src/tls/libnx_crypto.a(nx_crypto_tls_prf_sha256.c.obj)
                0x00000000000378ac                _nx_crypto_method_prf_sha_256_init
                0x00000000000378ec                _nx_crypto_method_prf_sha_256_cleanup
                0x000000000003790a                _nx_crypto_method_prf_sha_256_operation
 .text          0x0000000000037a18      0x16c ../../src/tls/libnx_crypto.a(nx_crypto_tls_prf_sha384.c.obj)
                0x0000000000037a18                _nx_crypto_method_prf_sha384_init
                0x0000000000037a58                _nx_crypto_method_prf_sha384_cleanup
                0x0000000000037a76                _nx_crypto_method_prf_sha384_operation
 .text          0x0000000000037b84      0x16c ../../src/tls/libnx_crypto.a(nx_crypto_tls_prf_sha512.c.obj)
                0x0000000000037b84                _nx_crypto_method_prf_sha512_init
                0x0000000000037bc4                _nx_crypto_method_prf_sha512_cleanup
                0x0000000000037be2                _nx_crypto_method_prf_sha512_operation
 .text          0x0000000000037cf0      0x2f4 ../../src/tls/libnx_crypto.a(nx_crypto_3des.c.obj)
                0x0000000000037cf0                _nx_crypto_3des_encrypt
                0x0000000000037d40                _nx_crypto_3des_decrypt
                0x0000000000037d90                _nx_crypto_3des_key_set
                0x0000000000037dc8                _nx_crypto_method_3des_init
                0x0000000000037e0c                _nx_crypto_method_3des_cleanup
                0x0000000000037e2a                _nx_crypto_method_3des_operation
 .text          0x0000000000037fe4     0x2364 ../../src/tls/libnx_crypto.a(nx_crypto_aes.c.obj)
                0x0000000000037fe4                _nx_crypto_aes_encrypt
                0x0000000000038496                _nx_crypto_aes_key_set
                0x0000000000038654                _nx_crypto_aes_decrypt
                0x0000000000038ae6                _nx_crypto_method_aes_init
                0x0000000000038b6a                _nx_crypto_method_aes_cleanup
                0x0000000000038b88                _nx_crypto_method_aes_cbc_operation
                0x0000000000038d22                _nx_crypto_method_aes_ccm_operation
                0x000000000003903c                _nx_crypto_method_aes_gcm_operation
                0x0000000000039338                _nx_crypto_method_aes_ctr_operation
                0x000000000003945e                _nx_crypto_method_aes_xcbc_operation
                0x00000000000394cc                _nx_crypto_method_aes_operation
 .text          0x000000000003a348      0x190 ../../src/tls/libnx_crypto.a(nx_crypto_cbc.c.obj)
                0x000000000003a348                _nx_crypto_cbc_encrypt
                0x000000000003a3e4                _nx_crypto_cbc_decrypt
                0x000000000003a4aa                _nx_crypto_cbc_encrypt_init
 .text          0x000000000003a4d8      0x5fc ../../src/tls/libnx_crypto.a(nx_crypto_ccm.c.obj)
                0x000000000003a6f0                _nx_crypto_ccm_encrypt_init
                0x000000000003a8a6                _nx_crypto_ccm_encrypt_update
                0x000000000003a9a2                _nx_crypto_ccm_encrypt_calculate
                0x000000000003aa24                _nx_crypto_ccm_decrypt_calculate
 .text          0x000000000003aad4      0x2a8 ../../src/tls/libnx_crypto.a(nx_crypto_ctr.c.obj)
                0x000000000003aad4                _nx_crypto_ctr_encrypt
                0x000000000003ad18                _nx_crypto_ctr_encrypt_init
 .text          0x000000000003ad7c     0x120c ../../src/tls/libnx_crypto.a(nx_crypto_des.c.obj)
                0x000000000003ad7c                _nx_crypto_des_key_set
                0x000000000003b1ce                _nx_crypto_des_process_block
                0x000000000003b4ae                _nx_crypto_des_encrypt
                0x000000000003b4c6                _nx_crypto_des_decrypt
                0x000000000003b4e6                _nx_crypto_method_des_init
                0x000000000003b536                _nx_crypto_method_des_cleanup
                0x000000000003b554                _nx_crypto_method_des_operation
 .text          0x000000000003bf88      0xc64 ../../src/tls/libnx_crypto.a(nx_crypto_drbg.c.obj)
                0x000000000003c414                _nx_crypto_drbg_instantiate
                0x000000000003c5e8                _nx_crypto_drbg_reseed
                0x000000000003c748                _nx_crypto_drbg_generate
                0x000000000003c9da                _nx_crypto_method_drbg_init
                0x000000000003ca02                _nx_crypto_method_drbg_cleanup
                0x000000000003ca20                _nx_crypto_method_drbg_operation
                0x000000000003cb22                _nx_crypto_drbg
 .text          0x000000000003cbec      0x4dc ../../src/tls/libnx_crypto.a(nx_crypto_ecdh.c.obj)
                0x000000000003cbec                _nx_crypto_ecdh_key_pair_import
                0x000000000003cc62                _nx_crypto_ecdh_private_key_export
                0x000000000003ccc4                _nx_crypto_ecdh_setup
                0x000000000003cdb2                _nx_crypto_ecdh_compute_secret
                0x000000000003cee2                _nx_crypto_method_ecdh_init
                0x000000000003cf0a                _nx_crypto_method_ecdh_cleanup
                0x000000000003cf28                _nx_crypto_method_ecdh_operation
 .text          0x000000000003d0c8      0xa8c ../../src/tls/libnx_crypto.a(nx_crypto_ecdsa.c.obj)
                0x000000000003d134                _nx_crypto_ecdsa_sign
                0x000000000003d4e8                _nx_crypto_ecdsa_verify
                0x000000000003d8a4                _nx_crypto_method_ecdsa_init
                0x000000000003d8da                _nx_crypto_method_ecdsa_cleanup
                0x000000000003d8f8                _nx_crypto_method_ecdsa_operation
 .text          0x000000000003db54     0x1610 ../../src/tls/libnx_crypto.a(nx_crypto_ecjpake.c.obj)
                0x000000000003db54                _nx_crypto_ecjpake_init
                0x000000000003dc54                _nx_crypto_ecjpake_schnorr_zkp_hash
                0x000000000003dfe8                _nx_crypto_ecjpake_schnorr_zkp_generate
                0x000000000003e0f4                _nx_crypto_ecjpake_hello_generate
                0x000000000003e346                _nx_crypto_ecjpake_schnorr_zkp_verify
                0x000000000003e4a2                _nx_crypto_ecjpake_hello_process
                0x000000000003e690                _nx_crypto_ecjpake_public_key_generate
                0x000000000003e7a0                _nx_crypto_ecjpake_key_exchange_generate
                0x000000000003e99e                _nx_crypto_ecjpake_pre_master_secret_generate
                0x000000000003eba8                _nx_crypto_ecjpake_key_exchange_process
                0x000000000003edf0                _nx_crypto_ecjpake_key_encryption_key_generate
                0x000000000003ee9c                _nx_crypto_method_ecjpake_init
                0x000000000003ef28                _nx_crypto_method_ecjpake_cleanup
                0x000000000003ef54                _nx_crypto_method_ecjpake_operation
 .text          0x000000000003f164      0x77c ../../src/tls/libnx_crypto.a(nx_crypto_gcm.c.obj)
                0x000000000003f4fc                _nx_crypto_gcm_encrypt_init
                0x000000000003f63e                _nx_crypto_gcm_encrypt_update
                0x000000000003f694                _nx_crypto_gcm_encrypt_calculate
                0x000000000003f788                _nx_crypto_gcm_decrypt_update
                0x000000000003f7de                _nx_crypto_gcm_decrypt_calculate
 .text          0x000000000003f8e0      0x504 ../../src/tls/libnx_crypto.a(nx_crypto_hkdf.c.obj)
                0x000000000003f8e0                _nx_crypto_method_hkdf_init
                0x000000000003f938                _nx_crypto_method_hkdf_cleanup
                0x000000000003f97c                _nx_crypto_hkdf_extract
                0x000000000003fa52                _nx_crypto_hkdf_expand
                0x000000000003fbd4                _nx_crypto_method_hkdf_operation
 .text          0x000000000003fde4      0x178 ../../src/tls/libnx_crypto.a(nx_crypto_hmac_md5.c.obj)
                0x000000000003fde4                _nx_crypto_method_hmac_md5_init
                0x000000000003fe12                _nx_crypto_method_hmac_md5_cleanup
                0x000000000003fe30                _nx_crypto_method_hmac_md5_operation
 .text          0x000000000003ff5c      0x17c ../../src/tls/libnx_crypto.a(nx_crypto_hmac_sha1.c.obj)
                0x000000000003ff5c                _nx_crypto_method_hmac_sha1_init
                0x000000000003ff8a                _nx_crypto_method_hmac_sha1_cleanup
                0x000000000003ffa8                _nx_crypto_method_hmac_sha1_operation
 .text          0x00000000000400d8      0x1a8 ../../src/tls/libnx_crypto.a(nx_crypto_hmac_sha2.c.obj)
                0x00000000000400d8                _nx_crypto_method_hmac_sha256_init
                0x0000000000040106                _nx_crypto_method_hmac_sha256_cleanup
                0x0000000000040124                _nx_crypto_method_hmac_sha256_operation
 .text          0x0000000000040280      0x1c4 ../../src/tls/libnx_crypto.a(nx_crypto_hmac_sha5.c.obj)
                0x0000000000040280                _nx_crypto_method_hmac_sha512_init
                0x00000000000402ae                _nx_crypto_method_hmac_sha512_cleanup
                0x00000000000402cc                _nx_crypto_method_hmac_sha512_operation
 .text          0x0000000000040444      0xad8 ../../src/tls/libnx_crypto.a(nx_crypto_md5.c.obj)
                0x0000000000040444                _nx_crypto_md5_initialize
                0x0000000000040480                _nx_crypto_md5_process_buffer
                0x0000000000040c02                _nx_crypto_md5_update
                0x0000000000040cda                _nx_crypto_md5_digest_calculate
                0x0000000000040de4                _nx_crypto_method_md5_init
                0x0000000000040e0a                _nx_crypto_method_md5_cleanup
                0x0000000000040e28                _nx_crypto_method_md5_operation
                0x0000000000040edc                _nx_crypto_md5_padding
 .text          0x0000000000040f1c      0x1cc ../../src/tls/libnx_crypto.a(nx_crypto_phash.c.obj)
                0x0000000000040f1c                _nx_crypto_phash
 .text          0x00000000000410e8      0x3ac ../../src/tls/libnx_crypto.a(nx_crypto_xcbc_mac.c.obj)
                0x00000000000410e8                _nx_crypto_xcbc_mac
 .text          0x0000000000041494       0x10 ../../src/crypto68k/libcrypto68k.a(c68k_dispatch.S.obj)
                0x0000000000041494                c68k_addmul_1
                0x000000000004149c                c68k_div_2by1
 .text          0x00000000000414a4        0x0 ../../src/common/libaminetxduo_m68k_rt.a(ami_udivdi3.c.obj)
 .text          0x00000000000414a4        0x0 ../../src/config/libaminetxduo_config.a(config_text6.c.obj)
 .text          0x00000000000414a4     0x1950 ../../src/config/libaminetxduo_config.a(config_parse.c.obj)
 .text          0x0000000000042df4       0x68 ../../src/config/libaminetxduo_config.a(config_hostname.c.obj)
 .text          0x0000000000042e5c      0x298 ../../src/config/libaminetxduo_config.a(netdb.c.obj)
 .text          0x00000000000430f4      0x2e0 ../../src/config/libaminetxduo_config.a(config_file.c.obj)
 .text          0x00000000000433d4       0x58 ../../src/config/libaminetxduo_config.a(config_text.c.obj)
 .text          0x000000000004342c      0xa6c ../../src/sana2/libaminetxduo_sana2.a(sana2_device.c.obj)
                0x0000000000043464                ami_sana2_set_block_hooks
                0x0000000000043476                ami_sana2_block_enter
                0x0000000000043486                ami_sana2_block_leave
                0x0000000000043496                ami_sana2_set_raw_allowed
                0x00000000000434a0                ami_sana2_port_init
                0x00000000000434d6                ami_sana2_command
                0x0000000000043560                ami_sana2_online
                0x00000000000435c2                ami_sana2_offline
                0x0000000000043662                ami_sana2_multicast
                0x0000000000043746                ami_sana2_refresh_stats
                0x00000000000437c8                ami_sana2_get_stats
                0x000000000004380e                ami_sana2_get_info
                0x00000000000438e0                ami_sana2_close
                0x000000000004399a                ami_sana2_open
                0x0000000000043d9a                ami_sana2_get_mac
                0x0000000000043dce                ami_sana2_get_mtu
                0x0000000000043de2                ami_sana2_get_bps
                0x0000000000043df6                ami_sana2_is_online
                0x0000000000043e0a                ami_sana2_admin_up
                0x0000000000043e1e                ami_sana2_orphaned
                0x0000000000043e44                ami_sana2_raw_mode
 .text          0x0000000000043e98      0x488 ../../src/sana2/libaminetxduo_sana2.a(sana2_copy.c.obj)
                0x0000000000043e98                ami_sana2_copy_bytes
                0x0000000000043ea0                ami_sana2_copy_to_buff
                0x0000000000043f98                ami_sana2_copy_from_buff
                0x00000000000442a6                ami_sana2_rx_direct
                0x00000000000442d2                ami_sana2_rx_filled
 .text          0x0000000000044320     0x116c ../../src/sana2/libaminetxduo_sana2.a(sana2_rx.c.obj)
                0x0000000000044486                ami_sana2_rxprobe_deliver
                0x00000000000446ac                ami_sana2_rxprobe_report
                0x00000000000446ae                ami_sana2_rx_deliver
                0x0000000000044966                ami_sana2_rx_resolve_length
                0x000000000004505c                ami_sana2_rx_plan
                0x0000000000045070                ami_sana2_rx_stop
                0x00000000000451da                ami_sana2_rx_start
 .text          0x000000000004548c      0x71c ../../src/sana2/libaminetxduo_sana2.a(sana2_tx.c.obj)
                0x00000000000454fc                ami_sana2_tx_init
                0x0000000000045590                ami_sana2_tx_reap_bind
                0x00000000000455d4                ami_sana2_tx_reap_unbind
                0x0000000000045606                ami_sana2_tx_defer
                0x0000000000045630                ami_sana2_tx_reap
                0x0000000000045724                ami_sana2_tx_drain
                0x00000000000457d0                ami_sana2_tx_send
                0x0000000000045ab4                ami_sana2_inject
 .text          0x0000000000045ba8      0x5e8 ../../src/sana2/libaminetxduo_sana2.a(sana2_driver.c.obj)
                0x0000000000045ba8                ami_sana2_attach
                0x0000000000045c82                ami_sana2_unbind
                0x0000000000045cdc                ami_sana2_driver_entry
 .text          0x0000000000046190       0x38 ../../libnetxduo_addons.a(nxd_dhcp_client.c.obj)
 .text          0x00000000000461c8       0x28 ../../libnetxduo_addons.a(nxd_dns.c.obj)
 .text          0x00000000000461f0       0x28 ../../libnetxduo_addons.a(nx_auto_ip.c.obj)
 .text          0x0000000000046218       0x9c ../../libnetxduo_addons.a(nxd_dhcpv6_client.c.obj)
 .text          0x00000000000462b4      0x140 ../../libnetxduo_addons.a(nxd_mdns.c.obj)
 .text          0x00000000000463f4      0x4a8 ../../src/bpf/libaminetxduo_bpf.a(bpf_filter.c.obj)
                0x00000000000464ba                ami_bpf_view_linear
                0x00000000000464da                ami_bpf_view_add
                0x000000000004651a                ami_bpf_size_bytes
                0x0000000000046540                ami_bpf_filter_view
                0x0000000000046850                ami_bpf_filter
 .text          0x000000000004689c     0x1208 ../../src/bpf/libaminetxduo_bpf.a(bpf_channel.c.obj)
                0x000000000004696c                ami_bpf_zero_bytes
                0x00000000000469f4                ami_bpf_get32
                0x0000000000046a14                ami_bpf_get16
                0x0000000000046a34                ami_bpf_init
                0x0000000000046a96                ami_bpf_close_owner
                0x0000000000046ae8                ami_bpf_cleanup
                0x0000000000046b20                ami_bpf_open
                0x0000000000046bf2                ami_bpf_close
                0x0000000000046c80                ami_bpf_chan_unbind_locked
                0x0000000000046cb2                ami_bpf_chan_rebind_locked
                0x0000000000046d28                ami_bpf_capture
                0x0000000000046fb6                ami_bpf_read
                0x0000000000047178                ami_bpf_capturing
                0x0000000000047180                ami_bpf_data_waiting
                0x00000000000471da                ami_bpf_write
                0x00000000000472d4                ami_bpf_set_notify_mask
                0x000000000004733a                ami_bpf_set_interrupt_mask
                0x00000000000473a0                ami_bpf_ioctl
 .text          0x0000000000047aa4      0x220 ../../src/bpf/libaminetxduo_bpf.a(bpf_tap.c.obj)
                0x0000000000047aa4                ami_bpf_iface_by_cookie
                0x0000000000047ae6                ami_bpf_iface_by_name
                0x0000000000047b3a                ami_bpf_set_address_hook
                0x0000000000047b44                ami_bpf_cookie_address
                0x0000000000047b5c                ami_bpf_attach_interface
                0x0000000000047c22                ami_bpf_detach_interface
                0x0000000000047c68                ami_bpf_tap_view
                0x0000000000047c7e                ami_bpf_tap_rx
 .text          0x0000000000047cc4      0x15c ../../src/bpf/libaminetxduo_bpf.a(bpf_tap_tx.c.obj)
                0x0000000000047cc4                ami_bpf_tap_tx
 .text          0x0000000000047e20       0xd4 ../../src/bpf/libaminetxduo_bpf.a(bpf_amiga.c.obj)
                0x0000000000047e20                ami_bpf_lock
                0x0000000000047e30                ami_bpf_unlock
                0x0000000000047e40                ami_bpf_current_task
                0x0000000000047e52                ami_bpf_notify
                0x0000000000047e74                ami_bpf_sleep
                0x0000000000047e8a                ami_bpf_signals_set
                0x0000000000047eac                ami_bpf_time_init
                0x0000000000047eb2                ami_bpf_now
 .text          0x0000000000047ef4      0x198 ../../src/bpf/libaminetxduo_bpf.a(bpf_validate.c.obj)
                0x0000000000047ef4                ami_bpf_validate
 .text          0x000000000004808c        0x0 ../../libnetxduo.a(nx_arp_announce_send.c.obj)
 .text          0x000000000004808c        0x0 ../../libnetxduo.a(nx_arp_packet_deferred_receive.c.obj)
 .text          0x000000000004808c        0x0 ../../libnetxduo.a(nx_arp_probe_send.c.obj)
 .text          0x000000000004808c        0x0 ../../libnetxduo.a(nx_ip_driver_deferred_processing.c.obj)
 .text          0x000000000004808c        0x0 ../../libnetxduo.a(nx_ip_gateway_address_clear.c.obj)
 .text          0x000000000004808c        0x0 ../../libnetxduo.a(nx_ip_gateway_address_get.c.obj)
 .text          0x000000000004808c        0x0 ../../libnetxduo.a(nx_ip_gateway_address_set.c.obj)
 .text          0x000000000004808c        0x0 ../../libnetxduo.a(nx_ip_interface_address_get.c.obj)
 .text          0x000000000004808c        0x0 ../../libnetxduo.a(nx_ip_interface_address_set.c.obj)
 .text          0x000000000004808c        0x0 ../../libnetxduo.a(nx_ip_interface_status_check.c.obj)
 .text          0x000000000004808c        0x0 ../../libnetxduo.a(nx_ip_packet_checksum_compute.c.obj)
 .text          0x000000000004808c        0x0 ../../libnetxduo.a(nx_ip_packet_deferred_receive.c.obj)
 .text          0x000000000004808c        0x0 ../../libnetxduo.a(nx_ipv4_multicast_interface_join.c.obj)
 .text          0x000000000004808c        0x0 ../../libnetxduo.a(nx_ipv4_multicast_interface_leave.c.obj)
 .text          0x000000000004808c        0x0 ../../libnetxduo.a(nx_ipv6_prefix_list_add_entry.c.obj)
 .text          0x000000000004808c        0x0 ../../libnetxduo.a(nx_ipv6_prefix_list_delete.c.obj)
 .text          0x000000000004808c        0x0 ../../libnetxduo.a(nx_ipv6_prefix_list_delete_entry.c.obj)
 .text          0x000000000004808c        0x0 ../../libnetxduo.a(nx_ipv6_util.c.obj)
 .text          0x000000000004808c        0x0 ../../libnetxduo.a(nx_mld_enable.c.obj)
 .text          0x000000000004808c        0x0 ../../libnetxduo.a(nx_packet_allocate.c.obj)
 .text          0x000000000004808c        0x0 ../../libnetxduo.a(nx_packet_copy.c.obj)
 .text          0x000000000004808c        0x0 ../../libnetxduo.a(nx_packet_data_append.c.obj)
 .text          0x000000000004808c        0x0 ../../libnetxduo.a(nx_packet_data_extract_offset.c.obj)
 .text          0x000000000004808c        0x0 ../../libnetxduo.a(nx_packet_pool_cleanup.c.obj)
 .text          0x000000000004808c        0x0 ../../libnetxduo.a(nx_packet_pool_create.c.obj)
 .text          0x000000000004808c        0x0 ../../libnetxduo.a(nx_packet_pool_delete.c.obj)
 .text          0x000000000004808c        0x0 ../../libnetxduo.a(nx_packet_pool_initialize.c.obj)
 .text          0x000000000004808c        0x0 ../../libnetxduo.a(nx_packet_release.c.obj)
 .text          0x000000000004808c        0x0 ../../libnetxduo.a(nx_rarp_packet_deferred_receive.c.obj)
 .text          0x000000000004808c        0x0 ../../libnetxduo.a(nx_system_initialize.c.obj)
 .text          0x000000000004808c        0x0 ../../libnetxduo.a(nx_tcp_initialize.c.obj)
 .text          0x000000000004808c        0x0 ../../libnetxduo.a(nx_tcp_socket_receive.c.obj)
 .text          0x000000000004808c        0x0 ../../libnetxduo.a(nx_tcp_socket_send.c.obj)
 .text          0x000000000004808c        0x0 ../../libnetxduo.a(nx_tcp_socket_send_internal.c.obj)
 .text          0x000000000004808c        0x0 ../../libnetxduo.a(nx_tcp_socket_state_wait.c.obj)
 .text          0x000000000004808c        0x0 ../../libnetxduo.a(nx_tcp_socket_thread_suspend.c.obj)
 .text          0x000000000004808c        0x0 ../../libnetxduo.a(nx_tcp_timestamp_option_get.c.obj)
 .text          0x000000000004808c        0x0 ../../libnetxduo.a(nx_tcp_transmit_cleanup.c.obj)
 .text          0x000000000004808c        0x0 ../../libnetxduo.a(nx_udp_packet_info_extract.c.obj)
 .text          0x000000000004808c        0x0 ../../libnetxduo.a(nx_udp_socket_bind.c.obj)
 .text          0x000000000004808c        0x0 ../../libnetxduo.a(nx_udp_socket_create.c.obj)
 .text          0x000000000004808c        0x0 ../../libnetxduo.a(nx_udp_socket_delete.c.obj)
 .text          0x000000000004808c        0x0 ../../libnetxduo.a(nx_udp_socket_receive.c.obj)
 .text          0x000000000004808c        0x0 ../../libnetxduo.a(nx_udp_socket_receive_notify.c.obj)
 .text          0x000000000004808c        0x0 ../../libnetxduo.a(nx_udp_socket_source_send.c.obj)
 .text          0x000000000004808c        0x0 ../../libnetxduo.a(nx_udp_socket_unbind.c.obj)
 .text          0x000000000004808c       0x44 ../../libnetxduo.a(nx_utility.c.obj)
 .text          0x00000000000480d0        0x0 ../../libnetxduo.a(nxd_ipv6_address_change_notify.c.obj)
 .text          0x00000000000480d0        0x0 ../../libnetxduo.a(nxd_ipv6_address_delete.c.obj)
 .text          0x00000000000480d0        0x0 ../../libnetxduo.a(nxd_ipv6_address_set.c.obj)
 .text          0x00000000000480d0        0x0 ../../libnetxduo.a(nxd_ipv6_default_router_add.c.obj)
 .text          0x00000000000480d0        0x0 ../../libnetxduo.a(nxd_ipv6_default_router_add_internal.c.obj)
 .text          0x00000000000480d0        0x0 ../../libnetxduo.a(nxd_ipv6_default_router_delete.c.obj)
 .text          0x00000000000480d0        0x0 ../../libnetxduo.a(nxd_ipv6_find_max_prefix_length.c.obj)
 .text          0x00000000000480d0        0x0 ../../libnetxduo.a(nxd_udp_packet_info_extract.c.obj)
 .text          0x00000000000480d0        0x0 ../../libnetxduo.a(nxd_udp_socket_send.c.obj)
 .text          0x00000000000480d0        0x0 ../../libnetxduo.a(nxd_udp_socket_source_send.c.obj)
 .text          0x00000000000480d0        0x0 ../../libnetxduo.a(nxd_udp_source_extract.c.obj)
 .text          0x00000000000480d0        0x0 ../../libnetxduo.a(nxde_icmp_enable.c.obj)
 .text          0x00000000000480d0        0x0 ../../libnetxduo.a(nxde_icmpv6_ra_flag_callback_set.c.obj)
 .text          0x00000000000480d0        0x0 ../../libnetxduo.a(nxde_ipv6_address_change_notify.c.obj)
 .text          0x00000000000480d0        0x0 ../../libnetxduo.a(nxde_ipv6_address_set.c.obj)
 .text          0x00000000000480d0        0x0 ../../libnetxduo.a(nxde_ipv6_default_router_add.c.obj)
 .text          0x00000000000480d0        0x0 ../../libnetxduo.a(nxde_ipv6_default_router_delete.c.obj)
 .text          0x00000000000480d0        0x0 ../../libnetxduo.a(nxde_ipv6_enable.c.obj)
 .text          0x00000000000480d0        0x0 ../../libnetxduo.a(nxde_ipv6_stateless_address_autoconfig_disable.c.obj)
 .text          0x00000000000480d0        0x0 ../../libnetxduo.a(nxde_ipv6_stateless_address_autoconfig_enable.c.obj)
 .text          0x00000000000480d0        0x0 ../../libnetxduo.a(nxe_arp_enable.c.obj)
 .text          0x00000000000480d0        0x0 ../../libnetxduo.a(nxe_arp_gratuitous_send.c.obj)
 .text          0x00000000000480d0        0x0 ../../libnetxduo.a(nxe_icmp_info_get.c.obj)
 .text          0x00000000000480d0        0x0 ../../libnetxduo.a(nxe_igmp_enable.c.obj)