Archive member included to satisfy reference by file (symbol)

../config/libaminetxduo_config.a(config_text.c.obj)
                              CMakeFiles/tool_netstat.dir/tool_diag.c.obj (ami_config_set_reporter)
../config/libaminetxduo_config.a(config_text6.c.obj)
                              CMakeFiles/tool_netstat.dir/tool_diag.c.obj (ami_config_parse_ip6)
../config/libaminetxduo_config.a(config_file.c.obj)
                              CMakeFiles/tool_netstat.dir/netstat.c.obj (ami_config_load)
../config/libaminetxduo_config.a(config_parse.c.obj)
                              ../config/libaminetxduo_config.a(config_file.c.obj) (ami_cfg_parse_interface)
../config/libaminetxduo_config.a(config_hostname.c.obj)
                              ../config/libaminetxduo_config.a(config_parse.c.obj) (ami_config_hostname_valid)
../net68k/libaminetxduo_net68k.a(n68k_memcpy_hook.c.obj)
                              CMakeFiles/tool_netstat.dir/tool_diag.c.obj (memcpy)
../net68k/libaminetxduo_net68k.a(n68k_cpu.c.obj)
                              ../net68k/libaminetxduo_net68k.a(n68k_memcpy_hook.c.obj) (n68k_vec_copy)
../net68k/libaminetxduo_net68k.a(n68k_checksum_mv0.S.obj)
                              ../net68k/libaminetxduo_net68k.a(n68k_cpu.c.obj) (n68k_sum_longwords_mv0)
../net68k/libaminetxduo_net68k.a(n68k_copy_mv0.S.obj)
                              ../net68k/libaminetxduo_net68k.a(n68k_cpu.c.obj) (n68k_copy_bytes_mv0)
../net68k/libaminetxduo_net68k.a(n68k_checksum_mv20.S.obj)
                              ../net68k/libaminetxduo_net68k.a(n68k_cpu.c.obj) (n68k_sum_longwords_mv20)
../net68k/libaminetxduo_net68k.a(n68k_copy_mv20.S.obj)
                              ../net68k/libaminetxduo_net68k.a(n68k_cpu.c.obj) (n68k_copy_bytes_mv20)
../net68k/libaminetxduo_net68k.a(n68k_checksum_mv40.S.obj)
                              ../net68k/libaminetxduo_net68k.a(n68k_cpu.c.obj) (n68k_sum_longwords_mv40)
../net68k/libaminetxduo_net68k.a(n68k_copy_mv40.S.obj)
                              ../net68k/libaminetxduo_net68k.a(n68k_cpu.c.obj) (n68k_copy_bytes_mv40)
../net68k/libaminetxduo_net68k.a(n68k_checksum_mv60.S.obj)
                              ../net68k/libaminetxduo_net68k.a(n68k_cpu.c.obj) (n68k_sum_longwords_mv60)
../net68k/libaminetxduo_net68k.a(n68k_copy_mv60.S.obj)
                              ../net68k/libaminetxduo_net68k.a(n68k_cpu.c.obj) (n68k_copy_bytes_mv60)
../common/libaminetxduo_common.a(compat.c.obj)
                              CMakeFiles/tool_netstat.dir/tool_diag.c.obj (ami_alloc)
/home/turo/.cache/aminetxduo/toolchain/3869b4427396/lib/gcc/m68k-amigaos/16.2.0b/../../../../m68k-amigaos/lib/libc.a(lib_a-memset.o)
                              CMakeFiles/tool_netstat.dir/tool_diag.c.obj (memset)
/home/turo/.cache/aminetxduo/toolchain/3869b4427396/lib/gcc/m68k-amigaos/16.2.0b/../../../../m68k-amigaos/lib/libc.a(lib_a-__mulsi3.o)
                              ../config/libaminetxduo_config.a(config_text.c.obj) (__mulsi3)
/home/turo/.cache/aminetxduo/toolchain/3869b4427396/lib/gcc/m68k-amigaos/16.2.0b/../../../../m68k-amigaos/lib/libc.a(lib_a-strlen.o)
                              CMakeFiles/tool_netstat.dir/tool_diag.c.obj (strlen)
/home/turo/.cache/aminetxduo/toolchain/3869b4427396/lib/gcc/m68k-amigaos/16.2.0b/../../../../m68k-amigaos/lib/libc.a(lib_a-__udivsi3.o)
                              CMakeFiles/tool_netstat.dir/tool_nx.c.obj (__umodsi3)

Discarded input sections

 .text.tool_say
                0x0000000000000000       0x2c CMakeFiles/tool_netstat.dir/tool_util.c.obj
 .text.tool_no_ipv6_note
                0x0000000000000000       0x10 CMakeFiles/tool_netstat.dir/tool_util.c.obj
 .text.tool_break
                0x0000000000000000       0x3c CMakeFiles/tool_netstat.dir/tool_util.c.obj
 .text.tool_delay_ticks
                0x0000000000000000       0x3c CMakeFiles/tool_netstat.dir/tool_util.c.obj
 .text.tool_broadcast
                0x0000000000000000        0xc CMakeFiles/tool_netstat.dir/tool_util.c.obj
 .text.tool_prefix_len
                0x0000000000000000       0x14 CMakeFiles/tool_netstat.dir/tool_util.c.obj
 .text.tool_net_error
                0x0000000000000000       0x24 CMakeFiles/tool_netstat.dir/tool_util.c.obj
 .text.tool_require_stack
                0x0000000000000000       0x1c CMakeFiles/tool_netstat.dir/tool_util.c.obj
 .text.tool_basename
                0x0000000000000000       0x20 CMakeFiles/tool_netstat.dir/tool_util.c.obj
 .text.diag_copy
                0x0000000000000000        0x4 CMakeFiles/tool_netstat.dir/tool_diag.c.obj
 .text.tool_exists
                0x0000000000000000       0x2c CMakeFiles/tool_netstat.dir/tool_diag.c.obj
 .text.tool_stricmp
                0x0000000000000000       0x58 CMakeFiles/tool_netstat.dir/tool_diag.c.obj
 .text.tool_list_dir
                0x0000000000000000      0x10c CMakeFiles/tool_netstat.dir/tool_diag.c.obj
 .text.tool_join_path.part.0
                0x0000000000000000       0x78 CMakeFiles/tool_netstat.dir/tool_diag.c.obj
 .text.tool_join_path
                0x0000000000000000       0x28 CMakeFiles/tool_netstat.dir/tool_diag.c.obj
 .text.diag_is_resident
                0x0000000000000000       0x50 CMakeFiles/tool_netstat.dir/tool_diag.c.obj
 .text.tool_device_where
                0x0000000000000000       0x74 CMakeFiles/tool_netstat.dir/tool_diag.c.obj
 .text.tool_device_probe
                0x0000000000000000      0x138 CMakeFiles/tool_netstat.dir/tool_diag.c.obj
 .text.tool_explain_interface_file
                0x0000000000000000       0x40 CMakeFiles/tool_netstat.dir/tool_diag.c.obj
 .text.tool_explain_dhcp
                0x0000000000000000       0x1c CMakeFiles/tool_netstat.dir/tool_diag.c.obj
 .text.tool_explain_resolve
                0x0000000000000000       0x40 CMakeFiles/tool_netstat.dir/tool_diag.c.obj
 .text.tool_stack_version
                0x0000000000000000       0x98 CMakeFiles/tool_netstat.dir/tool_diag.c.obj
 .text.tool_stack_installed
                0x0000000000000000       0x1c CMakeFiles/tool_netstat.dir/tool_diag.c.obj
 .text.tool_stack_release
                0x0000000000000000       0x3c CMakeFiles/tool_netstat.dir/tool_diag.c.obj
 .text.tool_stack_lookup
                0x0000000000000000       0xa0 CMakeFiles/tool_netstat.dir/tool_diag.c.obj
 .text.tool_stack_lookup_addr
                0x0000000000000000       0xb4 CMakeFiles/tool_netstat.dir/tool_diag.c.obj
 .text.tool_stack_name_servers
                0x0000000000000000       0xb4 CMakeFiles/tool_netstat.dir/tool_diag.c.obj
 .text.tool_stack_query
                0x0000000000000000       0x84 CMakeFiles/tool_netstat.dir/tool_diag.c.obj
 .text.tool_stack_domain
                0x0000000000000000       0x90 CMakeFiles/tool_netstat.dir/tool_diag.c.obj
 .text.tool_usage
                0x0000000000000000       0x30 CMakeFiles/tool_netstat.dir/tool_diag.c.obj
 .text.tool_parse_ip6
                0x0000000000000000       0x28 CMakeFiles/tool_netstat.dir/tool_diag.c.obj
 .text.tool_netstatus_control
                0x0000000000000000       0x60 CMakeFiles/tool_netstat.dir/tool_diag.c.obj
 .text.tool_stack_start
                0x0000000000000000       0x74 CMakeFiles/tool_netstat.dir/tool_diag.c.obj
 .text.tool_netstatus_system
                0x0000000000000000       0x74 CMakeFiles/tool_netstat.dir/tool_diag.c.obj
 .text          0x0000000000000000        0x0 CMakeFiles/tool_netstat.dir/netstack_weak.c.obj
 .text.netstack_startup
                0x0000000000000000        0x4 CMakeFiles/tool_netstat.dir/netstack_weak.c.obj
 .text.netstack_shutdown
                0x0000000000000000        0x4 CMakeFiles/tool_netstat.dir/netstack_weak.c.obj
 .text.netstack_can_unload
                0x0000000000000000        0x4 CMakeFiles/tool_netstat.dir/netstack_weak.c.obj
 .text.netstack_get
                0x0000000000000000        0x4 CMakeFiles/tool_netstat.dir/netstack_weak.c.obj
 .text.netstack_ip
                0x0000000000000000        0x4 CMakeFiles/tool_netstat.dir/netstack_weak.c.obj
 .text.netstack_pool
                0x0000000000000000        0x4 CMakeFiles/tool_netstat.dir/netstack_weak.c.obj
 .text.netstack_config
                0x0000000000000000        0x4 CMakeFiles/tool_netstat.dir/netstack_weak.c.obj
 .text.netstack_interface_count
                0x0000000000000000        0x4 CMakeFiles/tool_netstat.dir/netstack_weak.c.obj
 .text.netstack_interface_up
                0x0000000000000000        0x4 CMakeFiles/tool_netstat.dir/netstack_weak.c.obj
 .text.netstack_interface_down
                0x0000000000000000        0x4 CMakeFiles/tool_netstat.dir/netstack_weak.c.obj
 .text.netstack_interface_stack_down
                0x0000000000000000        0x4 CMakeFiles/tool_netstat.dir/netstack_weak.c.obj
 .text.netstack_interface_is_up
                0x0000000000000000        0x4 CMakeFiles/tool_netstat.dir/netstack_weak.c.obj
 .text.netstack_interface_start
                0x0000000000000000        0x4 CMakeFiles/tool_netstat.dir/netstack_weak.c.obj
 .text.netstack_ipv6_address_get
                0x0000000000000000        0x4 CMakeFiles/tool_netstat.dir/netstack_weak.c.obj
 .text.netstack_resolve
                0x0000000000000000        0x4 CMakeFiles/tool_netstat.dir/netstack_weak.c.obj
 .text.netstack_resolve_reverse
                0x0000000000000000        0x4 CMakeFiles/tool_netstat.dir/netstack_weak.c.obj
 .text.tx_application_define
                0x0000000000000000        0x4 CMakeFiles/tool_netstat.dir/netstack_weak.c.obj
 .text.tool_nx_quiet
                0x0000000000000000        0xc CMakeFiles/tool_netstat.dir/tool_nx.c.obj
 .text.tool_iface_has_address6
                0x0000000000000000       0x44 CMakeFiles/tool_netstat.dir/tool_nx.c.obj
 .text.tool_iface_has_address
                0x0000000000000000       0x2c CMakeFiles/tool_netstat.dir/tool_nx.c.obj
 .text.tool_dhcp
                0x0000000000000000      0x178 CMakeFiles/tool_netstat.dir/tool_nx.c.obj
 .text.tool_neighbours
                0x0000000000000000       0xfc CMakeFiles/tool_netstat.dir/tool_nx.c.obj
 .text.tool_nd_state_note
                0x0000000000000000       0x24 CMakeFiles/tool_netstat.dir/tool_nx.c.obj
 .text.ami_cfg_parse_net_number
                0x0000000000000000       0x54 ../config/libaminetxduo_config.a(config_text.c.obj)
 .text          0x0000000000000000        0x0 ../config/libaminetxduo_config.a(config_text6.c.obj)
 .text.ami_config_parse_ip6
                0x0000000000000000       0x20 ../config/libaminetxduo_config.a(config_text6.c.obj)
 .text.ami_config_format_ip6_zone
                0x0000000000000000       0x90 ../config/libaminetxduo_config.a(config_text6.c.obj)
 .text.ami_config_pool_divisor
                0x0000000000000000       0xac ../config/libaminetxduo_config.a(config_file.c.obj)
 .text.cfg_rfc3397_name.constprop.0
                0x0000000000000000       0xd8 ../config/libaminetxduo_config.a(config_parse.c.obj)
 .text.ami_config_iface_wants_ipv4
                0x0000000000000000       0x2c ../config/libaminetxduo_config.a(config_parse.c.obj)
 .text.ami_config_iface_wants_ipv6
                0x0000000000000000       0x1c ../config/libaminetxduo_config.a(config_parse.c.obj)
 .text.ami_config_search_list
                0x0000000000000000       0xe4 ../config/libaminetxduo_config.a(config_parse.c.obj)
 .text.ami_config_search_offer
                0x0000000000000000       0xa8 ../config/libaminetxduo_config.a(config_parse.c.obj)
 .text.ami_config_nameserver6_offer
                0x0000000000000000       0xa0 ../config/libaminetxduo_config.a(config_parse.c.obj)
 .text.ami_config_nameserver6_withdraw
                0x0000000000000000       0xb4 ../config/libaminetxduo_config.a(config_parse.c.obj)
 .text.ami_config_search_withdraw
                0x0000000000000000       0xbc ../config/libaminetxduo_config.a(config_parse.c.obj)
 .text.ami_config_search_reference_add
                0x0000000000000000       0x8c ../config/libaminetxduo_config.a(config_parse.c.obj)
 .text.ami_config_search_reference_remove
                0x0000000000000000       0x80 ../config/libaminetxduo_config.a(config_parse.c.obj)
 .text.ami_config_search_from_rfc3397
                0x0000000000000000       0x64 ../config/libaminetxduo_config.a(config_parse.c.obj)
 .text.ami_config_search_withdraw_rfc3397
                0x0000000000000000       0x64 ../config/libaminetxduo_config.a(config_parse.c.obj)
 .text.ami_config_hostname_from_hwaddr
                0x0000000000000000       0xac ../config/libaminetxduo_config.a(config_hostname.c.obj)
 .text          0x0000000000000000       0x78 ../net68k/libaminetxduo_net68k.a(n68k_cpu.c.obj)
 .text          0x0000000000000000      0x2d4 ../net68k/libaminetxduo_net68k.a(n68k_checksum_mv20.S.obj)
 .text          0x0000000000000000      0x108 ../net68k/libaminetxduo_net68k.a(n68k_copy_mv20.S.obj)
 .text          0x0000000000000000      0x2e8 ../net68k/libaminetxduo_net68k.a(n68k_checksum_mv40.S.obj)
 .text          0x0000000000000000      0x108 ../net68k/libaminetxduo_net68k.a(n68k_copy_mv40.S.obj)
 .text          0x0000000000000000      0x344 ../net68k/libaminetxduo_net68k.a(n68k_checksum_mv60.S.obj)
 .text          0x0000000000000000       0xf4 ../net68k/libaminetxduo_net68k.a(n68k_copy_mv60.S.obj)
 .text          0x0000000000000000       0x44 ../common/libaminetxduo_common.a(compat.c.obj)
 .text.ami_timer_lock_init
                0x0000000000000000       0x3c ../common/libaminetxduo_common.a(compat.c.obj)
 .text.ami_sana2_open_once
                0x0000000000000000       0x40 ../common/libaminetxduo_common.a(compat.c.obj)
 .text.put_char
                0x0000000000000000       0x14 ../common/libaminetxduo_common.a(compat.c.obj)
 .text.ami_alloc_count
                0x0000000000000000        0x8 ../common/libaminetxduo_common.a(compat.c.obj)
 .text.ami_mem_stats
                0x0000000000000000        0x8 ../common/libaminetxduo_common.a(compat.c.obj)
 .text.ami_mem_socket_delta
                0x0000000000000000       0x54 ../common/libaminetxduo_common.a(compat.c.obj)
 .text.ami_mem_open_delta
                0x0000000000000000       0x3c ../common/libaminetxduo_common.a(compat.c.obj)
 .text.ami_log  0x0000000000000000       0x88 ../common/libaminetxduo_common.a(compat.c.obj)
 .text.ami_signal_alloc
                0x0000000000000000       0x14 ../common/libaminetxduo_common.a(compat.c.obj)
 .text.ami_signal_free
                0x0000000000000000       0x1c ../common/libaminetxduo_common.a(compat.c.obj)
 .text.ami_timer_close
                0x0000000000000000       0x60 ../common/libaminetxduo_common.a(compat.c.obj)
 .text.ami_eclock_rate
                0x0000000000000000       0x14 ../common/libaminetxduo_common.a(compat.c.obj)
 .text.ami_budget_clock
                0x0000000000000000       0x28 ../common/libaminetxduo_common.a(compat.c.obj)
 .text.ami_millis
                0x0000000000000000      0x1f8 ../common/libaminetxduo_common.a(compat.c.obj)
 .text.ami_millis_quick
                0x0000000000000000       0x14 ../common/libaminetxduo_common.a(compat.c.obj)
 .text.ami_sana2_set_open_hooks
                0x0000000000000000       0x14 ../common/libaminetxduo_common.a(compat.c.obj)
 .text.ami_set_address_change_hook
                0x0000000000000000        0xc ../common/libaminetxduo_common.a(compat.c.obj)
 .text.ami_address_change_notify
                0x0000000000000000       0x10 ../common/libaminetxduo_common.a(compat.c.obj)
 .text.ami_set_second_hook
                0x0000000000000000        0xc ../common/libaminetxduo_common.a(compat.c.obj)
 .text.ami_second_notify
                0x0000000000000000       0x10 ../common/libaminetxduo_common.a(compat.c.obj)
 .text.ami_set_shutdown_hook
                0x0000000000000000        0xc ../common/libaminetxduo_common.a(compat.c.obj)
 .text.ami_shutdown_notify
                0x0000000000000000       0x10 ../common/libaminetxduo_common.a(compat.c.obj)
 .text.ami_sana2_open_device
                0x0000000000000000       0xac ../common/libaminetxduo_common.a(compat.c.obj)
 .text          0x0000000000000000       0x74 /home/turo/.cache/aminetxduo/toolchain/3869b4427396/lib/gcc/m68k-amigaos/16.2.0b/../../../../m68k-amigaos/lib/libc.a(lib_a-memset.o)

Memory Configuration

Name             Origin             Length             Attributes
*default*        0x0000000000000000 0xffffffffffffffff

Linker script and memory map

LOAD CMakeFiles/tool_netstat.dir/tool_startup.S.obj
LOAD CMakeFiles/tool_netstat.dir/netstat.c.obj
LOAD CMakeFiles/tool_netstat.dir/tool_util.c.obj
LOAD CMakeFiles/tool_netstat.dir/tool_diag.c.obj
LOAD CMakeFiles/tool_netstat.dir/netstack_weak.c.obj
LOAD CMakeFiles/tool_netstat.dir/tool_nx.c.obj
LOAD ../sana2/libaminetxduo_sana2.a
LOAD ../config/libaminetxduo_config.a
LOAD ../../port/threadx-amiga/libthreadx_port.a
LOAD ../bpf/libaminetxduo_bpf.a
LOAD ../../libnetxduo.a
LOAD ../net68k/libaminetxduo_net68k.a
LOAD ../../port/threadx-amiga/libthreadx_port.a
LOAD ../common/libaminetxduo_common.a
LOAD ../../libthreadx.a
LOAD ../../port/threadx-amiga/libthreadx_port.a
LOAD ../common/libaminetxduo_common.a
LOAD ../../libthreadx.a
LOAD ../ipv6/libaminetxduo_ipv6.a
START GROUP
LOAD /home/turo/.cache/aminetxduo/toolchain/3869b4427396/lib/gcc/m68k-amigaos/16.2.0b/../../../../m68k-amigaos/lib/libc.a
LOAD /home/turo/.cache/aminetxduo/toolchain/3869b4427396/lib/gcc/m68k-amigaos/16.2.0b/../../../../m68k-amigaos/lib/libstubs.a
LOAD /home/turo/.cache/aminetxduo/toolchain/3869b4427396/lib/gcc/m68k-amigaos/16.2.0b/../../../../m68k-amigaos/lib/libamiga.a
LOAD /home/turo/.cache/aminetxduo/toolchain/3869b4427396/lib/gcc/m68k-amigaos/16.2.0b/libgcc.a
END GROUP
                [!provide]                        PROVIDE (___machtype = 0x0)
                0x0000000000000000                . = 0x0

.text           0x0000000000000000     0x8d94
                0x0000000000000000                __stext = .
 *(.text)
 .text          0x0000000000000000       0xb4 CMakeFiles/tool_netstat.dir/tool_startup.S.obj
                0x0000000000000000                ____start
                0x000000000000006c                _exit
                0x000000000000006c                exit
 .text          0x00000000000000b4     0x1684 CMakeFiles/tool_netstat.dir/netstat.c.obj
                0x0000000000000bac                main
                0x0000000000001734                tool_name
 .text          0x0000000000001738      0x220 CMakeFiles/tool_netstat.dir/tool_util.c.obj
 .text          0x0000000000001958      0x378 CMakeFiles/tool_netstat.dir/tool_diag.c.obj
                0x0000000000001cba                diag_device_dirs
 .text          0x0000000000001cd0      0x464 CMakeFiles/tool_netstat.dir/tool_nx.c.obj
 .text          0x0000000000002134       0x58 ../config/libaminetxduo_config.a(config_text.c.obj)
 .text          0x000000000000218c      0x2e0 ../config/libaminetxduo_config.a(config_file.c.obj)
 .text          0x000000000000246c     0x1950 ../config/libaminetxduo_config.a(config_parse.c.obj)
 .text          0x0000000000003dbc       0x68 ../config/libaminetxduo_config.a(config_hostname.c.obj)
 .text          0x0000000000003e24       0x20 ../net68k/libaminetxduo_net68k.a(n68k_memcpy_hook.c.obj)
                0x0000000000003e24                memcpy
 .text          0x0000000000003e44      0x2c8 ../net68k/libaminetxduo_net68k.a(n68k_checksum_mv0.S.obj)
                0x0000000000003e44                n68k_sum_longwords_mv0
                0x000000000000407a                n68k_copy_sum_longwords_mv0
 .text          0x000000000000410c      0x114 ../net68k/libaminetxduo_net68k.a(n68k_copy_mv0.S.obj)
                0x000000000000410c                n68k_copy_bytes_mv0
 .text          0x0000000000004220       0x2c /home/turo/.cache/aminetxduo/toolchain/3869b4427396/lib/gcc/m68k-amigaos/16.2.0b/../../../../m68k-amigaos/lib/libc.a(lib_a-__mulsi3.o)
                0x0000000000004220                __mulsi3
 .text          0x000000000000424c       0x14 /home/turo/.cache/aminetxduo/toolchain/3869b4427396/lib/gcc/m68k-amigaos/16.2.0b/../../../../m68k-amigaos/lib/libc.a(lib_a-strlen.o)
                0x000000000000424c                strlen
 .text          0x0000000000004260       0x58 /home/turo/.cache/aminetxduo/toolchain/3869b4427396/lib/gcc/m68k-amigaos/16.2.0b/../../../../m68k-amigaos/lib/libc.a(lib_a-__udivsi3.o)
                0x0000000000004260                __umodsi3
                0x000000000000426c                __udivsi3
                0x0000000000004272                __udivsi4
 *(.text.main)
 *(.text*)
 .text.show_budget_leg
                0x00000000000042b8      0x168 CMakeFiles/tool_netstat.dir/netstat.c.obj
 .text.show_stall
                0x0000000000004420       0x44 CMakeFiles/tool_netstat.dir/netstat.c.obj
 .text.show_health.constprop.0
                0x0000000000004464      0x1c4 CMakeFiles/tool_netstat.dir/netstat.c.obj
 .text.tool_printf
                0x0000000000004628       0x1c CMakeFiles/tool_netstat.dir/tool_util.c.obj
                0x0000000000004628                tool_printf
 .text.tool_error
                0x0000000000004644       0x7c CMakeFiles/tool_netstat.dir/tool_util.c.obj
                0x0000000000004644                tool_error
 .text.tool_fault
                0x00000000000046c0       0x20 CMakeFiles/tool_netstat.dir/tool_util.c.obj
                0x00000000000046c0                tool_fault
 .text.tool_break_arm
                0x00000000000046e0       0x18 CMakeFiles/tool_netstat.dir/tool_util.c.obj
                0x00000000000046e0                tool_break_arm
 .text.tool_format_mac
                0x00000000000046f8       0x70 CMakeFiles/tool_netstat.dir/tool_util.c.obj
                0x00000000000046f8                tool_format_mac
 .text.tool_from_workbench
                0x0000000000004768       0x1c CMakeFiles/tool_netstat.dir/tool_util.c.obj
                0x0000000000004768                tool_from_workbench
 .text.tool_stricmp_n
                0x0000000000004784       0x68 CMakeFiles/tool_netstat.dir/tool_diag.c.obj
                0x0000000000004784                tool_stricmp_n
 .text.tool_copy_string
                0x00000000000047ec       0x34 CMakeFiles/tool_netstat.dir/tool_diag.c.obj
                0x00000000000047ec                tool_copy_string
 .text.tool_wrap
                0x0000000000004820      0x104 CMakeFiles/tool_netstat.dir/tool_diag.c.obj
                0x0000000000004820                tool_wrap
 .text.diag_report
                0x0000000000004924       0x7c CMakeFiles/tool_netstat.dir/tool_diag.c.obj
 .text.tool_config_watch
                0x00000000000049a0       0x18 CMakeFiles/tool_netstat.dir/tool_diag.c.obj
                0x00000000000049a0                tool_config_watch
 .text.tool_config_unwatch
                0x00000000000049b8       0x10 CMakeFiles/tool_netstat.dir/tool_diag.c.obj
                0x00000000000049b8                tool_config_unwatch
 .text.tool_stack_library_running
                0x00000000000049c8       0x60 CMakeFiles/tool_netstat.dir/tool_diag.c.obj
                0x00000000000049c8                tool_stack_library_running
 .text.tool_explain_no_stack
                0x0000000000004a28       0x48 CMakeFiles/tool_netstat.dir/tool_diag.c.obj
                0x0000000000004a28                tool_explain_no_stack
 .text.tool_stack_is_ours
                0x0000000000004a70       0x60 CMakeFiles/tool_netstat.dir/tool_diag.c.obj
                0x0000000000004a70                tool_stack_is_ours
 .text.tool_explain_foreign_stack
                0x0000000000004ad0       0x30 CMakeFiles/tool_netstat.dir/tool_diag.c.obj
                0x0000000000004ad0                tool_explain_foreign_stack
 .text.tool_format_ip6
                0x0000000000004b00       0x28 CMakeFiles/tool_netstat.dir/tool_diag.c.obj
                0x0000000000004b00                tool_format_ip6
 .text.tool_explain_no_netstatus
                0x0000000000004b28       0x3c CMakeFiles/tool_netstat.dir/tool_diag.c.obj
                0x0000000000004b28                tool_explain_no_netstatus
 .text.tool_netstatus_open
                0x0000000000004b64       0xb8 CMakeFiles/tool_netstat.dir/tool_diag.c.obj
                0x0000000000004b64                tool_netstatus_open
 .text.tool_netstatus_close
                0x0000000000004c1c       0x1c CMakeFiles/tool_netstat.dir/tool_diag.c.obj
                0x0000000000004c1c                tool_netstatus_close
 .text.tool_netstatus_query
                0x0000000000004c38       0x6c CMakeFiles/tool_netstat.dir/tool_diag.c.obj
                0x0000000000004c38                tool_netstatus_query
 .text.nx_open  0x0000000000004ca4       0x14 CMakeFiles/tool_netstat.dir/tool_nx.c.obj
 .text.nx_query_failed
                0x0000000000004cb8       0x24 CMakeFiles/tool_netstat.dir/tool_nx.c.obj
 .text.tool_snapshot
                0x0000000000004cdc      0x418 CMakeFiles/tool_netstat.dir/tool_nx.c.obj
                0x0000000000004cdc                tool_snapshot
 .text.tool_addr6_state
                0x00000000000050f4       0x24 CMakeFiles/tool_netstat.dir/tool_nx.c.obj
                0x00000000000050f4                tool_addr6_state
 .text.tool_stats
                0x0000000000005118      0x478 CMakeFiles/tool_netstat.dir/tool_nx.c.obj
                0x0000000000005118                tool_stats
 .text.tool_health_mark
                0x0000000000005590      0x254 CMakeFiles/tool_netstat.dir/tool_nx.c.obj
                0x0000000000005590                tool_health_mark
 .text.tool_routes
                0x00000000000057e4       0xfc CMakeFiles/tool_netstat.dir/tool_nx.c.obj
                0x00000000000057e4                tool_routes
 .text.tool_routes6
                0x00000000000058e0       0xfc CMakeFiles/tool_netstat.dir/tool_nx.c.obj
                0x00000000000058e0                tool_routes6
 .text.tool_dest6
                0x00000000000059dc      0x178 CMakeFiles/tool_netstat.dir/tool_nx.c.obj
                0x00000000000059dc                tool_dest6
 .text.tool_nd_state_name
                0x0000000000005b54       0x28 CMakeFiles/tool_netstat.dir/tool_nx.c.obj
                0x0000000000005b54                tool_nd_state_name
 .text.tool_iface_name
                0x0000000000005b7c       0x44 CMakeFiles/tool_netstat.dir/tool_nx.c.obj
                0x0000000000005b7c                tool_iface_name
 .text.tool_print_routes
                0x0000000000005bc0      0x1b0 CMakeFiles/tool_netstat.dir/tool_nx.c.obj
                0x0000000000005bc0                tool_print_routes
 .text.tool_print_routes6
                0x0000000000005d70      0x1ec CMakeFiles/tool_netstat.dir/tool_nx.c.obj
                0x0000000000005d70                tool_print_routes6
 .text.tool_print_dest6
                0x0000000000005f5c      0x124 CMakeFiles/tool_netstat.dir/tool_nx.c.obj
                0x0000000000005f5c                tool_print_dest6
 .text.tool_tcp_state_name
                0x0000000000006080       0x24 CMakeFiles/tool_netstat.dir/tool_nx.c.obj
                0x0000000000006080                tool_tcp_state_name
 .text.scan_item
                0x00000000000060a4       0xac ../config/libaminetxduo_config.a(config_text.c.obj)
 .text.split_dotted.part.0
                0x0000000000006150       0xb4 ../config/libaminetxduo_config.a(config_text.c.obj)
 .text.ami_cfg_strlen
                0x0000000000006204       0x14 ../config/libaminetxduo_config.a(config_text.c.obj)
                0x0000000000006204                ami_cfg_strlen
 .text.ami_cfg_zero
                0x0000000000006218       0x18 ../config/libaminetxduo_config.a(config_text.c.obj)
                0x0000000000006218                ami_cfg_zero
 .text.ami_cfg_stricmp
                0x0000000000006230       0x7c ../config/libaminetxduo_config.a(config_text.c.obj)
                0x0000000000006230                ami_cfg_stricmp
 .text.ami_cfg_copy_string
                0x00000000000062ac       0x34 ../config/libaminetxduo_config.a(config_text.c.obj)
                0x00000000000062ac                ami_cfg_copy_string
 .text.ami_cfg_join3
                0x00000000000062e0       0x64 ../config/libaminetxduo_config.a(config_text.c.obj)
                0x00000000000062e0                ami_cfg_join3
 .text.ami_config_set_reporter
                0x0000000000006344       0x14 ../config/libaminetxduo_config.a(config_text.c.obj)
                0x0000000000006344                ami_config_set_reporter
 .text.ami_cfg_problem_file
                0x0000000000006358       0x14 ../config/libaminetxduo_config.a(config_text.c.obj)
                0x0000000000006358                ami_cfg_problem_file
 .text.ami_cfg_problems_wanted
                0x000000000000636c       0x10 ../config/libaminetxduo_config.a(config_text.c.obj)
                0x000000000000636c                ami_cfg_problems_wanted
 .text.ami_cfg_problem
                0x000000000000637c       0x48 ../config/libaminetxduo_config.a(config_text.c.obj)
                0x000000000000637c                ami_cfg_problem
 .text.ami_cfg_next_line
                0x00000000000063c4       0x54 ../config/libaminetxduo_config.a(config_text.c.obj)
                0x00000000000063c4                ami_cfg_next_line
 .text.ami_cfg_trim
                0x0000000000006418       0x64 ../config/libaminetxduo_config.a(config_text.c.obj)
                0x0000000000006418                ami_cfg_trim
 .text.ami_cfg_strip_comment
                0x000000000000647c       0x54 ../config/libaminetxduo_config.a(config_text.c.obj)
                0x000000000000647c                ami_cfg_strip_comment
 .text.ami_cfg_unquote
                0x00000000000064d0       0x68 ../config/libaminetxduo_config.a(config_text.c.obj)
                0x00000000000064d0                ami_cfg_unquote
 .text.ami_cfg_tokenize
                0x0000000000006538       0x40 ../config/libaminetxduo_config.a(config_text.c.obj)
                0x0000000000006538                ami_cfg_tokenize
 .text.ami_cfg_next_pair
                0x0000000000006578      0x118 ../config/libaminetxduo_config.a(config_text.c.obj)
                0x0000000000006578                ami_cfg_next_pair
 .text.ami_cfg_parse_ulong
                0x0000000000006690       0xec ../config/libaminetxduo_config.a(config_text.c.obj)
                0x0000000000006690                ami_cfg_parse_ulong
 .text.ami_cfg_parse_mac
                0x000000000000677c       0xa0 ../config/libaminetxduo_config.a(config_text.c.obj)
                0x000000000000677c                ami_cfg_parse_mac
 .text.ami_cfg_parse_bool
                0x000000000000681c       0x68 ../config/libaminetxduo_config.a(config_text.c.obj)
                0x000000000000681c                ami_cfg_parse_bool
 .text.ami_config_parse_ip
                0x0000000000006884       0x54 ../config/libaminetxduo_config.a(config_text.c.obj)
                0x0000000000006884                ami_config_parse_ip
 .text.ami_config_format_ip
                0x00000000000068d8       0xb8 ../config/libaminetxduo_config.a(config_text.c.obj)
                0x00000000000068d8                ami_config_format_ip
 .text.ami_cfg_parse_ip6_inner.part.0
                0x0000000000006990      0x3e0 ../config/libaminetxduo_config.a(config_text6.c.obj)
 .text.ami_config_parse_ip6_zone
                0x0000000000006d70       0x38 ../config/libaminetxduo_config.a(config_text6.c.obj)
                0x0000000000006d70                ami_config_parse_ip6_zone
 .text.ami_config_format_ip6
                0x0000000000006da8      0x1d0 ../config/libaminetxduo_config.a(config_text6.c.obj)
                0x0000000000006da8                ami_config_format_ip6
 .text.ami_cfg_read_file
                0x0000000000006f78       0xd0 ../config/libaminetxduo_config.a(config_file.c.obj)
                0x0000000000006f78                ami_cfg_read_file
 .text.load_resolver
                0x0000000000007048      0x118 ../config/libaminetxduo_config.a(config_file.c.obj)
 .text.ami_config_load_interface
                0x0000000000007160       0xf0 ../config/libaminetxduo_config.a(config_file.c.obj)
                0x0000000000007160                ami_config_load_interface
 .text.load_interfaces.constprop.0
                0x0000000000007250      0x230 ../config/libaminetxduo_config.a(config_file.c.obj)
 .text.ami_config_load
                0x0000000000007480      0x180 ../config/libaminetxduo_config.a(config_file.c.obj)
                0x0000000000007480                ami_config_load
 .text.dnssd_word
                0x0000000000007600       0x4c ../config/libaminetxduo_config.a(config_parse.c.obj)
 .text.lookup_iptype
                0x000000000000764c       0x38 ../config/libaminetxduo_config.a(config_parse.c.obj)
 .text.report_bad_value
                0x0000000000007684       0x70 ../config/libaminetxduo_config.a(config_parse.c.obj)
 .text.ami_cfg_parse_interface
                0x00000000000076f4      0xa30 ../config/libaminetxduo_config.a(config_parse.c.obj)
                0x00000000000076f4                ami_cfg_parse_interface
 .text.ami_cfg_parse_resolver
                0x0000000000008124      0x2d0 ../config/libaminetxduo_config.a(config_parse.c.obj)
                0x0000000000008124                ami_cfg_parse_resolver
 .text.ami_cfg_parse_gateway
                0x00000000000083f4      0x258 ../config/libaminetxduo_config.a(config_parse.c.obj)
                0x00000000000083f4                ami_cfg_parse_gateway
 .text.ami_cfg_parse_tcp_handler
                0x000000000000864c      0x144 ../config/libaminetxduo_config.a(config_parse.c.obj)
                0x000000000000864c                ami_cfg_parse_tcp_handler
 .text.ami_cfg_parse_dnssd
                0x0000000000008790      0x37c ../config/libaminetxduo_config.a(config_parse.c.obj)
                0x0000000000008790                ami_cfg_parse_dnssd
 .text.ami_config_hostname_valid
                0x0000000000008b0c       0x9c ../config/libaminetxduo_config.a(config_hostname.c.obj)
                0x0000000000008b0c                ami_config_hostname_valid
 .text.ami_config_hostname_source_text
                0x0000000000008ba8       0x38 ../config/libaminetxduo_config.a(config_hostname.c.obj)
                0x0000000000008ba8                ami_config_hostname_source_text
 .text.ami_config_hostname_offer
                0x0000000000008be0       0x6c ../config/libaminetxduo_config.a(config_hostname.c.obj)
                0x0000000000008be0                ami_config_hostname_offer
 .text.ami_cfg_hostname_from_files
                0x0000000000008c4c       0x9c ../config/libaminetxduo_config.a(config_hostname.c.obj)
                0x0000000000008c4c                ami_cfg_hostname_from_files
 .text.ami_alloc_flags
                0x0000000000008ce8       0x64 ../common/libaminetxduo_common.a(compat.c.obj)
                0x0000000000008ce8                ami_alloc_flags
 .text.ami_alloc
                0x0000000000008d4c       0x14 ../common/libaminetxduo_common.a(compat.c.obj)
                0x0000000000008d4c                ami_alloc
 .text.ami_free
                0x0000000000008d60       0x34 ../common/libaminetxduo_common.a(compat.c.obj)
                0x0000000000008d60                ami_free
 *(.rodata*)
 *(.data.rel.ro*)
 *(.gnu.linkonce.t.*)
 *(.gnu.linkonce.r.*)
 *(SORT_BY_NAME(.list___EH_FRAME*))
 *(SORT_BY_NAME(.list_*))
 *(.end_of_lists)
                0x0000000000008d94                ___datadata_relocs = .
                0x0000000000008d94                __etext = .
                0x0000000000008d94                ___text_size = SIZEOF (.text)
                0x0000000000008d94                . = ALIGN (0x0)

.data           0x0000000000008d94       0x10
                0x0000000000008d94                __sdata = .
 *(SORT_BY_NAME(.list___EH_FRAME*))
 *(SORT_BY_NAME(.dlist_*))
 *(.end_of_dlists)
 *(.data)
 .data          0x0000000000008d94        0x4 ../config/libaminetxduo_config.a(config_text.c.obj)
 .data          0x0000000000008d98        0xc ../net68k/libaminetxduo_net68k.a(n68k_cpu.c.obj)
                0x0000000000008d98                n68k_vec_copy
                0x0000000000008d9c                n68k_vec_copy_sum
                0x0000000000008da0                n68k_vec_sum
 *(.data.*)
 *(.gnu.linkonce.d.*)
                0x0000000000010d92                ___a4_init = 0x7ffe
                0x0000000000008da4                __edata = .
                0x0000000000000010                ___data_size = SIZEOF (.data)

.bss            0x0000000000008da4     0x2f28
                0x0000000000008da4                __bss_start = .
 *(.bss)
 .bss           0x0000000000008da4       0x10 CMakeFiles/tool_netstat.dir/tool_startup.S.obj
                0x0000000000008da4                SysBase
                0x0000000000008da8                DOSBase
                0x0000000000008dac                _WBenchMsg
 .bss           0x0000000000008db4     0x2ad0 CMakeFiles/tool_netstat.dir/netstat.c.obj
 .bss           0x000000000000b884        0x4 CMakeFiles/tool_netstat.dir/tool_diag.c.obj
 .bss           0x000000000000b888      0x354 CMakeFiles/tool_netstat.dir/tool_nx.c.obj
 .bss           0x000000000000bbdc        0xc ../config/libaminetxduo_config.a(config_text.c.obj)
 .bss           0x000000000000bbe8       0xe4 ../common/libaminetxduo_common.a(compat.c.obj)
                0x000000000000bbe8                TimerBase
 *(.bss.*)
 *(COMMON)
                0x000000000000bccc                __end = .
                0x0000000000002f28                ___bss_size = SIZEOF (.bss)

.datachip
 *(.datachip)

.bsschip
 *(.bsschip)
OUTPUT(netstat amiga)
