Archive member included to satisfy reference by file (symbol)

../config/libaminetxduo_config.a(config_text.c.obj)
                              CMakeFiles/tool_netstat.dir/tool_diag.c.obj (ami_config_set_reporter)
../config/libaminetxduo_config.a(config_text6.c.obj)
                              CMakeFiles/tool_netstat.dir/tool_diag.c.obj (ami_config_parse_ip6)
../config/libaminetxduo_config.a(config_file.c.obj)
                              CMakeFiles/tool_netstat.dir/netstat.c.obj (ami_config_load)
../config/libaminetxduo_config.a(config_parse.c.obj)
                              ../config/libaminetxduo_config.a(config_file.c.obj) (ami_cfg_parse_interface)
../config/libaminetxduo_config.a(config_hostname.c.obj)
                              ../config/libaminetxduo_config.a(config_parse.c.obj) (ami_config_hostname_valid)
../net68k/libaminetxduo_net68k.a(n68k_memcpy_hook.c.obj)
                              CMakeFiles/tool_netstat.dir/tool_diag.c.obj (memcpy)
../net68k/libaminetxduo_net68k.a(n68k_cpu.c.obj)
                              ../net68k/libaminetxduo_net68k.a(n68k_memcpy_hook.c.obj) (n68k_vec_copy)
../net68k/libaminetxduo_net68k.a(n68k_checksum_mv0.S.obj)
                              ../net68k/libaminetxduo_net68k.a(n68k_cpu.c.obj) (n68k_sum_longwords_mv0)
../net68k/libaminetxduo_net68k.a(n68k_copy_mv0.S.obj)
                              ../net68k/libaminetxduo_net68k.a(n68k_cpu.c.obj) (n68k_copy_bytes_mv0)
../net68k/libaminetxduo_net68k.a(n68k_checksum_mv20.S.obj)
                              ../net68k/libaminetxduo_net68k.a(n68k_cpu.c.obj) (n68k_sum_longwords_mv20)
../net68k/libaminetxduo_net68k.a(n68k_copy_mv20.S.obj)
                              ../net68k/libaminetxduo_net68k.a(n68k_cpu.c.obj) (n68k_copy_bytes_mv20)
../net68k/libaminetxduo_net68k.a(n68k_checksum_mv40.S.obj)
                              ../net68k/libaminetxduo_net68k.a(n68k_cpu.c.obj) (n68k_sum_longwords_mv40)
../net68k/libaminetxduo_net68k.a(n68k_copy_mv40.S.obj)
                              ../net68k/libaminetxduo_net68k.a(n68k_cpu.c.obj) (n68k_copy_bytes_mv40)
../net68k/libaminetxduo_net68k.a(n68k_checksum_mv60.S.obj)
                              ../net68k/libaminetxduo_net68k.a(n68k_cpu.c.obj) (n68k_sum_longwords_mv60)
../net68k/libaminetxduo_net68k.a(n68k_copy_mv60.S.obj)
                              ../net68k/libaminetxduo_net68k.a(n68k_cpu.c.obj) (n68k_copy_bytes_mv60)
../common/libaminetxduo_common.a(compat.c.obj)
                              CMakeFiles/tool_netstat.dir/tool_diag.c.obj (ami_alloc)
/home/turo/.cache/aminetxduo/toolchain/3869b4427396/lib/gcc/m68k-amigaos/16.2.0b/../../../../m68k-amigaos/lib/libc.a(lib_a-memset.o)
                              CMakeFiles/tool_netstat.dir/tool_diag.c.obj (memset)
/home/turo/.cache/aminetxduo/toolchain/3869b4427396/lib/gcc/m68k-amigaos/16.2.0b/../../../../m68k-amigaos/lib/libc.a(lib_a-__mulsi3.o)
                              ../config/libaminetxduo_config.a(config_text.c.obj) (__mulsi3)
/home/turo/.cache/aminetxduo/toolchain/3869b4427396/lib/gcc/m68k-amigaos/16.2.0b/../../../../m68k-amigaos/lib/libc.a(lib_a-strlen.o)
                              CMakeFiles/tool_netstat.dir/tool_diag.c.obj (strlen)
/home/turo/.cache/aminetxduo/toolchain/3869b4427396/lib/gcc/m68k-amigaos/16.2.0b/../../../../m68k-amigaos/lib/libc.a(lib_a-__udivsi3.o)
                              CMakeFiles/tool_netstat.dir/tool_nx.c.obj (__umodsi3)

Discarded input sections

 .text.tool_say
                0x0000000000000000       0x2c CMakeFiles/tool_netstat.dir/tool_util.c.obj
 .text.tool_no_ipv6_note
                0x0000000000000000       0x10 CMakeFiles/tool_netstat.dir/tool_util.c.obj
 .text.tool_break
                0x0000000000000000       0x3c CMakeFiles/tool_netstat.dir/tool_util.c.obj
 .text.tool_delay_ticks
                0x0000000000000000       0x3c CMakeFiles/tool_netstat.dir/tool_util.c.obj
 .text.tool_broadcast
                0x0000000000000000        0xc CMakeFiles/tool_netstat.dir/tool_util.c.obj
 .text.tool_prefix_len
                0x0000000000000000       0x14 CMakeFiles/tool_netstat.dir/tool_util.c.obj
 .text.tool_net_error
                0x0000000000000000       0x24 CMakeFiles/tool_netstat.dir/tool_util.c.obj
 .text.tool_require_stack
                0x0000000000000000       0x1c CMakeFiles/tool_netstat.dir/tool_util.c.obj
 .text.tool_basename
                0x0000000000000000       0x20 CMakeFiles/tool_netstat.dir/tool_util.c.obj
 .text.diag_copy
                0x0000000000000000        0x4 CMakeFiles/tool_netstat.dir/tool_diag.c.obj
 .text.tool_exists
                0x0000000000000000       0x2c CMakeFiles/tool_netstat.dir/tool_diag.c.obj
 .text.tool_stricmp
                0x0000000000000000       0x58 CMakeFiles/tool_netstat.dir/tool_diag.c.obj
 .text.tool_list_dir
                0x0000000000000000      0x10c CMakeFiles/tool_netstat.dir/tool_diag.c.obj
 .text.tool_join_path.part.0
                0x0000000000000000       0x78 CMakeFiles/tool_netstat.dir/tool_diag.c.obj
 .text.tool_join_path
                0x0000000000000000       0x28 CMakeFiles/tool_netstat.dir/tool_diag.c.obj
 .text.diag_is_resident
                0x0000000000000000       0x50 CMakeFiles/tool_netstat.dir/tool_diag.c.obj
 .text.tool_device_where
                0x0000000000000000       0x74 CMakeFiles/tool_netstat.dir/tool_diag.c.obj
 .text.tool_device_probe
                0x0000000000000000      0x138 CMakeFiles/tool_netstat.dir/tool_diag.c.obj
 .text.tool_explain_interface_file
                0x0000000000000000       0x40 CMakeFiles/tool_netstat.dir/tool_diag.c.obj
 .text.tool_explain_dhcp
                0x0000000000000000       0x1c CMakeFiles/tool_netstat.dir/tool_diag.c.obj
 .text.tool_explain_resolve
                0x0000000000000000       0x40 CMakeFiles/tool_netstat.dir/tool_diag.c.obj
 .text.tool_stack_version
                0x0000000000000000       0x98 CMakeFiles/tool_netstat.dir/tool_diag.c.obj
 .text.tool_stack_installed
                0x0000000000000000       0x1c CMakeFiles/tool_netstat.dir/tool_diag.c.obj
 .text.tool_stack_release
                0x0000000000000000       0x3c CMakeFiles/tool_netstat.dir/tool_diag.c.obj
 .text.tool_stack_lookup
                0x0000000000000000       0xa0 CMakeFiles/tool_netstat.dir/tool_diag.c.obj
 .text.tool_stack_lookup_addr
                0x0000000000000000       0xb4 CMakeFiles/tool_netstat.dir/tool_diag.c.obj
 .text.tool_stack_name_servers
                0x0000000000000000       0xb4 CMakeFiles/tool_netstat.dir/tool_diag.c.obj
 .text.tool_stack_query
                0x0000000000000000       0x84 CMakeFiles/tool_netstat.dir/tool_diag.c.obj
 .text.tool_stack_domain
                0x0000000000000000       0x90 CMakeFiles/tool_netstat.dir/tool_diag.c.obj
 .text.tool_usage
                0x0000000000000000       0x30 CMakeFiles/tool_netstat.dir/tool_diag.c.obj
 .text.tool_parse_ip6
                0x0000000000000000       0x28 CMakeFiles/tool_netstat.dir/tool_diag.c.obj
 .text.tool_netstatus_control
                0x0000000000000000       0x60 CMakeFiles/tool_netstat.dir/tool_diag.c.obj
 .text.tool_stack_start
                0x0000000000000000       0x74 CMakeFiles/tool_netstat.dir/tool_diag.c.obj
 .text.tool_netstatus_system
                0x0000000000000000       0x74 CMakeFiles/tool_netstat.dir/tool_diag.c.obj
 .text          0x0000000000000000        0x0 CMakeFiles/tool_netstat.dir/netstack_weak.c.obj
 .text.netstack_startup
                0x0000000000000000        0x4 CMakeFiles/tool_netstat.dir/netstack_weak.c.obj
 .text.netstack_shutdown
                0x0000000000000000        0x4 CMakeFiles/tool_netstat.dir/netstack_weak.c.obj
 .text.netstack_can_unload
                0x0000000000000000        0x4 CMakeFiles/tool_netstat.dir/netstack_weak.c.obj
 .text.netstack_get
                0x0000000000000000        0x4 CMakeFiles/tool_netstat.dir/netstack_weak.c.obj
 .text.netstack_ip
                0x0000000000000000        0x4 CMakeFiles/tool_netstat.dir/netstack_weak.c.obj
 .text.netstack_pool
                0x0000000000000000        0x4 CMakeFiles/tool_netstat.dir/netstack_weak.c.obj
 .text.netstack_config
                0x0000000000000000        0x4 CMakeFiles/tool_netstat.dir/netstack_weak.c.obj
 .text.netstack_interface_count
                0x0000000000000000        0x4 CMakeFiles/tool_netstat.dir/netstack_weak.c.obj
 .text.netstack_interface_up
                0x0000000000000000        0x4 CMakeFiles/tool_netstat.dir/netstack_weak.c.obj
 .text.netstack_interface_down
                0x0000000000000000        0x4 CMakeFiles/tool_netstat.dir/netstack_weak.c.obj
 .text.netstack_interface_stack_down
                0x0000000000000000        0x4 CMakeFiles/tool_netstat.dir/netstack_weak.c.obj
 .text.netstack_interface_is_up
                0x0000000000000000        0x4 CMakeFiles/tool_netstat.dir/netstack_weak.c.obj
 .text.netstack_interface_start
                0x0000000000000000        0x4 CMakeFiles/tool_netstat.dir/netstack_weak.c.obj
 .text.netstack_ipv6_address_get
                0x0000000000000000        0x4 CMakeFiles/tool_netstat.dir/netstack_weak.c.obj
 .text.netstack_resolve
                0x0000000000000000        0x4 CMakeFiles/tool_netstat.dir/netstack_weak.c.obj
 .text.netstack_resolve_reverse
                0x0000000000000000        0x4 CMakeFiles/tool_netstat.dir/netstack_weak.c.obj
 .text.tx_application_define
                0x0000000000000000        0x4 CMakeFiles/tool_netstat.dir/netstack_weak.c.obj
 .text.tool_nx_quiet
                0x0000000000000000        0xc CMakeFiles/tool_netstat.dir/tool_nx.c.obj
 .text.tool_iface_has_address6
                0x0000000000000000       0x44 CMakeFiles/tool_netstat.dir/tool_nx.c.obj
 .text.tool_iface_has_address
                0x0000000000000000       0x2c CMakeFiles/tool_netstat.dir/tool_nx.c.obj
 .text.tool_dhcp
                0x0000000000000000      0x178 CMakeFiles/tool_netstat.dir/tool_nx.c.obj
 .text.tool_neighbours
                0x0000000000000000       0xfc CMakeFiles/tool_netstat.dir/tool_nx.c.obj
 .text.tool_nd_state_note
                0x0000000000000000       0x24 CMakeFiles/tool_netstat.dir/tool_nx.c.obj
 .text.ami_cfg_parse_net_number
                0x0000000000000000       0x54 ../config/libaminetxduo_config.a(config_text.c.obj)
 .text          0x0000000000000000        0x0 ../config/libaminetxduo_config.a(config_text6.c.obj)
 .text.ami_config_parse_ip6
                0x0000000000000000       0x20 ../config/libaminetxduo_config.a(config_text6.c.obj)
 .text.ami_config_format_ip6_zone
                0x0000000000000000       0x90 ../config/libaminetxduo_config.a(config_text6.c.obj)
 .text.ami_config_pool_divisor
                0x0000000000000000       0xac ../config/libaminetxduo_config.a(config_file.c.obj)
 .text.cfg_rfc3397_name.constprop.0
                0x0000000000000000       0xd8 ../config/libaminetxduo_config.a(config_parse.c.obj)
 .text.ami_config_iface_wants_ipv4
                0x0000000000000000       0x2c ../config/libaminetxduo_config.a(config_parse.c.obj)
 .text.ami_config_iface_wants_ipv6
                0x0000000000000000       0x1c ../config/libaminetxduo_config.a(config_parse.c.obj)
 .text.ami_config_search_list
                0x0000000000000000       0xe4 ../config/libaminetxduo_config.a(config_parse.c.obj)
 .text.ami_config_search_offer
                0x0000000000000000       0xa8 ../config/libaminetxduo_config.a(config_parse.c.obj)
 .text.ami_config_nameserver6_offer
                0x0000000000000000       0xa0 ../config/libaminetxduo_config.a(config_parse.c.obj)
 .text.ami_config_nameserver6_withdraw
                0x0000000000000000       0xb4 ../config/libaminetxduo_config.a(config_parse.c.obj)
 .text.ami_config_search_withdraw
                0x0000000000000000       0xbc ../config/libaminetxduo_config.a(config_parse.c.obj)
 .text.ami_config_search_reference_add
                0x0000000000000000       0x8c ../config/libaminetxduo_config.a(config_parse.c.obj)
 .text.ami_config_search_reference_remove
                0x0000000000000000       0x80 ../config/libaminetxduo_config.a(config_parse.c.obj)
 .text.ami_config_search_from_rfc3397
                0x0000000000000000       0x64 ../config/libaminetxduo_config.a(config_parse.c.obj)
 .text.ami_config_search_withdraw_rfc3397
                0x0000000000000000       0x64 ../config/libaminetxduo_config.a(config_parse.c.obj)
 .text.ami_config_hostname_from_hwaddr
                0x0000000000000000       0xac ../config/libaminetxduo_config.a(config_hostname.c.obj)
 .text          0x0000000000000000       0x78 ../net68k/libaminetxduo_net68k.a(n68k_cpu.c.obj)
 .text          0x0000000000000000      0x2d4 ../net68k/libaminetxduo_net68k.a(n68k_checksum_mv20.S.obj)
 .text          0x0000000000000000      0x108 ../net68k/libaminetxduo_net68k.a(n68k_copy_mv20.S.obj)
 .text          0x0000000000000000      0x2e8 ../net68k/libaminetxduo_net68k.a(n68k_checksum_mv40.S.obj)
 .text          0x0000000000000000      0x108 ../net68k/libaminetxduo_net68k.a(n68k_copy_mv40.S.obj)
 .text          0x0000000000000000      0x344 ../net68k/libaminetxduo_net68k.a(n68k_checksum_mv60.S.obj)
 .text          0x0000000000000000       0xf4 ../net68k/libaminetxduo_net68k.a(n68k_copy_mv60.S.obj)
 .text          0x0000000000000000       0x44 ../common/libaminetxduo_common.a(compat.c.obj)
 .text.ami_timer_lock_init
                0x0000000000000000       0x3c ../common/libaminetxduo_common.a(compat.c.obj)
 .text.ami_sana2_open_once
                0x0000000000000000       0x40 ../common/libaminetxduo_common.a(compat.c.obj)
 .text.put_char
                0x0000000000000000       0x14 ../common/libaminetxduo_common.a(compat.c.obj)
 .text.ami_alloc_count
                0x0000000000000000        0x8 ../common/libaminetxduo_common.a(compat.c.obj)
 .text.ami_mem_stats
                0x0000000000000000        0x8 ../common/libaminetxduo_common.a(compat.c.obj)
 .text.ami_mem_socket_delta
                0x0000000000000000       0x54 ../common/libaminetxduo_common.a(compat.c.obj)
 .text.ami_mem_open_delta
                0x0000000000000000       0x3c ../common/libaminetxduo_common.a(compat.c.obj)
 .text.ami_log  0x0000000000000000       0x88 ../common/libaminetxduo_common.a(compat.c.obj)
 .text.ami_signal_alloc
                0x0000000000000000       0x14 ../common/libaminetxduo_common.a(compat.c.obj)
 .text.ami_signal_free
                0x0000000000000000       0x1c ../common/libaminetxduo_common.a(compat.c.obj)
 .text.ami_timer_close
                0x0000000000000000       0x60 ../common/libaminetxduo_common.a(compat.c.obj)
 .text.ami_eclock_rate
                0x0000000000000000       0x14 ../common/libaminetxduo_common.a(compat.c.obj)
 .text.ami_budget_clock
                0x0000000000000000       0x28 ../common/libaminetxduo_common.a(compat.c.obj)
 .text.ami_millis
                0x0000000000000000      0x1f8 ../common/libaminetxduo_common.a(compat.c.obj)
 .text.ami_millis_quick
                0x0000000000000000       0x14 ../common/libaminetxduo_common.a(compat.c.obj)
 .text.ami_sana2_set_open_hooks
                0x0000000000000000       0x14 ../common/libaminetxduo_common.a(compat.c.obj)
 .text.ami_set_address_change_hook
                0x0000000000000000        0xc ../common/libaminetxduo_common.a(compat.c.obj)
 .text.ami_address_change_notify
                0x0000000000000000       0x10 ../common/libaminetxduo_common.a(compat.c.obj)
 .text.ami_set_second_hook
                0x0000000000000000        0xc ../common/libaminetxduo_common.a(compat.c.obj)
 .text.ami_second_notify
                0x0000000000000000       0x10 ../common/libaminetxduo_common.a(compat.c.obj)
 .text.ami_set_shutdown_hook
                0x0000000000000000        0xc ../common/libaminetxduo_common.a(compat.c.obj)
 .text.ami_shutdown_notify
                0x0000000000000000       0x10 ../common/libaminetxduo_common.a(compat.c.obj)
 .text.ami_sana2_open_device
                0x0000000000000000       0xac ../common/libaminetxduo_common.a(compat.c.obj)
 .text          0x0000000000000000       0x74 /home/turo/.cache/aminetxduo/toolchain/3869b4427396/lib/gcc/m68k-amigaos/16.2.0b/../../../../m68k-amigaos/lib/libc.a(lib_a-memset.o)

Memory Configuration

Name             Origin             Length             Attributes
*default*        0x0000000000000000 0xffffffffffffffff

Linker script and memory map

LOAD CMakeFiles/tool_netstat.dir/tool_startup.S.obj
LOAD CMakeFiles/tool_netstat.dir/netstat.c.obj
LOAD CMakeFiles/tool_netstat.dir/tool_util.c.obj
LOAD CMakeFiles/tool_netstat.dir/tool_diag.c.obj
LOAD CMakeFiles/tool_netstat.dir/netstack_weak.c.obj
LOAD CMakeFiles/tool_netstat.dir/tool_nx.c.obj
LOAD ../sana2/libaminetxduo_sana2.a
LOAD ../config/libaminetxduo_config.a
LOAD ../../port/threadx-amiga/libthreadx_port.a
LOAD ../bpf/libaminetxduo_bpf.a
LOAD ../../libnetxduo.a
LOAD ../net68k/libaminetxduo_net68k.a
LOAD ../../port/threadx-amiga/libthreadx_port.a
LOAD ../common/libaminetxduo_common.a
LOAD ../../libthreadx.a
LOAD ../../port/threadx-amiga/libthreadx_port.a
LOAD ../common/libaminetxduo_common.a
LOAD ../../libthreadx.a
LOAD ../ipv6/libaminetxduo_ipv6.a
START GROUP
LOAD /home/turo/.cache/aminetxduo/toolchain/3869b4427396/lib/gcc/m68k-amigaos/16.2.0b/../../../../m68k-amigaos/lib/libc.a
LOAD /home/turo/.cache/aminetxduo/toolchain/3869b4427396/lib/gcc/m68k-amigaos/16.2.0b/../../../../m68k-amigaos/lib/libstubs.a
LOAD /home/turo/.cache/aminetxduo/toolchain/3869b4427396/lib/gcc/m68k-amigaos/16.2.0b/../../../../m68k-amigaos/lib/libamiga.a
LOAD /home/turo/.cache/aminetxduo/toolchain/3869b4427396/lib/gcc/m68k-amigaos/16.2.0b/libgcc.a
END GROUP
                [!provide]                        PROVIDE (___machtype = 0x0)
                0x0000000000000000                . = 0x0

.text           0x0000000000000000     0x8dec
                0x0000000000000000                __stext = .
 *(.text)
 .text          0x0000000000000000       0xb4 CMakeFiles/tool_netstat.dir/tool_startup.S.obj
                0x0000000000000000                ____start
                0x000000000000006c                _exit
                0x000000000000006c                exit
 .text          0x00000000000000b4     0x16dc CMakeFiles/tool_netstat.dir/netstat.c.obj
                0x0000000000000bca                main
                0x000000000000178c                tool_name
 .text          0x0000000000001790      0x220 CMakeFiles/tool_netstat.dir/tool_util.c.obj
 .text          0x00000000000019b0      0x378 CMakeFiles/tool_netstat.dir/tool_diag.c.obj
                0x0000000000001d12                diag_device_dirs
 .text          0x0000000000001d28      0x464 CMakeFiles/tool_netstat.dir/tool_nx.c.obj
 .text          0x000000000000218c       0x58 ../config/libaminetxduo_config.a(config_text.c.obj)
 .text          0x00000000000021e4      0x2e0 ../config/libaminetxduo_config.a(config_file.c.obj)
 .text          0x00000000000024c4     0x1950 ../config/libaminetxduo_config.a(config_parse.c.obj)
 .text          0x0000000000003e14       0x68 ../config/libaminetxduo_config.a(config_hostname.c.obj)
 .text          0x0000000000003e7c       0x20 ../net68k/libaminetxduo_net68k.a(n68k_memcpy_hook.c.obj)
                0x0000000000003e7c                memcpy
 .text          0x0000000000003e9c      0x2c8 ../net68k/libaminetxduo_net68k.a(n68k_checksum_mv0.S.obj)
                0x0000000000003e9c                n68k_sum_longwords_mv0
                0x00000000000040d2                n68k_copy_sum_longwords_mv0
 .text          0x0000000000004164      0x114 ../net68k/libaminetxduo_net68k.a(n68k_copy_mv0.S.obj)
                0x0000000000004164                n68k_copy_bytes_mv0
 .text          0x0000000000004278       0x2c /home/turo/.cache/aminetxduo/toolchain/3869b4427396/lib/gcc/m68k-amigaos/16.2.0b/../../../../m68k-amigaos/lib/libc.a(lib_a-__mulsi3.o)
                0x0000000000004278                __mulsi3
 .text          0x00000000000042a4       0x14 /home/turo/.cache/aminetxduo/toolchain/3869b4427396/lib/gcc/m68k-amigaos/16.2.0b/../../../../m68k-amigaos/lib/libc.a(lib_a-strlen.o)
                0x00000000000042a4                strlen
 .text          0x00000000000042b8       0x58 /home/turo/.cache/aminetxduo/toolchain/3869b4427396/lib/gcc/m68k-amigaos/16.2.0b/../../../../m68k-amigaos/lib/libc.a(lib_a-__udivsi3.o)
                0x00000000000042b8                __umodsi3
                0x00000000000042c4                __udivsi3
                0x00000000000042ca                __udivsi4
 *(.text.main)
 *(.text*)
 .text.show_budget_leg
                0x0000000000004310      0x168 CMakeFiles/tool_netstat.dir/netstat.c.obj
 .text.show_stall
                0x0000000000004478       0x44 CMakeFiles/tool_netstat.dir/netstat.c.obj
 .text.show_health.constprop.0
                0x00000000000044bc      0x1c4 CMakeFiles/tool_netstat.dir/netstat.c.obj
 .text.tool_printf
                0x0000000000004680       0x1c CMakeFiles/tool_netstat.dir/tool_util.c.obj
                0x0000000000004680                tool_printf
 .text.tool_error
                0x000000000000469c       0x7c CMakeFiles/tool_netstat.dir/tool_util.c.obj
                0x000000000000469c                tool_error
 .text.tool_fault
                0x0000000000004718       0x20 CMakeFiles/tool_netstat.dir/tool_util.c.obj
                0x0000000000004718                tool_fault
 .text.tool_break_arm
                0x0000000000004738       0x18 CMakeFiles/tool_netstat.dir/tool_util.c.obj
                0x0000000000004738                tool_break_arm
 .text.tool_format_mac
                0x0000000000004750       0x70 CMakeFiles/tool_netstat.dir/tool_util.c.obj
                0x0000000000004750                tool_format_mac
 .text.tool_from_workbench
                0x00000000000047c0       0x1c CMakeFiles/tool_netstat.dir/tool_util.c.obj
                0x00000000000047c0                tool_from_workbench
 .text.tool_stricmp_n
                0x00000000000047dc       0x68 CMakeFiles/tool_netstat.dir/tool_diag.c.obj
                0x00000000000047dc                tool_stricmp_n
 .text.tool_copy_string
                0x0000000000004844       0x34 CMakeFiles/tool_netstat.dir/tool_diag.c.obj
                0x0000000000004844                tool_copy_string
 .text.tool_wrap
                0x0000000000004878      0x104 CMakeFiles/tool_netstat.dir/tool_diag.c.obj
                0x0000000000004878                tool_wrap
 .text.diag_report
                0x000000000000497c       0x7c CMakeFiles/tool_netstat.dir/tool_diag.c.obj
 .text.tool_config_watch
                0x00000000000049f8       0x18 CMakeFiles/tool_netstat.dir/tool_diag.c.obj
                0x00000000000049f8                tool_config_watch
 .text.tool_config_unwatch
                0x0000000000004a10       0x10 CMakeFiles/tool_netstat.dir/tool_diag.c.obj
                0x0000000000004a10                tool_config_unwatch
 .text.tool_stack_library_running
                0x0000000000004a20       0x60 CMakeFiles/tool_netstat.dir/tool_diag.c.obj
                0x0000000000004a20                tool_stack_library_running
 .text.tool_explain_no_stack
                0x0000000000004a80       0x48 CMakeFiles/tool_netstat.dir/tool_diag.c.obj
                0x0000000000004a80                tool_explain_no_stack
 .text.tool_stack_is_ours
                0x0000000000004ac8       0x60 CMakeFiles/tool_netstat.dir/tool_diag.c.obj
                0x0000000000004ac8                tool_stack_is_ours
 .text.tool_explain_foreign_stack
                0x0000000000004b28       0x30 CMakeFiles/tool_netstat.dir/tool_diag.c.obj
                0x0000000000004b28                tool_explain_foreign_stack
 .text.tool_format_ip6
                0x0000000000004b58       0x28 CMakeFiles/tool_netstat.dir/tool_diag.c.obj
                0x0000000000004b58                tool_format_ip6
 .text.tool_explain_no_netstatus
                0x0000000000004b80       0x3c CMakeFiles/tool_netstat.dir/tool_diag.c.obj
                0x0000000000004b80                tool_explain_no_netstatus
 .text.tool_netstatus_open
                0x0000000000004bbc       0xb8 CMakeFiles/tool_netstat.dir/tool_diag.c.obj
                0x0000000000004bbc                tool_netstatus_open
 .text.tool_netstatus_close
                0x0000000000004c74       0x1c CMakeFiles/tool_netstat.dir/tool_diag.c.obj
                0x0000000000004c74                tool_netstatus_close
 .text.tool_netstatus_query
                0x0000000000004c90       0x6c CMakeFiles/tool_netstat.dir/tool_diag.c.obj
                0x0000000000004c90                tool_netstatus_query
 .text.nx_open  0x0000000000004cfc       0x14 CMakeFiles/tool_netstat.dir/tool_nx.c.obj
 .text.nx_query_failed
                0x0000000000004d10       0x24 CMakeFiles/tool_netstat.dir/tool_nx.c.obj
 .text.tool_snapshot
                0x0000000000004d34      0x418 CMakeFiles/tool_netstat.dir/tool_nx.c.obj
                0x0000000000004d34                tool_snapshot
 .text.tool_addr6_state
                0x000000000000514c       0x24 CMakeFiles/tool_netstat.dir/tool_nx.c.obj
                0x000000000000514c                tool_addr6_state
 .text.tool_stats
                0x0000000000005170      0x478 CMakeFiles/tool_netstat.dir/tool_nx.c.obj
                0x0000000000005170                tool_stats
 .text.tool_health_mark
                0x00000000000055e8      0x254 CMakeFiles/tool_netstat.dir/tool_nx.c.obj
                0x00000000000055e8                tool_health_mark
 .text.tool_routes
                0x000000000000583c       0xfc CMakeFiles/tool_netstat.dir/tool_nx.c.obj
                0x000000000000583c                tool_routes
 .text.tool_routes6
                0x0000000000005938       0xfc CMakeFiles/tool_netstat.dir/tool_nx.c.obj
                0x0000000000005938                tool_routes6
 .text.tool_dest6
                0x0000000000005a34      0x178 CMakeFiles/tool_netstat.dir/tool_nx.c.obj
                0x0000000000005a34                tool_dest6
 .text.tool_nd_state_name
                0x0000000000005bac       0x28 CMakeFiles/tool_netstat.dir/tool_nx.c.obj
                0x0000000000005bac                tool_nd_state_name
 .text.tool_iface_name
                0x0000000000005bd4       0x44 CMakeFiles/tool_netstat.dir/tool_nx.c.obj
                0x0000000000005bd4                tool_iface_name
 .text.tool_print_routes
                0x0000000000005c18      0x1b0 CMakeFiles/tool_netstat.dir/tool_nx.c.obj
                0x0000000000005c18                tool_print_routes
 .text.tool_print_routes6
                0x0000000000005dc8      0x1ec CMakeFiles/tool_netstat.dir/tool_nx.c.obj
                0x0000000000005dc8                tool_print_routes6
 .text.tool_print_dest6
                0x0000000000005fb4      0x124 CMakeFiles/tool_netstat.dir/tool_nx.c.obj
                0x0000000000005fb4                tool_print_dest6
 .text.tool_tcp_state_name
                0x00000000000060d8       0x24 CMakeFiles/tool_netstat.dir/tool_nx.c.obj
                0x00000000000060d8                tool_tcp_state_name
 .text.scan_item
                0x00000000000060fc       0xac ../config/libaminetxduo_config.a(config_text.c.obj)
 .text.split_dotted.part.0
                0x00000000000061a8       0xb4 ../config/libaminetxduo_config.a(config_text.c.obj)
 .text.ami_cfg_strlen
                0x000000000000625c       0x14 ../config/libaminetxduo_config.a(config_text.c.obj)
                0x000000000000625c                ami_cfg_strlen
 .text.ami_cfg_zero
                0x0000000000006270       0x18 ../config/libaminetxduo_config.a(config_text.c.obj)
                0x0000000000006270                ami_cfg_zero
 .text.ami_cfg_stricmp
                0x0000000000006288       0x7c ../config/libaminetxduo_config.a(config_text.c.obj)
                0x0000000000006288                ami_cfg_stricmp
 .text.ami_cfg_copy_string
                0x0000000000006304       0x34 ../config/libaminetxduo_config.a(config_text.c.obj)
                0x0000000000006304                ami_cfg_copy_string
 .text.ami_cfg_join3
                0x0000000000006338       0x64 ../config/libaminetxduo_config.a(config_text.c.obj)
                0x0000000000006338                ami_cfg_join3
 .text.ami_config_set_reporter
                0x000000000000639c       0x14 ../config/libaminetxduo_config.a(config_text.c.obj)
                0x000000000000639c                ami_config_set_reporter
 .text.ami_cfg_problem_file
                0x00000000000063b0       0x14 ../config/libaminetxduo_config.a(config_text.c.obj)
                0x00000000000063b0                ami_cfg_problem_file
 .text.ami_cfg_problems_wanted
                0x00000000000063c4       0x10 ../config/libaminetxduo_config.a(config_text.c.obj)
                0x00000000000063c4                ami_cfg_problems_wanted
 .text.ami_cfg_problem
                0x00000000000063d4       0x48 ../config/libaminetxduo_config.a(config_text.c.obj)
                0x00000000000063d4                ami_cfg_problem
 .text.ami_cfg_next_line
                0x000000000000641c       0x54 ../config/libaminetxduo_config.a(config_text.c.obj)
                0x000000000000641c                ami_cfg_next_line
 .text.ami_cfg_trim
                0x0000000000006470       0x64 ../config/libaminetxduo_config.a(config_text.c.obj)
                0x0000000000006470                ami_cfg_trim
 .text.ami_cfg_strip_comment
                0x00000000000064d4       0x54 ../config/libaminetxduo_config.a(config_text.c.obj)
                0x00000000000064d4                ami_cfg_strip_comment
 .text.ami_cfg_unquote
                0x0000000000006528       0x68 ../config/libaminetxduo_config.a(config_text.c.obj)
                0x0000000000006528                ami_cfg_unquote
 .text.ami_cfg_tokenize
                0x0000000000006590       0x40 ../config/libaminetxduo_config.a(config_text.c.obj)
                0x0000000000006590                ami_cfg_tokenize
 .text.ami_cfg_next_pair
                0x00000000000065d0      0x118 ../config/libaminetxduo_config.a(config_text.c.obj)
                0x00000000000065d0                ami_cfg_next_pair
 .text.ami_cfg_parse_ulong
                0x00000000000066e8       0xec ../config/libaminetxduo_config.a(config_text.c.obj)
                0x00000000000066e8                ami_cfg_parse_ulong
 .text.ami_cfg_parse_mac
                0x00000000000067d4       0xa0 ../config/libaminetxduo_config.a(config_text.c.obj)
                0x00000000000067d4                ami_cfg_parse_mac
 .text.ami_cfg_parse_bool
                0x0000000000006874       0x68 ../config/libaminetxduo_config.a(config_text.c.obj)
                0x0000000000006874                ami_cfg_parse_bool
 .text.ami_config_parse_ip
                0x00000000000068dc       0x54 ../config/libaminetxduo_config.a(config_text.c.obj)
                0x00000000000068dc                ami_config_parse_ip
 .text.ami_config_format_ip
                0x0000000000006930       0xb8 ../config/libaminetxduo_config.a(config_text.c.obj)
                0x0000000000006930                ami_config_format_ip
 .text.ami_cfg_parse_ip6_inner.part.0
                0x00000000000069e8      0x3e0 ../config/libaminetxduo_config.a(config_text6.c.obj)
 .text.ami_config_parse_ip6_zone
                0x0000000000006dc8       0x38 ../config/libaminetxduo_config.a(config_text6.c.obj)
                0x0000000000006dc8                ami_config_parse_ip6_zone
 .text.ami_config_format_ip6
                0x0000000000006e00      0x1d0 ../config/libaminetxduo_config.a(config_text6.c.obj)
                0x0000000000006e00                ami_config_format_ip6
 .text.ami_cfg_read_file
                0x0000000000006fd0       0xd0 ../config/libaminetxduo_config.a(config_file.c.obj)
                0x0000000000006fd0                ami_cfg_read_file
 .text.load_resolver
                0x00000000000070a0      0x118 ../config/libaminetxduo_config.a(config_file.c.obj)
 .text.ami_config_load_interface
                0x00000000000071b8       0xf0 ../config/libaminetxduo_config.a(config_file.c.obj)
                0x00000000000071b8                ami_config_load_interface
 .text.load_interfaces.constprop.0
                0x00000000000072a8      0x230 ../config/libaminetxduo_config.a(config_file.c.obj)
 .text.ami_config_load
                0x00000000000074d8      0x180 ../config/libaminetxduo_config.a(config_file.c.obj)
                0x00000000000074d8                ami_config_load
 .text.dnssd_word
                0x0000000000007658       0x4c ../config/libaminetxduo_config.a(config_parse.c.obj)
 .text.lookup_iptype
                0x00000000000076a4       0x38 ../config/libaminetxduo_config.a(config_parse.c.obj)
 .text.report_bad_value
                0x00000000000076dc       0x70 ../config/libaminetxduo_config.a(config_parse.c.obj)
 .text.ami_cfg_parse_interface
                0x000000000000774c      0xa30 ../config/libaminetxduo_config.a(config_parse.c.obj)
                0x000000000000774c                ami_cfg_parse_interface
 .text.ami_cfg_parse_resolver
                0x000000000000817c      0x2d0 ../config/libaminetxduo_config.a(config_parse.c.obj)
                0x000000000000817c                ami_cfg_parse_resolver
 .text.ami_cfg_parse_gateway
                0x000000000000844c      0x258 ../config/libaminetxduo_config.a(config_parse.c.obj)
                0x000000000000844c                ami_cfg_parse_gateway
 .text.ami_cfg_parse_tcp_handler
                0x00000000000086a4      0x144 ../config/libaminetxduo_config.a(config_parse.c.obj)
                0x00000000000086a4                ami_cfg_parse_tcp_handler
 .text.ami_cfg_parse_dnssd
                0x00000000000087e8      0x37c ../config/libaminetxduo_config.a(config_parse.c.obj)
                0x00000000000087e8                ami_cfg_parse_dnssd
 .text.ami_config_hostname_valid
                0x0000000000008b64       0x9c ../config/libaminetxduo_config.a(config_hostname.c.obj)
                0x0000000000008b64                ami_config_hostname_valid
 .text.ami_config_hostname_source_text
                0x0000000000008c00       0x38 ../config/libaminetxduo_config.a(config_hostname.c.obj)
                0x0000000000008c00                ami_config_hostname_source_text
 .text.ami_config_hostname_offer
                0x0000000000008c38       0x6c ../config/libaminetxduo_config.a(config_hostname.c.obj)
                0x0000000000008c38                ami_config_hostname_offer
 .text.ami_cfg_hostname_from_files
                0x0000000000008ca4       0x9c ../config/libaminetxduo_config.a(config_hostname.c.obj)
                0x0000000000008ca4                ami_cfg_hostname_from_files
 .text.ami_alloc_flags
                0x0000000000008d40       0x64 ../common/libaminetxduo_common.a(compat.c.obj)
                0x0000000000008d40                ami_alloc_flags
 .text.ami_alloc
                0x0000000000008da4       0x14 ../common/libaminetxduo_common.a(compat.c.obj)
                0x0000000000008da4                ami_alloc
 .text.ami_free
                0x0000000000008db8       0x34 ../common/libaminetxduo_common.a(compat.c.obj)
                0x0000000000008db8                ami_free
 *(.rodata*)
 *(.data.rel.ro*)
 *(.gnu.linkonce.t.*)
 *(.gnu.linkonce.r.*)
 *(SORT_BY_NAME(.list___EH_FRAME*))
 *(SORT_BY_NAME(.list_*))
 *(.end_of_lists)
                0x0000000000008dec                ___datadata_relocs = .
                0x0000000000008dec                __etext = .
                0x0000000000008dec                ___text_size = SIZEOF (.text)
                0x0000000000008dec                . = ALIGN (0x0)

.data           0x0000000000008dec       0x10
                0x0000000000008dec                __sdata = .
 *(SORT_BY_NAME(.list___EH_FRAME*))
 *(SORT_BY_NAME(.dlist_*))
 *(.end_of_dlists)
 *(.data)
 .data          0x0000000000008dec        0x4 ../config/libaminetxduo_config.a(config_text.c.obj)
 .data          0x0000000000008df0        0xc ../net68k/libaminetxduo_net68k.a(n68k_cpu.c.obj)
                0x0000000000008df0                n68k_vec_copy
                0x0000000000008df4                n68k_vec_copy_sum
                0x0000000000008df8                n68k_vec_sum
 *(.data.*)
 *(.gnu.linkonce.d.*)
                0x0000000000010dea                ___a4_init = 0x7ffe
                0x0000000000008dfc                __edata = .
                0x0000000000000010                ___data_size = SIZEOF (.data)

.bss            0x0000000000008dfc     0x2f84
                0x0000000000008dfc                __bss_start = .
 *(.bss)
 .bss           0x0000000000008dfc       0x10 CMakeFiles/tool_netstat.dir/tool_startup.S.obj
                0x0000000000008dfc                SysBase
                0x0000000000008e00                DOSBase
                0x0000000000008e04                _WBenchMsg
 .bss           0x0000000000008e0c     0x2b2c CMakeFiles/tool_netstat.dir/netstat.c.obj
 .bss           0x000000000000b938        0x4 CMakeFiles/tool_netstat.dir/tool_diag.c.obj
 .bss           0x000000000000b93c      0x354 CMakeFiles/tool_netstat.dir/tool_nx.c.obj
 .bss           0x000000000000bc90        0xc ../config/libaminetxduo_config.a(config_text.c.obj)
 .bss           0x000000000000bc9c       0xe4 ../common/libaminetxduo_common.a(compat.c.obj)
                0x000000000000bc9c                TimerBase
 *(.bss.*)
 *(COMMON)
                0x000000000000bd80                __end = .
                0x0000000000002f84                ___bss_size = SIZEOF (.bss)

.datachip
 *(.datachip)

.bsschip
 *(.bsschip)
OUTPUT(netstat amiga)
